

================================================================
== Synthesis Summary Report of 'hls_filter_2d'
================================================================
+ General Information: 
    * Date:           Tue Mar 31 11:30:39 2026
    * Version:        2025.2 (Build 6295257 on Nov 14 2025)
    * Project:        filter_2d
    * Solution:       hls (Vivado IP Flow Target)
    * Product family: zynquplus
    * Target device:  xck26-sfvc784-2LV-c
    

* Performance & Resource Estimates: 
+-------------------------------------------+------+---------------+----------+----------+----------+----------+----------+-----------+------+---------+---------+------------+-----------+-----+
|                  Modules                  | Issue|               | Iteration|          |   Trip   |          |        Latency       |      |         |         |            |           |     |
|                  & Loops                  | Type | Violation Type|  Latency | Interval |   Count  | Pipelined| (cycles) |    (ns)   | Slack|  BRAM   |   DSP   |     FF     |    LUT    | URAM|
+-------------------------------------------+------+---------------+----------+----------+----------+----------+----------+-----------+------+---------+---------+------------+-----------+-----+
|+ hls_filter_2d                            |     -|              -|         -|  67108879|         -|        no|  67108878|  6.711e+08|  0.58|  16 (5%)|  19 (1%)|   2603 (1%)|  3184 (2%)|    -|
| + hls_filter_2d_Pipeline_VITIS_LOOP_50_1  |     -|              -|         -|         -|         -|       yes|  67108875|  6.711e+08|  0.58|  16 (5%)|  18 (1%)|  1637 (~0%)|  2361 (2%)|    -|
|  o VITIS_LOOP_50_1                        |     -|              -|        10|         1|  67108865|       yes|  67108873|  6.711e+08|  7.30|        -|        -|           -|          -|    -|
+-------------------------------------------+------+---------------+----------+----------+----------+----------+----------+-----------+------+---------+---------+------------+-----------+-----+
    Name Prefix: '+' for module, 'o' for loop, '*' for dataflow


================================================================
== HW Interfaces
================================================================
* S_AXILITE Interfaces
+---------------+------------+---------------+--------+----------+
| Interface     | Data Width | Address Width | Offset | Register |
+---------------+------------+---------------+--------+----------+
| s_axi_control | 32         | 9             | 16     | 0        |
+---------------+------------+---------------+--------+----------+

* S_AXILITE Registers
+---------------+---------------+--------+-------+--------+----------------------------------+----------------------------------------------------------------------+
| Interface     | Register      | Offset | Width | Access | Description                      | Bit Fields                                                           |
+---------------+---------------+--------+-------+--------+----------------------------------+----------------------------------------------------------------------+
| s_axi_control | CTRL          | 0x00   | 32    | RW     | Control signals                  | 0=AP_START 1=AP_DONE 2=AP_IDLE 3=AP_READY 7=AUTO_RESTART 9=INTERRUPT |
| s_axi_control | GIER          | 0x04   | 32    | RW     | Global Interrupt Enable Register | 0=Enable                                                             |
| s_axi_control | IP_IER        | 0x08   | 32    | RW     | IP Interrupt Enable Register     | 0=CHAN0_INT_EN 1=CHAN1_INT_EN                                        |
| s_axi_control | IP_ISR        | 0x0c   | 32    | RW     | IP Interrupt Status Register     | 0=CHAN0_INT_ST 1=CHAN1_INT_ST                                        |
| s_axi_control | width         | 0x10   | 32    | W      | Data signal of width             |                                                                      |
| s_axi_control | height        | 0x18   | 32    | W      | Data signal of height            |                                                                      |
| s_axi_control | kernel_0_0    | 0x20   | 32    | W      | Data signal of kernel_0_0        |                                                                      |
| s_axi_control | kernel_0_1    | 0x28   | 32    | W      | Data signal of kernel_0_1        |                                                                      |
| s_axi_control | kernel_0_2    | 0x30   | 32    | W      | Data signal of kernel_0_2        |                                                                      |
| s_axi_control | kernel_0_3    | 0x38   | 32    | W      | Data signal of kernel_0_3        |                                                                      |
| s_axi_control | kernel_0_4    | 0x40   | 32    | W      | Data signal of kernel_0_4        |                                                                      |
| s_axi_control | kernel_1_0    | 0x48   | 32    | W      | Data signal of kernel_1_0        |                                                                      |
| s_axi_control | kernel_1_1    | 0x50   | 32    | W      | Data signal of kernel_1_1        |                                                                      |
| s_axi_control | kernel_1_2    | 0x58   | 32    | W      | Data signal of kernel_1_2        |                                                                      |
| s_axi_control | kernel_1_3    | 0x60   | 32    | W      | Data signal of kernel_1_3        |                                                                      |
| s_axi_control | kernel_1_4    | 0x68   | 32    | W      | Data signal of kernel_1_4        |                                                                      |
| s_axi_control | kernel_2_0    | 0x70   | 32    | W      | Data signal of kernel_2_0        |                                                                      |
| s_axi_control | kernel_2_1    | 0x78   | 32    | W      | Data signal of kernel_2_1        |                                                                      |
| s_axi_control | kernel_2_2    | 0x80   | 32    | W      | Data signal of kernel_2_2        |                                                                      |
| s_axi_control | kernel_2_3    | 0x88   | 32    | W      | Data signal of kernel_2_3        |                                                                      |
| s_axi_control | kernel_2_4    | 0x90   | 32    | W      | Data signal of kernel_2_4        |                                                                      |
| s_axi_control | kernel_3_0    | 0x98   | 32    | W      | Data signal of kernel_3_0        |                                                                      |
| s_axi_control | kernel_3_1    | 0xa0   | 32    | W      | Data signal of kernel_3_1        |                                                                      |
| s_axi_control | kernel_3_2    | 0xa8   | 32    | W      | Data signal of kernel_3_2        |                                                                      |
| s_axi_control | kernel_3_3    | 0xb0   | 32    | W      | Data signal of kernel_3_3        |                                                                      |
| s_axi_control | kernel_3_4    | 0xb8   | 32    | W      | Data signal of kernel_3_4        |                                                                      |
| s_axi_control | kernel_4_0    | 0xc0   | 32    | W      | Data signal of kernel_4_0        |                                                                      |
| s_axi_control | kernel_4_1    | 0xc8   | 32    | W      | Data signal of kernel_4_1        |                                                                      |
| s_axi_control | kernel_4_2    | 0xd0   | 32    | W      | Data signal of kernel_4_2        |                                                                      |
| s_axi_control | kernel_4_3    | 0xd8   | 32    | W      | Data signal of kernel_4_3        |                                                                      |
| s_axi_control | kernel_4_4    | 0xe0   | 32    | W      | Data signal of kernel_4_4        |                                                                      |
| s_axi_control | inv_divisor   | 0xe8   | 32    | W      | Data signal of inv_divisor       |                                                                      |
| s_axi_control | fraction_bits | 0xf0   | 32    | W      | Data signal of fraction_bits     |                                                                      |
| s_axi_control | delta         | 0xf8   | 32    | W      | Data signal of delta             |                                                                      |
| s_axi_control | borderType    | 0x100  | 32    | W      | Data signal of borderType        |                                                                      |
+---------------+---------------+--------+-------+--------+----------------------------------+----------------------------------------------------------------------+

* AXIS
+--------------+-----------+---------------+-------+--------+--------+
| Interface    | Direction | Register Mode | TDATA | TREADY | TVALID |
+--------------+-----------+---------------+-------+--------+--------+
| m_axis_video | out       | both          | 24    | 1      | 1      |
| s_axis_video | in        | both          | 24    | 1      | 1      |
+--------------+-----------+---------------+-------+--------+--------+

* TOP LEVEL CONTROL
+-----------+------------+-----------+
| Interface | Type       | Ports     |
+-----------+------------+-----------+
| ap_clk    | clock      | ap_clk    |
| ap_rst_n  | reset      | ap_rst_n  |
| interrupt | interrupt  | interrupt |
| ap_ctrl   | ap_ctrl_hs |           |
+-----------+------------+-----------+


================================================================
== SW I/O Information
================================================================
* Top Function Arguments
+---------------+-----------+--------------------------------------------------+
| Argument      | Direction | Datatype                                         |
+---------------+-----------+--------------------------------------------------+
| s_axis_video  | in        | stream<axi_stream_video<color_pixel<1, 8> >, 0>& |
| m_axis_video  | out       | stream<axi_stream_video<color_pixel<1, 8> >, 0>& |
| width         | in        | ap_uint<13>                                      |
| height        | in        | ap_uint<13>                                      |
| kernel        | in        | ap_int<8>*                                       |
| inv_divisor   | in        | ap_int<32>                                       |
| fraction_bits | in        | ap_uint<5>                                       |
| delta         | in        | ap_int<32>                                       |
| borderType    | in        | ap_uint<1>                                       |
+---------------+-----------+--------------------------------------------------+

* SW-to-HW Mapping
+---------------+---------------+-----------+-----------------------------------------+
| Argument      | HW Interface  | HW Type   | HW Info                                 |
+---------------+---------------+-----------+-----------------------------------------+
| s_axis_video  | s_axis_video  | interface |                                         |
| m_axis_video  | m_axis_video  | interface |                                         |
| width         | s_axi_control | register  | name=width offset=0x10 range=32         |
| height        | s_axi_control | register  | name=height offset=0x18 range=32        |
| kernel        | s_axi_control | interface |                                         |
| kernel        | s_axi_control | interface |                                         |
| kernel        | s_axi_control | interface |                                         |
| kernel        | s_axi_control | interface |                                         |
| kernel        | s_axi_control | interface |                                         |
| kernel        | s_axi_control | interface |                                         |
| kernel        | s_axi_control | interface |                                         |
| kernel        | s_axi_control | interface |                                         |
| kernel        | s_axi_control | interface |                                         |
| kernel        | s_axi_control | interface |                                         |
| kernel        | s_axi_control | interface |                                         |
| kernel        | s_axi_control | interface |                                         |
| kernel        | s_axi_control | interface |                                         |
| kernel        | s_axi_control | interface |                                         |
| kernel        | s_axi_control | interface |                                         |
| kernel        | s_axi_control | interface |                                         |
| kernel        | s_axi_control | interface |                                         |
| kernel        | s_axi_control | interface |                                         |
| kernel        | s_axi_control | interface |                                         |
| kernel        | s_axi_control | interface |                                         |
| kernel        | s_axi_control | interface |                                         |
| kernel        | s_axi_control | interface |                                         |
| kernel        | s_axi_control | interface |                                         |
| kernel        | s_axi_control | interface |                                         |
| kernel        | s_axi_control | interface |                                         |
| inv_divisor   | s_axi_control | register  | name=inv_divisor offset=0xe8 range=32   |
| fraction_bits | s_axi_control | register  | name=fraction_bits offset=0xf0 range=32 |
| delta         | s_axi_control | register  | name=delta offset=0xf8 range=32         |
| borderType    | s_axi_control | register  | name=borderType offset=0x100 range=32   |
+---------------+---------------+-----------+-----------------------------------------+


================================================================
== Bind Op Report
================================================================
+-------------------------------------------+-----+--------+----------------+--------+-----------+---------+
| Name                                      | DSP | Pragma | Variable       | Op     | Impl      | Latency |
+-------------------------------------------+-----+--------+----------------+--------+-----------+---------+
| + hls_filter_2d                           | 19  |        |                |        |           |         |
|   mul_13ns_13ns_26_1_1_U74                | 1   |        | total_pixels   | mul    | auto      | 0       |
|   flush_cycles_fu_440_p2                  |     |        | flush_cycles   | add    | fabric    | 0       |
|   total_cycles_fu_454_p2                  |     |        | total_cycles   | add    | fabric    | 0       |
|   add_ln87_fu_461_p2                      |     |        | add_ln87       | add    | fabric    | 0       |
|   add_ln139_fu_471_p2                     |     |        | add_ln139      | add    | fabric    | 0       |
|   add_ln140_fu_478_p2                     |     |        | add_ln140      | add    | fabric    | 0       |
|   add_ln154_fu_485_p2                     |     |        | add_ln154      | add    | fabric    | 0       |
|  + hls_filter_2d_Pipeline_VITIS_LOOP_50_1 | 18  |        |                |        |           |         |
|    icmp_ln60_fu_774_p2                    |     |        | icmp_ln60      | setlt  | auto      | 0       |
|    i_3_fu_780_p2                          |     |        | i_3            | add    | fabric    | 0       |
|    icmp_ln80_fu_819_p2                    |     |        | icmp_ln80      | setlt  | auto      | 0       |
|    icmp_ln87_fu_828_p2                    |     |        | icmp_ln87      | seteq  | auto      | 0       |
|    x_4_fu_833_p2                          |     |        | x_4            | add    | fabric    | 0       |
|    x_5_fu_839_p3                          |     |        | x_5            | select | auto_sel  | 0       |
|    icmp_ln96_fu_786_p2                    |     |        | icmp_ln96      | setlt  | auto      | 0       |
|    img_x_fu_1129_p2                       |     |        | img_x          | add    | fabric    | 0       |
|    img_y_fu_866_p2                        |     |        | img_y          | add    | fabric    | 0       |
|    icmp_ln111_fu_880_p2                   |     |        | icmp_ln111     | setlt  | auto      | 0       |
|    xor_ln111_fu_885_p2                    |     |        | xor_ln111      | xor    | auto      | 0       |
|    icmp_ln111_1_fu_1142_p2                |     |        | icmp_ln111_1   | setlt  | auto      | 0       |
|    xor_ln111_1_fu_1147_p2                 |     |        | xor_ln111_1    | xor    | auto      | 0       |
|    or_ln111_fu_1153_p2                    |     |        | or_ln111       | or     | auto      | 0       |
|    or_ln111_1_fu_891_p2                   |     |        | or_ln111_1     | or     | auto      | 0       |
|    or_ln111_2_fu_1647_p2                  |     |        | or_ln111_2     | or     | auto      | 0       |
|    val_58_fu_1651_p3                      |     |        | val_58         | select | auto_sel  | 0       |
|    img_x_6_fu_1159_p2                     |     |        | img_x_6        | add    | fabric    | 0       |
|    icmp_ln111_2_fu_1172_p2                |     |        | icmp_ln111_2   | setlt  | auto      | 0       |
|    xor_ln111_2_fu_1177_p2                 |     |        | xor_ln111_2    | xor    | auto      | 0       |
|    or_ln111_3_fu_1183_p2                  |     |        | or_ln111_3     | or     | auto      | 0       |
|    or_ln111_4_fu_1659_p2                  |     |        | or_ln111_4     | or     | auto      | 0       |
|    val_59_fu_1663_p3                      |     |        | val_59         | select | auto_sel  | 0       |
|    icmp_ln111_3_fu_897_p2                 |     |        | icmp_ln111_3   | setlt  | auto      | 0       |
|    xor_ln111_3_fu_1189_p2                 |     |        | xor_ln111_3    | xor    | auto      | 0       |
|    or_ln111_5_fu_1675_p2                  |     |        | or_ln111_5     | or     | auto      | 0       |
|    val_60_fu_1679_p3                      |     |        | val_60         | select | auto_sel  | 0       |
|    img_x_7_fu_1194_p2                     |     |        | img_x_7        | add    | fabric    | 0       |
|    icmp_ln111_4_fu_1199_p2                |     |        | icmp_ln111_4   | setlt  | auto      | 0       |
|    xor_ln111_4_fu_1204_p2                 |     |        | xor_ln111_4    | xor    | auto      | 0       |
|    or_ln111_6_fu_1691_p2                  |     |        | or_ln111_6     | or     | auto      | 0       |
|    val_62_fu_1695_p3                      |     |        | val_62         | select | auto_sel  | 0       |
|    img_x_8_fu_1210_p2                     |     |        | img_x_8        | add    | fabric    | 0       |
|    icmp_ln111_5_fu_1215_p2                |     |        | icmp_ln111_5   | setlt  | auto      | 0       |
|    xor_ln111_5_fu_1220_p2                 |     |        | xor_ln111_5    | xor    | auto      | 0       |
|    or_ln111_7_fu_1703_p2                  |     |        | or_ln111_7     | or     | auto      | 0       |
|    val_63_fu_1707_p3                      |     |        | val_63         | select | auto_sel  | 0       |
|    img_y_6_fu_902_p2                      |     |        | img_y_6        | add    | fabric    | 0       |
|    icmp_ln111_6_fu_916_p2                 |     |        | icmp_ln111_6   | setlt  | auto      | 0       |
|    xor_ln111_6_fu_921_p2                  |     |        | xor_ln111_6    | xor    | auto      | 0       |
|    or_ln111_8_fu_927_p2                   |     |        | or_ln111_8     | or     | auto      | 0       |
|    or_ln111_9_fu_1226_p2                  |     |        | or_ln111_9     | or     | auto      | 0       |
|    val_64_fu_1231_p3                      |     |        | val_64         | select | auto_sel  | 0       |
|    or_ln111_10_fu_1243_p2                 |     |        | or_ln111_10    | or     | auto      | 0       |
|    val_65_fu_1248_p3                      |     |        | val_65         | select | auto_sel  | 0       |
|    or_ln111_11_fu_1256_p2                 |     |        | or_ln111_11    | or     | auto      | 0       |
|    val_66_fu_1261_p3                      |     |        | val_66         | select | auto_sel  | 0       |
|    or_ln111_12_fu_1273_p2                 |     |        | or_ln111_12    | or     | auto      | 0       |
|    val_68_fu_1278_p3                      |     |        | val_68         | select | auto_sel  | 0       |
|    or_ln111_13_fu_1286_p2                 |     |        | or_ln111_13    | or     | auto      | 0       |
|    val_69_fu_1291_p3                      |     |        | val_69         | select | auto_sel  | 0       |
|    icmp_ln111_7_fu_933_p2                 |     |        | icmp_ln111_7   | setlt  | auto      | 0       |
|    xor_ln111_7_fu_1303_p2                 |     |        | xor_ln111_7    | xor    | auto      | 0       |
|    or_ln111_14_fu_1308_p2                 |     |        | or_ln111_14    | or     | auto      | 0       |
|    val_70_fu_1314_p3                      |     |        | val_70         | select | auto_sel  | 0       |
|    or_ln111_15_fu_1326_p2                 |     |        | or_ln111_15    | or     | auto      | 0       |
|    val_71_fu_1332_p3                      |     |        | val_71         | select | auto_sel  | 0       |
|    or_ln111_16_fu_1340_p2                 |     |        | or_ln111_16    | or     | auto      | 0       |
|    val_72_fu_1346_p3                      |     |        | val_72         | select | auto_sel  | 0       |
|    or_ln111_17_fu_1354_p2                 |     |        | or_ln111_17    | or     | auto      | 0       |
|    val_74_fu_1360_p3                      |     |        | val_74         | select | auto_sel  | 0       |
|    or_ln111_18_fu_1372_p2                 |     |        | or_ln111_18    | or     | auto      | 0       |
|    val_75_fu_1378_p3                      |     |        | val_75         | select | auto_sel  | 0       |
|    img_y_7_fu_938_p2                      |     |        | img_y_7        | add    | fabric    | 0       |
|    icmp_ln111_8_fu_944_p2                 |     |        | icmp_ln111_8   | setlt  | auto      | 0       |
|    xor_ln111_8_fu_1385_p2                 |     |        | xor_ln111_8    | xor    | auto      | 0       |
|    or_ln111_19_fu_1390_p2                 |     |        | or_ln111_19    | or     | auto      | 0       |
|    val_76_fu_1396_p3                      |     |        | val_76         | select | auto_sel  | 0       |
|    or_ln111_20_fu_1408_p2                 |     |        | or_ln111_20    | or     | auto      | 0       |
|    val_77_fu_1414_p3                      |     |        | val_77         | select | auto_sel  | 0       |
|    or_ln111_21_fu_1422_p2                 |     |        | or_ln111_21    | or     | auto      | 0       |
|    val_78_fu_1428_p3                      |     |        | val_78         | select | auto_sel  | 0       |
|    or_ln111_22_fu_1436_p2                 |     |        | or_ln111_22    | or     | auto      | 0       |
|    val_80_fu_1442_p3                      |     |        | val_80         | select | auto_sel  | 0       |
|    or_ln111_23_fu_1450_p2                 |     |        | or_ln111_23    | or     | auto      | 0       |
|    val_81_fu_1456_p3                      |     |        | val_81         | select | auto_sel  | 0       |
|    img_y_8_fu_949_p2                      |     |        | img_y_8        | add    | fabric    | 0       |
|    icmp_ln111_9_fu_955_p2                 |     |        | icmp_ln111_9   | setlt  | auto      | 0       |
|    xor_ln111_9_fu_960_p2                  |     |        | xor_ln111_9    | xor    | auto      | 0       |
|    or_ln111_24_fu_1467_p2                 |     |        | or_ln111_24    | or     | auto      | 0       |
|    val_82_fu_1472_p3                      |     |        | val_82         | select | auto_sel  | 0       |
|    or_ln111_25_fu_1484_p2                 |     |        | or_ln111_25    | or     | auto      | 0       |
|    val_83_fu_1489_p3                      |     |        | val_83         | select | auto_sel  | 0       |
|    or_ln111_26_fu_1497_p2                 |     |        | or_ln111_26    | or     | auto      | 0       |
|    val_84_fu_1502_p3                      |     |        | val_84         | select | auto_sel  | 0       |
|    or_ln111_27_fu_1510_p2                 |     |        | or_ln111_27    | or     | auto      | 0       |
|    val_86_fu_1515_p3                      |     |        | val_86         | select | auto_sel  | 0       |
|    or_ln111_28_fu_1523_p2                 |     |        | or_ln111_28    | or     | auto      | 0       |
|    val_87_fu_1528_p3                      |     |        | val_87         | select | auto_sel  | 0       |
|    mac_muladd_8ns_8s_17s_18_4_1_U20       | 1   |        | mul_ln115      | mul    | dsp_slice | 3       |
|    mac_muladd_8ns_8s_17s_18_4_1_U20       | 1   |        | sext_ln115     | sext   | dsp_slice | 3       |
|    mul_8ns_8s_16_1_1_U2                   |     |        | mul_ln115_1    | mul    | auto      | 0       |
|    mac_muladd_8ns_8s_16s_17_4_1_U11       | 1   |        | mul_ln115_2    | mul    | dsp_slice | 3       |
|    mac_muladd_8ns_8s_16s_17_4_1_U11       | 1   |        | sext_ln115_2   | sext   | dsp_slice | 3       |
|    mul_8ns_8s_16_1_1_U3                   |     |        | mul_ln115_3    | mul    | auto      | 0       |
|    mac_muladd_8ns_8s_16s_17_4_1_U12       | 1   |        | mul_ln115_4    | mul    | dsp_slice | 3       |
|    mac_muladd_8ns_8s_16s_17_4_1_U12       | 1   |        | sext_ln115_4   | sext   | dsp_slice | 3       |
|    mul_8ns_8s_16_1_1_U4                   |     |        | mul_ln115_5    | mul    | auto      | 0       |
|    mac_muladd_8ns_8s_17s_18_4_1_U21       | 1   |        | mul_ln115_6    | mul    | dsp_slice | 3       |
|    mac_muladd_8ns_8s_17s_18_4_1_U21       | 1   |        | sext_ln115_6   | sext   | dsp_slice | 3       |
|    mac_muladd_8ns_8s_16s_17_4_1_U13       | 1   |        | mul_ln115_7    | mul    | dsp_slice | 3       |
|    mac_muladd_8ns_8s_16s_17_4_1_U13       | 1   |        | sext_ln115_7   | sext   | dsp_slice | 3       |
|    mac_muladd_8ns_8s_16s_17_4_1_U14       | 1   |        | mul_ln115_8    | mul    | dsp_slice | 3       |
|    mac_muladd_8ns_8s_16s_17_4_1_U14       | 1   |        | sext_ln115_8   | sext   | dsp_slice | 3       |
|    mac_muladd_8ns_8s_17s_18_4_1_U22       | 1   |        | mul_ln115_9    | mul    | dsp_slice | 3       |
|    mac_muladd_8ns_8s_17s_18_4_1_U22       | 1   |        | sext_ln115_9   | sext   | dsp_slice | 3       |
|    mac_muladd_8ns_8s_16s_17_4_1_U15       | 1   |        | mul_ln115_10   | mul    | dsp_slice | 3       |
|    mac_muladd_8ns_8s_16s_17_4_1_U15       | 1   |        | sext_ln115_10  | sext   | dsp_slice | 3       |
|    mul_8ns_8s_16_1_1_U5                   |     |        | mul_ln115_11   | mul    | auto      | 0       |
|    mac_muladd_8ns_8s_16s_17_4_1_U16       | 1   |        | mul_ln115_12   | mul    | dsp_slice | 3       |
|    mac_muladd_8ns_8s_16s_17_4_1_U16       | 1   |        | sext_ln115_12  | sext   | dsp_slice | 3       |
|    mul_8ns_8s_16_1_1_U6                   |     |        | mul_ln115_13   | mul    | auto      | 0       |
|    mul_8ns_8s_16_1_1_U7                   |     |        | mul_ln115_14   | mul    | auto      | 0       |
|    mac_muladd_8ns_8s_17s_18_4_1_U23       | 1   |        | mul_ln115_15   | mul    | dsp_slice | 3       |
|    mac_muladd_8ns_8s_17s_18_4_1_U23       | 1   |        | sext_ln115_15  | sext   | dsp_slice | 3       |
|    mul_8ns_8s_16_1_1_U8                   |     |        | mul_ln115_16   | mul    | auto      | 0       |
|    mac_muladd_8ns_8s_17s_18_4_1_U24       | 1   |        | mul_ln115_17   | mul    | dsp_slice | 3       |
|    mac_muladd_8ns_8s_17s_18_4_1_U24       | 1   |        | sext_ln115_17  | sext   | dsp_slice | 3       |
|    mac_muladd_8ns_8s_16s_17_4_1_U17       | 1   |        | mul_ln115_18   | mul    | dsp_slice | 3       |
|    mac_muladd_8ns_8s_16s_17_4_1_U17       | 1   |        | sext_ln115_18  | sext   | dsp_slice | 3       |
|    mac_muladd_8ns_8s_17s_18_4_1_U25       | 1   |        | mul_ln115_19   | mul    | dsp_slice | 3       |
|    mac_muladd_8ns_8s_17s_18_4_1_U25       | 1   |        | sext_ln115_19  | sext   | dsp_slice | 3       |
|    mul_8ns_8s_16_1_1_U9                   |     |        | mul_ln115_20   | mul    | auto      | 0       |
|    mac_muladd_8ns_8s_17s_18_4_1_U26       | 1   |        | mul_ln115_21   | mul    | dsp_slice | 3       |
|    mac_muladd_8ns_8s_17s_18_4_1_U26       | 1   |        | sext_ln115_21  | sext   | dsp_slice | 3       |
|    mac_muladd_8ns_8s_16s_17_4_1_U18       | 1   |        | mul_ln115_22   | mul    | dsp_slice | 3       |
|    mac_muladd_8ns_8s_16s_17_4_1_U18       | 1   |        | sext_ln115_22  | sext   | dsp_slice | 3       |
|    mac_muladd_8ns_8s_16s_17_4_1_U19       | 1   |        | mul_ln115_23   | mul    | dsp_slice | 3       |
|    mac_muladd_8ns_8s_16s_17_4_1_U19       | 1   |        | sext_ln115_23  | sext   | dsp_slice | 3       |
|    mul_8ns_8s_16_1_1_U10                  |     |        | mul_ln115_24   | mul    | auto      | 0       |
|    mac_muladd_8ns_8s_16s_17_4_1_U15       | 1   |        | add_ln115      | add    | dsp_slice | 3       |
|    mac_muladd_8ns_8s_17s_18_4_1_U20       | 1   |        | add_ln115_1    | add    | dsp_slice | 3       |
|    mac_muladd_8ns_8s_16s_17_4_1_U12       | 1   |        | add_ln115_2    | add    | dsp_slice | 3       |
|    mac_muladd_8ns_8s_17s_18_4_1_U23       | 1   |        | add_ln115_3    | add    | dsp_slice | 3       |
|    add_ln115_4_fu_1900_p2                 |     |        | add_ln115_4    | add    | fabric    | 0       |
|    mac_muladd_8ns_8s_16s_17_4_1_U13       | 1   |        | add_ln115_5    | add    | dsp_slice | 3       |
|    mac_muladd_8ns_8s_17s_18_4_1_U25       | 1   |        | add_ln115_6    | add    | dsp_slice | 3       |
|    mac_muladd_8ns_8s_16s_17_4_1_U11       | 1   |        | add_ln115_7    | add    | dsp_slice | 3       |
|    mac_muladd_8ns_8s_17s_18_4_1_U21       | 1   |        | add_ln115_8    | add    | dsp_slice | 3       |
|    add_ln115_9_fu_1916_p2                 |     |        | add_ln115_9    | add    | fabric    | 0       |
|    add_ln115_10_fu_1926_p2                |     |        | add_ln115_10   | add    | fabric    | 0       |
|    mac_muladd_8ns_8s_16s_17_4_1_U18       | 1   |        | add_ln115_11   | add    | dsp_slice | 3       |
|    mac_muladd_8ns_8s_17s_18_4_1_U22       | 1   |        | add_ln115_12   | add    | dsp_slice | 3       |
|    mac_muladd_8ns_8s_16s_17_4_1_U16       | 1   |        | add_ln115_13   | add    | dsp_slice | 3       |
|    mac_muladd_8ns_8s_17s_18_4_1_U26       | 1   |        | add_ln115_14   | add    | dsp_slice | 3       |
|    add_ln115_15_fu_1942_p2                |     |        | add_ln115_15   | add    | fabric    | 0       |
|    mac_muladd_8ns_8s_16s_17_4_1_U17       | 1   |        | add_ln115_16   | add    | dsp_slice | 3       |
|    mac_muladd_8ns_8s_17s_18_4_1_U24       | 1   |        | add_ln115_17   | add    | dsp_slice | 3       |
|    mac_muladd_8ns_8s_16s_17_4_1_U14       | 1   |        | add_ln115_18   | add    | dsp_slice | 3       |
|    mac_muladd_8ns_8s_16s_17_4_1_U19       | 1   |        | add_ln115_19   | add    | dsp_slice | 3       |
|    add_ln115_20_fu_1888_p2                |     |        | add_ln115_20   | add    | fabric    | 0       |
|    add_ln115_21_fu_1958_p2                |     |        | add_ln115_21   | add    | fabric    | 0       |
|    add_ln115_22_fu_1968_p2                |     |        | add_ln115_22   | add    | fabric    | 0       |
|    sum_fu_1978_p2                         |     |        | sum            | add    | fabric    | 0       |
|    mul_21s_32s_52_1_1_U1                  | 2   |        | mul_ln121      | mul    | auto      | 0       |
|    ashr_ln121_fu_1992_p2                  |     |        | ashr_ln121     | ashr   | auto_pipe | 0       |
|    sum_2_fu_2001_p2                       |     |        | sum_2          | add    | fabric    | 0       |
|    sum_3_fu_2018_p3                       |     |        | sum_3          | select | auto_sel  | 0       |
|    icmp_ln128_fu_2036_p2                  |     |        | icmp_ln128     | setne  | auto      | 0       |
|    icmp_ln139_fu_976_p2                   |     |        | icmp_ln139     | setne  | auto      | 0       |
|    icmp_ln139_1_fu_982_p2                 |     |        | icmp_ln139_1   | setgt  | auto      | 0       |
|    icmp_ln139_2_fu_997_p2                 |     |        | icmp_ln139_2   | setne  | auto      | 0       |
|    icmp_ln140_fu_1003_p2                  |     |        | icmp_ln140     | setgt  | auto      | 0       |
|    and_ln139_fu_1008_p2                   |     |        | and_ln139      | and    | auto      | 0       |
|    and_ln139_1_fu_1014_p2                 |     |        | and_ln139_1    | and    | auto      | 0       |
|    and_ln139_2_fu_1020_p2                 |     |        | and_ln139_2    | and    | auto      | 0       |
|    icmp_ln154_fu_1540_p2                  |     |        | icmp_ln154     | seteq  | auto      | 0       |
|    out_paket_data_fu_2046_p3              |     |        | out_paket_data | select | auto_sel  | 0       |
|    or_ln149_fu_1026_p2                    |     |        | or_ln149       | or     | auto      | 0       |
|    out_paket_user_fu_1032_p2              |     |        | out_paket_user | seteq  | auto      | 0       |
|    icmp_ln161_fu_1038_p2                  |     |        | icmp_ln161     | seteq  | auto      | 0       |
|    out_y_fu_1043_p2                       |     |        | out_y          | add    | fabric    | 0       |
|    out_x_fu_1049_p2                       |     |        | out_x          | add    | fabric    | 0       |
|    out_x_1_fu_1055_p3                     |     |        | out_x_1        | select | auto_sel  | 0       |
|    out_y_1_fu_1063_p3                     |     |        | out_y_1        | select | auto_sel  | 0       |
|    icmp_ln50_fu_792_p2                    |     |        | icmp_ln50      | seteq  | auto      | 0       |
+-------------------------------------------+-----+--------+----------------+--------+-----------+---------+


================================================================
== Storage Report
================================================================
+-------------------------------------------+--------------+-----------+------+------+--------+---------------+------+---------+------------------+
| Name                                      | Usage        | Type      | BRAM | URAM | Pragma | Variable      | Impl | Latency | Bitwidth, Depth, |
|                                           |              |           |      |      |        |               |      |         | Banks            |
+-------------------------------------------+--------------+-----------+------+------+--------+---------------+------+---------+------------------+
| + hls_filter_2d                           |              |           | 16   | 0    |        |               |      |         |                  |
|   control_s_axi_U                         | interface    | s_axilite |      |      |        |               |      |         |                  |
|  + hls_filter_2d_Pipeline_VITIS_LOOP_50_1 |              |           | 16   | 0    |        |               |      |         |                  |
|    line_buffer_3_U                        | ram_1p array |           | 4    |      |        | line_buffer_3 | auto | 1       | 8, 7680, 1       |
|    line_buffer_2_U                        | ram_1p array |           | 4    |      |        | line_buffer_2 | auto | 1       | 8, 7680, 1       |
|    line_buffer_1_U                        | ram_1p array |           | 4    |      |        | line_buffer_1 | auto | 1       | 8, 7680, 1       |
|    line_buffer_U                          | ram_1p array |           | 4    |      |        | line_buffer   | auto | 1       | 8, 7680, 1       |
+-------------------------------------------+--------------+-----------+------+------+--------+---------------+------+---------+------------------+


================================================================
== Pragma Report
================================================================
* Valid Pragma Syntax
+-----------------+-------------------------------------------------+-------------------------------------------------------------------------+
| Type            | Options                                         | Location                                                                |
+-----------------+-------------------------------------------------+-------------------------------------------------------------------------+
| INTERFACE       | axis port = s_axis_video                        | in hls_filter_2d (hls_filter_2d.cpp:16)                                 |
| INTERFACE       | axis port = m_axis_video                        | in hls_filter_2d (hls_filter_2d.cpp:17)                                 |
| INTERFACE       | s_axilite port = width bundle = control         | in hls_filter_2d (hls_filter_2d.cpp:20)                                 |
| INTERFACE       | s_axilite port = height bundle = control        | in hls_filter_2d (hls_filter_2d.cpp:21)                                 |
| INTERFACE       | s_axilite port = kernel bundle = control        | in hls_filter_2d (hls_filter_2d.cpp:22)                                 |
| INTERFACE       | s_axilite port = inv_divisor bundle = control   | in hls_filter_2d (hls_filter_2d.cpp:23)                                 |
| INTERFACE       | s_axilite port = fraction_bits bundle = control | in hls_filter_2d (hls_filter_2d.cpp:24)                                 |
| INTERFACE       | s_axilite port = delta bundle = control         | in hls_filter_2d (hls_filter_2d.cpp:25)                                 |
| INTERFACE       | s_axilite port = borderType bundle = control    | in hls_filter_2d (hls_filter_2d.cpp:26)                                 |
| INTERFACE       | s_axilite port = return bundle = control        | in hls_filter_2d (hls_filter_2d.cpp:27)                                 |
| ARRAY_PARTITION | variable = kernel complete dim = 0              | in hls_filter_2d (hls_filter_2d.cpp:30)                                 |
| ARRAY_PARTITION | variable = line_buffer complete dim = 1         | in hls_filter_2d (hls_filter_2d.cpp:34)                                 |
| ARRAY_PARTITION | variable = window complete dim = 0              | in hls_filter_2d (hls_filter_2d.cpp:38)                                 |
| PIPELINE        | II = 1                                          | in hls_filter_2d (hls_filter_2d.cpp:51)                                 |
| INLINE          |                                                 | in color_pixel<num_channels, pixel_width> (hls_filter_2d.hpp:63)        |
| UNROLL          |                                                 | in color_pixel<num_channels, pixel_width> (hls_filter_2d.hpp:65)        |
| INLINE          |                                                 | in color_pixel<num_channels, pixel_width> (hls_filter_2d.hpp:75)        |
| UNROLL          |                                                 | in color_pixel<num_channels, pixel_width> (hls_filter_2d.hpp:77)        |
| INLINE          |                                                 | in color_pixel<num_channels, pixel_width> (hls_filter_2d.hpp:91)        |
| UNROLL          |                                                 | in color_pixel<num_channels, pixel_width> (hls_filter_2d.hpp:94)        |
| INLINE          |                                                 | in operator ap_uint<num_channels * pixel_width> (hls_filter_2d.hpp:103) |
| UNROLL          |                                                 | in operator ap_uint<num_channels * pixel_width> (hls_filter_2d.hpp:107) |
| INLINE          |                                                 | in operator unsigned int (hls_filter_2d.hpp:118)                        |
+-----------------+-------------------------------------------------+-------------------------------------------------------------------------+


