================================================================
== Vivado RTL Synthesis Results
================================================================
+ General Information:
    * Date:            Tue Mar 31 12:19:31 +0200 2026
    * Version:         2025.2 (Build 6295257 on Nov 14 2025)
    * Project:         filter_2d
    * Solution:        hls (Vivado IP Flow Target)
    * Product family:  zynquplus
    * Target device:   xck26-sfvc784-2LV-c


================================================================
== Run Constraints & Options
================================================================
+ Design Constraints & Options:
    * RTL Synthesis target clock:  10 ns
    * C-Synthesis target clock:    10 ns
    * C-Synthesis uncertainty:     27%

+ RTL Synthesis Options:
    * config_export -vivado_synth_strategy:     default
    * config_export -vivado_synth_design_args:  -directive sdx_optimization_effort_high

+ Reporting Options:
    * config_export -vivado_report_level:      2
    * config_export -vivado_max_timing_paths:  10


================================================================
== RTL Synthesis Resource Summary
================================================================
LUT:              1104
FF:               1255
DSP:              29
BRAM:             16
URAM:             0
SRL:              5


================================================================
== RTL Synthesis Timing Summary
================================================================
* Timing was met
+----------------+-------------+
| Timing         | Period (ns) |
+----------------+-------------+
| Target         | 10.000      |
| Post-Synthesis | 5.423       |
+----------------+-------------+


================================================================
== RTL Synthesis Resources
================================================================
+---------------------------------------------------------+-----+----+-----+------+------+-----+--------+------+---------+----------+--------+
| Name                                                    | LUT | FF | DSP | BRAM | URAM | SRL | Pragma | Impl | Latency | Variable | Source |
+---------------------------------------------------------+-----+----+-----+------+------+-----+--------+------+---------+----------+--------+
| U0                                                      |     |    |     |      |      | 5   |        |      |         |          |        |
|   (U0)                                                  |     |    |     |      |      |     |        |      |         |          |        |
|   control_s_axi_U                                       |     |    |     |      |      |     |        |      |         |          |        |
|   grp_hls_filter_2d_Pipeline_VITIS_LOOP_50_1_fu_364     |     |    |     |      |      | 5   |        |      |         |          |        |
|     (grp_hls_filter_2d_Pipeline_VITIS_LOOP_50_1_fu_364) |     |    |     |      |      | 5   |        |      |         |          |        |
|     flow_control_loop_pipe_sequential_init_U            |     |    |     |      |      |     |        |      |         |          |        |
|     line_buffer_1_U                                     |     |    |     |      |      |     |        |      |         |          |        |
|     line_buffer_2_U                                     |     |    |     |      |      |     |        |      |         |          |        |
|     line_buffer_3_U                                     |     |    |     |      |      |     |        |      |         |          |        |
|     line_buffer_U                                       |     |    |     |      |      |     |        |      |         |          |        |
|     mac_muladd_8ns_8s_16s_17_4_1_U11                    |     |    |     |      |      |     |        |      |         |          |        |
|     mac_muladd_8ns_8s_16s_17_4_1_U12                    |     |    |     |      |      |     |        |      |         |          |        |
|     mac_muladd_8ns_8s_16s_17_4_1_U13                    |     |    |     |      |      |     |        |      |         |          |        |
|     mac_muladd_8ns_8s_16s_17_4_1_U14                    |     |    |     |      |      |     |        |      |         |          |        |
|     mac_muladd_8ns_8s_16s_17_4_1_U15                    |     |    |     |      |      |     |        |      |         |          |        |
|     mac_muladd_8ns_8s_16s_17_4_1_U16                    |     |    |     |      |      |     |        |      |         |          |        |
|     mac_muladd_8ns_8s_16s_17_4_1_U17                    |     |    |     |      |      |     |        |      |         |          |        |
|     mac_muladd_8ns_8s_16s_17_4_1_U18                    |     |    |     |      |      |     |        |      |         |          |        |
|     mac_muladd_8ns_8s_16s_17_4_1_U19                    |     |    |     |      |      |     |        |      |         |          |        |
|     mac_muladd_8ns_8s_17s_18_4_1_U20                    |     |    |     |      |      |     |        |      |         |          |        |
|     mac_muladd_8ns_8s_17s_18_4_1_U21                    |     |    |     |      |      |     |        |      |         |          |        |
|     mac_muladd_8ns_8s_17s_18_4_1_U22                    |     |    |     |      |      |     |        |      |         |          |        |
|     mac_muladd_8ns_8s_17s_18_4_1_U23                    |     |    |     |      |      |     |        |      |         |          |        |
|     mac_muladd_8ns_8s_17s_18_4_1_U24                    |     |    |     |      |      |     |        |      |         |          |        |
|     mac_muladd_8ns_8s_17s_18_4_1_U25                    |     |    |     |      |      |     |        |      |         |          |        |
|     mac_muladd_8ns_8s_17s_18_4_1_U26                    |     |    |     |      |      |     |        |      |         |          |        |
|     mul_21s_32s_52_1_1_U1                               |     |    |     |      |      |     |        |      |         |          |        |
|     mul_8ns_8s_16_1_1_U10                               |     |    |     |      |      |     |        |      |         |          |        |
|     mul_8ns_8s_16_1_1_U2                                |     |    |     |      |      |     |        |      |         |          |        |
|     mul_8ns_8s_16_1_1_U3                                |     |    |     |      |      |     |        |      |         |          |        |
|     mul_8ns_8s_16_1_1_U4                                |     |    |     |      |      |     |        |      |         |          |        |
|     mul_8ns_8s_16_1_1_U5                                |     |    |     |      |      |     |        |      |         |          |        |
|     mul_8ns_8s_16_1_1_U6                                |     |    |     |      |      |     |        |      |         |          |        |
|     mul_8ns_8s_16_1_1_U7                                |     |    |     |      |      |     |        |      |         |          |        |
|     mul_8ns_8s_16_1_1_U8                                |     |    |     |      |      |     |        |      |         |          |        |
|     mul_8ns_8s_16_1_1_U9                                |     |    |     |      |      |     |        |      |         |          |        |
|   regslice_both_m_axis_video_U                          |     |    |     |      |      |     |        |      |         |          |        |
|   regslice_both_s_axis_video_U                          |     |    |     |      |      |     |        |      |         |          |        |
+---------------------------------------------------------+-----+----+-----+------+------+-----+--------+------+---------+----------+--------+


================================================================
== RTL Synthesis Fail Fast
================================================================
+-----------------------------------------------------------+-----------+--------+--------+
| Criteria                                                  | Guideline | Actual | Status |
+-----------------------------------------------------------+-----------+--------+--------+
| LUT                                                       | 70%       | 0.94%  | OK     |
| FD                                                        | 50%       | 0.54%  | OK     |
| LUTRAM+SRL                                                | 25%       | 0.01%  | OK     |
| CARRY8                                                    | 25%       | 0.47%  | OK     |
| MUXF7                                                     | 15%       | 0.02%  | OK     |
| DSP                                                       | 80%       | 2.32%  | OK     |
| RAMB/FIFO                                                 | 80%       | 5.56%  | OK     |
| URAM                                                      | 80%       | 0.00%  | OK     |
| DSP+RAMB+URAM (Avg)                                       | 70%       | 3.94%  | OK     |
| BUFGCE* + BUFGCTRL                                        | 24        | 0      | OK     |
| DONT_TOUCH (cells/nets)                                   | 0         | 0      | OK     |
| MARK_DEBUG (nets)                                         | 0         | 0      | OK     |
| Control Sets                                              | 2196      | 65     | OK     |
| Average Fanout for modules > 100k cells                   | 4         | 0.95   | OK     |
| Max Average Fanout for modules > 100k cells               | 4         | 0      | OK     |
| Non-FD high fanout nets > 10k loads                       | 0         | 0      | OK     |
+-----------------------------------------------------------+-----------+--------+--------+
| TIMING-6 (No common primary clock between related clocks) | 0         | 0      | OK     |
| TIMING-7 (No common node between related clocks)          | 0         | 0      | OK     |
| TIMING-8 (No common period between related clocks)        | 0         | 0      | OK     |
| TIMING-14 (LUT on the clock tree)                         | 0         | 0      | OK     |
| TIMING-35 (No common node in paths with the same clock)   | 0         | 0      | OK     |
+-----------------------------------------------------------+-----------+--------+--------+
| Number of paths above max LUT budgeting (0.391ns)         | 0         | 0      | OK     |
| Number of paths above max Net budgeting (0.263ns)         | 0         | 0      | OK     |
+-----------------------------------------------------------+-----------+--------+--------+


================================================================
== RTL Synthesis Timing Paths
================================================================
* Timing was met
+-------+-------+-----------------------------------------------------------------------------------------------------------------------------------------------------------------------+------------------------------------------------------------------------------------------------------+--------------+------------+----------------+----------------+--------------+
| Path  | SLACK | STARTPOINT PIN                                                                                                                                                        | ENDPOINT PIN                                                                                         | LOGIC LEVELS | MAX FANOUT | DATAPATH DELAY | DATAPATH LOGIC | DATAPATH NET |
|       |       |                                                                                                                                                                       |                                                                                                      |              |            |                |          DELAY |        DELAY |
+-------+-------+-----------------------------------------------------------------------------------------------------------------------------------------------------------------------+------------------------------------------------------------------------------------------------------+--------------+------------+----------------+----------------+--------------+
| Path1 | 4.577 | grp_hls_filter_2d_Pipeline_VITIS_LOOP_50_1_fu_364/mac_muladd_8ns_8s_17s_18_4_1_U26/hls_filter_2d_mac_muladd_8ns_8s_17s_18_4_1_DSP48_0_U/p_reg_reg/DSP_OUTPUT_INST/CLK | grp_hls_filter_2d_Pipeline_VITIS_LOOP_50_1_fu_364/mul_ln121_reg_2916_reg/DSP_OUTPUT_INST/ALU_OUT[0]  |           15 |         10 |          5.380 |          4.355 |        1.025 |
| Path2 | 4.577 | grp_hls_filter_2d_Pipeline_VITIS_LOOP_50_1_fu_364/mac_muladd_8ns_8s_17s_18_4_1_U26/hls_filter_2d_mac_muladd_8ns_8s_17s_18_4_1_DSP48_0_U/p_reg_reg/DSP_OUTPUT_INST/CLK | grp_hls_filter_2d_Pipeline_VITIS_LOOP_50_1_fu_364/mul_ln121_reg_2916_reg/DSP_OUTPUT_INST/ALU_OUT[10] |           15 |         10 |          5.380 |          4.355 |        1.025 |
| Path3 | 4.577 | grp_hls_filter_2d_Pipeline_VITIS_LOOP_50_1_fu_364/mac_muladd_8ns_8s_17s_18_4_1_U26/hls_filter_2d_mac_muladd_8ns_8s_17s_18_4_1_DSP48_0_U/p_reg_reg/DSP_OUTPUT_INST/CLK | grp_hls_filter_2d_Pipeline_VITIS_LOOP_50_1_fu_364/mul_ln121_reg_2916_reg/DSP_OUTPUT_INST/ALU_OUT[11] |           15 |         10 |          5.380 |          4.355 |        1.025 |
| Path4 | 4.577 | grp_hls_filter_2d_Pipeline_VITIS_LOOP_50_1_fu_364/mac_muladd_8ns_8s_17s_18_4_1_U26/hls_filter_2d_mac_muladd_8ns_8s_17s_18_4_1_DSP48_0_U/p_reg_reg/DSP_OUTPUT_INST/CLK | grp_hls_filter_2d_Pipeline_VITIS_LOOP_50_1_fu_364/mul_ln121_reg_2916_reg/DSP_OUTPUT_INST/ALU_OUT[12] |           15 |         10 |          5.380 |          4.355 |        1.025 |
| Path5 | 4.577 | grp_hls_filter_2d_Pipeline_VITIS_LOOP_50_1_fu_364/mac_muladd_8ns_8s_17s_18_4_1_U26/hls_filter_2d_mac_muladd_8ns_8s_17s_18_4_1_DSP48_0_U/p_reg_reg/DSP_OUTPUT_INST/CLK | grp_hls_filter_2d_Pipeline_VITIS_LOOP_50_1_fu_364/mul_ln121_reg_2916_reg/DSP_OUTPUT_INST/ALU_OUT[13] |           15 |         10 |          5.380 |          4.355 |        1.025 |
+-------+-------+-----------------------------------------------------------------------------------------------------------------------------------------------------------------------+------------------------------------------------------------------------------------------------------+--------------+------------+----------------+----------------+--------------+

    +-------------------------------------------------------------------------------------------------------------------------------------------------------------------+------------------------+
    | Path1 Cells                                                                                                                                                       | Primitive Type         |
    +-------------------------------------------------------------------------------------------------------------------------------------------------------------------+------------------------+
    | grp_hls_filter_2d_Pipeline_VITIS_LOOP_50_1_fu_364/mac_muladd_8ns_8s_17s_18_4_1_U26/hls_filter_2d_mac_muladd_8ns_8s_17s_18_4_1_DSP48_0_U/p_reg_reg/DSP_OUTPUT_INST | ARITHMETIC.DSP.DSP48E2 |
    | grp_hls_filter_2d_Pipeline_VITIS_LOOP_50_1_fu_364/tmp_product_i_127                                                                                               | CLB.LUT.LUT2           |
    | grp_hls_filter_2d_Pipeline_VITIS_LOOP_50_1_fu_364/tmp_product_i_86                                                                                                | CLB.CARRY.CARRY8       |
    | grp_hls_filter_2d_Pipeline_VITIS_LOOP_50_1_fu_364/tmp_product_i_68                                                                                                | CLB.CARRY.CARRY8       |
    | grp_hls_filter_2d_Pipeline_VITIS_LOOP_50_1_fu_364/tmp_product_i_39                                                                                                | CLB.LUT.LUT2           |
    | grp_hls_filter_2d_Pipeline_VITIS_LOOP_50_1_fu_364/tmp_product_i_9                                                                                                 | CLB.CARRY.CARRY8       |
    | grp_hls_filter_2d_Pipeline_VITIS_LOOP_50_1_fu_364/tmp_product_i_12                                                                                                | CLB.LUT.LUT2           |
    | grp_hls_filter_2d_Pipeline_VITIS_LOOP_50_1_fu_364/tmp_product_i_2__0                                                                                              | CLB.CARRY.CARRY8       |
    | grp_hls_filter_2d_Pipeline_VITIS_LOOP_50_1_fu_364/tmp_product_i_1__5                                                                                              | CLB.CARRY.CARRY8       |
    | grp_hls_filter_2d_Pipeline_VITIS_LOOP_50_1_fu_364/mul_21s_32s_52_1_1_U1/tmp_product/DSP_A_B_DATA_INST                                                             | ARITHMETIC.DSP.DSP48E2 |
    | grp_hls_filter_2d_Pipeline_VITIS_LOOP_50_1_fu_364/mul_21s_32s_52_1_1_U1/tmp_product/DSP_PREADD_DATA_INST                                                          | ARITHMETIC.DSP.DSP48E2 |
    | grp_hls_filter_2d_Pipeline_VITIS_LOOP_50_1_fu_364/mul_21s_32s_52_1_1_U1/tmp_product/DSP_MULTIPLIER_INST                                                           | ARITHMETIC.DSP.DSP48E2 |
    | grp_hls_filter_2d_Pipeline_VITIS_LOOP_50_1_fu_364/mul_21s_32s_52_1_1_U1/tmp_product/DSP_M_DATA_INST                                                               | ARITHMETIC.DSP.DSP48E2 |
    | grp_hls_filter_2d_Pipeline_VITIS_LOOP_50_1_fu_364/mul_21s_32s_52_1_1_U1/tmp_product/DSP_ALU_INST                                                                  | ARITHMETIC.DSP.DSP48E2 |
    | grp_hls_filter_2d_Pipeline_VITIS_LOOP_50_1_fu_364/mul_21s_32s_52_1_1_U1/tmp_product/DSP_OUTPUT_INST                                                               | ARITHMETIC.DSP.DSP48E2 |
    | grp_hls_filter_2d_Pipeline_VITIS_LOOP_50_1_fu_364/mul_ln121_reg_2916_reg/DSP_ALU_INST                                                                             | ARITHMETIC.DSP.DSP48E2 |
    | grp_hls_filter_2d_Pipeline_VITIS_LOOP_50_1_fu_364/mul_ln121_reg_2916_reg/DSP_OUTPUT_INST                                                                          | ARITHMETIC.DSP.DSP48E2 |
    +-------------------------------------------------------------------------------------------------------------------------------------------------------------------+------------------------+

    +-------------------------------------------------------------------------------------------------------------------------------------------------------------------+------------------------+
    | Path2 Cells                                                                                                                                                       | Primitive Type         |
    +-------------------------------------------------------------------------------------------------------------------------------------------------------------------+------------------------+
    | grp_hls_filter_2d_Pipeline_VITIS_LOOP_50_1_fu_364/mac_muladd_8ns_8s_17s_18_4_1_U26/hls_filter_2d_mac_muladd_8ns_8s_17s_18_4_1_DSP48_0_U/p_reg_reg/DSP_OUTPUT_INST | ARITHMETIC.DSP.DSP48E2 |
    | grp_hls_filter_2d_Pipeline_VITIS_LOOP_50_1_fu_364/tmp_product_i_127                                                                                               | CLB.LUT.LUT2           |
    | grp_hls_filter_2d_Pipeline_VITIS_LOOP_50_1_fu_364/tmp_product_i_86                                                                                                | CLB.CARRY.CARRY8       |
    | grp_hls_filter_2d_Pipeline_VITIS_LOOP_50_1_fu_364/tmp_product_i_68                                                                                                | CLB.CARRY.CARRY8       |
    | grp_hls_filter_2d_Pipeline_VITIS_LOOP_50_1_fu_364/tmp_product_i_39                                                                                                | CLB.LUT.LUT2           |
    | grp_hls_filter_2d_Pipeline_VITIS_LOOP_50_1_fu_364/tmp_product_i_9                                                                                                 | CLB.CARRY.CARRY8       |
    | grp_hls_filter_2d_Pipeline_VITIS_LOOP_50_1_fu_364/tmp_product_i_12                                                                                                | CLB.LUT.LUT2           |
    | grp_hls_filter_2d_Pipeline_VITIS_LOOP_50_1_fu_364/tmp_product_i_2__0                                                                                              | CLB.CARRY.CARRY8       |
    | grp_hls_filter_2d_Pipeline_VITIS_LOOP_50_1_fu_364/tmp_product_i_1__5                                                                                              | CLB.CARRY.CARRY8       |
    | grp_hls_filter_2d_Pipeline_VITIS_LOOP_50_1_fu_364/mul_21s_32s_52_1_1_U1/tmp_product/DSP_A_B_DATA_INST                                                             | ARITHMETIC.DSP.DSP48E2 |
    | grp_hls_filter_2d_Pipeline_VITIS_LOOP_50_1_fu_364/mul_21s_32s_52_1_1_U1/tmp_product/DSP_PREADD_DATA_INST                                                          | ARITHMETIC.DSP.DSP48E2 |
    | grp_hls_filter_2d_Pipeline_VITIS_LOOP_50_1_fu_364/mul_21s_32s_52_1_1_U1/tmp_product/DSP_MULTIPLIER_INST                                                           | ARITHMETIC.DSP.DSP48E2 |
    | grp_hls_filter_2d_Pipeline_VITIS_LOOP_50_1_fu_364/mul_21s_32s_52_1_1_U1/tmp_product/DSP_M_DATA_INST                                                               | ARITHMETIC.DSP.DSP48E2 |
    | grp_hls_filter_2d_Pipeline_VITIS_LOOP_50_1_fu_364/mul_21s_32s_52_1_1_U1/tmp_product/DSP_ALU_INST                                                                  | ARITHMETIC.DSP.DSP48E2 |
    | grp_hls_filter_2d_Pipeline_VITIS_LOOP_50_1_fu_364/mul_21s_32s_52_1_1_U1/tmp_product/DSP_OUTPUT_INST                                                               | ARITHMETIC.DSP.DSP48E2 |
    | grp_hls_filter_2d_Pipeline_VITIS_LOOP_50_1_fu_364/mul_ln121_reg_2916_reg/DSP_ALU_INST                                                                             | ARITHMETIC.DSP.DSP48E2 |
    | grp_hls_filter_2d_Pipeline_VITIS_LOOP_50_1_fu_364/mul_ln121_reg_2916_reg/DSP_OUTPUT_INST                                                                          | ARITHMETIC.DSP.DSP48E2 |
    +-------------------------------------------------------------------------------------------------------------------------------------------------------------------+------------------------+

    +-------------------------------------------------------------------------------------------------------------------------------------------------------------------+------------------------+
    | Path3 Cells                                                                                                                                                       | Primitive Type         |
    +-------------------------------------------------------------------------------------------------------------------------------------------------------------------+------------------------+
    | grp_hls_filter_2d_Pipeline_VITIS_LOOP_50_1_fu_364/mac_muladd_8ns_8s_17s_18_4_1_U26/hls_filter_2d_mac_muladd_8ns_8s_17s_18_4_1_DSP48_0_U/p_reg_reg/DSP_OUTPUT_INST | ARITHMETIC.DSP.DSP48E2 |
    | grp_hls_filter_2d_Pipeline_VITIS_LOOP_50_1_fu_364/tmp_product_i_127                                                                                               | CLB.LUT.LUT2           |
    | grp_hls_filter_2d_Pipeline_VITIS_LOOP_50_1_fu_364/tmp_product_i_86                                                                                                | CLB.CARRY.CARRY8       |
    | grp_hls_filter_2d_Pipeline_VITIS_LOOP_50_1_fu_364/tmp_product_i_68                                                                                                | CLB.CARRY.CARRY8       |
    | grp_hls_filter_2d_Pipeline_VITIS_LOOP_50_1_fu_364/tmp_product_i_39                                                                                                | CLB.LUT.LUT2           |
    | grp_hls_filter_2d_Pipeline_VITIS_LOOP_50_1_fu_364/tmp_product_i_9                                                                                                 | CLB.CARRY.CARRY8       |
    | grp_hls_filter_2d_Pipeline_VITIS_LOOP_50_1_fu_364/tmp_product_i_12                                                                                                | CLB.LUT.LUT2           |
    | grp_hls_filter_2d_Pipeline_VITIS_LOOP_50_1_fu_364/tmp_product_i_2__0                                                                                              | CLB.CARRY.CARRY8       |
    | grp_hls_filter_2d_Pipeline_VITIS_LOOP_50_1_fu_364/tmp_product_i_1__5                                                                                              | CLB.CARRY.CARRY8       |
    | grp_hls_filter_2d_Pipeline_VITIS_LOOP_50_1_fu_364/mul_21s_32s_52_1_1_U1/tmp_product/DSP_A_B_DATA_INST                                                             | ARITHMETIC.DSP.DSP48E2 |
    | grp_hls_filter_2d_Pipeline_VITIS_LOOP_50_1_fu_364/mul_21s_32s_52_1_1_U1/tmp_product/DSP_PREADD_DATA_INST                                                          | ARITHMETIC.DSP.DSP48E2 |
    | grp_hls_filter_2d_Pipeline_VITIS_LOOP_50_1_fu_364/mul_21s_32s_52_1_1_U1/tmp_product/DSP_MULTIPLIER_INST                                                           | ARITHMETIC.DSP.DSP48E2 |
    | grp_hls_filter_2d_Pipeline_VITIS_LOOP_50_1_fu_364/mul_21s_32s_52_1_1_U1/tmp_product/DSP_M_DATA_INST                                                               | ARITHMETIC.DSP.DSP48E2 |
    | grp_hls_filter_2d_Pipeline_VITIS_LOOP_50_1_fu_364/mul_21s_32s_52_1_1_U1/tmp_product/DSP_ALU_INST                                                                  | ARITHMETIC.DSP.DSP48E2 |
    | grp_hls_filter_2d_Pipeline_VITIS_LOOP_50_1_fu_364/mul_21s_32s_52_1_1_U1/tmp_product/DSP_OUTPUT_INST                                                               | ARITHMETIC.DSP.DSP48E2 |
    | grp_hls_filter_2d_Pipeline_VITIS_LOOP_50_1_fu_364/mul_ln121_reg_2916_reg/DSP_ALU_INST                                                                             | ARITHMETIC.DSP.DSP48E2 |
    | grp_hls_filter_2d_Pipeline_VITIS_LOOP_50_1_fu_364/mul_ln121_reg_2916_reg/DSP_OUTPUT_INST                                                                          | ARITHMETIC.DSP.DSP48E2 |
    +-------------------------------------------------------------------------------------------------------------------------------------------------------------------+------------------------+

    +-------------------------------------------------------------------------------------------------------------------------------------------------------------------+------------------------+
    | Path4 Cells                                                                                                                                                       | Primitive Type         |
    +-------------------------------------------------------------------------------------------------------------------------------------------------------------------+------------------------+
    | grp_hls_filter_2d_Pipeline_VITIS_LOOP_50_1_fu_364/mac_muladd_8ns_8s_17s_18_4_1_U26/hls_filter_2d_mac_muladd_8ns_8s_17s_18_4_1_DSP48_0_U/p_reg_reg/DSP_OUTPUT_INST | ARITHMETIC.DSP.DSP48E2 |
    | grp_hls_filter_2d_Pipeline_VITIS_LOOP_50_1_fu_364/tmp_product_i_127                                                                                               | CLB.LUT.LUT2           |
    | grp_hls_filter_2d_Pipeline_VITIS_LOOP_50_1_fu_364/tmp_product_i_86                                                                                                | CLB.CARRY.CARRY8       |
    | grp_hls_filter_2d_Pipeline_VITIS_LOOP_50_1_fu_364/tmp_product_i_68                                                                                                | CLB.CARRY.CARRY8       |
    | grp_hls_filter_2d_Pipeline_VITIS_LOOP_50_1_fu_364/tmp_product_i_39                                                                                                | CLB.LUT.LUT2           |
    | grp_hls_filter_2d_Pipeline_VITIS_LOOP_50_1_fu_364/tmp_product_i_9                                                                                                 | CLB.CARRY.CARRY8       |
    | grp_hls_filter_2d_Pipeline_VITIS_LOOP_50_1_fu_364/tmp_product_i_12                                                                                                | CLB.LUT.LUT2           |
    | grp_hls_filter_2d_Pipeline_VITIS_LOOP_50_1_fu_364/tmp_product_i_2__0                                                                                              | CLB.CARRY.CARRY8       |
    | grp_hls_filter_2d_Pipeline_VITIS_LOOP_50_1_fu_364/tmp_product_i_1__5                                                                                              | CLB.CARRY.CARRY8       |
    | grp_hls_filter_2d_Pipeline_VITIS_LOOP_50_1_fu_364/mul_21s_32s_52_1_1_U1/tmp_product/DSP_A_B_DATA_INST                                                             | ARITHMETIC.DSP.DSP48E2 |
    | grp_hls_filter_2d_Pipeline_VITIS_LOOP_50_1_fu_364/mul_21s_32s_52_1_1_U1/tmp_product/DSP_PREADD_DATA_INST                                                          | ARITHMETIC.DSP.DSP48E2 |
    | grp_hls_filter_2d_Pipeline_VITIS_LOOP_50_1_fu_364/mul_21s_32s_52_1_1_U1/tmp_product/DSP_MULTIPLIER_INST                                                           | ARITHMETIC.DSP.DSP48E2 |
    | grp_hls_filter_2d_Pipeline_VITIS_LOOP_50_1_fu_364/mul_21s_32s_52_1_1_U1/tmp_product/DSP_M_DATA_INST                                                               | ARITHMETIC.DSP.DSP48E2 |
    | grp_hls_filter_2d_Pipeline_VITIS_LOOP_50_1_fu_364/mul_21s_32s_52_1_1_U1/tmp_product/DSP_ALU_INST                                                                  | ARITHMETIC.DSP.DSP48E2 |
    | grp_hls_filter_2d_Pipeline_VITIS_LOOP_50_1_fu_364/mul_21s_32s_52_1_1_U1/tmp_product/DSP_OUTPUT_INST                                                               | ARITHMETIC.DSP.DSP48E2 |
    | grp_hls_filter_2d_Pipeline_VITIS_LOOP_50_1_fu_364/mul_ln121_reg_2916_reg/DSP_ALU_INST                                                                             | ARITHMETIC.DSP.DSP48E2 |
    | grp_hls_filter_2d_Pipeline_VITIS_LOOP_50_1_fu_364/mul_ln121_reg_2916_reg/DSP_OUTPUT_INST                                                                          | ARITHMETIC.DSP.DSP48E2 |
    +-------------------------------------------------------------------------------------------------------------------------------------------------------------------+------------------------+

    +-------------------------------------------------------------------------------------------------------------------------------------------------------------------+------------------------+
    | Path5 Cells                                                                                                                                                       | Primitive Type         |
    +-------------------------------------------------------------------------------------------------------------------------------------------------------------------+------------------------+
    | grp_hls_filter_2d_Pipeline_VITIS_LOOP_50_1_fu_364/mac_muladd_8ns_8s_17s_18_4_1_U26/hls_filter_2d_mac_muladd_8ns_8s_17s_18_4_1_DSP48_0_U/p_reg_reg/DSP_OUTPUT_INST | ARITHMETIC.DSP.DSP48E2 |
    | grp_hls_filter_2d_Pipeline_VITIS_LOOP_50_1_fu_364/tmp_product_i_127                                                                                               | CLB.LUT.LUT2           |
    | grp_hls_filter_2d_Pipeline_VITIS_LOOP_50_1_fu_364/tmp_product_i_86                                                                                                | CLB.CARRY.CARRY8       |
    | grp_hls_filter_2d_Pipeline_VITIS_LOOP_50_1_fu_364/tmp_product_i_68                                                                                                | CLB.CARRY.CARRY8       |
    | grp_hls_filter_2d_Pipeline_VITIS_LOOP_50_1_fu_364/tmp_product_i_39                                                                                                | CLB.LUT.LUT2           |
    | grp_hls_filter_2d_Pipeline_VITIS_LOOP_50_1_fu_364/tmp_product_i_9                                                                                                 | CLB.CARRY.CARRY8       |
    | grp_hls_filter_2d_Pipeline_VITIS_LOOP_50_1_fu_364/tmp_product_i_12                                                                                                | CLB.LUT.LUT2           |
    | grp_hls_filter_2d_Pipeline_VITIS_LOOP_50_1_fu_364/tmp_product_i_2__0                                                                                              | CLB.CARRY.CARRY8       |
    | grp_hls_filter_2d_Pipeline_VITIS_LOOP_50_1_fu_364/tmp_product_i_1__5                                                                                              | CLB.CARRY.CARRY8       |
    | grp_hls_filter_2d_Pipeline_VITIS_LOOP_50_1_fu_364/mul_21s_32s_52_1_1_U1/tmp_product/DSP_A_B_DATA_INST                                                             | ARITHMETIC.DSP.DSP48E2 |
    | grp_hls_filter_2d_Pipeline_VITIS_LOOP_50_1_fu_364/mul_21s_32s_52_1_1_U1/tmp_product/DSP_PREADD_DATA_INST                                                          | ARITHMETIC.DSP.DSP48E2 |
    | grp_hls_filter_2d_Pipeline_VITIS_LOOP_50_1_fu_364/mul_21s_32s_52_1_1_U1/tmp_product/DSP_MULTIPLIER_INST                                                           | ARITHMETIC.DSP.DSP48E2 |
    | grp_hls_filter_2d_Pipeline_VITIS_LOOP_50_1_fu_364/mul_21s_32s_52_1_1_U1/tmp_product/DSP_M_DATA_INST                                                               | ARITHMETIC.DSP.DSP48E2 |
    | grp_hls_filter_2d_Pipeline_VITIS_LOOP_50_1_fu_364/mul_21s_32s_52_1_1_U1/tmp_product/DSP_ALU_INST                                                                  | ARITHMETIC.DSP.DSP48E2 |
    | grp_hls_filter_2d_Pipeline_VITIS_LOOP_50_1_fu_364/mul_21s_32s_52_1_1_U1/tmp_product/DSP_OUTPUT_INST                                                               | ARITHMETIC.DSP.DSP48E2 |
    | grp_hls_filter_2d_Pipeline_VITIS_LOOP_50_1_fu_364/mul_ln121_reg_2916_reg/DSP_ALU_INST                                                                             | ARITHMETIC.DSP.DSP48E2 |
    | grp_hls_filter_2d_Pipeline_VITIS_LOOP_50_1_fu_364/mul_ln121_reg_2916_reg/DSP_OUTPUT_INST                                                                          | ARITHMETIC.DSP.DSP48E2 |
    +-------------------------------------------------------------------------------------------------------------------------------------------------------------------+------------------------+


================================================================
== RTL Synthesis Vivado Reports
================================================================
+--------------------------+-------------------------------------------------------------------+
| Report Type              | Report Location                                                   |
+--------------------------+-------------------------------------------------------------------+
| design_analysis          | impl/vhdl/report/hls_filter_2d_design_analysis_synth.rpt          |
| failfast                 | impl/vhdl/report/hls_filter_2d_failfast_synth.rpt                 |
| power                    | impl/vhdl/report/hls_filter_2d_power_synth.rpt                    |
| timing                   | impl/vhdl/report/hls_filter_2d_timing_synth.rpt                   |
| timing_paths             | impl/vhdl/report/hls_filter_2d_timing_paths_synth.rpt             |
| utilization              | impl/vhdl/report/hls_filter_2d_utilization_synth.rpt              |
| utilization_hierarchical | impl/vhdl/report/hls_filter_2d_utilization_hierarchical_synth.rpt |
+--------------------------+-------------------------------------------------------------------+


