

================================================================
== Vitis HLS Report for 'hls_color_space_convert_template_3_8_3_8_s'
================================================================
* Date:           Tue Mar 31 11:08:37 2026

* Version:        2025.2 (Build 6295257 on Nov 14 2025)
* Project:        hls_color_space_convert
* Solution:       hls (Vivado IP Flow Target)
* Product family: zynquplus
* Target device:  xck26-sfvc784-2LV-c


================================================================
== Performance Estimates
================================================================
+ Timing: 
    * Summary: 
    +--------+----------+----------+------------+
    |  Clock |  Target  | Estimated| Uncertainty|
    +--------+----------+----------+------------+
    |ap_clk  |  10.00 ns|  3.420 ns|     2.70 ns|
    +--------+----------+----------+------------+

+ Latency: 
    * Summary: 
    +---------+---------+----------+----------+-----+-----+---------+
    |  Latency (cycles) |  Latency (absolute) |  Interval | Pipeline|
    |   min   |   max   |    min   |    max   | min | max |   Type  |
    +---------+---------+----------+----------+-----+-----+---------+
    |        ?|        ?|         ?|         ?|    ?|    ?|       no|
    +---------+---------+----------+----------+-----+-----+---------+

    + Detail: 
        * Instance: 
        N/A

        * Loop: 
        N/A

============================================================
+ Verbose Summary: Synthesis Manager
============================================================
InlineROM: 1
ExposeGlobal: 0
============================================================
+ Verbose Summary: CDFG Model
============================================================
IsTopModel: 0
ResetActiveHigh: 1
IsCombinational: 0
IsDatapathOnly: 0
HasWiredReturn: 1
HasMFsm: 0
HasVarLatency: 1
IsPipeline: 0
IsRtlPipelined: 0
IsInstanceOverlapped: 0
IsDontTouch: 0
HasImplIP: 0
IsGatedGlobalClock: 0


============================================================
+ Verbose Summary: Schedule
============================================================
* Number of FSM states : 3
* Pipeline : 0
* Dataflow Pipeline: 0

* FSM state transitions: 
1 --> 2 
2 --> 3 
3 --> 

* FSM state operations: 

State 1 <SV = 0> <Delay = 3.42>
ST_1 : Operation 4 [1/1] (0.00ns)   --->   "%height_read = read i32 @_ssdm_op_Read.ap_auto.i32, i32 %height" [hls_color_space_convert.cpp:32]   --->   Operation 4 'read' 'height_read' <Predicate = true> <Delay = 0.00>
ST_1 : Operation 5 [1/1] (0.00ns)   --->   "%width_read = read i32 @_ssdm_op_Read.ap_auto.i32, i32 %width" [hls_color_space_convert.cpp:32]   --->   Operation 5 'read' 'width_read' <Predicate = true> <Delay = 0.00>
ST_1 : Operation 6 [1/1] (3.42ns)   --->   "%total_pixels = mul i32 %height_read, i32 %width_read" [hls_color_space_convert.cpp:47]   --->   Operation 6 'mul' 'total_pixels' <Predicate = true> <Delay = 3.42> <CoreInst = "Multiplier">   --->   Core 3 'Multiplier' <Latency = 0> <II = 1> <Delay = 3.42> <FuncUnit> <Opcode : 'mul'> <InPorts = 2> <OutPorts = 1>

State 2 <SV = 1> <Delay = 2.09>
ST_2 : Operation 7 [1/1] (0.00ns)   --->   "%offsets_2_val_read = read i16 @_ssdm_op_Read.ap_auto.i16, i16 %offsets_2_val" [hls_color_space_convert.cpp:32]   --->   Operation 7 'read' 'offsets_2_val_read' <Predicate = true> <Delay = 0.00>
ST_2 : Operation 8 [1/1] (0.00ns)   --->   "%offsets_1_val_read = read i16 @_ssdm_op_Read.ap_auto.i16, i16 %offsets_1_val" [hls_color_space_convert.cpp:32]   --->   Operation 8 'read' 'offsets_1_val_read' <Predicate = true> <Delay = 0.00>
ST_2 : Operation 9 [1/1] (0.00ns)   --->   "%offsets_0_val_read = read i16 @_ssdm_op_Read.ap_auto.i16, i16 %offsets_0_val" [hls_color_space_convert.cpp:32]   --->   Operation 9 'read' 'offsets_0_val_read' <Predicate = true> <Delay = 0.00>
ST_2 : Operation 10 [1/1] (0.00ns)   --->   "%coeffs_2_2_0_0_0_0_val_read = read i16 @_ssdm_op_Read.ap_auto.i16, i16 %coeffs_2_2_0_0_0_0_val" [hls_color_space_convert.cpp:32]   --->   Operation 10 'read' 'coeffs_2_2_0_0_0_0_val_read' <Predicate = true> <Delay = 0.00>
ST_2 : Operation 11 [1/1] (0.00ns)   --->   "%coeffs_2_1_0_0_0_0_val_read = read i16 @_ssdm_op_Read.ap_auto.i16, i16 %coeffs_2_1_0_0_0_0_val" [hls_color_space_convert.cpp:32]   --->   Operation 11 'read' 'coeffs_2_1_0_0_0_0_val_read' <Predicate = true> <Delay = 0.00>
ST_2 : Operation 12 [1/1] (0.00ns)   --->   "%coeffs_2_0_0_0_0_0_val_read = read i16 @_ssdm_op_Read.ap_auto.i16, i16 %coeffs_2_0_0_0_0_0_val" [hls_color_space_convert.cpp:32]   --->   Operation 12 'read' 'coeffs_2_0_0_0_0_0_val_read' <Predicate = true> <Delay = 0.00>
ST_2 : Operation 13 [1/1] (0.00ns)   --->   "%coeffs_1_2_0_0_0_0_val_read = read i16 @_ssdm_op_Read.ap_auto.i16, i16 %coeffs_1_2_0_0_0_0_val" [hls_color_space_convert.cpp:32]   --->   Operation 13 'read' 'coeffs_1_2_0_0_0_0_val_read' <Predicate = true> <Delay = 0.00>
ST_2 : Operation 14 [1/1] (0.00ns)   --->   "%coeffs_1_1_0_0_0_0_val_read = read i16 @_ssdm_op_Read.ap_auto.i16, i16 %coeffs_1_1_0_0_0_0_val" [hls_color_space_convert.cpp:32]   --->   Operation 14 'read' 'coeffs_1_1_0_0_0_0_val_read' <Predicate = true> <Delay = 0.00>
ST_2 : Operation 15 [1/1] (0.00ns)   --->   "%coeffs_1_0_0_0_0_0_val_read = read i16 @_ssdm_op_Read.ap_auto.i16, i16 %coeffs_1_0_0_0_0_0_val" [hls_color_space_convert.cpp:32]   --->   Operation 15 'read' 'coeffs_1_0_0_0_0_0_val_read' <Predicate = true> <Delay = 0.00>
ST_2 : Operation 16 [1/1] (0.00ns)   --->   "%coeffs_0_2_0_0_0_0_val_read = read i16 @_ssdm_op_Read.ap_auto.i16, i16 %coeffs_0_2_0_0_0_0_val" [hls_color_space_convert.cpp:32]   --->   Operation 16 'read' 'coeffs_0_2_0_0_0_0_val_read' <Predicate = true> <Delay = 0.00>
ST_2 : Operation 17 [1/1] (0.00ns)   --->   "%coeffs_0_1_0_0_0_0_val_read = read i16 @_ssdm_op_Read.ap_auto.i16, i16 %coeffs_0_1_0_0_0_0_val" [hls_color_space_convert.cpp:32]   --->   Operation 17 'read' 'coeffs_0_1_0_0_0_0_val_read' <Predicate = true> <Delay = 0.00>
ST_2 : Operation 18 [1/1] (0.00ns)   --->   "%coeffs_0_0_0_0_0_0_val_read = read i16 @_ssdm_op_Read.ap_auto.i16, i16 %coeffs_0_0_0_0_0_0_val" [hls_color_space_convert.cpp:32]   --->   Operation 18 'read' 'coeffs_0_0_0_0_0_0_val_read' <Predicate = true> <Delay = 0.00>
ST_2 : Operation 19 [1/1] (1.01ns)   --->   "%add_ln104 = add i32 %width_read, i32 4294967295" [hls_color_space_convert.cpp:104]   --->   Operation 19 'add' 'add_ln104' <Predicate = true> <Delay = 1.01> <CoreInst = "Adder">   --->   Core 1 'Adder' <Latency = 0> <II = 1> <Delay = 1.01> <FuncUnit> <Opcode : 'add' 'sub'> <InPorts = 2> <OutPorts = 1>
ST_2 : Operation 20 [2/2] (1.07ns)   --->   "%call_ln47 = call void @hls_color_space_convert_template<3, 8, 3, 8>_Pipeline_VITIS_LOOP_58_1, i32 %total_pixels, i32 %s_axis_video, i16 %coeffs_0_0_0_0_0_0_val_read, i16 %coeffs_0_1_0_0_0_0_val_read, i16 %coeffs_0_2_0_0_0_0_val_read, i16 %offsets_0_val_read, i16 %coeffs_1_0_0_0_0_0_val_read, i16 %coeffs_1_1_0_0_0_0_val_read, i16 %coeffs_1_2_0_0_0_0_val_read, i16 %offsets_1_val_read, i16 %coeffs_2_0_0_0_0_0_val_read, i16 %coeffs_2_1_0_0_0_0_val_read, i16 %coeffs_2_2_0_0_0_0_val_read, i16 %offsets_2_val_read, i32 %add_ln104, i32 %m_axis_video" [hls_color_space_convert.cpp:47]   --->   Operation 20 'call' 'call_ln47' <Predicate = true> <Delay = 1.07> <CoreType = "Generic">   --->   Generic Core

State 3 <SV = 2> <Delay = 3.20>
ST_3 : Operation 21 [1/1] (0.00ns)   --->   "%specinterface_ln0 = specinterface void @_ssdm_op_SpecInterface, i32 %m_axis_video, void @empty, i32 0, i32 0, void @empty_0, i32 0, i32 0, void @empty_1, void @empty_1, void @empty_1, i32 0, i32 0, i32 0, i32 0, void @empty_1, void @empty_1, i32 4294967295, i32 0, i32 0, i32 0"   --->   Operation 21 'specinterface' 'specinterface_ln0' <Predicate = true> <Delay = 0.00>
ST_3 : Operation 22 [1/1] (0.00ns)   --->   "%specinterface_ln0 = specinterface void @_ssdm_op_SpecInterface, i32 %s_axis_video, void @empty, i32 0, i32 0, void @empty_0, i32 0, i32 0, void @empty_1, void @empty_1, void @empty_1, i32 0, i32 0, i32 0, i32 0, void @empty_1, void @empty_1, i32 4294967295, i32 0, i32 0, i32 0"   --->   Operation 22 'specinterface' 'specinterface_ln0' <Predicate = true> <Delay = 0.00>
ST_3 : Operation 23 [1/2] (3.20ns)   --->   "%call_ln47 = call void @hls_color_space_convert_template<3, 8, 3, 8>_Pipeline_VITIS_LOOP_58_1, i32 %total_pixels, i32 %s_axis_video, i16 %coeffs_0_0_0_0_0_0_val_read, i16 %coeffs_0_1_0_0_0_0_val_read, i16 %coeffs_0_2_0_0_0_0_val_read, i16 %offsets_0_val_read, i16 %coeffs_1_0_0_0_0_0_val_read, i16 %coeffs_1_1_0_0_0_0_val_read, i16 %coeffs_1_2_0_0_0_0_val_read, i16 %offsets_1_val_read, i16 %coeffs_2_0_0_0_0_0_val_read, i16 %coeffs_2_1_0_0_0_0_val_read, i16 %coeffs_2_2_0_0_0_0_val_read, i16 %offsets_2_val_read, i32 %add_ln104, i32 %m_axis_video" [hls_color_space_convert.cpp:47]   --->   Operation 23 'call' 'call_ln47' <Predicate = true> <Delay = 3.20> <CoreType = "Generic">   --->   Generic Core
ST_3 : Operation 24 [1/1] (0.00ns)   --->   "%ret_ln117 = ret" [hls_color_space_convert.cpp:117]   --->   Operation 24 'ret' 'ret_ln117' <Predicate = true> <Delay = 0.00>


============================================================
+ Verbose Summary: Timing violations
============================================================
Target clock period: 10.000ns, clock uncertainty: 2.700ns.

 <State 1>: 3.420ns
The critical path consists of the following:
	wire read operation ('height_read', hls_color_space_convert.cpp:32) on port 'height' (hls_color_space_convert.cpp:32) [19]  (0.000 ns)
	'mul' operation 32 bit ('total_pixels', hls_color_space_convert.cpp:47) [33]  (3.420 ns)

 <State 2>: 2.091ns
The critical path consists of the following:
	'add' operation 32 bit ('add_ln104', hls_color_space_convert.cpp:104) [34]  (1.016 ns)
	'call' operation ('call_ln47', hls_color_space_convert.cpp:47) to 'hls_color_space_convert_template<3, 8, 3, 8>_Pipeline_VITIS_LOOP_58_1' [35]  (1.075 ns)

 <State 3>: 3.206ns
The critical path consists of the following:
	'call' operation ('call_ln47', hls_color_space_convert.cpp:47) to 'hls_color_space_convert_template<3, 8, 3, 8>_Pipeline_VITIS_LOOP_58_1' [35]  (3.206 ns)


============================================================
+ Verbose Summary: Binding
============================================================
N/A
* FSMD analyzer results:
  - Output states:
 - Input state : 
  - Chain level:
	State 1
	State 2
	State 3


============================================================
+ Verbose Summary: Datapath Resource usage 
============================================================
N/A
