

================================================================
== Vitis HLS Report for 'hls_color_space_convert_template_3_8_3_8_s'
================================================================
* Date:           Tue Mar 31 11:08:37 2026

* Version:        2025.2 (Build 6295257 on Nov 14 2025)
* Project:        hls_color_space_convert
* Solution:       hls (Vivado IP Flow Target)
* Product family: zynquplus
* Target device:  xck26-sfvc784-2LV-c


================================================================
== Performance Estimates
================================================================
+ Timing: 
    * Summary: 
    +--------+----------+----------+------------+
    |  Clock |  Target  | Estimated| Uncertainty|
    +--------+----------+----------+------------+
    |ap_clk  |  10.00 ns|  3.420 ns|     2.70 ns|
    +--------+----------+----------+------------+

+ Latency: 
    * Summary: 
    +---------+---------+----------+----------+-----+-----+---------+
    |  Latency (cycles) |  Latency (absolute) |  Interval | Pipeline|
    |   min   |   max   |    min   |    max   | min | max |   Type  |
    +---------+---------+----------+----------+-----+-----+---------+
    |        ?|        ?|         ?|         ?|    ?|    ?|       no|
    +---------+---------+----------+----------+-----+-----+---------+

    + Detail: 
        * Instance: 
        +------------------------------------------------------------------------------+-------------------------------------------------------------------+---------+---------+----------+----------+-----+-----+-------------------+
        |                                                                              |                                                                   |  Latency (cycles) |  Latency (absolute) |  Interval |      Pipeline     |
        |                                   Instance                                   |                               Module                              |   min   |   max   |    min   |    max   | min | max |        Type       |
        +------------------------------------------------------------------------------+-------------------------------------------------------------------+---------+---------+----------+----------+-----+-----+-------------------+
        |grp_hls_color_space_convert_template_3_8_3_8_Pipeline_VITIS_LOOP_58_1_fu_134  |hls_color_space_convert_template_3_8_3_8_Pipeline_VITIS_LOOP_58_1  |        ?|        ?|         ?|         ?|    0|    0|  loop pipeline stp|
        +------------------------------------------------------------------------------+-------------------------------------------------------------------+---------+---------+----------+----------+-----+-----+-------------------+

        * Loop: 
        N/A

============================================================
+ Verbose Summary: Synthesis Manager
============================================================
InlineROM: 1
ExposeGlobal: 0
============================================================
+ Verbose Summary: CDFG Model
============================================================
IsTopModel: 0
ResetActiveHigh: 1
IsCombinational: 0
IsDatapathOnly: 0
HasWiredReturn: 1
HasMFsm: 0
HasVarLatency: 1
IsPipeline: 0
IsRtlPipelined: 0
IsInstanceOverlapped: 0
IsDontTouch: 0
HasImplIP: 0
IsGatedGlobalClock: 0


============================================================
+ Verbose Summary: Schedule
============================================================
* Number of FSM states : 3
* Pipeline : 0
* Dataflow Pipeline: 0

* FSM state transitions: 
1 --> 2 
2 --> 3 
3 --> 

* FSM state operations: 

State 1 <SV = 0> <Delay = 3.42>
ST_1 : Operation 4 [1/1] (0.00ns)   --->   "%height_read = read i32 @_ssdm_op_Read.ap_auto.i32, i32 %height" [hls_color_space_convert.cpp:32]   --->   Operation 4 'read' 'height_read' <Predicate = true> <Delay = 0.00>
ST_1 : Operation 5 [1/1] (0.00ns)   --->   "%width_read = read i32 @_ssdm_op_Read.ap_auto.i32, i32 %width" [hls_color_space_convert.cpp:32]   --->   Operation 5 'read' 'width_read' <Predicate = true> <Delay = 0.00>
ST_1 : Operation 6 [1/1] (3.42ns)   --->   "%total_pixels = mul i32 %height_read, i32 %width_read" [hls_color_space_convert.cpp:47]   --->   Operation 6 'mul' 'total_pixels' <Predicate = true> <Delay = 3.42> <CoreInst = "Multiplier">   --->   Core 3 'Multiplier' <Latency = 0> <II = 1> <Delay = 3.42> <FuncUnit> <Opcode : 'mul'> <InPorts = 2> <OutPorts = 1>

State 2 <SV = 1> <Delay = 2.09>
ST_2 : Operation 7 [1/1] (0.00ns)   --->   "%offsets_2_val_read = read i16 @_ssdm_op_Read.ap_auto.i16, i16 %offsets_2_val" [hls_color_space_convert.cpp:32]   --->   Operation 7 'read' 'offsets_2_val_read' <Predicate = true> <Delay = 0.00>
ST_2 : Operation 8 [1/1] (0.00ns)   --->   "%offsets_1_val_read = read i16 @_ssdm_op_Read.ap_auto.i16, i16 %offsets_1_val" [hls_color_space_convert.cpp:32]   --->   Operation 8 'read' 'offsets_1_val_read' <Predicate = true> <Delay = 0.00>
ST_2 : Operation 9 [1/1] (0.00ns)   --->   "%offsets_0_val_read = read i16 @_ssdm_op_Read.ap_auto.i16, i16 %offsets_0_val" [hls_color_space_convert.cpp:32]   --->   Operation 9 'read' 'offsets_0_val_read' <Predicate = true> <Delay = 0.00>
ST_2 : Operation 10 [1/1] (0.00ns)   --->   "%coeffs_2_2_0_0_0_0_val_read = read i16 @_ssdm_op_Read.ap_auto.i16, i16 %coeffs_2_2_0_0_0_0_val" [hls_color_space_convert.cpp:32]   --->   Operation 10 'read' 'coeffs_2_2_0_0_0_0_val_read' <Predicate = true> <Delay = 0.00>
ST_2 : Operation 11 [1/1] (0.00ns)   --->   "%coeffs_2_1_0_0_0_0_val_read = read i16 @_ssdm_op_Read.ap_auto.i16, i16 %coeffs_2_1_0_0_0_0_val" [hls_color_space_convert.cpp:32]   --->   Operation 11 'read' 'coeffs_2_1_0_0_0_0_val_read' <Predicate = true> <Delay = 0.00>
ST_2 : Operation 12 [1/1] (0.00ns)   --->   "%coeffs_2_0_0_0_0_0_val_read = read i16 @_ssdm_op_Read.ap_auto.i16, i16 %coeffs_2_0_0_0_0_0_val" [hls_color_space_convert.cpp:32]   --->   Operation 12 'read' 'coeffs_2_0_0_0_0_0_val_read' <Predicate = true> <Delay = 0.00>
ST_2 : Operation 13 [1/1] (0.00ns)   --->   "%coeffs_1_2_0_0_0_0_val_read = read i16 @_ssdm_op_Read.ap_auto.i16, i16 %coeffs_1_2_0_0_0_0_val" [hls_color_space_convert.cpp:32]   --->   Operation 13 'read' 'coeffs_1_2_0_0_0_0_val_read' <Predicate = true> <Delay = 0.00>
ST_2 : Operation 14 [1/1] (0.00ns)   --->   "%coeffs_1_1_0_0_0_0_val_read = read i16 @_ssdm_op_Read.ap_auto.i16, i16 %coeffs_1_1_0_0_0_0_val" [hls_color_space_convert.cpp:32]   --->   Operation 14 'read' 'coeffs_1_1_0_0_0_0_val_read' <Predicate = true> <Delay = 0.00>
ST_2 : Operation 15 [1/1] (0.00ns)   --->   "%coeffs_1_0_0_0_0_0_val_read = read i16 @_ssdm_op_Read.ap_auto.i16, i16 %coeffs_1_0_0_0_0_0_val" [hls_color_space_convert.cpp:32]   --->   Operation 15 'read' 'coeffs_1_0_0_0_0_0_val_read' <Predicate = true> <Delay = 0.00>
ST_2 : Operation 16 [1/1] (0.00ns)   --->   "%coeffs_0_2_0_0_0_0_val_read = read i16 @_ssdm_op_Read.ap_auto.i16, i16 %coeffs_0_2_0_0_0_0_val" [hls_color_space_convert.cpp:32]   --->   Operation 16 'read' 'coeffs_0_2_0_0_0_0_val_read' <Predicate = true> <Delay = 0.00>
ST_2 : Operation 17 [1/1] (0.00ns)   --->   "%coeffs_0_1_0_0_0_0_val_read = read i16 @_ssdm_op_Read.ap_auto.i16, i16 %coeffs_0_1_0_0_0_0_val" [hls_color_space_convert.cpp:32]   --->   Operation 17 'read' 'coeffs_0_1_0_0_0_0_val_read' <Predicate = true> <Delay = 0.00>
ST_2 : Operation 18 [1/1] (0.00ns)   --->   "%coeffs_0_0_0_0_0_0_val_read = read i16 @_ssdm_op_Read.ap_auto.i16, i16 %coeffs_0_0_0_0_0_0_val" [hls_color_space_convert.cpp:32]   --->   Operation 18 'read' 'coeffs_0_0_0_0_0_0_val_read' <Predicate = true> <Delay = 0.00>
ST_2 : Operation 19 [1/1] (1.01ns)   --->   "%add_ln104 = add i32 %width_read, i32 4294967295" [hls_color_space_convert.cpp:104]   --->   Operation 19 'add' 'add_ln104' <Predicate = true> <Delay = 1.01> <CoreInst = "Adder">   --->   Core 1 'Adder' <Latency = 0> <II = 1> <Delay = 1.01> <FuncUnit> <Opcode : 'add' 'sub'> <InPorts = 2> <OutPorts = 1>
ST_2 : Operation 20 [2/2] (1.07ns)   --->   "%call_ln47 = call void @hls_color_space_convert_template<3, 8, 3, 8>_Pipeline_VITIS_LOOP_58_1, i32 %total_pixels, i32 %s_axis_video, i16 %coeffs_0_0_0_0_0_0_val_read, i16 %coeffs_0_1_0_0_0_0_val_read, i16 %coeffs_0_2_0_0_0_0_val_read, i16 %offsets_0_val_read, i16 %coeffs_1_0_0_0_0_0_val_read, i16 %coeffs_1_1_0_0_0_0_val_read, i16 %coeffs_1_2_0_0_0_0_val_read, i16 %offsets_1_val_read, i16 %coeffs_2_0_0_0_0_0_val_read, i16 %coeffs_2_1_0_0_0_0_val_read, i16 %coeffs_2_2_0_0_0_0_val_read, i16 %offsets_2_val_read, i32 %add_ln104, i32 %m_axis_video" [hls_color_space_convert.cpp:47]   --->   Operation 20 'call' 'call_ln47' <Predicate = true> <Delay = 1.07> <CoreType = "Generic">   --->   Generic Core

State 3 <SV = 2> <Delay = 3.20>
ST_3 : Operation 21 [1/1] (0.00ns)   --->   "%specinterface_ln0 = specinterface void @_ssdm_op_SpecInterface, i32 %m_axis_video, void @empty, i32 0, i32 0, void @empty_0, i32 0, i32 0, void @empty_1, void @empty_1, void @empty_1, i32 0, i32 0, i32 0, i32 0, void @empty_1, void @empty_1, i32 4294967295, i32 0, i32 0, i32 0"   --->   Operation 21 'specinterface' 'specinterface_ln0' <Predicate = true> <Delay = 0.00>
ST_3 : Operation 22 [1/1] (0.00ns)   --->   "%specinterface_ln0 = specinterface void @_ssdm_op_SpecInterface, i32 %s_axis_video, void @empty, i32 0, i32 0, void @empty_0, i32 0, i32 0, void @empty_1, void @empty_1, void @empty_1, i32 0, i32 0, i32 0, i32 0, void @empty_1, void @empty_1, i32 4294967295, i32 0, i32 0, i32 0"   --->   Operation 22 'specinterface' 'specinterface_ln0' <Predicate = true> <Delay = 0.00>
ST_3 : Operation 23 [1/2] (3.20ns)   --->   "%call_ln47 = call void @hls_color_space_convert_template<3, 8, 3, 8>_Pipeline_VITIS_LOOP_58_1, i32 %total_pixels, i32 %s_axis_video, i16 %coeffs_0_0_0_0_0_0_val_read, i16 %coeffs_0_1_0_0_0_0_val_read, i16 %coeffs_0_2_0_0_0_0_val_read, i16 %offsets_0_val_read, i16 %coeffs_1_0_0_0_0_0_val_read, i16 %coeffs_1_1_0_0_0_0_val_read, i16 %coeffs_1_2_0_0_0_0_val_read, i16 %offsets_1_val_read, i16 %coeffs_2_0_0_0_0_0_val_read, i16 %coeffs_2_1_0_0_0_0_val_read, i16 %coeffs_2_2_0_0_0_0_val_read, i16 %offsets_2_val_read, i32 %add_ln104, i32 %m_axis_video" [hls_color_space_convert.cpp:47]   --->   Operation 23 'call' 'call_ln47' <Predicate = true> <Delay = 3.20> <CoreType = "Generic">   --->   Generic Core
ST_3 : Operation 24 [1/1] (0.00ns)   --->   "%ret_ln117 = ret" [hls_color_space_convert.cpp:117]   --->   Operation 24 'ret' 'ret_ln117' <Predicate = true> <Delay = 0.00>


============================================================
+ Verbose Summary: Binding
============================================================
STG Binding: 
---------------- STG Properties BEGIN ----------------
- Is combinational: 0
- Is one-state seq: 0
- Is datapath-only: 0
- Is pipelined: 0
- Is top level: 0
Port [ Return ] is wired: 1; IO mode=ap_ctrl_hs:ce=0
Port [ s_axis_video]:  wired=1; compound=1; hidden=0; nouse=0; global=0; static=0; extern=0; dir=0; type=0; pingpong=0; private_global=0; IO mode=axis:ce=0
Port [ m_axis_video]:  wired=1; compound=1; hidden=0; nouse=0; global=0; static=0; extern=0; dir=1; type=0; pingpong=0; private_global=0; IO mode=axis:ce=0
Port [ coeffs_0_0_0_0_0_0_val]:  wired=1; compound=0; hidden=0; nouse=0; global=0; static=0; extern=0; dir=0; type=0; pingpong=0; private_global=0; IO mode=ap_none:ce=0
Port [ coeffs_0_1_0_0_0_0_val]:  wired=1; compound=0; hidden=0; nouse=0; global=0; static=0; extern=0; dir=0; type=0; pingpong=0; private_global=0; IO mode=ap_none:ce=0
Port [ coeffs_0_2_0_0_0_0_val]:  wired=1; compound=0; hidden=0; nouse=0; global=0; static=0; extern=0; dir=0; type=0; pingpong=0; private_global=0; IO mode=ap_none:ce=0
Port [ coeffs_1_0_0_0_0_0_val]:  wired=1; compound=0; hidden=0; nouse=0; global=0; static=0; extern=0; dir=0; type=0; pingpong=0; private_global=0; IO mode=ap_none:ce=0
Port [ coeffs_1_1_0_0_0_0_val]:  wired=1; compound=0; hidden=0; nouse=0; global=0; static=0; extern=0; dir=0; type=0; pingpong=0; private_global=0; IO mode=ap_none:ce=0
Port [ coeffs_1_2_0_0_0_0_val]:  wired=1; compound=0; hidden=0; nouse=0; global=0; static=0; extern=0; dir=0; type=0; pingpong=0; private_global=0; IO mode=ap_none:ce=0
Port [ coeffs_2_0_0_0_0_0_val]:  wired=1; compound=0; hidden=0; nouse=0; global=0; static=0; extern=0; dir=0; type=0; pingpong=0; private_global=0; IO mode=ap_none:ce=0
Port [ coeffs_2_1_0_0_0_0_val]:  wired=1; compound=0; hidden=0; nouse=0; global=0; static=0; extern=0; dir=0; type=0; pingpong=0; private_global=0; IO mode=ap_none:ce=0
Port [ coeffs_2_2_0_0_0_0_val]:  wired=1; compound=0; hidden=0; nouse=0; global=0; static=0; extern=0; dir=0; type=0; pingpong=0; private_global=0; IO mode=ap_none:ce=0
Port [ offsets_0_val]:  wired=1; compound=0; hidden=0; nouse=0; global=0; static=0; extern=0; dir=0; type=0; pingpong=0; private_global=0; IO mode=ap_none:ce=0
Port [ offsets_1_val]:  wired=1; compound=0; hidden=0; nouse=0; global=0; static=0; extern=0; dir=0; type=0; pingpong=0; private_global=0; IO mode=ap_none:ce=0
Port [ offsets_2_val]:  wired=1; compound=0; hidden=0; nouse=0; global=0; static=0; extern=0; dir=0; type=0; pingpong=0; private_global=0; IO mode=ap_none:ce=0
Port [ width]:  wired=1; compound=0; hidden=0; nouse=0; global=0; static=0; extern=0; dir=0; type=0; pingpong=0; private_global=0; IO mode=ap_none:ce=0
Port [ height]:  wired=1; compound=0; hidden=0; nouse=0; global=0; static=0; extern=0; dir=0; type=0; pingpong=0; private_global=0; IO mode=ap_none:ce=0
---------------- STG Properties END ------------------

---------------- Datapath Model BEGIN ----------------

<LifeTime>
<method=bitvector/>
height_read                 (read         ) [ 0000]
width_read                  (read         ) [ 0010]
total_pixels                (mul          ) [ 0011]
offsets_2_val_read          (read         ) [ 0001]
offsets_1_val_read          (read         ) [ 0001]
offsets_0_val_read          (read         ) [ 0001]
coeffs_2_2_0_0_0_0_val_read (read         ) [ 0001]
coeffs_2_1_0_0_0_0_val_read (read         ) [ 0001]
coeffs_2_0_0_0_0_0_val_read (read         ) [ 0001]
coeffs_1_2_0_0_0_0_val_read (read         ) [ 0001]
coeffs_1_1_0_0_0_0_val_read (read         ) [ 0001]
coeffs_1_0_0_0_0_0_val_read (read         ) [ 0001]
coeffs_0_2_0_0_0_0_val_read (read         ) [ 0001]
coeffs_0_1_0_0_0_0_val_read (read         ) [ 0001]
coeffs_0_0_0_0_0_0_val_read (read         ) [ 0001]
add_ln104                   (add          ) [ 0001]
specinterface_ln0           (specinterface) [ 0000]
specinterface_ln0           (specinterface) [ 0000]
call_ln47                   (call         ) [ 0000]
ret_ln117                   (ret          ) [ 0000]
</LifeTime>

<model>

<comp_list>
<comp id="0" class="1000" name="s_axis_video">
<pin_list>
<pin id="1" dir="1" index="0" bw="1" slack="0"/>
</pin_list>
<bind>
<StgValue><ssdm name="s_axis_video"/></StgValue>
</bind>
</comp>

<comp id="2" class="1000" name="m_axis_video">
<pin_list>
<pin id="3" dir="1" index="0" bw="1" slack="0"/>
</pin_list>
<bind>
<StgValue><ssdm name="m_axis_video"/></StgValue>
</bind>
</comp>

<comp id="4" class="1000" name="coeffs_0_0_0_0_0_0_val">
<pin_list>
<pin id="5" dir="1" index="0" bw="1" slack="0"/>
</pin_list>
<bind>
<StgValue><ssdm name="coeffs_0_0_0_0_0_0_val"/></StgValue>
</bind>
</comp>

<comp id="6" class="1000" name="coeffs_0_1_0_0_0_0_val">
<pin_list>
<pin id="7" dir="1" index="0" bw="1" slack="0"/>
</pin_list>
<bind>
<StgValue><ssdm name="coeffs_0_1_0_0_0_0_val"/></StgValue>
</bind>
</comp>

<comp id="8" class="1000" name="coeffs_0_2_0_0_0_0_val">
<pin_list>
<pin id="9" dir="1" index="0" bw="1" slack="0"/>
</pin_list>
<bind>
<StgValue><ssdm name="coeffs_0_2_0_0_0_0_val"/></StgValue>
</bind>
</comp>

<comp id="10" class="1000" name="coeffs_1_0_0_0_0_0_val">
<pin_list>
<pin id="11" dir="1" index="0" bw="1" slack="0"/>
</pin_list>
<bind>
<StgValue><ssdm name="coeffs_1_0_0_0_0_0_val"/></StgValue>
</bind>
</comp>

<comp id="12" class="1000" name="coeffs_1_1_0_0_0_0_val">
<pin_list>
<pin id="13" dir="1" index="0" bw="1" slack="0"/>
</pin_list>
<bind>
<StgValue><ssdm name="coeffs_1_1_0_0_0_0_val"/></StgValue>
</bind>
</comp>

<comp id="14" class="1000" name="coeffs_1_2_0_0_0_0_val">
<pin_list>
<pin id="15" dir="1" index="0" bw="1" slack="0"/>
</pin_list>
<bind>
<StgValue><ssdm name="coeffs_1_2_0_0_0_0_val"/></StgValue>
</bind>
</comp>

<comp id="16" class="1000" name="coeffs_2_0_0_0_0_0_val">
<pin_list>
<pin id="17" dir="1" index="0" bw="1" slack="0"/>
</pin_list>
<bind>
<StgValue><ssdm name="coeffs_2_0_0_0_0_0_val"/></StgValue>
</bind>
</comp>

<comp id="18" class="1000" name="coeffs_2_1_0_0_0_0_val">
<pin_list>
<pin id="19" dir="1" index="0" bw="1" slack="0"/>
</pin_list>
<bind>
<StgValue><ssdm name="coeffs_2_1_0_0_0_0_val"/></StgValue>
</bind>
</comp>

<comp id="20" class="1000" name="coeffs_2_2_0_0_0_0_val">
<pin_list>
<pin id="21" dir="1" index="0" bw="1" slack="0"/>
</pin_list>
<bind>
<StgValue><ssdm name="coeffs_2_2_0_0_0_0_val"/></StgValue>
</bind>
</comp>

<comp id="22" class="1000" name="offsets_0_val">
<pin_list>
<pin id="23" dir="1" index="0" bw="1" slack="0"/>
</pin_list>
<bind>
<StgValue><ssdm name="offsets_0_val"/></StgValue>
</bind>
</comp>

<comp id="24" class="1000" name="offsets_1_val">
<pin_list>
<pin id="25" dir="1" index="0" bw="1" slack="0"/>
</pin_list>
<bind>
<StgValue><ssdm name="offsets_1_val"/></StgValue>
</bind>
</comp>

<comp id="26" class="1000" name="offsets_2_val">
<pin_list>
<pin id="27" dir="1" index="0" bw="1" slack="0"/>
</pin_list>
<bind>
<StgValue><ssdm name="offsets_2_val"/></StgValue>
</bind>
</comp>

<comp id="28" class="1000" name="width">
<pin_list>
<pin id="29" dir="1" index="0" bw="1" slack="0"/>
</pin_list>
<bind>
<StgValue><ssdm name="width"/></StgValue>
</bind>
</comp>

<comp id="30" class="1000" name="height">
<pin_list>
<pin id="31" dir="1" index="0" bw="1" slack="0"/>
</pin_list>
<bind>
<StgValue><ssdm name="height"/></StgValue>
</bind>
</comp>

<comp id="32" class="1001" name="const_32">
<pin_list>
<pin id="33" dir="1" index="0" bw="1" slack="0"/>
</pin_list>
<bind>
<StgValue><ssdm name="_ssdm_op_Read.ap_auto.i32"/></StgValue>
</bind>
</comp>

<comp id="34" class="1001" name="const_34">
<pin_list>
<pin id="35" dir="1" index="0" bw="1" slack="0"/>
</pin_list>
<bind>
<StgValue><ssdm name="_ssdm_op_Read.ap_auto.i16"/></StgValue>
</bind>
</comp>

<comp id="36" class="1001" name="const_36">
<pin_list>
<pin id="37" dir="1" index="0" bw="1" slack="0"/>
</pin_list>
<bind>
<StgValue><ssdm name=""/></StgValue>
</bind>
</comp>

<comp id="38" class="1001" name="const_38">
<pin_list>
<pin id="39" dir="1" index="0" bw="1" slack="0"/>
</pin_list>
<bind>
<StgValue><ssdm name="hls_color_space_convert_template<3, 8, 3, 8>_Pipeline_VITIS_LOOP_58_1"/></StgValue>
</bind>
</comp>

<comp id="40" class="1001" name="const_40">
<pin_list>
<pin id="41" dir="1" index="0" bw="1" slack="2147483647"/>
</pin_list>
<bind>
<StgValue><ssdm name="_ssdm_op_SpecInterface"/></StgValue>
</bind>
</comp>

<comp id="42" class="1001" name="const_42">
<pin_list>
<pin id="43" dir="1" index="0" bw="1" slack="2147483647"/>
</pin_list>
<bind>
<StgValue><ssdm name="empty"/></StgValue>
</bind>
</comp>

<comp id="44" class="1001" name="const_44">
<pin_list>
<pin id="45" dir="1" index="0" bw="1" slack="2147483647"/>
</pin_list>
<bind>
<StgValue><ssdm name=""/></StgValue>
</bind>
</comp>

<comp id="46" class="1001" name="const_46">
<pin_list>
<pin id="47" dir="1" index="0" bw="1" slack="2147483647"/>
</pin_list>
<bind>
<StgValue><ssdm name="empty_0"/></StgValue>
</bind>
</comp>

<comp id="48" class="1001" name="const_48">
<pin_list>
<pin id="49" dir="1" index="0" bw="1" slack="2147483647"/>
</pin_list>
<bind>
<StgValue><ssdm name="empty_1"/></StgValue>
</bind>
</comp>

<comp id="50" class="1004" name="height_read_read_fu_50">
<pin_list>
<pin id="51" dir="0" index="0" bw="32" slack="0"/>
<pin id="52" dir="0" index="1" bw="32" slack="0"/>
<pin id="53" dir="1" index="2" bw="32" slack="0"/>
</pin_list>
<bind>
<opcode="read(1150) " fcode="read"/>
<opset="height_read/1 "/>
</bind>
</comp>

<comp id="56" class="1004" name="width_read_read_fu_56">
<pin_list>
<pin id="57" dir="0" index="0" bw="32" slack="0"/>
<pin id="58" dir="0" index="1" bw="32" slack="0"/>
<pin id="59" dir="1" index="2" bw="32" slack="0"/>
</pin_list>
<bind>
<opcode="read(1150) " fcode="read"/>
<opset="width_read/1 "/>
</bind>
</comp>

<comp id="62" class="1004" name="offsets_2_val_read_read_fu_62">
<pin_list>
<pin id="63" dir="0" index="0" bw="16" slack="0"/>
<pin id="64" dir="0" index="1" bw="16" slack="0"/>
<pin id="65" dir="1" index="2" bw="16" slack="0"/>
</pin_list>
<bind>
<opcode="read(1150) " fcode="read"/>
<opset="offsets_2_val_read/2 "/>
</bind>
</comp>

<comp id="68" class="1004" name="offsets_1_val_read_read_fu_68">
<pin_list>
<pin id="69" dir="0" index="0" bw="16" slack="0"/>
<pin id="70" dir="0" index="1" bw="16" slack="0"/>
<pin id="71" dir="1" index="2" bw="16" slack="0"/>
</pin_list>
<bind>
<opcode="read(1150) " fcode="read"/>
<opset="offsets_1_val_read/2 "/>
</bind>
</comp>

<comp id="74" class="1004" name="offsets_0_val_read_read_fu_74">
<pin_list>
<pin id="75" dir="0" index="0" bw="16" slack="0"/>
<pin id="76" dir="0" index="1" bw="16" slack="0"/>
<pin id="77" dir="1" index="2" bw="16" slack="0"/>
</pin_list>
<bind>
<opcode="read(1150) " fcode="read"/>
<opset="offsets_0_val_read/2 "/>
</bind>
</comp>

<comp id="80" class="1004" name="coeffs_2_2_0_0_0_0_val_read_read_fu_80">
<pin_list>
<pin id="81" dir="0" index="0" bw="16" slack="0"/>
<pin id="82" dir="0" index="1" bw="16" slack="0"/>
<pin id="83" dir="1" index="2" bw="16" slack="0"/>
</pin_list>
<bind>
<opcode="read(1150) " fcode="read"/>
<opset="coeffs_2_2_0_0_0_0_val_read/2 "/>
</bind>
</comp>

<comp id="86" class="1004" name="coeffs_2_1_0_0_0_0_val_read_read_fu_86">
<pin_list>
<pin id="87" dir="0" index="0" bw="16" slack="0"/>
<pin id="88" dir="0" index="1" bw="16" slack="0"/>
<pin id="89" dir="1" index="2" bw="16" slack="0"/>
</pin_list>
<bind>
<opcode="read(1150) " fcode="read"/>
<opset="coeffs_2_1_0_0_0_0_val_read/2 "/>
</bind>
</comp>

<comp id="92" class="1004" name="coeffs_2_0_0_0_0_0_val_read_read_fu_92">
<pin_list>
<pin id="93" dir="0" index="0" bw="16" slack="0"/>
<pin id="94" dir="0" index="1" bw="16" slack="0"/>
<pin id="95" dir="1" index="2" bw="16" slack="0"/>
</pin_list>
<bind>
<opcode="read(1150) " fcode="read"/>
<opset="coeffs_2_0_0_0_0_0_val_read/2 "/>
</bind>
</comp>

<comp id="98" class="1004" name="coeffs_1_2_0_0_0_0_val_read_read_fu_98">
<pin_list>
<pin id="99" dir="0" index="0" bw="16" slack="0"/>
<pin id="100" dir="0" index="1" bw="16" slack="0"/>
<pin id="101" dir="1" index="2" bw="16" slack="0"/>
</pin_list>
<bind>
<opcode="read(1150) " fcode="read"/>
<opset="coeffs_1_2_0_0_0_0_val_read/2 "/>
</bind>
</comp>

<comp id="104" class="1004" name="coeffs_1_1_0_0_0_0_val_read_read_fu_104">
<pin_list>
<pin id="105" dir="0" index="0" bw="16" slack="0"/>
<pin id="106" dir="0" index="1" bw="16" slack="0"/>
<pin id="107" dir="1" index="2" bw="16" slack="0"/>
</pin_list>
<bind>
<opcode="read(1150) " fcode="read"/>
<opset="coeffs_1_1_0_0_0_0_val_read/2 "/>
</bind>
</comp>

<comp id="110" class="1004" name="coeffs_1_0_0_0_0_0_val_read_read_fu_110">
<pin_list>
<pin id="111" dir="0" index="0" bw="16" slack="0"/>
<pin id="112" dir="0" index="1" bw="16" slack="0"/>
<pin id="113" dir="1" index="2" bw="16" slack="0"/>
</pin_list>
<bind>
<opcode="read(1150) " fcode="read"/>
<opset="coeffs_1_0_0_0_0_0_val_read/2 "/>
</bind>
</comp>

<comp id="116" class="1004" name="coeffs_0_2_0_0_0_0_val_read_read_fu_116">
<pin_list>
<pin id="117" dir="0" index="0" bw="16" slack="0"/>
<pin id="118" dir="0" index="1" bw="16" slack="0"/>
<pin id="119" dir="1" index="2" bw="16" slack="0"/>
</pin_list>
<bind>
<opcode="read(1150) " fcode="read"/>
<opset="coeffs_0_2_0_0_0_0_val_read/2 "/>
</bind>
</comp>

<comp id="122" class="1004" name="coeffs_0_1_0_0_0_0_val_read_read_fu_122">
<pin_list>
<pin id="123" dir="0" index="0" bw="16" slack="0"/>
<pin id="124" dir="0" index="1" bw="16" slack="0"/>
<pin id="125" dir="1" index="2" bw="16" slack="0"/>
</pin_list>
<bind>
<opcode="read(1150) " fcode="read"/>
<opset="coeffs_0_1_0_0_0_0_val_read/2 "/>
</bind>
</comp>

<comp id="128" class="1004" name="coeffs_0_0_0_0_0_0_val_read_read_fu_128">
<pin_list>
<pin id="129" dir="0" index="0" bw="16" slack="0"/>
<pin id="130" dir="0" index="1" bw="16" slack="0"/>
<pin id="131" dir="1" index="2" bw="16" slack="0"/>
</pin_list>
<bind>
<opcode="read(1150) " fcode="read"/>
<opset="coeffs_0_0_0_0_0_0_val_read/2 "/>
</bind>
</comp>

<comp id="134" class="1004" name="grp_hls_color_space_convert_template_3_8_3_8_Pipeline_VITIS_LOOP_58_1_fu_134">
<pin_list>
<pin id="135" dir="0" index="0" bw="0" slack="0"/>
<pin id="136" dir="0" index="1" bw="32" slack="1"/>
<pin id="137" dir="0" index="2" bw="32" slack="0"/>
<pin id="138" dir="0" index="3" bw="16" slack="0"/>
<pin id="139" dir="0" index="4" bw="16" slack="0"/>
<pin id="140" dir="0" index="5" bw="16" slack="0"/>
<pin id="141" dir="0" index="6" bw="16" slack="0"/>
<pin id="142" dir="0" index="7" bw="16" slack="0"/>
<pin id="143" dir="0" index="8" bw="16" slack="0"/>
<pin id="144" dir="0" index="9" bw="16" slack="0"/>
<pin id="145" dir="0" index="10" bw="16" slack="0"/>
<pin id="146" dir="0" index="11" bw="16" slack="0"/>
<pin id="147" dir="0" index="12" bw="16" slack="0"/>
<pin id="148" dir="0" index="13" bw="16" slack="0"/>
<pin id="149" dir="0" index="14" bw="16" slack="0"/>
<pin id="150" dir="0" index="15" bw="32" slack="0"/>
<pin id="151" dir="0" index="16" bw="32" slack="0"/>
<pin id="152" dir="1" index="17" bw="0" slack="2147483647"/>
</pin_list>
<bind>
<opcode="call(48) " fcode="call"/>
<opset="call_ln47/2 "/>
</bind>
</comp>

<comp id="168" class="1004" name="total_pixels_fu_168">
<pin_list>
<pin id="169" dir="0" index="0" bw="32" slack="0"/>
<pin id="170" dir="0" index="1" bw="32" slack="0"/>
<pin id="171" dir="1" index="2" bw="32" slack="1"/>
</pin_list>
<bind>
<opcode="mul(12) " fcode="mul"/>
<opset="total_pixels/1 "/>
</bind>
</comp>

<comp id="174" class="1004" name="add_ln104_fu_174">
<pin_list>
<pin id="175" dir="0" index="0" bw="32" slack="1"/>
<pin id="176" dir="0" index="1" bw="1" slack="0"/>
<pin id="177" dir="1" index="2" bw="32" slack="0"/>
</pin_list>
<bind>
<opcode="add(8) " fcode="add"/>
<opset="add_ln104/2 "/>
</bind>
</comp>

<comp id="180" class="1005" name="width_read_reg_180">
<pin_list>
<pin id="181" dir="0" index="0" bw="32" slack="1"/>
<pin id="182" dir="1" index="1" bw="32" slack="1"/>
</pin_list>
<bind>
<opset="width_read "/>
</bind>
</comp>

<comp id="185" class="1005" name="total_pixels_reg_185">
<pin_list>
<pin id="186" dir="0" index="0" bw="32" slack="1"/>
<pin id="187" dir="1" index="1" bw="32" slack="1"/>
</pin_list>
<bind>
<opset="total_pixels "/>
</bind>
</comp>

<comp id="190" class="1005" name="offsets_2_val_read_reg_190">
<pin_list>
<pin id="191" dir="0" index="0" bw="16" slack="1"/>
<pin id="192" dir="1" index="1" bw="16" slack="1"/>
</pin_list>
<bind>
<opset="offsets_2_val_read "/>
</bind>
</comp>

<comp id="195" class="1005" name="offsets_1_val_read_reg_195">
<pin_list>
<pin id="196" dir="0" index="0" bw="16" slack="1"/>
<pin id="197" dir="1" index="1" bw="16" slack="1"/>
</pin_list>
<bind>
<opset="offsets_1_val_read "/>
</bind>
</comp>

<comp id="200" class="1005" name="offsets_0_val_read_reg_200">
<pin_list>
<pin id="201" dir="0" index="0" bw="16" slack="1"/>
<pin id="202" dir="1" index="1" bw="16" slack="1"/>
</pin_list>
<bind>
<opset="offsets_0_val_read "/>
</bind>
</comp>

<comp id="205" class="1005" name="coeffs_2_2_0_0_0_0_val_read_reg_205">
<pin_list>
<pin id="206" dir="0" index="0" bw="16" slack="1"/>
<pin id="207" dir="1" index="1" bw="16" slack="1"/>
</pin_list>
<bind>
<opset="coeffs_2_2_0_0_0_0_val_read "/>
</bind>
</comp>

<comp id="210" class="1005" name="coeffs_2_1_0_0_0_0_val_read_reg_210">
<pin_list>
<pin id="211" dir="0" index="0" bw="16" slack="1"/>
<pin id="212" dir="1" index="1" bw="16" slack="1"/>
</pin_list>
<bind>
<opset="coeffs_2_1_0_0_0_0_val_read "/>
</bind>
</comp>

<comp id="215" class="1005" name="coeffs_2_0_0_0_0_0_val_read_reg_215">
<pin_list>
<pin id="216" dir="0" index="0" bw="16" slack="1"/>
<pin id="217" dir="1" index="1" bw="16" slack="1"/>
</pin_list>
<bind>
<opset="coeffs_2_0_0_0_0_0_val_read "/>
</bind>
</comp>

<comp id="220" class="1005" name="coeffs_1_2_0_0_0_0_val_read_reg_220">
<pin_list>
<pin id="221" dir="0" index="0" bw="16" slack="1"/>
<pin id="222" dir="1" index="1" bw="16" slack="1"/>
</pin_list>
<bind>
<opset="coeffs_1_2_0_0_0_0_val_read "/>
</bind>
</comp>

<comp id="225" class="1005" name="coeffs_1_1_0_0_0_0_val_read_reg_225">
<pin_list>
<pin id="226" dir="0" index="0" bw="16" slack="1"/>
<pin id="227" dir="1" index="1" bw="16" slack="1"/>
</pin_list>
<bind>
<opset="coeffs_1_1_0_0_0_0_val_read "/>
</bind>
</comp>

<comp id="230" class="1005" name="coeffs_1_0_0_0_0_0_val_read_reg_230">
<pin_list>
<pin id="231" dir="0" index="0" bw="16" slack="1"/>
<pin id="232" dir="1" index="1" bw="16" slack="1"/>
</pin_list>
<bind>
<opset="coeffs_1_0_0_0_0_0_val_read "/>
</bind>
</comp>

<comp id="235" class="1005" name="coeffs_0_2_0_0_0_0_val_read_reg_235">
<pin_list>
<pin id="236" dir="0" index="0" bw="16" slack="1"/>
<pin id="237" dir="1" index="1" bw="16" slack="1"/>
</pin_list>
<bind>
<opset="coeffs_0_2_0_0_0_0_val_read "/>
</bind>
</comp>

<comp id="240" class="1005" name="coeffs_0_1_0_0_0_0_val_read_reg_240">
<pin_list>
<pin id="241" dir="0" index="0" bw="16" slack="1"/>
<pin id="242" dir="1" index="1" bw="16" slack="1"/>
</pin_list>
<bind>
<opset="coeffs_0_1_0_0_0_0_val_read "/>
</bind>
</comp>

<comp id="245" class="1005" name="coeffs_0_0_0_0_0_0_val_read_reg_245">
<pin_list>
<pin id="246" dir="0" index="0" bw="16" slack="1"/>
<pin id="247" dir="1" index="1" bw="16" slack="1"/>
</pin_list>
<bind>
<opset="coeffs_0_0_0_0_0_0_val_read "/>
</bind>
</comp>

<comp id="250" class="1005" name="add_ln104_reg_250">
<pin_list>
<pin id="251" dir="0" index="0" bw="32" slack="1"/>
<pin id="252" dir="1" index="1" bw="32" slack="1"/>
</pin_list>
<bind>
<opset="add_ln104 "/>
</bind>
</comp>

</comp_list>

<net_list>
<net id="54"><net_src comp="32" pin="0"/><net_sink comp="50" pin=0"/></net>

<net id="55"><net_src comp="30" pin="0"/><net_sink comp="50" pin=1"/></net>

<net id="60"><net_src comp="32" pin="0"/><net_sink comp="56" pin=0"/></net>

<net id="61"><net_src comp="28" pin="0"/><net_sink comp="56" pin=1"/></net>

<net id="66"><net_src comp="34" pin="0"/><net_sink comp="62" pin=0"/></net>

<net id="67"><net_src comp="26" pin="0"/><net_sink comp="62" pin=1"/></net>

<net id="72"><net_src comp="34" pin="0"/><net_sink comp="68" pin=0"/></net>

<net id="73"><net_src comp="24" pin="0"/><net_sink comp="68" pin=1"/></net>

<net id="78"><net_src comp="34" pin="0"/><net_sink comp="74" pin=0"/></net>

<net id="79"><net_src comp="22" pin="0"/><net_sink comp="74" pin=1"/></net>

<net id="84"><net_src comp="34" pin="0"/><net_sink comp="80" pin=0"/></net>

<net id="85"><net_src comp="20" pin="0"/><net_sink comp="80" pin=1"/></net>

<net id="90"><net_src comp="34" pin="0"/><net_sink comp="86" pin=0"/></net>

<net id="91"><net_src comp="18" pin="0"/><net_sink comp="86" pin=1"/></net>

<net id="96"><net_src comp="34" pin="0"/><net_sink comp="92" pin=0"/></net>

<net id="97"><net_src comp="16" pin="0"/><net_sink comp="92" pin=1"/></net>

<net id="102"><net_src comp="34" pin="0"/><net_sink comp="98" pin=0"/></net>

<net id="103"><net_src comp="14" pin="0"/><net_sink comp="98" pin=1"/></net>

<net id="108"><net_src comp="34" pin="0"/><net_sink comp="104" pin=0"/></net>

<net id="109"><net_src comp="12" pin="0"/><net_sink comp="104" pin=1"/></net>

<net id="114"><net_src comp="34" pin="0"/><net_sink comp="110" pin=0"/></net>

<net id="115"><net_src comp="10" pin="0"/><net_sink comp="110" pin=1"/></net>

<net id="120"><net_src comp="34" pin="0"/><net_sink comp="116" pin=0"/></net>

<net id="121"><net_src comp="8" pin="0"/><net_sink comp="116" pin=1"/></net>

<net id="126"><net_src comp="34" pin="0"/><net_sink comp="122" pin=0"/></net>

<net id="127"><net_src comp="6" pin="0"/><net_sink comp="122" pin=1"/></net>

<net id="132"><net_src comp="34" pin="0"/><net_sink comp="128" pin=0"/></net>

<net id="133"><net_src comp="4" pin="0"/><net_sink comp="128" pin=1"/></net>

<net id="153"><net_src comp="38" pin="0"/><net_sink comp="134" pin=0"/></net>

<net id="154"><net_src comp="0" pin="0"/><net_sink comp="134" pin=2"/></net>

<net id="155"><net_src comp="128" pin="2"/><net_sink comp="134" pin=3"/></net>

<net id="156"><net_src comp="122" pin="2"/><net_sink comp="134" pin=4"/></net>

<net id="157"><net_src comp="116" pin="2"/><net_sink comp="134" pin=5"/></net>

<net id="158"><net_src comp="74" pin="2"/><net_sink comp="134" pin=6"/></net>

<net id="159"><net_src comp="110" pin="2"/><net_sink comp="134" pin=7"/></net>

<net id="160"><net_src comp="104" pin="2"/><net_sink comp="134" pin=8"/></net>

<net id="161"><net_src comp="98" pin="2"/><net_sink comp="134" pin=9"/></net>

<net id="162"><net_src comp="68" pin="2"/><net_sink comp="134" pin=10"/></net>

<net id="163"><net_src comp="92" pin="2"/><net_sink comp="134" pin=11"/></net>

<net id="164"><net_src comp="86" pin="2"/><net_sink comp="134" pin=12"/></net>

<net id="165"><net_src comp="80" pin="2"/><net_sink comp="134" pin=13"/></net>

<net id="166"><net_src comp="62" pin="2"/><net_sink comp="134" pin=14"/></net>

<net id="167"><net_src comp="2" pin="0"/><net_sink comp="134" pin=16"/></net>

<net id="172"><net_src comp="50" pin="2"/><net_sink comp="168" pin=0"/></net>

<net id="173"><net_src comp="56" pin="2"/><net_sink comp="168" pin=1"/></net>

<net id="178"><net_src comp="36" pin="0"/><net_sink comp="174" pin=1"/></net>

<net id="179"><net_src comp="174" pin="2"/><net_sink comp="134" pin=15"/></net>

<net id="183"><net_src comp="56" pin="2"/><net_sink comp="180" pin=0"/></net>

<net id="184"><net_src comp="180" pin="1"/><net_sink comp="174" pin=0"/></net>

<net id="188"><net_src comp="168" pin="2"/><net_sink comp="185" pin=0"/></net>

<net id="189"><net_src comp="185" pin="1"/><net_sink comp="134" pin=1"/></net>

<net id="193"><net_src comp="62" pin="2"/><net_sink comp="190" pin=0"/></net>

<net id="194"><net_src comp="190" pin="1"/><net_sink comp="134" pin=14"/></net>

<net id="198"><net_src comp="68" pin="2"/><net_sink comp="195" pin=0"/></net>

<net id="199"><net_src comp="195" pin="1"/><net_sink comp="134" pin=10"/></net>

<net id="203"><net_src comp="74" pin="2"/><net_sink comp="200" pin=0"/></net>

<net id="204"><net_src comp="200" pin="1"/><net_sink comp="134" pin=6"/></net>

<net id="208"><net_src comp="80" pin="2"/><net_sink comp="205" pin=0"/></net>

<net id="209"><net_src comp="205" pin="1"/><net_sink comp="134" pin=13"/></net>

<net id="213"><net_src comp="86" pin="2"/><net_sink comp="210" pin=0"/></net>

<net id="214"><net_src comp="210" pin="1"/><net_sink comp="134" pin=12"/></net>

<net id="218"><net_src comp="92" pin="2"/><net_sink comp="215" pin=0"/></net>

<net id="219"><net_src comp="215" pin="1"/><net_sink comp="134" pin=11"/></net>

<net id="223"><net_src comp="98" pin="2"/><net_sink comp="220" pin=0"/></net>

<net id="224"><net_src comp="220" pin="1"/><net_sink comp="134" pin=9"/></net>

<net id="228"><net_src comp="104" pin="2"/><net_sink comp="225" pin=0"/></net>

<net id="229"><net_src comp="225" pin="1"/><net_sink comp="134" pin=8"/></net>

<net id="233"><net_src comp="110" pin="2"/><net_sink comp="230" pin=0"/></net>

<net id="234"><net_src comp="230" pin="1"/><net_sink comp="134" pin=7"/></net>

<net id="238"><net_src comp="116" pin="2"/><net_sink comp="235" pin=0"/></net>

<net id="239"><net_src comp="235" pin="1"/><net_sink comp="134" pin=5"/></net>

<net id="243"><net_src comp="122" pin="2"/><net_sink comp="240" pin=0"/></net>

<net id="244"><net_src comp="240" pin="1"/><net_sink comp="134" pin=4"/></net>

<net id="248"><net_src comp="128" pin="2"/><net_sink comp="245" pin=0"/></net>

<net id="249"><net_src comp="245" pin="1"/><net_sink comp="134" pin=3"/></net>

<net id="253"><net_src comp="174" pin="2"/><net_sink comp="250" pin=0"/></net>

<net id="254"><net_src comp="250" pin="1"/><net_sink comp="134" pin=15"/></net>

</net_list>

</model> 
---------------- Datapath Model END ------------------

* FSMD analyzer results:
  - Output states:
	Port: m_axis_video | {2 3 }
 - Input state : 
	Port: hls_color_space_convert_template<3, 8, 3, 8> : s_axis_video | {2 3 }
	Port: hls_color_space_convert_template<3, 8, 3, 8> : coeffs_0_0_0_0_0_0_val | {2 }
	Port: hls_color_space_convert_template<3, 8, 3, 8> : coeffs_0_1_0_0_0_0_val | {2 }
	Port: hls_color_space_convert_template<3, 8, 3, 8> : coeffs_0_2_0_0_0_0_val | {2 }
	Port: hls_color_space_convert_template<3, 8, 3, 8> : coeffs_1_0_0_0_0_0_val | {2 }
	Port: hls_color_space_convert_template<3, 8, 3, 8> : coeffs_1_1_0_0_0_0_val | {2 }
	Port: hls_color_space_convert_template<3, 8, 3, 8> : coeffs_1_2_0_0_0_0_val | {2 }
	Port: hls_color_space_convert_template<3, 8, 3, 8> : coeffs_2_0_0_0_0_0_val | {2 }
	Port: hls_color_space_convert_template<3, 8, 3, 8> : coeffs_2_1_0_0_0_0_val | {2 }
	Port: hls_color_space_convert_template<3, 8, 3, 8> : coeffs_2_2_0_0_0_0_val | {2 }
	Port: hls_color_space_convert_template<3, 8, 3, 8> : offsets_0_val | {2 }
	Port: hls_color_space_convert_template<3, 8, 3, 8> : offsets_1_val | {2 }
	Port: hls_color_space_convert_template<3, 8, 3, 8> : offsets_2_val | {2 }
	Port: hls_color_space_convert_template<3, 8, 3, 8> : width | {1 }
	Port: hls_color_space_convert_template<3, 8, 3, 8> : height | {1 }
  - Chain level:
	State 1
	State 2
		call_ln47 : 1
	State 3


============================================================
+ Verbose Summary: Datapath Resource usage 
============================================================

* Functional unit list:
|----------|------------------------------------------------------------------------------|---------|---------|---------|---------|
| Operation|                                Functional Unit                               |   DSP   |  Delay  |    FF   |   LUT   |
|----------|------------------------------------------------------------------------------|---------|---------|---------|---------|
|   call   | grp_hls_color_space_convert_template_3_8_3_8_Pipeline_VITIS_LOOP_58_1_fu_134 |    9    |  5.124  |   652   |   623   |
|----------|------------------------------------------------------------------------------|---------|---------|---------|---------|
|    add   |                               add_ln104_fu_174                               |    0    |    0    |    0    |    39   |
|----------|------------------------------------------------------------------------------|---------|---------|---------|---------|
|    mul   |                              total_pixels_fu_168                             |    3    |    0    |    0    |    20   |
|----------|------------------------------------------------------------------------------|---------|---------|---------|---------|
|          |                            height_read_read_fu_50                            |    0    |    0    |    0    |    0    |
|          |                             width_read_read_fu_56                            |    0    |    0    |    0    |    0    |
|          |                         offsets_2_val_read_read_fu_62                        |    0    |    0    |    0    |    0    |
|          |                         offsets_1_val_read_read_fu_68                        |    0    |    0    |    0    |    0    |
|          |                         offsets_0_val_read_read_fu_74                        |    0    |    0    |    0    |    0    |
|          |                    coeffs_2_2_0_0_0_0_val_read_read_fu_80                    |    0    |    0    |    0    |    0    |
|   read   |                    coeffs_2_1_0_0_0_0_val_read_read_fu_86                    |    0    |    0    |    0    |    0    |
|          |                    coeffs_2_0_0_0_0_0_val_read_read_fu_92                    |    0    |    0    |    0    |    0    |
|          |                    coeffs_1_2_0_0_0_0_val_read_read_fu_98                    |    0    |    0    |    0    |    0    |
|          |                    coeffs_1_1_0_0_0_0_val_read_read_fu_104                   |    0    |    0    |    0    |    0    |
|          |                    coeffs_1_0_0_0_0_0_val_read_read_fu_110                   |    0    |    0    |    0    |    0    |
|          |                    coeffs_0_2_0_0_0_0_val_read_read_fu_116                   |    0    |    0    |    0    |    0    |
|          |                    coeffs_0_1_0_0_0_0_val_read_read_fu_122                   |    0    |    0    |    0    |    0    |
|          |                    coeffs_0_0_0_0_0_0_val_read_read_fu_128                   |    0    |    0    |    0    |    0    |
|----------|------------------------------------------------------------------------------|---------|---------|---------|---------|
|   Total  |                                                                              |    12   |  5.124  |   652   |   682   |
|----------|------------------------------------------------------------------------------|---------|---------|---------|---------|

Memories:
N/A

* Register list:
+-----------------------------------+--------+
|                                   |   FF   |
+-----------------------------------+--------+
|         add_ln104_reg_250         |   32   |
|coeffs_0_0_0_0_0_0_val_read_reg_245|   16   |
|coeffs_0_1_0_0_0_0_val_read_reg_240|   16   |
|coeffs_0_2_0_0_0_0_val_read_reg_235|   16   |
|coeffs_1_0_0_0_0_0_val_read_reg_230|   16   |
|coeffs_1_1_0_0_0_0_val_read_reg_225|   16   |
|coeffs_1_2_0_0_0_0_val_read_reg_220|   16   |
|coeffs_2_0_0_0_0_0_val_read_reg_215|   16   |
|coeffs_2_1_0_0_0_0_val_read_reg_210|   16   |
|coeffs_2_2_0_0_0_0_val_read_reg_205|   16   |
|     offsets_0_val_read_reg_200    |   16   |
|     offsets_1_val_read_reg_195    |   16   |
|     offsets_2_val_read_reg_190    |   16   |
|        total_pixels_reg_185       |   32   |
|         width_read_reg_180        |   32   |
+-----------------------------------+--------+
|               Total               |   288  |
+-----------------------------------+--------+

* Multiplexer (MUX) list: 
|------------------------------------------------------------------------------|------|------|------|--------||---------||---------||---------|
|                                     Comp                                     |  Pin | Size |  BW  | S x BW ||  Delay  ||    FF   ||   LUT   |
|------------------------------------------------------------------------------|------|------|------|--------||---------||---------||---------|
| grp_hls_color_space_convert_template_3_8_3_8_Pipeline_VITIS_LOOP_58_1_fu_134 |  p3  |   2  |  16  |   32   ||    0    ||    9    |
| grp_hls_color_space_convert_template_3_8_3_8_Pipeline_VITIS_LOOP_58_1_fu_134 |  p4  |   2  |  16  |   32   ||    0    ||    9    |
| grp_hls_color_space_convert_template_3_8_3_8_Pipeline_VITIS_LOOP_58_1_fu_134 |  p5  |   2  |  16  |   32   ||    0    ||    9    |
| grp_hls_color_space_convert_template_3_8_3_8_Pipeline_VITIS_LOOP_58_1_fu_134 |  p6  |   2  |  16  |   32   ||    0    ||    9    |
| grp_hls_color_space_convert_template_3_8_3_8_Pipeline_VITIS_LOOP_58_1_fu_134 |  p7  |   2  |  16  |   32   ||    0    ||    9    |
| grp_hls_color_space_convert_template_3_8_3_8_Pipeline_VITIS_LOOP_58_1_fu_134 |  p8  |   2  |  16  |   32   ||    0    ||    9    |
| grp_hls_color_space_convert_template_3_8_3_8_Pipeline_VITIS_LOOP_58_1_fu_134 |  p9  |   2  |  16  |   32   ||    0    ||    9    |
| grp_hls_color_space_convert_template_3_8_3_8_Pipeline_VITIS_LOOP_58_1_fu_134 |  p10 |   2  |  16  |   32   ||    0    ||    9    |
| grp_hls_color_space_convert_template_3_8_3_8_Pipeline_VITIS_LOOP_58_1_fu_134 |  p11 |   2  |  16  |   32   ||    0    ||    9    |
| grp_hls_color_space_convert_template_3_8_3_8_Pipeline_VITIS_LOOP_58_1_fu_134 |  p12 |   2  |  16  |   32   ||    0    ||    9    |
| grp_hls_color_space_convert_template_3_8_3_8_Pipeline_VITIS_LOOP_58_1_fu_134 |  p13 |   2  |  16  |   32   ||    0    ||    9    |
| grp_hls_color_space_convert_template_3_8_3_8_Pipeline_VITIS_LOOP_58_1_fu_134 |  p14 |   2  |  16  |   32   ||    0    ||    9    |
| grp_hls_color_space_convert_template_3_8_3_8_Pipeline_VITIS_LOOP_58_1_fu_134 |  p15 |   2  |  32  |   64   ||    0    ||    9    |
|------------------------------------------------------------------------------|------|------|------|--------||---------||---------||---------|
|                                     Total                                    |      |      |      |   448  ||  5.551  ||    0    ||   117   |
|------------------------------------------------------------------------------|------|------|------|--------||---------||---------||---------|



* Summary:
+-----------+--------+--------+--------+--------+
|           |   DSP  |  Delay |   FF   |   LUT  |
+-----------+--------+--------+--------+--------+
|  Function |   12   |    5   |   652  |   682  |
|   Memory  |    -   |    -   |    -   |    -   |
|Multiplexer|    -   |    5   |    0   |   117  |
|  Register |    -   |    -   |   288  |    -   |
+-----------+--------+--------+--------+--------+
|   Total   |   12   |   10   |   940  |   799  |
+-----------+--------+--------+--------+--------+
