

================================================================
== Vitis HLS Report for 'hls_color_space_convert_template_3_8_3_8_Pipeline_VITIS_LOOP_19_1'
================================================================
* Date:           Mon Jun 22 11:26:47 2026

* Version:        2025.2 (Build 6295257 on Nov 14 2025)
* Project:        hls_color_space_convert
* Solution:       hls (Vivado IP Flow Target)
* Product family: zynquplus
* Target device:  xck26-sfvc784-2LV-c


================================================================
== Performance Estimates
================================================================
+ Timing: 
    * Summary: 
    +--------+----------+----------+------------+
    |  Clock |  Target  | Estimated| Uncertainty|
    +--------+----------+----------+------------+
    |ap_clk  |  10.00 ns|  3.206 ns|     2.70 ns|
    +--------+----------+----------+------------+

+ Latency: 
    * Summary: 
    +---------+---------+----------+----------+-----+-----+-------------------+
    |  Latency (cycles) |  Latency (absolute) |  Interval |      Pipeline     |
    |   min   |   max   |    min   |    max   | min | max |        Type       |
    +---------+---------+----------+----------+-----+-----+-------------------+
    |        ?|        ?|         ?|         ?|    0|    0|  loop pipeline stp|
    +---------+---------+----------+----------+-----+-----+-------------------+

    + Detail: 
        * Instance: 
        N/A

        * Loop: 
        +-------------------+---------+---------+----------+-----------+-----------+------+----------+
        |                   |  Latency (cycles) | Iteration|  Initiation Interval  | Trip |          |
        |     Loop Name     |   min   |   max   |  Latency |  achieved |   target  | Count| Pipelined|
        +-------------------+---------+---------+----------+-----------+-----------+------+----------+
        |- VITIS_LOOP_19_1  |        ?|        ?|         6|          1|          1|     ?|       yes|
        +-------------------+---------+---------+----------+-----------+-----------+------+----------+

============================================================
+ Verbose Summary: Synthesis Manager
============================================================
InlineROM: 1
ExposeGlobal: 0
============================================================
+ Verbose Summary: CDFG Model
============================================================
IsTopModel: 0
ResetActiveHigh: 1
IsCombinational: 0
IsDatapathOnly: 0
HasWiredReturn: 1
HasMFsm: 2
HasVarLatency: 1
IsPipeline: 0
IsRtlPipelined: 0
IsInstanceOverlapped: 0
IsDontTouch: 0
HasImplIP: 0
IsGatedGlobalClock: 0

+ Individual pipeline summary: 
  * Pipeline-0: initiation interval (II) = 1, depth = 7


============================================================
+ Verbose Summary: Schedule
============================================================
* Number of FSM states : 7
* Pipeline : 1
  Pipeline-0 : II = 1, D = 7, States = { 1 2 3 4 5 6 7 }
* Dataflow Pipeline: 0

* FSM state transitions: 
1 --> 2 
2 --> 3 
3 --> 4 
4 --> 5 
5 --> 6 
6 --> 7 
7 --> 

* FSM state operations: 

State 1 <SV = 0> <Delay = 0.42>
ST_1 : Operation 9 [1/1] (0.00ns)   --->   "%x = alloca i32 1" [hls_color_space_convert.cpp:15]   --->   Operation 9 'alloca' 'x' <Predicate = true> <Delay = 0.00>
ST_1 : Operation 10 [1/1] (0.00ns)   --->   "%y = alloca i32 1" [hls_color_space_convert.cpp:16]   --->   Operation 10 'alloca' 'y' <Predicate = true> <Delay = 0.00>
ST_1 : Operation 11 [1/1] (0.00ns)   --->   "%i = alloca i32 1"   --->   Operation 11 'alloca' 'i' <Predicate = true> <Delay = 0.00>
ST_1 : Operation 12 [1/1] (0.00ns)   --->   "%add_ln43_read = read i32 @_ssdm_op_Read.ap_auto.i32, i32 %add_ln43"   --->   Operation 12 'read' 'add_ln43_read' <Predicate = true> <Delay = 0.00>
ST_1 : Operation 13 [1/1] (0.00ns)   --->   "%sext_ln19_read = read i16 @_ssdm_op_Read.ap_auto.i16, i16 %sext_ln19"   --->   Operation 13 'read' 'sext_ln19_read' <Predicate = true> <Delay = 0.00>
ST_1 : Operation 14 [1/1] (0.00ns)   --->   "%sext_ln29_8_read = read i16 @_ssdm_op_Read.ap_auto.i16, i16 %sext_ln29_8"   --->   Operation 14 'read' 'sext_ln29_8_read' <Predicate = true> <Delay = 0.00>
ST_1 : Operation 15 [1/1] (0.00ns)   --->   "%sext_ln29_7_read = read i16 @_ssdm_op_Read.ap_auto.i16, i16 %sext_ln29_7"   --->   Operation 15 'read' 'sext_ln29_7_read' <Predicate = true> <Delay = 0.00>
ST_1 : Operation 16 [1/1] (0.00ns)   --->   "%sext_ln29_6_read = read i16 @_ssdm_op_Read.ap_auto.i16, i16 %sext_ln29_6"   --->   Operation 16 'read' 'sext_ln29_6_read' <Predicate = true> <Delay = 0.00>
ST_1 : Operation 17 [1/1] (0.00ns)   --->   "%sext_ln29_10_read = read i16 @_ssdm_op_Read.ap_auto.i16, i16 %sext_ln29_10"   --->   Operation 17 'read' 'sext_ln29_10_read' <Predicate = true> <Delay = 0.00>
ST_1 : Operation 18 [1/1] (0.00ns)   --->   "%sext_ln29_5_read = read i16 @_ssdm_op_Read.ap_auto.i16, i16 %sext_ln29_5"   --->   Operation 18 'read' 'sext_ln29_5_read' <Predicate = true> <Delay = 0.00>
ST_1 : Operation 19 [1/1] (0.00ns)   --->   "%sext_ln29_4_read = read i16 @_ssdm_op_Read.ap_auto.i16, i16 %sext_ln29_4"   --->   Operation 19 'read' 'sext_ln29_4_read' <Predicate = true> <Delay = 0.00>
ST_1 : Operation 20 [1/1] (0.00ns)   --->   "%sext_ln29_3_read = read i16 @_ssdm_op_Read.ap_auto.i16, i16 %sext_ln29_3"   --->   Operation 20 'read' 'sext_ln29_3_read' <Predicate = true> <Delay = 0.00>
ST_1 : Operation 21 [1/1] (0.00ns)   --->   "%sext_ln29_9_read = read i16 @_ssdm_op_Read.ap_auto.i16, i16 %sext_ln29_9"   --->   Operation 21 'read' 'sext_ln29_9_read' <Predicate = true> <Delay = 0.00>
ST_1 : Operation 22 [1/1] (0.00ns)   --->   "%sext_ln29_2_read = read i16 @_ssdm_op_Read.ap_auto.i16, i16 %sext_ln29_2"   --->   Operation 22 'read' 'sext_ln29_2_read' <Predicate = true> <Delay = 0.00>
ST_1 : Operation 23 [1/1] (0.00ns)   --->   "%sext_ln29_1_read = read i16 @_ssdm_op_Read.ap_auto.i16, i16 %sext_ln29_1"   --->   Operation 23 'read' 'sext_ln29_1_read' <Predicate = true> <Delay = 0.00>
ST_1 : Operation 24 [1/1] (0.00ns)   --->   "%sext_ln29_read = read i16 @_ssdm_op_Read.ap_auto.i16, i16 %sext_ln29"   --->   Operation 24 'read' 'sext_ln29_read' <Predicate = true> <Delay = 0.00>
ST_1 : Operation 25 [1/1] (0.00ns)   --->   "%total_pixels_read = read i32 @_ssdm_op_Read.ap_auto.i32, i32 %total_pixels"   --->   Operation 25 'read' 'total_pixels_read' <Predicate = true> <Delay = 0.00>
ST_1 : Operation 26 [1/1] (0.00ns)   --->   "%sext_ln29_8_cast = sext i16 %sext_ln29_8_read"   --->   Operation 26 'sext' 'sext_ln29_8_cast' <Predicate = true> <Delay = 0.00>
ST_1 : Operation 27 [1/1] (0.00ns)   --->   "%sext_ln29_7_cast = sext i16 %sext_ln29_7_read"   --->   Operation 27 'sext' 'sext_ln29_7_cast' <Predicate = true> <Delay = 0.00>
ST_1 : Operation 28 [1/1] (0.00ns)   --->   "%sext_ln29_6_cast = sext i16 %sext_ln29_6_read"   --->   Operation 28 'sext' 'sext_ln29_6_cast' <Predicate = true> <Delay = 0.00>
ST_1 : Operation 29 [1/1] (0.00ns)   --->   "%sext_ln29_5_cast = sext i16 %sext_ln29_5_read"   --->   Operation 29 'sext' 'sext_ln29_5_cast' <Predicate = true> <Delay = 0.00>
ST_1 : Operation 30 [1/1] (0.00ns)   --->   "%sext_ln29_4_cast = sext i16 %sext_ln29_4_read"   --->   Operation 30 'sext' 'sext_ln29_4_cast' <Predicate = true> <Delay = 0.00>
ST_1 : Operation 31 [1/1] (0.00ns)   --->   "%sext_ln29_3_cast = sext i16 %sext_ln29_3_read"   --->   Operation 31 'sext' 'sext_ln29_3_cast' <Predicate = true> <Delay = 0.00>
ST_1 : Operation 32 [1/1] (0.00ns)   --->   "%sext_ln29_2_cast = sext i16 %sext_ln29_2_read"   --->   Operation 32 'sext' 'sext_ln29_2_cast' <Predicate = true> <Delay = 0.00>
ST_1 : Operation 33 [1/1] (0.00ns)   --->   "%sext_ln29_1_cast = sext i16 %sext_ln29_1_read"   --->   Operation 33 'sext' 'sext_ln29_1_cast' <Predicate = true> <Delay = 0.00>
ST_1 : Operation 34 [1/1] (0.00ns)   --->   "%sext_ln29_cast = sext i16 %sext_ln29_read"   --->   Operation 34 'sext' 'sext_ln29_cast' <Predicate = true> <Delay = 0.00>
ST_1 : Operation 35 [1/1] (0.00ns)   --->   "%sext_ln19_cast = sext i16 %sext_ln19_read"   --->   Operation 35 'sext' 'sext_ln19_cast' <Predicate = true> <Delay = 0.00>
ST_1 : Operation 36 [1/1] (0.00ns)   --->   "%sext_ln29_10_cast = sext i16 %sext_ln29_10_read"   --->   Operation 36 'sext' 'sext_ln29_10_cast' <Predicate = true> <Delay = 0.00>
ST_1 : Operation 37 [1/1] (0.00ns)   --->   "%sext_ln29_9_cast = sext i16 %sext_ln29_9_read"   --->   Operation 37 'sext' 'sext_ln29_9_cast' <Predicate = true> <Delay = 0.00>
ST_1 : Operation 38 [1/1] (0.00ns)   --->   "%specinterface_ln0 = specinterface void @_ssdm_op_SpecInterface, i32 %s_axis_video, void @empty, i32 0, i32 0, void @empty_0, i32 0, i32 0, void @empty_1, void @empty_1, void @empty_1, i32 0, i32 0, i32 0, i32 0, void @empty_1, void @empty_1, i32 4294967295, i32 0, i32 0, i32 0"   --->   Operation 38 'specinterface' 'specinterface_ln0' <Predicate = true> <Delay = 0.00>
ST_1 : Operation 39 [1/1] (0.00ns)   --->   "%specinterface_ln0 = specinterface void @_ssdm_op_SpecInterface, i32 %m_axis_video, void @empty, i32 0, i32 0, void @empty_0, i32 0, i32 0, void @empty_1, void @empty_1, void @empty_1, i32 0, i32 0, i32 0, i32 0, void @empty_1, void @empty_1, i32 4294967295, i32 0, i32 0, i32 0"   --->   Operation 39 'specinterface' 'specinterface_ln0' <Predicate = true> <Delay = 0.00>
ST_1 : Operation 40 [1/1] (0.42ns)   --->   "%store_ln0 = store i31 0, i31 %i"   --->   Operation 40 'store' 'store_ln0' <Predicate = true> <Delay = 0.42>
ST_1 : Operation 41 [1/1] (0.42ns)   --->   "%store_ln16 = store i32 0, i32 %y" [hls_color_space_convert.cpp:16]   --->   Operation 41 'store' 'store_ln16' <Predicate = true> <Delay = 0.42>
ST_1 : Operation 42 [1/1] (0.42ns)   --->   "%store_ln15 = store i32 0, i32 %x" [hls_color_space_convert.cpp:15]   --->   Operation 42 'store' 'store_ln15' <Predicate = true> <Delay = 0.42>
ST_1 : Operation 43 [1/1] (0.00ns)   --->   "%br_ln19 = br void %VITIS_LOOP_24_2" [hls_color_space_convert.cpp:19]   --->   Operation 43 'br' 'br_ln19' <Predicate = true> <Delay = 0.00>

State 2 <SV = 1> <Delay = 1.89>
ST_2 : Operation 44 [1/1] (0.00ns)   --->   "%i_load = load i31 %i" [hls_color_space_convert.cpp:19]   --->   Operation 44 'load' 'i_load' <Predicate = true> <Delay = 0.00>
ST_2 : Operation 45 [1/1] (0.00ns)   --->   "%zext_ln5 = zext i31 %i_load" [hls_color_space_convert.cpp:5]   --->   Operation 45 'zext' 'zext_ln5' <Predicate = true> <Delay = 0.00>
ST_2 : Operation 46 [1/1] (1.01ns)   --->   "%icmp_ln19 = icmp_slt  i32 %zext_ln5, i32 %total_pixels_read" [hls_color_space_convert.cpp:19]   --->   Operation 46 'icmp' 'icmp_ln19' <Predicate = true> <Delay = 1.01> <CoreInst = "Cmp">   --->   Core 9 'Cmp' <Latency = 0> <II = 1> <Delay = 1.01> <FuncUnit> <Opcode : 'seteq' 'setne' 'setle' 'setge' 'setlt' 'setgt'> <InPorts = 2> <OutPorts = 1>
ST_2 : Operation 47 [1/1] (1.00ns)   --->   "%add_ln19 = add i31 %i_load, i31 1" [hls_color_space_convert.cpp:19]   --->   Operation 47 'add' 'add_ln19' <Predicate = true> <Delay = 1.00> <CoreInst = "Adder">   --->   Core 1 'Adder' <Latency = 0> <II = 1> <Delay = 1.00> <FuncUnit> <Opcode : 'add' 'sub'> <InPorts = 2> <OutPorts = 1>
ST_2 : Operation 48 [1/1] (0.00ns)   --->   "%br_ln19 = br i1 %icmp_ln19, void %for.end46.exitStub, void %VITIS_LOOP_24_2.split" [hls_color_space_convert.cpp:19]   --->   Operation 48 'br' 'br_ln19' <Predicate = true> <Delay = 0.00>
ST_2 : Operation 49 [1/1] (0.00ns)   --->   "%x_load = load i32 %x" [hls_color_space_convert.cpp:50]   --->   Operation 49 'load' 'x_load' <Predicate = (icmp_ln19)> <Delay = 0.00>
ST_2 : Operation 50 [1/1] (0.00ns)   --->   "%y_load = load i32 %y" [hls_color_space_convert.cpp:48]   --->   Operation 50 'load' 'y_load' <Predicate = (icmp_ln19)> <Delay = 0.00>
ST_2 : Operation 51 [1/1] (0.00ns) (grouped into LUT with out node icmp_ln42)   --->   "%or_ln42 = or i32 %x_load, i32 %y_load" [hls_color_space_convert.cpp:42]   --->   Operation 51 'or' 'or_ln42' <Predicate = (icmp_ln19)> <Delay = 0.00> <CoreInst = "LogicGate">   --->   Core 74 'LogicGate' <Latency = 0> <II = 1> <Delay = 0.35> <FuncUnit> <Opcode : 'and' 'or' 'xor'> <InPorts = 2> <OutPorts = 1>
ST_2 : Operation 52 [1/1] (1.01ns) (out node of the LUT)   --->   "%icmp_ln42 = icmp_eq  i32 %or_ln42, i32 0" [hls_color_space_convert.cpp:42]   --->   Operation 52 'icmp' 'icmp_ln42' <Predicate = (icmp_ln19)> <Delay = 1.01> <CoreInst = "Cmp">   --->   Core 9 'Cmp' <Latency = 0> <II = 1> <Delay = 1.01> <FuncUnit> <Opcode : 'seteq' 'setne' 'setle' 'setge' 'setlt' 'setgt'> <InPorts = 2> <OutPorts = 1>
ST_2 : Operation 53 [1/1] (1.01ns)   --->   "%icmp_ln43 = icmp_eq  i32 %x_load, i32 %add_ln43_read" [hls_color_space_convert.cpp:43]   --->   Operation 53 'icmp' 'icmp_ln43' <Predicate = (icmp_ln19)> <Delay = 1.01> <CoreInst = "Cmp">   --->   Core 9 'Cmp' <Latency = 0> <II = 1> <Delay = 1.01> <FuncUnit> <Opcode : 'seteq' 'setne' 'setle' 'setge' 'setlt' 'setgt'> <InPorts = 2> <OutPorts = 1>
ST_2 : Operation 54 [1/1] (1.01ns)   --->   "%y_1 = add i32 %y_load, i32 1" [hls_color_space_convert.cpp:48]   --->   Operation 54 'add' 'y_1' <Predicate = (icmp_ln19)> <Delay = 1.01> <CoreInst = "Adder">   --->   Core 1 'Adder' <Latency = 0> <II = 1> <Delay = 1.01> <FuncUnit> <Opcode : 'add' 'sub'> <InPorts = 2> <OutPorts = 1>
ST_2 : Operation 55 [1/1] (1.01ns)   --->   "%x_1 = add i32 %x_load, i32 1" [hls_color_space_convert.cpp:50]   --->   Operation 55 'add' 'x_1' <Predicate = (icmp_ln19)> <Delay = 1.01> <CoreInst = "Adder">   --->   Core 1 'Adder' <Latency = 0> <II = 1> <Delay = 1.01> <FuncUnit> <Opcode : 'add' 'sub'> <InPorts = 2> <OutPorts = 1>
ST_2 : Operation 56 [1/1] (0.44ns)   --->   "%x_2 = select i1 %icmp_ln43, i32 0, i32 %x_1" [hls_color_space_convert.cpp:46]   --->   Operation 56 'select' 'x_2' <Predicate = (icmp_ln19)> <Delay = 0.44> <CoreInst = "Sel">   --->   Core 73 'Sel' <Latency = 0> <II = 1> <Delay = 0.44> <FuncUnit> <Opcode : 'select'> <InPorts = 3> <OutPorts = 1>
ST_2 : Operation 57 [1/1] (0.44ns)   --->   "%y_2 = select i1 %icmp_ln43, i32 %y_1, i32 %y_load" [hls_color_space_convert.cpp:46]   --->   Operation 57 'select' 'y_2' <Predicate = (icmp_ln19)> <Delay = 0.44> <CoreInst = "Sel">   --->   Core 73 'Sel' <Latency = 0> <II = 1> <Delay = 0.44> <FuncUnit> <Opcode : 'select'> <InPorts = 3> <OutPorts = 1>
ST_2 : Operation 58 [1/1] (0.42ns)   --->   "%store_ln19 = store i31 %add_ln19, i31 %i" [hls_color_space_convert.cpp:19]   --->   Operation 58 'store' 'store_ln19' <Predicate = (icmp_ln19)> <Delay = 0.42>
ST_2 : Operation 59 [1/1] (0.42ns)   --->   "%store_ln16 = store i32 %y_2, i32 %y" [hls_color_space_convert.cpp:16]   --->   Operation 59 'store' 'store_ln16' <Predicate = (icmp_ln19)> <Delay = 0.42>
ST_2 : Operation 60 [1/1] (0.42ns)   --->   "%store_ln15 = store i32 %x_2, i32 %x" [hls_color_space_convert.cpp:15]   --->   Operation 60 'store' 'store_ln15' <Predicate = (icmp_ln19)> <Delay = 0.42>

State 3 <SV = 2> <Delay = 1.07>
ST_3 : Operation 61 [1/1] ( I:0.07ns O:0.07ns )   --->   "%s_axis_video_read = read i32 @_ssdm_op_Read.axis.volatile.i32P128A, i32 %s_axis_video" [hls_color_space_convert.cpp:21]   --->   Operation 61 'read' 's_axis_video_read' <Predicate = true> <Delay = 0.07> <CoreInst = "regslice">   --->   Core 147 'regslice' <Latency = 0> <II = 1> <Delay = 0.65> <Adapter> <Opcode : 'read' 'write'>
ST_3 : Operation 62 [1/1] (0.00ns)   --->   "%trunc_ln21 = trunc i32 %s_axis_video_read" [hls_color_space_convert.cpp:21]   --->   Operation 62 'trunc' 'trunc_ln21' <Predicate = true> <Delay = 0.00>
ST_3 : Operation 63 [1/1] (0.00ns)   --->   "%lshr_ln = partselect i8 @_ssdm_op_PartSelect.i8.i32.i32.i32, i32 %s_axis_video_read, i32 8, i32 15" [hls_color_space_convert.cpp:21]   --->   Operation 63 'partselect' 'lshr_ln' <Predicate = true> <Delay = 0.00>
ST_3 : Operation 64 [1/1] (0.00ns)   --->   "%lshr_ln21_1 = partselect i8 @_ssdm_op_PartSelect.i8.i32.i32.i32, i32 %s_axis_video_read, i32 16, i32 23" [hls_color_space_convert.cpp:21]   --->   Operation 64 'partselect' 'lshr_ln21_1' <Predicate = true> <Delay = 0.00>
ST_3 : Operation 65 [1/1] (0.00ns)   --->   "%zext_ln21_1 = zext i8 %lshr_ln21_1" [hls_color_space_convert.cpp:21]   --->   Operation 65 'zext' 'zext_ln21_1' <Predicate = true> <Delay = 0.00>
ST_3 : Operation 66 [3/3] (0.99ns) (grouped into DSP with root node add_ln29)   --->   "%mul_ln29_1 = mul i24 %sext_ln29_2_cast, i24 %zext_ln21_1" [hls_color_space_convert.cpp:29]   --->   Operation 66 'mul' 'mul_ln29_1' <Predicate = true> <Delay = 0.99> <CoreInst = "DSP48">   --->   Core 124 'DSP48' <Latency = 3> <II = 1> <Delay = 0.53> <IPBlock> <Opcode : 'add' 'sub' 'mul' 'select'> <InPorts = 0> <OutPorts = 1> <Sync> <CReg>
ST_3 : Operation 67 [3/3] (0.99ns) (grouped into DSP with root node add_ln29_2)   --->   "%mul_ln29_4 = mul i24 %sext_ln29_5_cast, i24 %zext_ln21_1" [hls_color_space_convert.cpp:29]   --->   Operation 67 'mul' 'mul_ln29_4' <Predicate = true> <Delay = 0.99> <CoreInst = "DSP48">   --->   Core 124 'DSP48' <Latency = 3> <II = 1> <Delay = 0.53> <IPBlock> <Opcode : 'add' 'sub' 'mul' 'select'> <InPorts = 0> <OutPorts = 1> <Sync> <CReg>
ST_3 : Operation 68 [3/3] (0.99ns) (grouped into DSP with root node add_ln29_4)   --->   "%mul_ln29_7 = mul i24 %sext_ln29_8_cast, i24 %zext_ln21_1" [hls_color_space_convert.cpp:29]   --->   Operation 68 'mul' 'mul_ln29_7' <Predicate = true> <Delay = 0.99> <CoreInst = "DSP48">   --->   Core 124 'DSP48' <Latency = 3> <II = 1> <Delay = 0.53> <IPBlock> <Opcode : 'add' 'sub' 'mul' 'select'> <InPorts = 0> <OutPorts = 1> <Sync> <CReg>

State 4 <SV = 3> <Delay = 0.99>
ST_4 : Operation 69 [1/1] (0.00ns)   --->   "%zext_ln21 = zext i8 %trunc_ln21" [hls_color_space_convert.cpp:21]   --->   Operation 69 'zext' 'zext_ln21' <Predicate = true> <Delay = 0.00>
ST_4 : Operation 70 [3/3] (0.99ns) (grouped into DSP with root node sum_1)   --->   "%sum = mul i24 %sext_ln29_cast, i24 %zext_ln21" [hls_color_space_convert.cpp:29]   --->   Operation 70 'mul' 'sum' <Predicate = true> <Delay = 0.99> <CoreInst = "DSP48">   --->   Core 124 'DSP48' <Latency = 3> <II = 1> <Delay = 0.53> <IPBlock> <Opcode : 'add' 'sub' 'mul' 'select'> <InPorts = 0> <OutPorts = 1> <Sync> <CReg>
ST_4 : Operation 71 [2/3] (0.99ns) (grouped into DSP with root node add_ln29)   --->   "%mul_ln29_1 = mul i24 %sext_ln29_2_cast, i24 %zext_ln21_1" [hls_color_space_convert.cpp:29]   --->   Operation 71 'mul' 'mul_ln29_1' <Predicate = true> <Delay = 0.99> <CoreInst = "DSP48">   --->   Core 124 'DSP48' <Latency = 3> <II = 1> <Delay = 0.53> <IPBlock> <Opcode : 'add' 'sub' 'mul' 'select'> <InPorts = 0> <OutPorts = 1> <Sync> <CReg>
ST_4 : Operation 72 [3/3] (0.99ns) (grouped into DSP with root node sum_3)   --->   "%sum_2 = mul i24 %sext_ln29_3_cast, i24 %zext_ln21" [hls_color_space_convert.cpp:29]   --->   Operation 72 'mul' 'sum_2' <Predicate = true> <Delay = 0.99> <CoreInst = "DSP48">   --->   Core 124 'DSP48' <Latency = 3> <II = 1> <Delay = 0.53> <IPBlock> <Opcode : 'add' 'sub' 'mul' 'select'> <InPorts = 0> <OutPorts = 1> <Sync> <CReg>
ST_4 : Operation 73 [2/3] (0.99ns) (grouped into DSP with root node add_ln29_2)   --->   "%mul_ln29_4 = mul i24 %sext_ln29_5_cast, i24 %zext_ln21_1" [hls_color_space_convert.cpp:29]   --->   Operation 73 'mul' 'mul_ln29_4' <Predicate = true> <Delay = 0.99> <CoreInst = "DSP48">   --->   Core 124 'DSP48' <Latency = 3> <II = 1> <Delay = 0.53> <IPBlock> <Opcode : 'add' 'sub' 'mul' 'select'> <InPorts = 0> <OutPorts = 1> <Sync> <CReg>
ST_4 : Operation 74 [3/3] (0.99ns) (grouped into DSP with root node sum_5)   --->   "%sum_4 = mul i24 %sext_ln29_6_cast, i24 %zext_ln21" [hls_color_space_convert.cpp:29]   --->   Operation 74 'mul' 'sum_4' <Predicate = true> <Delay = 0.99> <CoreInst = "DSP48">   --->   Core 124 'DSP48' <Latency = 3> <II = 1> <Delay = 0.53> <IPBlock> <Opcode : 'add' 'sub' 'mul' 'select'> <InPorts = 0> <OutPorts = 1> <Sync> <CReg>
ST_4 : Operation 75 [2/3] (0.99ns) (grouped into DSP with root node add_ln29_4)   --->   "%mul_ln29_7 = mul i24 %sext_ln29_8_cast, i24 %zext_ln21_1" [hls_color_space_convert.cpp:29]   --->   Operation 75 'mul' 'mul_ln29_7' <Predicate = true> <Delay = 0.99> <CoreInst = "DSP48">   --->   Core 124 'DSP48' <Latency = 3> <II = 1> <Delay = 0.53> <IPBlock> <Opcode : 'add' 'sub' 'mul' 'select'> <InPorts = 0> <OutPorts = 1> <Sync> <CReg>

State 5 <SV = 4> <Delay = 3.02>
ST_5 : Operation 76 [2/3] (0.99ns) (grouped into DSP with root node sum_1)   --->   "%sum = mul i24 %sext_ln29_cast, i24 %zext_ln21" [hls_color_space_convert.cpp:29]   --->   Operation 76 'mul' 'sum' <Predicate = true> <Delay = 0.99> <CoreInst = "DSP48">   --->   Core 124 'DSP48' <Latency = 3> <II = 1> <Delay = 0.53> <IPBlock> <Opcode : 'add' 'sub' 'mul' 'select'> <InPorts = 0> <OutPorts = 1> <Sync> <CReg>
ST_5 : Operation 77 [1/1] (0.00ns)   --->   "%zext_ln29 = zext i8 %lshr_ln" [hls_color_space_convert.cpp:29]   --->   Operation 77 'zext' 'zext_ln29' <Predicate = true> <Delay = 0.00>
ST_5 : Operation 78 [1/1] (2.38ns)   --->   "%mul_ln29 = mul i24 %sext_ln29_1_cast, i24 %zext_ln29" [hls_color_space_convert.cpp:29]   --->   Operation 78 'mul' 'mul_ln29' <Predicate = true> <Delay = 2.38> <CoreInst = "Multiplier">   --->   Core 3 'Multiplier' <Latency = 0> <II = 1> <Delay = 2.38> <FuncUnit> <Opcode : 'mul'> <InPorts = 2> <OutPorts = 1>
ST_5 : Operation 79 [1/1] (0.00ns)   --->   "%sext_ln29_11 = sext i24 %mul_ln29" [hls_color_space_convert.cpp:29]   --->   Operation 79 'sext' 'sext_ln29_11' <Predicate = true> <Delay = 0.00>
ST_5 : Operation 80 [1/3] (0.00ns) (grouped into DSP with root node add_ln29)   --->   "%mul_ln29_1 = mul i24 %sext_ln29_2_cast, i24 %zext_ln21_1" [hls_color_space_convert.cpp:29]   --->   Operation 80 'mul' 'mul_ln29_1' <Predicate = true> <Delay = 0.00> <CoreInst = "DSP48">   --->   Core 124 'DSP48' <Latency = 3> <II = 1> <Delay = 0.53> <IPBlock> <Opcode : 'add' 'sub' 'mul' 'select'> <InPorts = 0> <OutPorts = 1> <Sync> <CReg>
ST_5 : Operation 81 [1/1] (0.00ns) (grouped into DSP with root node add_ln29)   --->   "%sext_ln29_12 = sext i24 %mul_ln29_1" [hls_color_space_convert.cpp:29]   --->   Operation 81 'sext' 'sext_ln29_12' <Predicate = true> <Delay = 0.00>
ST_5 : Operation 82 [2/2] (0.64ns) (root node of the DSP)   --->   "%add_ln29 = add i25 %sext_ln29_11, i25 %sext_ln29_12" [hls_color_space_convert.cpp:29]   --->   Operation 82 'add' 'add_ln29' <Predicate = true> <Delay = 0.64> <CoreInst = "DSP48">   --->   Core 124 'DSP48' <Latency = 3> <II = 1> <Delay = 0.53> <IPBlock> <Opcode : 'add' 'sub' 'mul' 'select'> <InPorts = 0> <OutPorts = 1> <Sync> <CReg>
ST_5 : Operation 83 [2/3] (0.99ns) (grouped into DSP with root node sum_3)   --->   "%sum_2 = mul i24 %sext_ln29_3_cast, i24 %zext_ln21" [hls_color_space_convert.cpp:29]   --->   Operation 83 'mul' 'sum_2' <Predicate = true> <Delay = 0.99> <CoreInst = "DSP48">   --->   Core 124 'DSP48' <Latency = 3> <II = 1> <Delay = 0.53> <IPBlock> <Opcode : 'add' 'sub' 'mul' 'select'> <InPorts = 0> <OutPorts = 1> <Sync> <CReg>
ST_5 : Operation 84 [1/1] (2.38ns)   --->   "%mul_ln29_3 = mul i24 %sext_ln29_4_cast, i24 %zext_ln29" [hls_color_space_convert.cpp:29]   --->   Operation 84 'mul' 'mul_ln29_3' <Predicate = true> <Delay = 2.38> <CoreInst = "Multiplier">   --->   Core 3 'Multiplier' <Latency = 0> <II = 1> <Delay = 2.38> <FuncUnit> <Opcode : 'mul'> <InPorts = 2> <OutPorts = 1>
ST_5 : Operation 85 [1/1] (0.00ns)   --->   "%sext_ln29_14 = sext i24 %mul_ln29_3" [hls_color_space_convert.cpp:29]   --->   Operation 85 'sext' 'sext_ln29_14' <Predicate = true> <Delay = 0.00>
ST_5 : Operation 86 [1/3] (0.00ns) (grouped into DSP with root node add_ln29_2)   --->   "%mul_ln29_4 = mul i24 %sext_ln29_5_cast, i24 %zext_ln21_1" [hls_color_space_convert.cpp:29]   --->   Operation 86 'mul' 'mul_ln29_4' <Predicate = true> <Delay = 0.00> <CoreInst = "DSP48">   --->   Core 124 'DSP48' <Latency = 3> <II = 1> <Delay = 0.53> <IPBlock> <Opcode : 'add' 'sub' 'mul' 'select'> <InPorts = 0> <OutPorts = 1> <Sync> <CReg>
ST_5 : Operation 87 [1/1] (0.00ns) (grouped into DSP with root node add_ln29_2)   --->   "%sext_ln29_15 = sext i24 %mul_ln29_4" [hls_color_space_convert.cpp:29]   --->   Operation 87 'sext' 'sext_ln29_15' <Predicate = true> <Delay = 0.00>
ST_5 : Operation 88 [2/2] (0.64ns) (root node of the DSP)   --->   "%add_ln29_2 = add i25 %sext_ln29_14, i25 %sext_ln29_15" [hls_color_space_convert.cpp:29]   --->   Operation 88 'add' 'add_ln29_2' <Predicate = true> <Delay = 0.64> <CoreInst = "DSP48">   --->   Core 124 'DSP48' <Latency = 3> <II = 1> <Delay = 0.53> <IPBlock> <Opcode : 'add' 'sub' 'mul' 'select'> <InPorts = 0> <OutPorts = 1> <Sync> <CReg>
ST_5 : Operation 89 [2/3] (0.99ns) (grouped into DSP with root node sum_5)   --->   "%sum_4 = mul i24 %sext_ln29_6_cast, i24 %zext_ln21" [hls_color_space_convert.cpp:29]   --->   Operation 89 'mul' 'sum_4' <Predicate = true> <Delay = 0.99> <CoreInst = "DSP48">   --->   Core 124 'DSP48' <Latency = 3> <II = 1> <Delay = 0.53> <IPBlock> <Opcode : 'add' 'sub' 'mul' 'select'> <InPorts = 0> <OutPorts = 1> <Sync> <CReg>
ST_5 : Operation 90 [1/1] (2.38ns)   --->   "%mul_ln29_6 = mul i24 %sext_ln29_7_cast, i24 %zext_ln29" [hls_color_space_convert.cpp:29]   --->   Operation 90 'mul' 'mul_ln29_6' <Predicate = true> <Delay = 2.38> <CoreInst = "Multiplier">   --->   Core 3 'Multiplier' <Latency = 0> <II = 1> <Delay = 2.38> <FuncUnit> <Opcode : 'mul'> <InPorts = 2> <OutPorts = 1>
ST_5 : Operation 91 [1/1] (0.00ns)   --->   "%sext_ln29_17 = sext i24 %mul_ln29_6" [hls_color_space_convert.cpp:29]   --->   Operation 91 'sext' 'sext_ln29_17' <Predicate = true> <Delay = 0.00>
ST_5 : Operation 92 [1/3] (0.00ns) (grouped into DSP with root node add_ln29_4)   --->   "%mul_ln29_7 = mul i24 %sext_ln29_8_cast, i24 %zext_ln21_1" [hls_color_space_convert.cpp:29]   --->   Operation 92 'mul' 'mul_ln29_7' <Predicate = true> <Delay = 0.00> <CoreInst = "DSP48">   --->   Core 124 'DSP48' <Latency = 3> <II = 1> <Delay = 0.53> <IPBlock> <Opcode : 'add' 'sub' 'mul' 'select'> <InPorts = 0> <OutPorts = 1> <Sync> <CReg>
ST_5 : Operation 93 [1/1] (0.00ns) (grouped into DSP with root node add_ln29_4)   --->   "%sext_ln29_18 = sext i24 %mul_ln29_7" [hls_color_space_convert.cpp:29]   --->   Operation 93 'sext' 'sext_ln29_18' <Predicate = true> <Delay = 0.00>
ST_5 : Operation 94 [2/2] (0.64ns) (root node of the DSP)   --->   "%add_ln29_4 = add i25 %sext_ln29_17, i25 %sext_ln29_18" [hls_color_space_convert.cpp:29]   --->   Operation 94 'add' 'add_ln29_4' <Predicate = true> <Delay = 0.64> <CoreInst = "DSP48">   --->   Core 124 'DSP48' <Latency = 3> <II = 1> <Delay = 0.53> <IPBlock> <Opcode : 'add' 'sub' 'mul' 'select'> <InPorts = 0> <OutPorts = 1> <Sync> <CReg>

State 6 <SV = 5> <Delay = 1.29>
ST_6 : Operation 95 [1/3] (0.00ns) (grouped into DSP with root node sum_1)   --->   "%sum = mul i24 %sext_ln29_cast, i24 %zext_ln21" [hls_color_space_convert.cpp:29]   --->   Operation 95 'mul' 'sum' <Predicate = true> <Delay = 0.00> <CoreInst = "DSP48">   --->   Core 124 'DSP48' <Latency = 3> <II = 1> <Delay = 0.53> <IPBlock> <Opcode : 'add' 'sub' 'mul' 'select'> <InPorts = 0> <OutPorts = 1> <Sync> <CReg>
ST_6 : Operation 96 [1/1] (0.00ns) (grouped into DSP with root node sum_1)   --->   "%sext_ln26 = sext i24 %sum" [hls_color_space_convert.cpp:26]   --->   Operation 96 'sext' 'sext_ln26' <Predicate = true> <Delay = 0.00>
ST_6 : Operation 97 [1/2] (0.64ns) (root node of the DSP)   --->   "%add_ln29 = add i25 %sext_ln29_11, i25 %sext_ln29_12" [hls_color_space_convert.cpp:29]   --->   Operation 97 'add' 'add_ln29' <Predicate = true> <Delay = 0.64> <CoreInst = "DSP48">   --->   Core 124 'DSP48' <Latency = 3> <II = 1> <Delay = 0.53> <IPBlock> <Opcode : 'add' 'sub' 'mul' 'select'> <InPorts = 0> <OutPorts = 1> <Sync> <CReg>
ST_6 : Operation 98 [1/1] (0.00ns)   --->   "%sext_ln29_13 = sext i25 %add_ln29" [hls_color_space_convert.cpp:29]   --->   Operation 98 'sext' 'sext_ln29_13' <Predicate = true> <Delay = 0.00>
ST_6 : Operation 99 [2/2] (0.64ns) (root node of the DSP)   --->   "%sum_1 = add i26 %sext_ln29_13, i26 %sext_ln26" [hls_color_space_convert.cpp:29]   --->   Operation 99 'add' 'sum_1' <Predicate = true> <Delay = 0.64> <CoreInst = "DSP48">   --->   Core 124 'DSP48' <Latency = 3> <II = 1> <Delay = 0.53> <IPBlock> <Opcode : 'add' 'sub' 'mul' 'select'> <InPorts = 0> <OutPorts = 1> <Sync> <CReg>
ST_6 : Operation 100 [1/3] (0.00ns) (grouped into DSP with root node sum_3)   --->   "%sum_2 = mul i24 %sext_ln29_3_cast, i24 %zext_ln21" [hls_color_space_convert.cpp:29]   --->   Operation 100 'mul' 'sum_2' <Predicate = true> <Delay = 0.00> <CoreInst = "DSP48">   --->   Core 124 'DSP48' <Latency = 3> <II = 1> <Delay = 0.53> <IPBlock> <Opcode : 'add' 'sub' 'mul' 'select'> <InPorts = 0> <OutPorts = 1> <Sync> <CReg>
ST_6 : Operation 101 [1/1] (0.00ns) (grouped into DSP with root node sum_3)   --->   "%sext_ln26_1 = sext i24 %sum_2" [hls_color_space_convert.cpp:26]   --->   Operation 101 'sext' 'sext_ln26_1' <Predicate = true> <Delay = 0.00>
ST_6 : Operation 102 [1/2] (0.64ns) (root node of the DSP)   --->   "%add_ln29_2 = add i25 %sext_ln29_14, i25 %sext_ln29_15" [hls_color_space_convert.cpp:29]   --->   Operation 102 'add' 'add_ln29_2' <Predicate = true> <Delay = 0.64> <CoreInst = "DSP48">   --->   Core 124 'DSP48' <Latency = 3> <II = 1> <Delay = 0.53> <IPBlock> <Opcode : 'add' 'sub' 'mul' 'select'> <InPorts = 0> <OutPorts = 1> <Sync> <CReg>
ST_6 : Operation 103 [1/1] (0.00ns)   --->   "%sext_ln29_16 = sext i25 %add_ln29_2" [hls_color_space_convert.cpp:29]   --->   Operation 103 'sext' 'sext_ln29_16' <Predicate = true> <Delay = 0.00>
ST_6 : Operation 104 [2/2] (0.64ns) (root node of the DSP)   --->   "%sum_3 = add i26 %sext_ln29_16, i26 %sext_ln26_1" [hls_color_space_convert.cpp:29]   --->   Operation 104 'add' 'sum_3' <Predicate = true> <Delay = 0.64> <CoreInst = "DSP48">   --->   Core 124 'DSP48' <Latency = 3> <II = 1> <Delay = 0.53> <IPBlock> <Opcode : 'add' 'sub' 'mul' 'select'> <InPorts = 0> <OutPorts = 1> <Sync> <CReg>
ST_6 : Operation 105 [1/3] (0.00ns) (grouped into DSP with root node sum_5)   --->   "%sum_4 = mul i24 %sext_ln29_6_cast, i24 %zext_ln21" [hls_color_space_convert.cpp:29]   --->   Operation 105 'mul' 'sum_4' <Predicate = true> <Delay = 0.00> <CoreInst = "DSP48">   --->   Core 124 'DSP48' <Latency = 3> <II = 1> <Delay = 0.53> <IPBlock> <Opcode : 'add' 'sub' 'mul' 'select'> <InPorts = 0> <OutPorts = 1> <Sync> <CReg>
ST_6 : Operation 106 [1/1] (0.00ns) (grouped into DSP with root node sum_5)   --->   "%sext_ln26_2 = sext i24 %sum_4" [hls_color_space_convert.cpp:26]   --->   Operation 106 'sext' 'sext_ln26_2' <Predicate = true> <Delay = 0.00>
ST_6 : Operation 107 [1/2] (0.64ns) (root node of the DSP)   --->   "%add_ln29_4 = add i25 %sext_ln29_17, i25 %sext_ln29_18" [hls_color_space_convert.cpp:29]   --->   Operation 107 'add' 'add_ln29_4' <Predicate = true> <Delay = 0.64> <CoreInst = "DSP48">   --->   Core 124 'DSP48' <Latency = 3> <II = 1> <Delay = 0.53> <IPBlock> <Opcode : 'add' 'sub' 'mul' 'select'> <InPorts = 0> <OutPorts = 1> <Sync> <CReg>
ST_6 : Operation 108 [1/1] (0.00ns)   --->   "%sext_ln29_19 = sext i25 %add_ln29_4" [hls_color_space_convert.cpp:29]   --->   Operation 108 'sext' 'sext_ln29_19' <Predicate = true> <Delay = 0.00>
ST_6 : Operation 109 [2/2] (0.64ns) (root node of the DSP)   --->   "%sum_5 = add i26 %sext_ln29_19, i26 %sext_ln26_2" [hls_color_space_convert.cpp:29]   --->   Operation 109 'add' 'sum_5' <Predicate = true> <Delay = 0.64> <CoreInst = "DSP48">   --->   Core 124 'DSP48' <Latency = 3> <II = 1> <Delay = 0.53> <IPBlock> <Opcode : 'add' 'sub' 'mul' 'select'> <InPorts = 0> <OutPorts = 1> <Sync> <CReg>
ST_6 : Operation 155 [1/1] (0.42ns)   --->   "%ret_ln0 = ret"   --->   Operation 155 'ret' 'ret_ln0' <Predicate = (!icmp_ln19)> <Delay = 0.42>

State 7 <SV = 6> <Delay = 3.20>
ST_7 : Operation 110 [1/1] (0.00ns)   --->   "%specpipeline_ln20 = specpipeline void @_ssdm_op_SpecPipeline, i32 1, i32 0, i32 0, i32 0, i32 4294967295, void @empty_1" [hls_color_space_convert.cpp:20]   --->   Operation 110 'specpipeline' 'specpipeline_ln20' <Predicate = true> <Delay = 0.00>
ST_7 : Operation 111 [1/1] (0.00ns)   --->   "%specloopname_ln19 = specloopname void @_ssdm_op_SpecLoopName, void @empty_20" [hls_color_space_convert.cpp:19]   --->   Operation 111 'specloopname' 'specloopname_ln19' <Predicate = true> <Delay = 0.00>
ST_7 : Operation 112 [1/2] (0.64ns) (root node of the DSP)   --->   "%sum_1 = add i26 %sext_ln29_13, i26 %sext_ln26" [hls_color_space_convert.cpp:29]   --->   Operation 112 'add' 'sum_1' <Predicate = true> <Delay = 0.64> <CoreInst = "DSP48">   --->   Core 124 'DSP48' <Latency = 3> <II = 1> <Delay = 0.53> <IPBlock> <Opcode : 'add' 'sub' 'mul' 'select'> <InPorts = 0> <OutPorts = 1> <Sync> <CReg>
ST_7 : Operation 113 [1/1] (0.00ns)   --->   "%trunc_ln = partselect i18 @_ssdm_op_PartSelect.i18.i26.i32.i32, i26 %sum_1, i32 8, i32 25" [hls_color_space_convert.cpp:32]   --->   Operation 113 'partselect' 'trunc_ln' <Predicate = true> <Delay = 0.00>
ST_7 : Operation 114 [1/1] (0.00ns)   --->   "%sext_ln32 = sext i18 %trunc_ln" [hls_color_space_convert.cpp:32]   --->   Operation 114 'sext' 'sext_ln32' <Predicate = true> <Delay = 0.00>
ST_7 : Operation 115 [1/1] (0.87ns)   --->   "%result = add i19 %sext_ln32, i19 %sext_ln29_9_cast" [hls_color_space_convert.cpp:32]   --->   Operation 115 'add' 'result' <Predicate = true> <Delay = 0.87> <CoreInst = "Adder">   --->   Core 1 'Adder' <Latency = 0> <II = 1> <Delay = 0.87> <FuncUnit> <Opcode : 'add' 'sub'> <InPorts = 2> <OutPorts = 1>
ST_7 : Operation 116 [1/1] (0.00ns)   --->   "%sext_ln32_1 = sext i19 %result" [hls_color_space_convert.cpp:32]   --->   Operation 116 'sext' 'sext_ln32_1' <Predicate = true> <Delay = 0.00>
ST_7 : Operation 117 [1/1] (0.00ns)   --->   "%tmp = bitselect i1 @_ssdm_op_BitSelect.i1.i41.i32, i41 %sext_ln32_1, i32 40" [hls_color_space_convert.cpp:33]   --->   Operation 117 'bitselect' 'tmp' <Predicate = true> <Delay = 0.00>
ST_7 : Operation 118 [1/1] (0.00ns)   --->   "%tmp_1 = partselect i11 @_ssdm_op_PartSelect.i11.i19.i32.i32, i19 %result, i32 8, i32 18" [hls_color_space_convert.cpp:35]   --->   Operation 118 'partselect' 'tmp_1' <Predicate = true> <Delay = 0.00>
ST_7 : Operation 119 [1/1] (0.79ns)   --->   "%icmp_ln35 = icmp_sgt  i11 %tmp_1, i11 0" [hls_color_space_convert.cpp:35]   --->   Operation 119 'icmp' 'icmp_ln35' <Predicate = true> <Delay = 0.79> <CoreInst = "Cmp">   --->   Core 9 'Cmp' <Latency = 0> <II = 1> <Delay = 0.79> <FuncUnit> <Opcode : 'seteq' 'setne' 'setle' 'setge' 'setlt' 'setgt'> <InPorts = 2> <OutPorts = 1>
ST_7 : Operation 120 [1/1] (0.00ns) (grouped into LUT with out node select_ln39)   --->   "%trunc_ln39 = trunc i19 %result" [hls_color_space_convert.cpp:39]   --->   Operation 120 'trunc' 'trunc_ln39' <Predicate = true> <Delay = 0.00>
ST_7 : Operation 121 [1/1] (0.00ns) (grouped into LUT with out node select_ln39)   --->   "%xor_ln39 = xor i1 %tmp, i1 1" [hls_color_space_convert.cpp:39]   --->   Operation 121 'xor' 'xor_ln39' <Predicate = true> <Delay = 0.00> <CoreInst = "LogicGate">   --->   Core 74 'LogicGate' <Latency = 0> <II = 1> <Delay = 0.28> <FuncUnit> <Opcode : 'and' 'or' 'xor'> <InPorts = 2> <OutPorts = 1>
ST_7 : Operation 122 [1/1] (0.00ns) (grouped into LUT with out node select_ln39)   --->   "%select_ln39_3 = select i1 %xor_ln39, i8 255, i8 0" [hls_color_space_convert.cpp:39]   --->   Operation 122 'select' 'select_ln39_3' <Predicate = true> <Delay = 0.00> <CoreInst = "Sel">   --->   Core 73 'Sel' <Latency = 0> <II = 1> <Delay = 0.17> <FuncUnit> <Opcode : 'select'> <InPorts = 3> <OutPorts = 1>
ST_7 : Operation 123 [1/1] (0.00ns) (grouped into LUT with out node select_ln39)   --->   "%or_ln39 = or i1 %tmp, i1 %icmp_ln35" [hls_color_space_convert.cpp:39]   --->   Operation 123 'or' 'or_ln39' <Predicate = true> <Delay = 0.00> <CoreInst = "LogicGate">   --->   Core 74 'LogicGate' <Latency = 0> <II = 1> <Delay = 0.28> <FuncUnit> <Opcode : 'and' 'or' 'xor'> <InPorts = 2> <OutPorts = 1>
ST_7 : Operation 124 [1/1] (0.39ns) (out node of the LUT)   --->   "%select_ln39 = select i1 %or_ln39, i8 %select_ln39_3, i8 %trunc_ln39" [hls_color_space_convert.cpp:39]   --->   Operation 124 'select' 'select_ln39' <Predicate = true> <Delay = 0.39> <CoreInst = "Sel">   --->   Core 73 'Sel' <Latency = 0> <II = 1> <Delay = 0.39> <FuncUnit> <Opcode : 'select'> <InPorts = 3> <OutPorts = 1>
ST_7 : Operation 125 [1/2] (0.64ns) (root node of the DSP)   --->   "%sum_3 = add i26 %sext_ln29_16, i26 %sext_ln26_1" [hls_color_space_convert.cpp:29]   --->   Operation 125 'add' 'sum_3' <Predicate = true> <Delay = 0.64> <CoreInst = "DSP48">   --->   Core 124 'DSP48' <Latency = 3> <II = 1> <Delay = 0.53> <IPBlock> <Opcode : 'add' 'sub' 'mul' 'select'> <InPorts = 0> <OutPorts = 1> <Sync> <CReg>
ST_7 : Operation 126 [1/1] (0.00ns)   --->   "%trunc_ln32_1 = partselect i18 @_ssdm_op_PartSelect.i18.i26.i32.i32, i26 %sum_3, i32 8, i32 25" [hls_color_space_convert.cpp:32]   --->   Operation 126 'partselect' 'trunc_ln32_1' <Predicate = true> <Delay = 0.00>
ST_7 : Operation 127 [1/1] (0.00ns)   --->   "%sext_ln32_2 = sext i18 %trunc_ln32_1" [hls_color_space_convert.cpp:32]   --->   Operation 127 'sext' 'sext_ln32_2' <Predicate = true> <Delay = 0.00>
ST_7 : Operation 128 [1/1] (0.87ns)   --->   "%result_1 = add i19 %sext_ln32_2, i19 %sext_ln29_10_cast" [hls_color_space_convert.cpp:32]   --->   Operation 128 'add' 'result_1' <Predicate = true> <Delay = 0.87> <CoreInst = "Adder">   --->   Core 1 'Adder' <Latency = 0> <II = 1> <Delay = 0.87> <FuncUnit> <Opcode : 'add' 'sub'> <InPorts = 2> <OutPorts = 1>
ST_7 : Operation 129 [1/1] (0.00ns)   --->   "%sext_ln32_3 = sext i19 %result_1" [hls_color_space_convert.cpp:32]   --->   Operation 129 'sext' 'sext_ln32_3' <Predicate = true> <Delay = 0.00>
ST_7 : Operation 130 [1/1] (0.00ns)   --->   "%tmp_2 = bitselect i1 @_ssdm_op_BitSelect.i1.i41.i32, i41 %sext_ln32_3, i32 40" [hls_color_space_convert.cpp:33]   --->   Operation 130 'bitselect' 'tmp_2' <Predicate = true> <Delay = 0.00>
ST_7 : Operation 131 [1/1] (0.00ns)   --->   "%tmp_3 = partselect i11 @_ssdm_op_PartSelect.i11.i19.i32.i32, i19 %result_1, i32 8, i32 18" [hls_color_space_convert.cpp:35]   --->   Operation 131 'partselect' 'tmp_3' <Predicate = true> <Delay = 0.00>
ST_7 : Operation 132 [1/1] (0.79ns)   --->   "%icmp_ln35_1 = icmp_sgt  i11 %tmp_3, i11 0" [hls_color_space_convert.cpp:35]   --->   Operation 132 'icmp' 'icmp_ln35_1' <Predicate = true> <Delay = 0.79> <CoreInst = "Cmp">   --->   Core 9 'Cmp' <Latency = 0> <II = 1> <Delay = 0.79> <FuncUnit> <Opcode : 'seteq' 'setne' 'setle' 'setge' 'setlt' 'setgt'> <InPorts = 2> <OutPorts = 1>
ST_7 : Operation 133 [1/1] (0.00ns) (grouped into LUT with out node select_ln39_2)   --->   "%xor_ln39_1 = xor i1 %tmp_2, i1 1" [hls_color_space_convert.cpp:39]   --->   Operation 133 'xor' 'xor_ln39_1' <Predicate = true> <Delay = 0.00> <CoreInst = "LogicGate">   --->   Core 74 'LogicGate' <Latency = 0> <II = 1> <Delay = 0.28> <FuncUnit> <Opcode : 'and' 'or' 'xor'> <InPorts = 2> <OutPorts = 1>
ST_7 : Operation 134 [1/1] (0.00ns) (grouped into LUT with out node select_ln39_2)   --->   "%or_ln39_1 = or i1 %tmp_2, i1 %icmp_ln35_1" [hls_color_space_convert.cpp:39]   --->   Operation 134 'or' 'or_ln39_1' <Predicate = true> <Delay = 0.00> <CoreInst = "LogicGate">   --->   Core 74 'LogicGate' <Latency = 0> <II = 1> <Delay = 0.28> <FuncUnit> <Opcode : 'and' 'or' 'xor'> <InPorts = 2> <OutPorts = 1>
ST_7 : Operation 135 [1/2] (0.64ns) (root node of the DSP)   --->   "%sum_5 = add i26 %sext_ln29_19, i26 %sext_ln26_2" [hls_color_space_convert.cpp:29]   --->   Operation 135 'add' 'sum_5' <Predicate = true> <Delay = 0.64> <CoreInst = "DSP48">   --->   Core 124 'DSP48' <Latency = 3> <II = 1> <Delay = 0.53> <IPBlock> <Opcode : 'add' 'sub' 'mul' 'select'> <InPorts = 0> <OutPorts = 1> <Sync> <CReg>
ST_7 : Operation 136 [1/1] (0.00ns)   --->   "%trunc_ln32_2 = partselect i18 @_ssdm_op_PartSelect.i18.i26.i32.i32, i26 %sum_5, i32 8, i32 25" [hls_color_space_convert.cpp:32]   --->   Operation 136 'partselect' 'trunc_ln32_2' <Predicate = true> <Delay = 0.00>
ST_7 : Operation 137 [1/1] (0.00ns)   --->   "%sext_ln32_4 = sext i18 %trunc_ln32_2" [hls_color_space_convert.cpp:32]   --->   Operation 137 'sext' 'sext_ln32_4' <Predicate = true> <Delay = 0.00>
ST_7 : Operation 138 [1/1] (0.87ns)   --->   "%result_2 = add i19 %sext_ln32_4, i19 %sext_ln19_cast" [hls_color_space_convert.cpp:32]   --->   Operation 138 'add' 'result_2' <Predicate = true> <Delay = 0.87> <CoreInst = "Adder">   --->   Core 1 'Adder' <Latency = 0> <II = 1> <Delay = 0.87> <FuncUnit> <Opcode : 'add' 'sub'> <InPorts = 2> <OutPorts = 1>
ST_7 : Operation 139 [1/1] (0.00ns)   --->   "%sext_ln32_5 = sext i19 %result_2" [hls_color_space_convert.cpp:32]   --->   Operation 139 'sext' 'sext_ln32_5' <Predicate = true> <Delay = 0.00>
ST_7 : Operation 140 [1/1] (0.00ns)   --->   "%tmp_4 = bitselect i1 @_ssdm_op_BitSelect.i1.i41.i32, i41 %sext_ln32_5, i32 40" [hls_color_space_convert.cpp:33]   --->   Operation 140 'bitselect' 'tmp_4' <Predicate = true> <Delay = 0.00>
ST_7 : Operation 141 [1/1] (0.00ns)   --->   "%tmp_5 = partselect i11 @_ssdm_op_PartSelect.i11.i19.i32.i32, i19 %result_2, i32 8, i32 18" [hls_color_space_convert.cpp:35]   --->   Operation 141 'partselect' 'tmp_5' <Predicate = true> <Delay = 0.00>
ST_7 : Operation 142 [1/1] (0.79ns)   --->   "%icmp_ln35_2 = icmp_sgt  i11 %tmp_5, i11 0" [hls_color_space_convert.cpp:35]   --->   Operation 142 'icmp' 'icmp_ln35_2' <Predicate = true> <Delay = 0.79> <CoreInst = "Cmp">   --->   Core 9 'Cmp' <Latency = 0> <II = 1> <Delay = 0.79> <FuncUnit> <Opcode : 'seteq' 'setne' 'setle' 'setge' 'setlt' 'setgt'> <InPorts = 2> <OutPorts = 1>
ST_7 : Operation 143 [1/1] (0.00ns) (grouped into LUT with out node select_ln39_1)   --->   "%trunc_ln39_1 = trunc i19 %result_2" [hls_color_space_convert.cpp:39]   --->   Operation 143 'trunc' 'trunc_ln39_1' <Predicate = true> <Delay = 0.00>
ST_7 : Operation 144 [1/1] (0.00ns) (grouped into LUT with out node select_ln39_1)   --->   "%xor_ln39_2 = xor i1 %tmp_4, i1 1" [hls_color_space_convert.cpp:39]   --->   Operation 144 'xor' 'xor_ln39_2' <Predicate = true> <Delay = 0.00> <CoreInst = "LogicGate">   --->   Core 74 'LogicGate' <Latency = 0> <II = 1> <Delay = 0.28> <FuncUnit> <Opcode : 'and' 'or' 'xor'> <InPorts = 2> <OutPorts = 1>
ST_7 : Operation 145 [1/1] (0.00ns) (grouped into LUT with out node select_ln39_1)   --->   "%select_ln39_4 = select i1 %xor_ln39_2, i8 255, i8 0" [hls_color_space_convert.cpp:39]   --->   Operation 145 'select' 'select_ln39_4' <Predicate = true> <Delay = 0.00> <CoreInst = "Sel">   --->   Core 73 'Sel' <Latency = 0> <II = 1> <Delay = 0.17> <FuncUnit> <Opcode : 'select'> <InPorts = 3> <OutPorts = 1>
ST_7 : Operation 146 [1/1] (0.00ns) (grouped into LUT with out node select_ln39_1)   --->   "%or_ln39_2 = or i1 %tmp_4, i1 %icmp_ln35_2" [hls_color_space_convert.cpp:39]   --->   Operation 146 'or' 'or_ln39_2' <Predicate = true> <Delay = 0.00> <CoreInst = "LogicGate">   --->   Core 74 'LogicGate' <Latency = 0> <II = 1> <Delay = 0.28> <FuncUnit> <Opcode : 'and' 'or' 'xor'> <InPorts = 2> <OutPorts = 1>
ST_7 : Operation 147 [1/1] (0.39ns) (out node of the LUT)   --->   "%select_ln39_1 = select i1 %or_ln39_2, i8 %select_ln39_4, i8 %trunc_ln39_1" [hls_color_space_convert.cpp:39]   --->   Operation 147 'select' 'select_ln39_1' <Predicate = true> <Delay = 0.39> <CoreInst = "Sel">   --->   Core 73 'Sel' <Latency = 0> <II = 1> <Delay = 0.39> <FuncUnit> <Opcode : 'select'> <InPorts = 3> <OutPorts = 1>
ST_7 : Operation 148 [1/1] (0.00ns) (grouped into LUT with out node select_ln39_2)   --->   "%select_ln39_5 = select i1 %xor_ln39_1, i8 255, i8 0" [hls_color_space_convert.cpp:39]   --->   Operation 148 'select' 'select_ln39_5' <Predicate = true> <Delay = 0.00> <CoreInst = "Sel">   --->   Core 73 'Sel' <Latency = 0> <II = 1> <Delay = 0.17> <FuncUnit> <Opcode : 'select'> <InPorts = 3> <OutPorts = 1>
ST_7 : Operation 149 [1/1] (0.00ns) (grouped into LUT with out node select_ln39_2)   --->   "%trunc_ln44 = trunc i19 %result_1" [hls_color_space_convert.cpp:44]   --->   Operation 149 'trunc' 'trunc_ln44' <Predicate = true> <Delay = 0.00>
ST_7 : Operation 150 [1/1] (0.39ns) (out node of the LUT)   --->   "%select_ln39_2 = select i1 %or_ln39_1, i8 %select_ln39_5, i8 %trunc_ln44" [hls_color_space_convert.cpp:39]   --->   Operation 150 'select' 'select_ln39_2' <Predicate = true> <Delay = 0.39> <CoreInst = "Sel">   --->   Core 73 'Sel' <Latency = 0> <II = 1> <Delay = 0.39> <FuncUnit> <Opcode : 'select'> <InPorts = 3> <OutPorts = 1>
ST_7 : Operation 151 [1/1] (0.00ns)   --->   "%or_ln44_7 = bitconcatenate i26 @_ssdm_op_BitConcatenate.i26.i1.i1.i8.i8.i8, i1 %icmp_ln43, i1 %icmp_ln42, i8 %select_ln39_1, i8 %select_ln39_2, i8 %select_ln39" [hls_color_space_convert.cpp:44]   --->   Operation 151 'bitconcatenate' 'or_ln44_7' <Predicate = true> <Delay = 0.00>
ST_7 : Operation 152 [1/1] (0.00ns)   --->   "%zext_ln44 = zext i26 %or_ln44_7" [hls_color_space_convert.cpp:44]   --->   Operation 152 'zext' 'zext_ln44' <Predicate = true> <Delay = 0.00>
ST_7 : Operation 153 [1/1] ( I:0.49ns O:0.49ns )   --->   "%write_ln44 = write void @_ssdm_op_Write.axis.volatile.i32P128A, i32 %m_axis_video, i32 %zext_ln44" [hls_color_space_convert.cpp:44]   --->   Operation 153 'write' 'write_ln44' <Predicate = true> <Delay = 0.49> <CoreInst = "regslice">   --->   Core 147 'regslice' <Latency = 0> <II = 1> <Delay = 0.65> <Adapter> <Opcode : 'read' 'write'>
ST_7 : Operation 154 [1/1] (0.00ns)   --->   "%br_ln19 = br void %VITIS_LOOP_24_2" [hls_color_space_convert.cpp:19]   --->   Operation 154 'br' 'br_ln19' <Predicate = true> <Delay = 0.00>


============================================================
+ Verbose Summary: Timing violations
============================================================
Target clock period: 10.000ns, clock uncertainty: 2.700ns.

 <State 1>: 0.427ns
The critical path consists of the following:
	'alloca' operation 31 bit ('i') [19]  (0.000 ns)
	'store' operation ('store_ln0') of constant 0 31 bit on local variable 'i' [48]  (0.427 ns)

 <State 2>: 1.892ns
The critical path consists of the following:
	'load' operation 32 bit ('x_load', hls_color_space_convert.cpp:50) on local variable 'x', hls_color_space_convert.cpp:15 [59]  (0.000 ns)
	'icmp' operation 1 bit ('icmp_ln43', hls_color_space_convert.cpp:43) [132]  (1.016 ns)
	'select' operation 32 bit ('y', hls_color_space_convert.cpp:46) [142]  (0.449 ns)
	'store' operation ('store_ln16', hls_color_space_convert.cpp:16) of variable 'y', hls_color_space_convert.cpp:46 32 bit on local variable 'y', hls_color_space_convert.cpp:16 [144]  (0.427 ns)

 <State 3>: 1.075ns
The critical path consists of the following:
	axis read operation ('s_axis_video_read', hls_color_space_convert.cpp:21) on port 's_axis_video' (hls_color_space_convert.cpp:21) [63]  (0.079 ns)
	'mul' operation 24 bit of DSP[76] ('mul_ln29_1', hls_color_space_convert.cpp:29) [74]  (0.996 ns)

 <State 4>: 0.996ns
The critical path consists of the following:
	'mul' operation 24 bit of DSP[78] ('sum', hls_color_space_convert.cpp:29) [69]  (0.996 ns)

 <State 5>: 3.025ns
The critical path consists of the following:
	'mul' operation 24 bit ('mul_ln29', hls_color_space_convert.cpp:29) [72]  (2.380 ns)
	'add' operation 25 bit of DSP[76] ('add_ln29', hls_color_space_convert.cpp:29) [76]  (0.645 ns)

 <State 6>: 1.290ns
The critical path consists of the following:
	'add' operation 25 bit of DSP[76] ('add_ln29', hls_color_space_convert.cpp:29) [76]  (0.645 ns)
	'add' operation 26 bit of DSP[78] ('sum', hls_color_space_convert.cpp:29) [78]  (0.645 ns)

 <State 7>: 3.206ns
The critical path consists of the following:
	'add' operation 26 bit of DSP[78] ('sum', hls_color_space_convert.cpp:29) [78]  (0.645 ns)
	'add' operation 19 bit ('result', hls_color_space_convert.cpp:32) [81]  (0.873 ns)
	'icmp' operation 1 bit ('icmp_ln35', hls_color_space_convert.cpp:35) [85]  (0.798 ns)
	'or' operation 1 bit ('or_ln39', hls_color_space_convert.cpp:39) [89]  (0.000 ns)
	'select' operation 8 bit ('select_ln39', hls_color_space_convert.cpp:39) [90]  (0.393 ns)
	axis write operation ('write_ln44', hls_color_space_convert.cpp:44) on port 'm_axis_video' (hls_color_space_convert.cpp:44) [138]  (0.497 ns)


============================================================
+ Verbose Summary: Binding
============================================================
N/A
* FSMD analyzer results:
  - Output states:
 - Input state : 
  - Chain level:
	State 1
	State 2
	State 3
	State 4
	State 5
	State 6
	State 7


============================================================
+ Verbose Summary: Datapath Resource usage 
============================================================
N/A
