

================================================================
== Vitis HLS Report for 'hls_color_space_convert_top'
================================================================
* Date:           Thu Jun 25 11:37:04 2026

* Version:        2025.2 (Build 6295257 on Nov 14 2025)
* Project:        hls_color_space_convert
* Solution:       hls (Vivado IP Flow Target)
* Product family: zynquplus
* Target device:  xck26-sfvc784-2LV-c


================================================================
== Performance Estimates
================================================================
+ Timing: 
    * Summary: 
    +--------+----------+----------+------------+
    |  Clock |  Target  | Estimated| Uncertainty|
    +--------+----------+----------+------------+
    |ap_clk  |  10.00 ns|  4.420 ns|     2.70 ns|
    +--------+----------+----------+------------+

+ Latency: 
    * Summary: 
    +---------+---------+----------+----------+-----+-----+---------+
    |  Latency (cycles) |  Latency (absolute) |  Interval | Pipeline|
    |   min   |   max   |    min   |    max   | min | max |   Type  |
    +---------+---------+----------+----------+-----+-----+---------+
    |        ?|        ?|         ?|         ?|    ?|    ?|       no|
    +---------+---------+----------+----------+-----+-----+---------+

    + Detail: 
        * Instance: 
        +-------------------------------------------------------+--------------------------------------------+---------+---------+----------+----------+-----+-----+---------+
        |                                                       |                                            |  Latency (cycles) |  Latency (absolute) |  Interval | Pipeline|
        |                        Instance                       |                   Module                   |   min   |   max   |    min   |    max   | min | max |   Type  |
        +-------------------------------------------------------+--------------------------------------------+---------+---------+----------+----------+-----+-----+---------+
        |grp_hls_color_space_convert_template_3_8_3_8_s_fu_176  |hls_color_space_convert_template_3_8_3_8_s  |        ?|        ?|         ?|         ?|    ?|    ?|       no|
        +-------------------------------------------------------+--------------------------------------------+---------+---------+----------+----------+-----+-----+---------+

        * Loop: 
        N/A



================================================================
== Utilization Estimates
================================================================
* Summary: 
+-----------------+---------+------+--------+--------+-----+
|       Name      | BRAM_18K|  DSP |   FF   |   LUT  | URAM|
+-----------------+---------+------+--------+--------+-----+
|DSP              |        -|     -|       -|       -|    -|
|Expression       |        -|     -|       0|       2|    -|
|FIFO             |        -|     -|       -|       -|    -|
|Instance         |        0|    12|    1010|    1309|    0|
|Memory           |        -|     -|       -|       -|    -|
|Multiplexer      |        -|     -|       0|      44|    -|
|Register         |        -|     -|     293|       -|    -|
+-----------------+---------+------+--------+--------+-----+
|Total            |        0|    12|    1303|    1355|    0|
+-----------------+---------+------+--------+--------+-----+
|Available        |      288|  1248|  234240|  117120|   64|
+-----------------+---------+------+--------+--------+-----+
|Utilization (%)  |        0|    ~0|      ~0|       1|    0|
+-----------------+---------+------+--------+--------+-----+

+ Detail: 
    * Instance: 
    +-------------------------------------------------------+--------------------------------------------+---------+----+-----+-----+-----+
    |                        Instance                       |                   Module                   | BRAM_18K| DSP|  FF | LUT | URAM|
    +-------------------------------------------------------+--------------------------------------------+---------+----+-----+-----+-----+
    |control_s_axi_U                                        |control_s_axi                               |        0|   0|  376|  552|    0|
    |grp_hls_color_space_convert_template_3_8_3_8_s_fu_176  |hls_color_space_convert_template_3_8_3_8_s  |        0|  12|  634|  757|    0|
    +-------------------------------------------------------+--------------------------------------------+---------+----+-----+-----+-----+
    |Total                                                  |                                            |        0|  12| 1010| 1309|    0|
    +-------------------------------------------------------+--------------------------------------------+---------+----+-----+-----+-----+

    * DSP: 
    N/A

    * Memory: 
    N/A

    * FIFO: 
    N/A

    * Expression: 
    +---------------------------------------------------------------------------+----------+----+---+----+------------+------------+
    |                               Variable Name                               | Operation| DSP| FF| LUT| Bitwidth P0| Bitwidth P1|
    +---------------------------------------------------------------------------+----------+----+---+----+------------+------------+
    |grp_hls_color_space_convert_template_3_8_3_8_s_fu_176_m_axis_video_TREADY  |       and|   0|  0|   2|           1|           1|
    +---------------------------------------------------------------------------+----------+----+---+----+------------+------------+
    |Total                                                                      |          |   0|  0|   2|           1|           1|
    +---------------------------------------------------------------------------+----------+----+---+----+------------+------------+

    * Multiplexer: 
    +----------------------------------+----+-----------+-----+-----------+
    |               Name               | LUT| Input Size| Bits| Total Bits|
    +----------------------------------+----+-----------+-----+-----------+
    |ap_NS_fsm                         |  26|          5|    1|          5|
    |m_axis_video_TDATA_int_regslice   |   9|          2|   32|         64|
    |s_axis_video_TREADY_int_regslice  |   9|          2|    1|          2|
    +----------------------------------+----+-----------+-----+-----------+
    |Total                             |  44|          9|   34|         71|
    +----------------------------------+----+-----------+-----+-----------+

    * Register: 
    +--------------------------------------------------------------------+----+----+-----+-----------+
    |                                Name                                | FF | LUT| Bits| Const Bits|
    +--------------------------------------------------------------------+----+----+-----+-----------+
    |ap_CS_fsm                                                           |   4|   0|    4|          0|
    |coeffs_0_0_read_reg_222                                             |  16|   0|   16|          0|
    |coeffs_0_1_read_reg_227                                             |  16|   0|   16|          0|
    |coeffs_0_2_read_reg_232                                             |  16|   0|   16|          0|
    |coeffs_1_0_read_reg_237                                             |  16|   0|   16|          0|
    |coeffs_1_1_read_reg_242                                             |  16|   0|   16|          0|
    |coeffs_1_2_read_reg_247                                             |  16|   0|   16|          0|
    |coeffs_2_0_read_reg_252                                             |  16|   0|   16|          0|
    |coeffs_2_1_read_reg_257                                             |  16|   0|   16|          0|
    |coeffs_2_2_read_reg_262                                             |  16|   0|   16|          0|
    |grp_hls_color_space_convert_template_3_8_3_8_s_fu_176_ap_start_reg  |   1|   0|    1|          0|
    |height_read_reg_212                                                 |  32|   0|   32|          0|
    |m_axis_video_TDATA_reg                                              |  32|   0|   32|          0|
    |offsets_0_read_reg_267                                              |  16|   0|   16|          0|
    |offsets_1_read_reg_272                                              |  16|   0|   16|          0|
    |offsets_2_read_reg_277                                              |  16|   0|   16|          0|
    |width_read_reg_217                                                  |  32|   0|   32|          0|
    +--------------------------------------------------------------------+----+----+-----+-----------+
    |Total                                                               | 293|   0|  293|          0|
    +--------------------------------------------------------------------+----+----+-----+-----------+



================================================================
== Interface
================================================================
* Summary: 
+-----------------------+-----+-----+------------+-----------------------------+--------------+
|       RTL Ports       | Dir | Bits|  Protocol  |        Source Object        |    C Type    |
+-----------------------+-----+-----+------------+-----------------------------+--------------+
|s_axi_control_AWVALID  |   in|    1|       s_axi|                      control|        scalar|
|s_axi_control_AWREADY  |  out|    1|       s_axi|                      control|        scalar|
|s_axi_control_AWADDR   |   in|    7|       s_axi|                      control|        scalar|
|s_axi_control_WVALID   |   in|    1|       s_axi|                      control|        scalar|
|s_axi_control_WREADY   |  out|    1|       s_axi|                      control|        scalar|
|s_axi_control_WDATA    |   in|   32|       s_axi|                      control|        scalar|
|s_axi_control_WSTRB    |   in|    4|       s_axi|                      control|        scalar|
|s_axi_control_ARVALID  |   in|    1|       s_axi|                      control|        scalar|
|s_axi_control_ARREADY  |  out|    1|       s_axi|                      control|        scalar|
|s_axi_control_ARADDR   |   in|    7|       s_axi|                      control|        scalar|
|s_axi_control_RVALID   |  out|    1|       s_axi|                      control|        scalar|
|s_axi_control_RREADY   |   in|    1|       s_axi|                      control|        scalar|
|s_axi_control_RDATA    |  out|   32|       s_axi|                      control|        scalar|
|s_axi_control_RRESP    |  out|    2|       s_axi|                      control|        scalar|
|s_axi_control_BVALID   |  out|    1|       s_axi|                      control|        scalar|
|s_axi_control_BREADY   |   in|    1|       s_axi|                      control|        scalar|
|s_axi_control_BRESP    |  out|    2|       s_axi|                      control|        scalar|
|ap_clk                 |   in|    1|  ap_ctrl_hs|  hls_color_space_convert_top|  return value|
|ap_rst_n               |   in|    1|  ap_ctrl_hs|  hls_color_space_convert_top|  return value|
|interrupt              |  out|    1|  ap_ctrl_hs|  hls_color_space_convert_top|  return value|
|s_axis_video_TDATA     |   in|   32|        axis|                 s_axis_video|       pointer|
|s_axis_video_TVALID    |   in|    1|        axis|                 s_axis_video|       pointer|
|s_axis_video_TREADY    |  out|    1|        axis|                 s_axis_video|       pointer|
|m_axis_video_TDATA     |  out|   32|        axis|                 m_axis_video|       pointer|
|m_axis_video_TVALID    |  out|    1|        axis|                 m_axis_video|       pointer|
|m_axis_video_TREADY    |   in|    1|        axis|                 m_axis_video|       pointer|
+-----------------------+-----+-----+------------+-----------------------------+--------------+

============================================================
+ Verbose Summary: Synthesis Manager
============================================================
InlineROM: 1
ExposeGlobal: 0
============================================================
+ Verbose Summary: CDFG Model
============================================================
IsTopModel: 1
ResetActiveHigh: 1
IsCombinational: 2
IsDatapathOnly: 2
HasWiredReturn: 1
HasMFsm: 0
HasVarLatency: 1
IsPipeline: 0
IsRtlPipelined: 0
IsInstanceOverlapped: 0
IsDontTouch: 0
HasImplIP: 0
IsGatedGlobalClock: 0


============================================================
+ Verbose Summary: Schedule
============================================================
* Number of FSM states : 4
* Pipeline : 0
* Dataflow Pipeline: 0

* FSM state transitions: 
1 --> 2 
2 --> 3 
3 --> 4 
4 --> 

* FSM state operations: 

State 1 <SV = 0> <Delay = 0.00>

State 2 <SV = 1> <Delay = 4.42>
ST_2 : Operation 5 [1/1] (1.00ns)   --->   "%height_read = read i32 @_ssdm_op_Read.s_axilite.i32, i32 %height" [hls_color_space_convert.cpp:55]   --->   Operation 5 'read' 'height_read' <Predicate = true> <Delay = 1.00> <CoreInst = "s_axilite">   --->   Core 120 's_axilite' <Latency = 0> <II = 1> <Delay = 1.00> <Adapter> <Opcode : 'read' 'write'>
ST_2 : Operation 6 [1/1] (1.00ns)   --->   "%width_read = read i32 @_ssdm_op_Read.s_axilite.i32, i32 %width" [hls_color_space_convert.cpp:55]   --->   Operation 6 'read' 'width_read' <Predicate = true> <Delay = 1.00> <CoreInst = "s_axilite">   --->   Core 120 's_axilite' <Latency = 0> <II = 1> <Delay = 1.00> <Adapter> <Opcode : 'read' 'write'>
ST_2 : Operation 7 [1/1] (1.00ns)   --->   "%coeffs_0_0_read = read i16 @_ssdm_op_Read.s_axilite.i16P0A, i16 %coeffs_0_0"   --->   Operation 7 'read' 'coeffs_0_0_read' <Predicate = true> <Delay = 1.00> <CoreInst = "s_axilite">   --->   Core 120 's_axilite' <Latency = 0> <II = 1> <Delay = 1.00> <Adapter> <Opcode : 'read' 'write'>
ST_2 : Operation 8 [1/1] (1.00ns)   --->   "%coeffs_0_1_read = read i16 @_ssdm_op_Read.s_axilite.i16P0A, i16 %coeffs_0_1"   --->   Operation 8 'read' 'coeffs_0_1_read' <Predicate = true> <Delay = 1.00> <CoreInst = "s_axilite">   --->   Core 120 's_axilite' <Latency = 0> <II = 1> <Delay = 1.00> <Adapter> <Opcode : 'read' 'write'>
ST_2 : Operation 9 [1/1] (1.00ns)   --->   "%coeffs_0_2_read = read i16 @_ssdm_op_Read.s_axilite.i16P0A, i16 %coeffs_0_2"   --->   Operation 9 'read' 'coeffs_0_2_read' <Predicate = true> <Delay = 1.00> <CoreInst = "s_axilite">   --->   Core 120 's_axilite' <Latency = 0> <II = 1> <Delay = 1.00> <Adapter> <Opcode : 'read' 'write'>
ST_2 : Operation 10 [1/1] (1.00ns)   --->   "%coeffs_1_0_read = read i16 @_ssdm_op_Read.s_axilite.i16P0A, i16 %coeffs_1_0"   --->   Operation 10 'read' 'coeffs_1_0_read' <Predicate = true> <Delay = 1.00> <CoreInst = "s_axilite">   --->   Core 120 's_axilite' <Latency = 0> <II = 1> <Delay = 1.00> <Adapter> <Opcode : 'read' 'write'>
ST_2 : Operation 11 [1/1] (1.00ns)   --->   "%coeffs_1_1_read = read i16 @_ssdm_op_Read.s_axilite.i16P0A, i16 %coeffs_1_1"   --->   Operation 11 'read' 'coeffs_1_1_read' <Predicate = true> <Delay = 1.00> <CoreInst = "s_axilite">   --->   Core 120 's_axilite' <Latency = 0> <II = 1> <Delay = 1.00> <Adapter> <Opcode : 'read' 'write'>
ST_2 : Operation 12 [1/1] (1.00ns)   --->   "%coeffs_1_2_read = read i16 @_ssdm_op_Read.s_axilite.i16P0A, i16 %coeffs_1_2"   --->   Operation 12 'read' 'coeffs_1_2_read' <Predicate = true> <Delay = 1.00> <CoreInst = "s_axilite">   --->   Core 120 's_axilite' <Latency = 0> <II = 1> <Delay = 1.00> <Adapter> <Opcode : 'read' 'write'>
ST_2 : Operation 13 [1/1] (1.00ns)   --->   "%coeffs_2_0_read = read i16 @_ssdm_op_Read.s_axilite.i16P0A, i16 %coeffs_2_0"   --->   Operation 13 'read' 'coeffs_2_0_read' <Predicate = true> <Delay = 1.00> <CoreInst = "s_axilite">   --->   Core 120 's_axilite' <Latency = 0> <II = 1> <Delay = 1.00> <Adapter> <Opcode : 'read' 'write'>
ST_2 : Operation 14 [1/1] (1.00ns)   --->   "%coeffs_2_1_read = read i16 @_ssdm_op_Read.s_axilite.i16P0A, i16 %coeffs_2_1"   --->   Operation 14 'read' 'coeffs_2_1_read' <Predicate = true> <Delay = 1.00> <CoreInst = "s_axilite">   --->   Core 120 's_axilite' <Latency = 0> <II = 1> <Delay = 1.00> <Adapter> <Opcode : 'read' 'write'>
ST_2 : Operation 15 [1/1] (1.00ns)   --->   "%coeffs_2_2_read = read i16 @_ssdm_op_Read.s_axilite.i16P0A, i16 %coeffs_2_2"   --->   Operation 15 'read' 'coeffs_2_2_read' <Predicate = true> <Delay = 1.00> <CoreInst = "s_axilite">   --->   Core 120 's_axilite' <Latency = 0> <II = 1> <Delay = 1.00> <Adapter> <Opcode : 'read' 'write'>
ST_2 : Operation 16 [1/1] (1.00ns)   --->   "%offsets_0_read = read i16 @_ssdm_op_Read.s_axilite.i16P0A, i16 %offsets_0"   --->   Operation 16 'read' 'offsets_0_read' <Predicate = true> <Delay = 1.00> <CoreInst = "s_axilite">   --->   Core 120 's_axilite' <Latency = 0> <II = 1> <Delay = 1.00> <Adapter> <Opcode : 'read' 'write'>
ST_2 : Operation 17 [1/1] (1.00ns)   --->   "%offsets_1_read = read i16 @_ssdm_op_Read.s_axilite.i16P0A, i16 %offsets_1"   --->   Operation 17 'read' 'offsets_1_read' <Predicate = true> <Delay = 1.00> <CoreInst = "s_axilite">   --->   Core 120 's_axilite' <Latency = 0> <II = 1> <Delay = 1.00> <Adapter> <Opcode : 'read' 'write'>
ST_2 : Operation 18 [1/1] (1.00ns)   --->   "%offsets_2_read = read i16 @_ssdm_op_Read.s_axilite.i16P0A, i16 %offsets_2"   --->   Operation 18 'read' 'offsets_2_read' <Predicate = true> <Delay = 1.00> <CoreInst = "s_axilite">   --->   Core 120 's_axilite' <Latency = 0> <II = 1> <Delay = 1.00> <Adapter> <Opcode : 'read' 'write'>
ST_2 : Operation 19 [2/2] (3.42ns)   --->   "%call_ln70 = call void @hls_color_space_convert_template<3, 8, 3, 8>, i32 %s_axis_video, i32 %m_axis_video, i16 %coeffs_0_0_read, i16 %coeffs_0_1_read, i16 %coeffs_0_2_read, i16 %coeffs_1_0_read, i16 %coeffs_1_1_read, i16 %coeffs_1_2_read, i16 %coeffs_2_0_read, i16 %coeffs_2_1_read, i16 %coeffs_2_2_read, i16 %offsets_0_read, i16 %offsets_1_read, i16 %offsets_2_read, i32 %width_read, i32 %height_read" [hls_color_space_convert.cpp:70]   --->   Operation 19 'call' 'call_ln70' <Predicate = true> <Delay = 3.42> <CoreType = "Generic">   --->   Generic Core

State 3 <SV = 2> <Delay = 0.00>
ST_3 : Operation 20 [1/2] (0.00ns)   --->   "%call_ln70 = call void @hls_color_space_convert_template<3, 8, 3, 8>, i32 %s_axis_video, i32 %m_axis_video, i16 %coeffs_0_0_read, i16 %coeffs_0_1_read, i16 %coeffs_0_2_read, i16 %coeffs_1_0_read, i16 %coeffs_1_1_read, i16 %coeffs_1_2_read, i16 %coeffs_2_0_read, i16 %coeffs_2_1_read, i16 %coeffs_2_2_read, i16 %offsets_0_read, i16 %offsets_1_read, i16 %offsets_2_read, i32 %width_read, i32 %height_read" [hls_color_space_convert.cpp:70]   --->   Operation 20 'call' 'call_ln70' <Predicate = true> <Delay = 0.00> <CoreType = "Generic">   --->   Generic Core

State 4 <SV = 3> <Delay = 0.00>
ST_4 : Operation 21 [1/1] (0.00ns)   --->   "%spectopmodule_ln55 = spectopmodule void @_ssdm_op_SpecTopModule, void @empty_19" [hls_color_space_convert.cpp:55]   --->   Operation 21 'spectopmodule' 'spectopmodule_ln55' <Predicate = true> <Delay = 0.00>
ST_4 : Operation 22 [1/1] (0.00ns)   --->   "%specinterface_ln0 = specinterface void @_ssdm_op_SpecInterface, i32 %s_axis_video, void @empty, i32 1, i32 1, void @empty_0, i32 0, i32 0, void @empty_1, void @empty_1, void @empty_1, i32 0, i32 0, i32 0, i32 0, void @empty_1, void @empty_1, i32 4294967295, i32 0, i32 0, i32 0"   --->   Operation 22 'specinterface' 'specinterface_ln0' <Predicate = true> <Delay = 0.00>
ST_4 : Operation 23 [1/1] (0.00ns)   --->   "%specbitsmap_ln0 = specbitsmap void @_ssdm_op_SpecBitsMap, i32 %s_axis_video"   --->   Operation 23 'specbitsmap' 'specbitsmap_ln0' <Predicate = true> <Delay = 0.00>
ST_4 : Operation 24 [1/1] (0.00ns)   --->   "%specinterface_ln0 = specinterface void @_ssdm_op_SpecInterface, i32 %m_axis_video, void @empty, i32 1, i32 1, void @empty_0, i32 0, i32 0, void @empty_1, void @empty_1, void @empty_1, i32 0, i32 0, i32 0, i32 0, void @empty_1, void @empty_1, i32 4294967295, i32 0, i32 0, i32 0"   --->   Operation 24 'specinterface' 'specinterface_ln0' <Predicate = true> <Delay = 0.00>
ST_4 : Operation 25 [1/1] (0.00ns)   --->   "%specbitsmap_ln0 = specbitsmap void @_ssdm_op_SpecBitsMap, i32 %m_axis_video"   --->   Operation 25 'specbitsmap' 'specbitsmap_ln0' <Predicate = true> <Delay = 0.00>
ST_4 : Operation 26 [1/1] (0.00ns)   --->   "%specbitsmap_ln0 = specbitsmap void @_ssdm_op_SpecBitsMap, i16 %coeffs_0_0"   --->   Operation 26 'specbitsmap' 'specbitsmap_ln0' <Predicate = true> <Delay = 0.00>
ST_4 : Operation 27 [1/1] (0.00ns)   --->   "%specinterface_ln0 = specinterface void @_ssdm_op_SpecInterface, i16 %coeffs_0_0, void @empty_2, i32 4294967295, i32 4294967295, void @empty_1, i32 0, i32 0, void @empty_3, void @empty_4, void @empty_1, i32 0, i32 0, i32 0, i32 0, void @empty_1, void @empty_1, i32 4294967295, i32 0, i32 0, i32 0"   --->   Operation 27 'specinterface' 'specinterface_ln0' <Predicate = true> <Delay = 0.00>
ST_4 : Operation 28 [1/1] (0.00ns)   --->   "%specinterface_ln0 = specinterface void @_ssdm_op_SpecInterface, i16 %coeffs_0_0, void @empty_5, i32 0, i32 0, void @empty_1, i32 0, i32 0, void @empty_1, void @empty_1, void @empty_1, i32 0, i32 0, i32 0, i32 0, void @empty_1, void @empty_1, i32 4294967295, i32 0, i32 0, i32 0"   --->   Operation 28 'specinterface' 'specinterface_ln0' <Predicate = true> <Delay = 0.00>
ST_4 : Operation 29 [1/1] (0.00ns)   --->   "%specbitsmap_ln0 = specbitsmap void @_ssdm_op_SpecBitsMap, i16 %coeffs_0_1"   --->   Operation 29 'specbitsmap' 'specbitsmap_ln0' <Predicate = true> <Delay = 0.00>
ST_4 : Operation 30 [1/1] (0.00ns)   --->   "%specinterface_ln0 = specinterface void @_ssdm_op_SpecInterface, i16 %coeffs_0_1, void @empty_2, i32 4294967295, i32 4294967295, void @empty_1, i32 0, i32 0, void @empty_3, void @empty_6, void @empty_1, i32 0, i32 0, i32 0, i32 0, void @empty_1, void @empty_1, i32 4294967295, i32 0, i32 0, i32 0"   --->   Operation 30 'specinterface' 'specinterface_ln0' <Predicate = true> <Delay = 0.00>
ST_4 : Operation 31 [1/1] (0.00ns)   --->   "%specinterface_ln0 = specinterface void @_ssdm_op_SpecInterface, i16 %coeffs_0_1, void @empty_5, i32 0, i32 0, void @empty_1, i32 0, i32 0, void @empty_1, void @empty_1, void @empty_1, i32 0, i32 0, i32 0, i32 0, void @empty_1, void @empty_1, i32 4294967295, i32 0, i32 0, i32 0"   --->   Operation 31 'specinterface' 'specinterface_ln0' <Predicate = true> <Delay = 0.00>
ST_4 : Operation 32 [1/1] (0.00ns)   --->   "%specbitsmap_ln0 = specbitsmap void @_ssdm_op_SpecBitsMap, i16 %coeffs_0_2"   --->   Operation 32 'specbitsmap' 'specbitsmap_ln0' <Predicate = true> <Delay = 0.00>
ST_4 : Operation 33 [1/1] (0.00ns)   --->   "%specinterface_ln0 = specinterface void @_ssdm_op_SpecInterface, i16 %coeffs_0_2, void @empty_2, i32 4294967295, i32 4294967295, void @empty_1, i32 0, i32 0, void @empty_3, void @empty_7, void @empty_1, i32 0, i32 0, i32 0, i32 0, void @empty_1, void @empty_1, i32 4294967295, i32 0, i32 0, i32 0"   --->   Operation 33 'specinterface' 'specinterface_ln0' <Predicate = true> <Delay = 0.00>
ST_4 : Operation 34 [1/1] (0.00ns)   --->   "%specinterface_ln0 = specinterface void @_ssdm_op_SpecInterface, i16 %coeffs_0_2, void @empty_5, i32 0, i32 0, void @empty_1, i32 0, i32 0, void @empty_1, void @empty_1, void @empty_1, i32 0, i32 0, i32 0, i32 0, void @empty_1, void @empty_1, i32 4294967295, i32 0, i32 0, i32 0"   --->   Operation 34 'specinterface' 'specinterface_ln0' <Predicate = true> <Delay = 0.00>
ST_4 : Operation 35 [1/1] (0.00ns)   --->   "%specbitsmap_ln0 = specbitsmap void @_ssdm_op_SpecBitsMap, i16 %coeffs_1_0"   --->   Operation 35 'specbitsmap' 'specbitsmap_ln0' <Predicate = true> <Delay = 0.00>
ST_4 : Operation 36 [1/1] (0.00ns)   --->   "%specinterface_ln0 = specinterface void @_ssdm_op_SpecInterface, i16 %coeffs_1_0, void @empty_2, i32 4294967295, i32 4294967295, void @empty_1, i32 0, i32 0, void @empty_3, void @empty_8, void @empty_1, i32 0, i32 0, i32 0, i32 0, void @empty_1, void @empty_1, i32 4294967295, i32 0, i32 0, i32 0"   --->   Operation 36 'specinterface' 'specinterface_ln0' <Predicate = true> <Delay = 0.00>
ST_4 : Operation 37 [1/1] (0.00ns)   --->   "%specinterface_ln0 = specinterface void @_ssdm_op_SpecInterface, i16 %coeffs_1_0, void @empty_5, i32 0, i32 0, void @empty_1, i32 0, i32 0, void @empty_1, void @empty_1, void @empty_1, i32 0, i32 0, i32 0, i32 0, void @empty_1, void @empty_1, i32 4294967295, i32 0, i32 0, i32 0"   --->   Operation 37 'specinterface' 'specinterface_ln0' <Predicate = true> <Delay = 0.00>
ST_4 : Operation 38 [1/1] (0.00ns)   --->   "%specbitsmap_ln0 = specbitsmap void @_ssdm_op_SpecBitsMap, i16 %coeffs_1_1"   --->   Operation 38 'specbitsmap' 'specbitsmap_ln0' <Predicate = true> <Delay = 0.00>
ST_4 : Operation 39 [1/1] (0.00ns)   --->   "%specinterface_ln0 = specinterface void @_ssdm_op_SpecInterface, i16 %coeffs_1_1, void @empty_2, i32 4294967295, i32 4294967295, void @empty_1, i32 0, i32 0, void @empty_3, void @empty_9, void @empty_1, i32 0, i32 0, i32 0, i32 0, void @empty_1, void @empty_1, i32 4294967295, i32 0, i32 0, i32 0"   --->   Operation 39 'specinterface' 'specinterface_ln0' <Predicate = true> <Delay = 0.00>
ST_4 : Operation 40 [1/1] (0.00ns)   --->   "%specinterface_ln0 = specinterface void @_ssdm_op_SpecInterface, i16 %coeffs_1_1, void @empty_5, i32 0, i32 0, void @empty_1, i32 0, i32 0, void @empty_1, void @empty_1, void @empty_1, i32 0, i32 0, i32 0, i32 0, void @empty_1, void @empty_1, i32 4294967295, i32 0, i32 0, i32 0"   --->   Operation 40 'specinterface' 'specinterface_ln0' <Predicate = true> <Delay = 0.00>
ST_4 : Operation 41 [1/1] (0.00ns)   --->   "%specbitsmap_ln0 = specbitsmap void @_ssdm_op_SpecBitsMap, i16 %coeffs_1_2"   --->   Operation 41 'specbitsmap' 'specbitsmap_ln0' <Predicate = true> <Delay = 0.00>
ST_4 : Operation 42 [1/1] (0.00ns)   --->   "%specinterface_ln0 = specinterface void @_ssdm_op_SpecInterface, i16 %coeffs_1_2, void @empty_2, i32 4294967295, i32 4294967295, void @empty_1, i32 0, i32 0, void @empty_3, void @empty_10, void @empty_1, i32 0, i32 0, i32 0, i32 0, void @empty_1, void @empty_1, i32 4294967295, i32 0, i32 0, i32 0"   --->   Operation 42 'specinterface' 'specinterface_ln0' <Predicate = true> <Delay = 0.00>
ST_4 : Operation 43 [1/1] (0.00ns)   --->   "%specinterface_ln0 = specinterface void @_ssdm_op_SpecInterface, i16 %coeffs_1_2, void @empty_5, i32 0, i32 0, void @empty_1, i32 0, i32 0, void @empty_1, void @empty_1, void @empty_1, i32 0, i32 0, i32 0, i32 0, void @empty_1, void @empty_1, i32 4294967295, i32 0, i32 0, i32 0"   --->   Operation 43 'specinterface' 'specinterface_ln0' <Predicate = true> <Delay = 0.00>
ST_4 : Operation 44 [1/1] (0.00ns)   --->   "%specbitsmap_ln0 = specbitsmap void @_ssdm_op_SpecBitsMap, i16 %coeffs_2_0"   --->   Operation 44 'specbitsmap' 'specbitsmap_ln0' <Predicate = true> <Delay = 0.00>
ST_4 : Operation 45 [1/1] (0.00ns)   --->   "%specinterface_ln0 = specinterface void @_ssdm_op_SpecInterface, i16 %coeffs_2_0, void @empty_2, i32 4294967295, i32 4294967295, void @empty_1, i32 0, i32 0, void @empty_3, void @empty_11, void @empty_1, i32 0, i32 0, i32 0, i32 0, void @empty_1, void @empty_1, i32 4294967295, i32 0, i32 0, i32 0"   --->   Operation 45 'specinterface' 'specinterface_ln0' <Predicate = true> <Delay = 0.00>
ST_4 : Operation 46 [1/1] (0.00ns)   --->   "%specinterface_ln0 = specinterface void @_ssdm_op_SpecInterface, i16 %coeffs_2_0, void @empty_5, i32 0, i32 0, void @empty_1, i32 0, i32 0, void @empty_1, void @empty_1, void @empty_1, i32 0, i32 0, i32 0, i32 0, void @empty_1, void @empty_1, i32 4294967295, i32 0, i32 0, i32 0"   --->   Operation 46 'specinterface' 'specinterface_ln0' <Predicate = true> <Delay = 0.00>
ST_4 : Operation 47 [1/1] (0.00ns)   --->   "%specbitsmap_ln0 = specbitsmap void @_ssdm_op_SpecBitsMap, i16 %coeffs_2_1"   --->   Operation 47 'specbitsmap' 'specbitsmap_ln0' <Predicate = true> <Delay = 0.00>
ST_4 : Operation 48 [1/1] (0.00ns)   --->   "%specinterface_ln0 = specinterface void @_ssdm_op_SpecInterface, i16 %coeffs_2_1, void @empty_2, i32 4294967295, i32 4294967295, void @empty_1, i32 0, i32 0, void @empty_3, void @empty_12, void @empty_1, i32 0, i32 0, i32 0, i32 0, void @empty_1, void @empty_1, i32 4294967295, i32 0, i32 0, i32 0"   --->   Operation 48 'specinterface' 'specinterface_ln0' <Predicate = true> <Delay = 0.00>
ST_4 : Operation 49 [1/1] (0.00ns)   --->   "%specinterface_ln0 = specinterface void @_ssdm_op_SpecInterface, i16 %coeffs_2_1, void @empty_5, i32 0, i32 0, void @empty_1, i32 0, i32 0, void @empty_1, void @empty_1, void @empty_1, i32 0, i32 0, i32 0, i32 0, void @empty_1, void @empty_1, i32 4294967295, i32 0, i32 0, i32 0"   --->   Operation 49 'specinterface' 'specinterface_ln0' <Predicate = true> <Delay = 0.00>
ST_4 : Operation 50 [1/1] (0.00ns)   --->   "%specbitsmap_ln0 = specbitsmap void @_ssdm_op_SpecBitsMap, i16 %coeffs_2_2"   --->   Operation 50 'specbitsmap' 'specbitsmap_ln0' <Predicate = true> <Delay = 0.00>
ST_4 : Operation 51 [1/1] (0.00ns)   --->   "%specinterface_ln0 = specinterface void @_ssdm_op_SpecInterface, i16 %coeffs_2_2, void @empty_2, i32 4294967295, i32 4294967295, void @empty_1, i32 0, i32 0, void @empty_3, void @empty_13, void @empty_1, i32 0, i32 0, i32 0, i32 0, void @empty_1, void @empty_1, i32 4294967295, i32 0, i32 0, i32 0"   --->   Operation 51 'specinterface' 'specinterface_ln0' <Predicate = true> <Delay = 0.00>
ST_4 : Operation 52 [1/1] (0.00ns)   --->   "%specinterface_ln0 = specinterface void @_ssdm_op_SpecInterface, i16 %coeffs_2_2, void @empty_5, i32 0, i32 0, void @empty_1, i32 0, i32 0, void @empty_1, void @empty_1, void @empty_1, i32 0, i32 0, i32 0, i32 0, void @empty_1, void @empty_1, i32 4294967295, i32 0, i32 0, i32 0"   --->   Operation 52 'specinterface' 'specinterface_ln0' <Predicate = true> <Delay = 0.00>
ST_4 : Operation 53 [1/1] (0.00ns)   --->   "%specbitsmap_ln0 = specbitsmap void @_ssdm_op_SpecBitsMap, i16 %offsets_0"   --->   Operation 53 'specbitsmap' 'specbitsmap_ln0' <Predicate = true> <Delay = 0.00>
ST_4 : Operation 54 [1/1] (0.00ns)   --->   "%specinterface_ln0 = specinterface void @_ssdm_op_SpecInterface, i16 %offsets_0, void @empty_2, i32 4294967295, i32 4294967295, void @empty_1, i32 0, i32 0, void @empty_3, void @empty_14, void @empty_1, i32 0, i32 0, i32 0, i32 0, void @empty_1, void @empty_1, i32 4294967295, i32 0, i32 0, i32 0"   --->   Operation 54 'specinterface' 'specinterface_ln0' <Predicate = true> <Delay = 0.00>
ST_4 : Operation 55 [1/1] (0.00ns)   --->   "%specinterface_ln0 = specinterface void @_ssdm_op_SpecInterface, i16 %offsets_0, void @empty_5, i32 0, i32 0, void @empty_1, i32 0, i32 0, void @empty_1, void @empty_1, void @empty_1, i32 0, i32 0, i32 0, i32 0, void @empty_1, void @empty_1, i32 4294967295, i32 0, i32 0, i32 0"   --->   Operation 55 'specinterface' 'specinterface_ln0' <Predicate = true> <Delay = 0.00>
ST_4 : Operation 56 [1/1] (0.00ns)   --->   "%specbitsmap_ln0 = specbitsmap void @_ssdm_op_SpecBitsMap, i16 %offsets_1"   --->   Operation 56 'specbitsmap' 'specbitsmap_ln0' <Predicate = true> <Delay = 0.00>
ST_4 : Operation 57 [1/1] (0.00ns)   --->   "%specinterface_ln0 = specinterface void @_ssdm_op_SpecInterface, i16 %offsets_1, void @empty_2, i32 4294967295, i32 4294967295, void @empty_1, i32 0, i32 0, void @empty_3, void @empty_15, void @empty_1, i32 0, i32 0, i32 0, i32 0, void @empty_1, void @empty_1, i32 4294967295, i32 0, i32 0, i32 0"   --->   Operation 57 'specinterface' 'specinterface_ln0' <Predicate = true> <Delay = 0.00>
ST_4 : Operation 58 [1/1] (0.00ns)   --->   "%specinterface_ln0 = specinterface void @_ssdm_op_SpecInterface, i16 %offsets_1, void @empty_5, i32 0, i32 0, void @empty_1, i32 0, i32 0, void @empty_1, void @empty_1, void @empty_1, i32 0, i32 0, i32 0, i32 0, void @empty_1, void @empty_1, i32 4294967295, i32 0, i32 0, i32 0"   --->   Operation 58 'specinterface' 'specinterface_ln0' <Predicate = true> <Delay = 0.00>
ST_4 : Operation 59 [1/1] (0.00ns)   --->   "%specbitsmap_ln0 = specbitsmap void @_ssdm_op_SpecBitsMap, i16 %offsets_2"   --->   Operation 59 'specbitsmap' 'specbitsmap_ln0' <Predicate = true> <Delay = 0.00>
ST_4 : Operation 60 [1/1] (0.00ns)   --->   "%specinterface_ln0 = specinterface void @_ssdm_op_SpecInterface, i16 %offsets_2, void @empty_2, i32 4294967295, i32 4294967295, void @empty_1, i32 0, i32 0, void @empty_3, void @empty_16, void @empty_1, i32 0, i32 0, i32 0, i32 0, void @empty_1, void @empty_1, i32 4294967295, i32 0, i32 0, i32 0"   --->   Operation 60 'specinterface' 'specinterface_ln0' <Predicate = true> <Delay = 0.00>
ST_4 : Operation 61 [1/1] (0.00ns)   --->   "%specinterface_ln0 = specinterface void @_ssdm_op_SpecInterface, i16 %offsets_2, void @empty_5, i32 0, i32 0, void @empty_1, i32 0, i32 0, void @empty_1, void @empty_1, void @empty_1, i32 0, i32 0, i32 0, i32 0, void @empty_1, void @empty_1, i32 4294967295, i32 0, i32 0, i32 0"   --->   Operation 61 'specinterface' 'specinterface_ln0' <Predicate = true> <Delay = 0.00>
ST_4 : Operation 62 [1/1] (0.00ns)   --->   "%specbitsmap_ln0 = specbitsmap void @_ssdm_op_SpecBitsMap, i32 %width"   --->   Operation 62 'specbitsmap' 'specbitsmap_ln0' <Predicate = true> <Delay = 0.00>
ST_4 : Operation 63 [1/1] (0.00ns)   --->   "%specinterface_ln0 = specinterface void @_ssdm_op_SpecInterface, i32 %width, void @empty_2, i32 4294967295, i32 4294967295, void @empty_1, i32 0, i32 0, void @empty_3, void @empty_17, void @empty_1, i32 0, i32 0, i32 0, i32 0, void @empty_1, void @empty_1, i32 4294967295, i32 0, i32 0, i32 0"   --->   Operation 63 'specinterface' 'specinterface_ln0' <Predicate = true> <Delay = 0.00>
ST_4 : Operation 64 [1/1] (0.00ns)   --->   "%specinterface_ln0 = specinterface void @_ssdm_op_SpecInterface, i32 %width, void @empty_5, i32 0, i32 0, void @empty_1, i32 0, i32 0, void @empty_1, void @empty_1, void @empty_1, i32 0, i32 0, i32 0, i32 0, void @empty_1, void @empty_1, i32 4294967295, i32 0, i32 0, i32 0"   --->   Operation 64 'specinterface' 'specinterface_ln0' <Predicate = true> <Delay = 0.00>
ST_4 : Operation 65 [1/1] (0.00ns)   --->   "%specbitsmap_ln0 = specbitsmap void @_ssdm_op_SpecBitsMap, i32 %height"   --->   Operation 65 'specbitsmap' 'specbitsmap_ln0' <Predicate = true> <Delay = 0.00>
ST_4 : Operation 66 [1/1] (0.00ns)   --->   "%specinterface_ln0 = specinterface void @_ssdm_op_SpecInterface, i32 %height, void @empty_2, i32 4294967295, i32 4294967295, void @empty_1, i32 0, i32 0, void @empty_3, void @empty_18, void @empty_1, i32 0, i32 0, i32 0, i32 0, void @empty_1, void @empty_1, i32 4294967295, i32 0, i32 0, i32 0"   --->   Operation 66 'specinterface' 'specinterface_ln0' <Predicate = true> <Delay = 0.00>
ST_4 : Operation 67 [1/1] (0.00ns)   --->   "%specinterface_ln0 = specinterface void @_ssdm_op_SpecInterface, i32 %height, void @empty_5, i32 0, i32 0, void @empty_1, i32 0, i32 0, void @empty_1, void @empty_1, void @empty_1, i32 0, i32 0, i32 0, i32 0, void @empty_1, void @empty_1, i32 4294967295, i32 0, i32 0, i32 0"   --->   Operation 67 'specinterface' 'specinterface_ln0' <Predicate = true> <Delay = 0.00>
ST_4 : Operation 68 [1/1] (0.00ns)   --->   "%specinterface_ln0 = specinterface void @_ssdm_op_SpecInterface, i32 0, void @empty_2, i32 0, i32 0, void @empty_1, i32 0, i32 0, void @empty_3, void @empty_1, void @empty_1, i32 0, i32 0, i32 0, i32 0, void @empty_1, void @empty_1, i32 0, i32 0, i32 0, i32 0"   --->   Operation 68 'specinterface' 'specinterface_ln0' <Predicate = true> <Delay = 0.00>
ST_4 : Operation 69 [1/1] (0.00ns)   --->   "%ret_ln72 = ret" [hls_color_space_convert.cpp:72]   --->   Operation 69 'ret' 'ret_ln72' <Predicate = true> <Delay = 0.00>


============================================================
+ Verbose Summary: Binding
============================================================
STG Binding: 
---------------- STG Properties BEGIN ----------------
- Is combinational: 0
- Is one-state seq: 0
- Is datapath-only: 0
- Is pipelined: 0
- Is top level: 1
Port [ Return ] is wired: 1; IO mode=ap_ctrl_hs:ce=0
Port [ s_axis_video]:  wired=1; compound=1; hidden=0; nouse=0; global=0; static=0; extern=0; dir=0; type=0; pingpong=0; private_global=0; IO mode=axis:ce=0
Port [ m_axis_video]:  wired=1; compound=1; hidden=0; nouse=0; global=0; static=0; extern=0; dir=1; type=0; pingpong=0; private_global=0; IO mode=axis:ce=0
Port [ coeffs_0_0]:  wired=1; compound=0; hidden=0; nouse=0; global=0; static=0; extern=0; dir=0; type=0; pingpong=0; private_global=0; IO mode=ap_none:ce=0
Port [ coeffs_0_1]:  wired=1; compound=0; hidden=0; nouse=0; global=0; static=0; extern=0; dir=0; type=0; pingpong=0; private_global=0; IO mode=ap_none:ce=0
Port [ coeffs_0_2]:  wired=1; compound=0; hidden=0; nouse=0; global=0; static=0; extern=0; dir=0; type=0; pingpong=0; private_global=0; IO mode=ap_none:ce=0
Port [ coeffs_1_0]:  wired=1; compound=0; hidden=0; nouse=0; global=0; static=0; extern=0; dir=0; type=0; pingpong=0; private_global=0; IO mode=ap_none:ce=0
Port [ coeffs_1_1]:  wired=1; compound=0; hidden=0; nouse=0; global=0; static=0; extern=0; dir=0; type=0; pingpong=0; private_global=0; IO mode=ap_none:ce=0
Port [ coeffs_1_2]:  wired=1; compound=0; hidden=0; nouse=0; global=0; static=0; extern=0; dir=0; type=0; pingpong=0; private_global=0; IO mode=ap_none:ce=0
Port [ coeffs_2_0]:  wired=1; compound=0; hidden=0; nouse=0; global=0; static=0; extern=0; dir=0; type=0; pingpong=0; private_global=0; IO mode=ap_none:ce=0
Port [ coeffs_2_1]:  wired=1; compound=0; hidden=0; nouse=0; global=0; static=0; extern=0; dir=0; type=0; pingpong=0; private_global=0; IO mode=ap_none:ce=0
Port [ coeffs_2_2]:  wired=1; compound=0; hidden=0; nouse=0; global=0; static=0; extern=0; dir=0; type=0; pingpong=0; private_global=0; IO mode=ap_none:ce=0
Port [ offsets_0]:  wired=1; compound=0; hidden=0; nouse=0; global=0; static=0; extern=0; dir=0; type=0; pingpong=0; private_global=0; IO mode=ap_none:ce=0
Port [ offsets_1]:  wired=1; compound=0; hidden=0; nouse=0; global=0; static=0; extern=0; dir=0; type=0; pingpong=0; private_global=0; IO mode=ap_none:ce=0
Port [ offsets_2]:  wired=1; compound=0; hidden=0; nouse=0; global=0; static=0; extern=0; dir=0; type=0; pingpong=0; private_global=0; IO mode=ap_none:ce=0
Port [ width]:  wired=1; compound=0; hidden=0; nouse=0; global=0; static=0; extern=0; dir=0; type=0; pingpong=0; private_global=0; IO mode=ap_none:ce=0
Port [ height]:  wired=1; compound=0; hidden=0; nouse=0; global=0; static=0; extern=0; dir=0; type=0; pingpong=0; private_global=0; IO mode=ap_none:ce=0
---------------- STG Properties END ------------------

---------------- Datapath Model BEGIN ----------------

<LifeTime>
<method=bitvector/>
height_read        (read         ) [ 00010]
width_read         (read         ) [ 00010]
coeffs_0_0_read    (read         ) [ 00010]
coeffs_0_1_read    (read         ) [ 00010]
coeffs_0_2_read    (read         ) [ 00010]
coeffs_1_0_read    (read         ) [ 00010]
coeffs_1_1_read    (read         ) [ 00010]
coeffs_1_2_read    (read         ) [ 00010]
coeffs_2_0_read    (read         ) [ 00010]
coeffs_2_1_read    (read         ) [ 00010]
coeffs_2_2_read    (read         ) [ 00010]
offsets_0_read     (read         ) [ 00010]
offsets_1_read     (read         ) [ 00010]
offsets_2_read     (read         ) [ 00010]
call_ln70          (call         ) [ 00000]
spectopmodule_ln55 (spectopmodule) [ 00000]
specinterface_ln0  (specinterface) [ 00000]
specbitsmap_ln0    (specbitsmap  ) [ 00000]
specinterface_ln0  (specinterface) [ 00000]
specbitsmap_ln0    (specbitsmap  ) [ 00000]
specbitsmap_ln0    (specbitsmap  ) [ 00000]
specinterface_ln0  (specinterface) [ 00000]
specinterface_ln0  (specinterface) [ 00000]
specbitsmap_ln0    (specbitsmap  ) [ 00000]
specinterface_ln0  (specinterface) [ 00000]
specinterface_ln0  (specinterface) [ 00000]
specbitsmap_ln0    (specbitsmap  ) [ 00000]
specinterface_ln0  (specinterface) [ 00000]
specinterface_ln0  (specinterface) [ 00000]
specbitsmap_ln0    (specbitsmap  ) [ 00000]
specinterface_ln0  (specinterface) [ 00000]
specinterface_ln0  (specinterface) [ 00000]
specbitsmap_ln0    (specbitsmap  ) [ 00000]
specinterface_ln0  (specinterface) [ 00000]
specinterface_ln0  (specinterface) [ 00000]
specbitsmap_ln0    (specbitsmap  ) [ 00000]
specinterface_ln0  (specinterface) [ 00000]
specinterface_ln0  (specinterface) [ 00000]
specbitsmap_ln0    (specbitsmap  ) [ 00000]
specinterface_ln0  (specinterface) [ 00000]
specinterface_ln0  (specinterface) [ 00000]
specbitsmap_ln0    (specbitsmap  ) [ 00000]
specinterface_ln0  (specinterface) [ 00000]
specinterface_ln0  (specinterface) [ 00000]
specbitsmap_ln0    (specbitsmap  ) [ 00000]
specinterface_ln0  (specinterface) [ 00000]
specinterface_ln0  (specinterface) [ 00000]
specbitsmap_ln0    (specbitsmap  ) [ 00000]
specinterface_ln0  (specinterface) [ 00000]
specinterface_ln0  (specinterface) [ 00000]
specbitsmap_ln0    (specbitsmap  ) [ 00000]
specinterface_ln0  (specinterface) [ 00000]
specinterface_ln0  (specinterface) [ 00000]
specbitsmap_ln0    (specbitsmap  ) [ 00000]
specinterface_ln0  (specinterface) [ 00000]
specinterface_ln0  (specinterface) [ 00000]
specbitsmap_ln0    (specbitsmap  ) [ 00000]
specinterface_ln0  (specinterface) [ 00000]
specinterface_ln0  (specinterface) [ 00000]
specbitsmap_ln0    (specbitsmap  ) [ 00000]
specinterface_ln0  (specinterface) [ 00000]
specinterface_ln0  (specinterface) [ 00000]
specinterface_ln0  (specinterface) [ 00000]
ret_ln72           (ret          ) [ 00000]
</LifeTime>

<model>

<comp_list>
<comp id="0" class="1000" name="s_axis_video">
<pin_list>
<pin id="1" dir="1" index="0" bw="1" slack="0"/>
</pin_list>
<bind>
<StgValue><ssdm name="s_axis_video"/></StgValue>
</bind>
</comp>

<comp id="2" class="1000" name="m_axis_video">
<pin_list>
<pin id="3" dir="1" index="0" bw="1" slack="0"/>
</pin_list>
<bind>
<StgValue><ssdm name="m_axis_video"/></StgValue>
</bind>
</comp>

<comp id="4" class="1000" name="coeffs_0_0">
<pin_list>
<pin id="5" dir="1" index="0" bw="1" slack="0"/>
</pin_list>
<bind>
<StgValue><ssdm name="coeffs_0_0"/></StgValue>
</bind>
</comp>

<comp id="6" class="1000" name="coeffs_0_1">
<pin_list>
<pin id="7" dir="1" index="0" bw="1" slack="0"/>
</pin_list>
<bind>
<StgValue><ssdm name="coeffs_0_1"/></StgValue>
</bind>
</comp>

<comp id="8" class="1000" name="coeffs_0_2">
<pin_list>
<pin id="9" dir="1" index="0" bw="1" slack="0"/>
</pin_list>
<bind>
<StgValue><ssdm name="coeffs_0_2"/></StgValue>
</bind>
</comp>

<comp id="10" class="1000" name="coeffs_1_0">
<pin_list>
<pin id="11" dir="1" index="0" bw="1" slack="0"/>
</pin_list>
<bind>
<StgValue><ssdm name="coeffs_1_0"/></StgValue>
</bind>
</comp>

<comp id="12" class="1000" name="coeffs_1_1">
<pin_list>
<pin id="13" dir="1" index="0" bw="1" slack="0"/>
</pin_list>
<bind>
<StgValue><ssdm name="coeffs_1_1"/></StgValue>
</bind>
</comp>

<comp id="14" class="1000" name="coeffs_1_2">
<pin_list>
<pin id="15" dir="1" index="0" bw="1" slack="0"/>
</pin_list>
<bind>
<StgValue><ssdm name="coeffs_1_2"/></StgValue>
</bind>
</comp>

<comp id="16" class="1000" name="coeffs_2_0">
<pin_list>
<pin id="17" dir="1" index="0" bw="1" slack="0"/>
</pin_list>
<bind>
<StgValue><ssdm name="coeffs_2_0"/></StgValue>
</bind>
</comp>

<comp id="18" class="1000" name="coeffs_2_1">
<pin_list>
<pin id="19" dir="1" index="0" bw="1" slack="0"/>
</pin_list>
<bind>
<StgValue><ssdm name="coeffs_2_1"/></StgValue>
</bind>
</comp>

<comp id="20" class="1000" name="coeffs_2_2">
<pin_list>
<pin id="21" dir="1" index="0" bw="1" slack="0"/>
</pin_list>
<bind>
<StgValue><ssdm name="coeffs_2_2"/></StgValue>
</bind>
</comp>

<comp id="22" class="1000" name="offsets_0">
<pin_list>
<pin id="23" dir="1" index="0" bw="1" slack="0"/>
</pin_list>
<bind>
<StgValue><ssdm name="offsets_0"/></StgValue>
</bind>
</comp>

<comp id="24" class="1000" name="offsets_1">
<pin_list>
<pin id="25" dir="1" index="0" bw="1" slack="0"/>
</pin_list>
<bind>
<StgValue><ssdm name="offsets_1"/></StgValue>
</bind>
</comp>

<comp id="26" class="1000" name="offsets_2">
<pin_list>
<pin id="27" dir="1" index="0" bw="1" slack="0"/>
</pin_list>
<bind>
<StgValue><ssdm name="offsets_2"/></StgValue>
</bind>
</comp>

<comp id="28" class="1000" name="width">
<pin_list>
<pin id="29" dir="1" index="0" bw="1" slack="0"/>
</pin_list>
<bind>
<StgValue><ssdm name="width"/></StgValue>
</bind>
</comp>

<comp id="30" class="1000" name="height">
<pin_list>
<pin id="31" dir="1" index="0" bw="1" slack="0"/>
</pin_list>
<bind>
<StgValue><ssdm name="height"/></StgValue>
</bind>
</comp>

<comp id="32" class="1001" name="const_32">
<pin_list>
<pin id="33" dir="1" index="0" bw="1" slack="0"/>
</pin_list>
<bind>
<StgValue><ssdm name="_ssdm_op_Read.s_axilite.i32"/></StgValue>
</bind>
</comp>

<comp id="34" class="1001" name="const_34">
<pin_list>
<pin id="35" dir="1" index="0" bw="1" slack="0"/>
</pin_list>
<bind>
<StgValue><ssdm name="_ssdm_op_Read.s_axilite.i16P0A"/></StgValue>
</bind>
</comp>

<comp id="36" class="1001" name="const_36">
<pin_list>
<pin id="37" dir="1" index="0" bw="1" slack="0"/>
</pin_list>
<bind>
<StgValue><ssdm name="hls_color_space_convert_template<3, 8, 3, 8>"/></StgValue>
</bind>
</comp>

<comp id="38" class="1001" name="const_38">
<pin_list>
<pin id="39" dir="1" index="0" bw="1" slack="2147483647"/>
</pin_list>
<bind>
<StgValue><ssdm name="_ssdm_op_SpecTopModule"/></StgValue>
</bind>
</comp>

<comp id="40" class="1001" name="const_40">
<pin_list>
<pin id="41" dir="1" index="0" bw="1" slack="2147483647"/>
</pin_list>
<bind>
<StgValue><ssdm name="empty_19"/></StgValue>
</bind>
</comp>

<comp id="42" class="1001" name="const_42">
<pin_list>
<pin id="43" dir="1" index="0" bw="1" slack="2147483647"/>
</pin_list>
<bind>
<StgValue><ssdm name="_ssdm_op_SpecInterface"/></StgValue>
</bind>
</comp>

<comp id="44" class="1001" name="const_44">
<pin_list>
<pin id="45" dir="1" index="0" bw="1" slack="2147483647"/>
</pin_list>
<bind>
<StgValue><ssdm name="empty"/></StgValue>
</bind>
</comp>

<comp id="46" class="1001" name="const_46">
<pin_list>
<pin id="47" dir="1" index="0" bw="1" slack="2147483647"/>
</pin_list>
<bind>
<StgValue><ssdm name=""/></StgValue>
</bind>
</comp>

<comp id="48" class="1001" name="const_48">
<pin_list>
<pin id="49" dir="1" index="0" bw="1" slack="2147483647"/>
</pin_list>
<bind>
<StgValue><ssdm name="empty_0"/></StgValue>
</bind>
</comp>

<comp id="50" class="1001" name="const_50">
<pin_list>
<pin id="51" dir="1" index="0" bw="1" slack="2147483647"/>
</pin_list>
<bind>
<StgValue><ssdm name=""/></StgValue>
</bind>
</comp>

<comp id="52" class="1001" name="const_52">
<pin_list>
<pin id="53" dir="1" index="0" bw="1" slack="2147483647"/>
</pin_list>
<bind>
<StgValue><ssdm name="empty_1"/></StgValue>
</bind>
</comp>

<comp id="54" class="1001" name="const_54">
<pin_list>
<pin id="55" dir="1" index="0" bw="1" slack="2147483647"/>
</pin_list>
<bind>
<StgValue><ssdm name=""/></StgValue>
</bind>
</comp>

<comp id="56" class="1001" name="const_56">
<pin_list>
<pin id="57" dir="1" index="0" bw="1" slack="2147483647"/>
</pin_list>
<bind>
<StgValue><ssdm name="_ssdm_op_SpecBitsMap"/></StgValue>
</bind>
</comp>

<comp id="58" class="1001" name="const_58">
<pin_list>
<pin id="59" dir="1" index="0" bw="1" slack="2147483647"/>
</pin_list>
<bind>
<StgValue><ssdm name="empty_2"/></StgValue>
</bind>
</comp>

<comp id="60" class="1001" name="const_60">
<pin_list>
<pin id="61" dir="1" index="0" bw="1" slack="2147483647"/>
</pin_list>
<bind>
<StgValue><ssdm name="empty_3"/></StgValue>
</bind>
</comp>

<comp id="62" class="1001" name="const_62">
<pin_list>
<pin id="63" dir="1" index="0" bw="1" slack="2147483647"/>
</pin_list>
<bind>
<StgValue><ssdm name="empty_4"/></StgValue>
</bind>
</comp>

<comp id="64" class="1001" name="const_64">
<pin_list>
<pin id="65" dir="1" index="0" bw="1" slack="2147483647"/>
</pin_list>
<bind>
<StgValue><ssdm name="empty_5"/></StgValue>
</bind>
</comp>

<comp id="66" class="1001" name="const_66">
<pin_list>
<pin id="67" dir="1" index="0" bw="1" slack="2147483647"/>
</pin_list>
<bind>
<StgValue><ssdm name="empty_6"/></StgValue>
</bind>
</comp>

<comp id="68" class="1001" name="const_68">
<pin_list>
<pin id="69" dir="1" index="0" bw="1" slack="2147483647"/>
</pin_list>
<bind>
<StgValue><ssdm name="empty_7"/></StgValue>
</bind>
</comp>

<comp id="70" class="1001" name="const_70">
<pin_list>
<pin id="71" dir="1" index="0" bw="1" slack="2147483647"/>
</pin_list>
<bind>
<StgValue><ssdm name="empty_8"/></StgValue>
</bind>
</comp>

<comp id="72" class="1001" name="const_72">
<pin_list>
<pin id="73" dir="1" index="0" bw="1" slack="2147483647"/>
</pin_list>
<bind>
<StgValue><ssdm name="empty_9"/></StgValue>
</bind>
</comp>

<comp id="74" class="1001" name="const_74">
<pin_list>
<pin id="75" dir="1" index="0" bw="1" slack="2147483647"/>
</pin_list>
<bind>
<StgValue><ssdm name="empty_10"/></StgValue>
</bind>
</comp>

<comp id="76" class="1001" name="const_76">
<pin_list>
<pin id="77" dir="1" index="0" bw="1" slack="2147483647"/>
</pin_list>
<bind>
<StgValue><ssdm name="empty_11"/></StgValue>
</bind>
</comp>

<comp id="78" class="1001" name="const_78">
<pin_list>
<pin id="79" dir="1" index="0" bw="1" slack="2147483647"/>
</pin_list>
<bind>
<StgValue><ssdm name="empty_12"/></StgValue>
</bind>
</comp>

<comp id="80" class="1001" name="const_80">
<pin_list>
<pin id="81" dir="1" index="0" bw="1" slack="2147483647"/>
</pin_list>
<bind>
<StgValue><ssdm name="empty_13"/></StgValue>
</bind>
</comp>

<comp id="82" class="1001" name="const_82">
<pin_list>
<pin id="83" dir="1" index="0" bw="1" slack="2147483647"/>
</pin_list>
<bind>
<StgValue><ssdm name="empty_14"/></StgValue>
</bind>
</comp>

<comp id="84" class="1001" name="const_84">
<pin_list>
<pin id="85" dir="1" index="0" bw="1" slack="2147483647"/>
</pin_list>
<bind>
<StgValue><ssdm name="empty_15"/></StgValue>
</bind>
</comp>

<comp id="86" class="1001" name="const_86">
<pin_list>
<pin id="87" dir="1" index="0" bw="1" slack="2147483647"/>
</pin_list>
<bind>
<StgValue><ssdm name="empty_16"/></StgValue>
</bind>
</comp>

<comp id="88" class="1001" name="const_88">
<pin_list>
<pin id="89" dir="1" index="0" bw="1" slack="2147483647"/>
</pin_list>
<bind>
<StgValue><ssdm name="empty_17"/></StgValue>
</bind>
</comp>

<comp id="90" class="1001" name="const_90">
<pin_list>
<pin id="91" dir="1" index="0" bw="1" slack="2147483647"/>
</pin_list>
<bind>
<StgValue><ssdm name="empty_18"/></StgValue>
</bind>
</comp>

<comp id="92" class="1004" name="height_read_read_fu_92">
<pin_list>
<pin id="93" dir="0" index="0" bw="32" slack="0"/>
<pin id="94" dir="0" index="1" bw="32" slack="0"/>
<pin id="95" dir="1" index="2" bw="32" slack="0"/>
</pin_list>
<bind>
<opcode="read(1150) " fcode="read"/>
<opset="height_read/2 "/>
</bind>
</comp>

<comp id="98" class="1004" name="width_read_read_fu_98">
<pin_list>
<pin id="99" dir="0" index="0" bw="32" slack="0"/>
<pin id="100" dir="0" index="1" bw="32" slack="0"/>
<pin id="101" dir="1" index="2" bw="32" slack="0"/>
</pin_list>
<bind>
<opcode="read(1150) " fcode="read"/>
<opset="width_read/2 "/>
</bind>
</comp>

<comp id="104" class="1004" name="coeffs_0_0_read_read_fu_104">
<pin_list>
<pin id="105" dir="0" index="0" bw="16" slack="0"/>
<pin id="106" dir="0" index="1" bw="16" slack="0"/>
<pin id="107" dir="1" index="2" bw="16" slack="0"/>
</pin_list>
<bind>
<opcode="read(1150) " fcode="read"/>
<opset="coeffs_0_0_read/2 "/>
</bind>
</comp>

<comp id="110" class="1004" name="coeffs_0_1_read_read_fu_110">
<pin_list>
<pin id="111" dir="0" index="0" bw="16" slack="0"/>
<pin id="112" dir="0" index="1" bw="16" slack="0"/>
<pin id="113" dir="1" index="2" bw="16" slack="0"/>
</pin_list>
<bind>
<opcode="read(1150) " fcode="read"/>
<opset="coeffs_0_1_read/2 "/>
</bind>
</comp>

<comp id="116" class="1004" name="coeffs_0_2_read_read_fu_116">
<pin_list>
<pin id="117" dir="0" index="0" bw="16" slack="0"/>
<pin id="118" dir="0" index="1" bw="16" slack="0"/>
<pin id="119" dir="1" index="2" bw="16" slack="0"/>
</pin_list>
<bind>
<opcode="read(1150) " fcode="read"/>
<opset="coeffs_0_2_read/2 "/>
</bind>
</comp>

<comp id="122" class="1004" name="coeffs_1_0_read_read_fu_122">
<pin_list>
<pin id="123" dir="0" index="0" bw="16" slack="0"/>
<pin id="124" dir="0" index="1" bw="16" slack="0"/>
<pin id="125" dir="1" index="2" bw="16" slack="0"/>
</pin_list>
<bind>
<opcode="read(1150) " fcode="read"/>
<opset="coeffs_1_0_read/2 "/>
</bind>
</comp>

<comp id="128" class="1004" name="coeffs_1_1_read_read_fu_128">
<pin_list>
<pin id="129" dir="0" index="0" bw="16" slack="0"/>
<pin id="130" dir="0" index="1" bw="16" slack="0"/>
<pin id="131" dir="1" index="2" bw="16" slack="0"/>
</pin_list>
<bind>
<opcode="read(1150) " fcode="read"/>
<opset="coeffs_1_1_read/2 "/>
</bind>
</comp>

<comp id="134" class="1004" name="coeffs_1_2_read_read_fu_134">
<pin_list>
<pin id="135" dir="0" index="0" bw="16" slack="0"/>
<pin id="136" dir="0" index="1" bw="16" slack="0"/>
<pin id="137" dir="1" index="2" bw="16" slack="0"/>
</pin_list>
<bind>
<opcode="read(1150) " fcode="read"/>
<opset="coeffs_1_2_read/2 "/>
</bind>
</comp>

<comp id="140" class="1004" name="coeffs_2_0_read_read_fu_140">
<pin_list>
<pin id="141" dir="0" index="0" bw="16" slack="0"/>
<pin id="142" dir="0" index="1" bw="16" slack="0"/>
<pin id="143" dir="1" index="2" bw="16" slack="0"/>
</pin_list>
<bind>
<opcode="read(1150) " fcode="read"/>
<opset="coeffs_2_0_read/2 "/>
</bind>
</comp>

<comp id="146" class="1004" name="coeffs_2_1_read_read_fu_146">
<pin_list>
<pin id="147" dir="0" index="0" bw="16" slack="0"/>
<pin id="148" dir="0" index="1" bw="16" slack="0"/>
<pin id="149" dir="1" index="2" bw="16" slack="0"/>
</pin_list>
<bind>
<opcode="read(1150) " fcode="read"/>
<opset="coeffs_2_1_read/2 "/>
</bind>
</comp>

<comp id="152" class="1004" name="coeffs_2_2_read_read_fu_152">
<pin_list>
<pin id="153" dir="0" index="0" bw="16" slack="0"/>
<pin id="154" dir="0" index="1" bw="16" slack="0"/>
<pin id="155" dir="1" index="2" bw="16" slack="0"/>
</pin_list>
<bind>
<opcode="read(1150) " fcode="read"/>
<opset="coeffs_2_2_read/2 "/>
</bind>
</comp>

<comp id="158" class="1004" name="offsets_0_read_read_fu_158">
<pin_list>
<pin id="159" dir="0" index="0" bw="16" slack="0"/>
<pin id="160" dir="0" index="1" bw="16" slack="0"/>
<pin id="161" dir="1" index="2" bw="16" slack="0"/>
</pin_list>
<bind>
<opcode="read(1150) " fcode="read"/>
<opset="offsets_0_read/2 "/>
</bind>
</comp>

<comp id="164" class="1004" name="offsets_1_read_read_fu_164">
<pin_list>
<pin id="165" dir="0" index="0" bw="16" slack="0"/>
<pin id="166" dir="0" index="1" bw="16" slack="0"/>
<pin id="167" dir="1" index="2" bw="16" slack="0"/>
</pin_list>
<bind>
<opcode="read(1150) " fcode="read"/>
<opset="offsets_1_read/2 "/>
</bind>
</comp>

<comp id="170" class="1004" name="offsets_2_read_read_fu_170">
<pin_list>
<pin id="171" dir="0" index="0" bw="16" slack="0"/>
<pin id="172" dir="0" index="1" bw="16" slack="0"/>
<pin id="173" dir="1" index="2" bw="16" slack="0"/>
</pin_list>
<bind>
<opcode="read(1150) " fcode="read"/>
<opset="offsets_2_read/2 "/>
</bind>
</comp>

<comp id="176" class="1004" name="grp_hls_color_space_convert_template_3_8_3_8_s_fu_176">
<pin_list>
<pin id="177" dir="0" index="0" bw="0" slack="0"/>
<pin id="178" dir="0" index="1" bw="32" slack="0"/>
<pin id="179" dir="0" index="2" bw="32" slack="0"/>
<pin id="180" dir="0" index="3" bw="16" slack="0"/>
<pin id="181" dir="0" index="4" bw="16" slack="0"/>
<pin id="182" dir="0" index="5" bw="16" slack="0"/>
<pin id="183" dir="0" index="6" bw="16" slack="0"/>
<pin id="184" dir="0" index="7" bw="16" slack="0"/>
<pin id="185" dir="0" index="8" bw="16" slack="0"/>
<pin id="186" dir="0" index="9" bw="16" slack="0"/>
<pin id="187" dir="0" index="10" bw="16" slack="0"/>
<pin id="188" dir="0" index="11" bw="16" slack="0"/>
<pin id="189" dir="0" index="12" bw="16" slack="0"/>
<pin id="190" dir="0" index="13" bw="16" slack="0"/>
<pin id="191" dir="0" index="14" bw="16" slack="0"/>
<pin id="192" dir="0" index="15" bw="32" slack="0"/>
<pin id="193" dir="0" index="16" bw="32" slack="0"/>
<pin id="194" dir="1" index="17" bw="0" slack="2147483647"/>
</pin_list>
<bind>
<opcode="call(48) " fcode="call"/>
<opset="call_ln70/2 "/>
</bind>
</comp>

<comp id="212" class="1005" name="height_read_reg_212">
<pin_list>
<pin id="213" dir="0" index="0" bw="32" slack="1"/>
<pin id="214" dir="1" index="1" bw="32" slack="1"/>
</pin_list>
<bind>
<opset="height_read "/>
</bind>
</comp>

<comp id="217" class="1005" name="width_read_reg_217">
<pin_list>
<pin id="218" dir="0" index="0" bw="32" slack="1"/>
<pin id="219" dir="1" index="1" bw="32" slack="1"/>
</pin_list>
<bind>
<opset="width_read "/>
</bind>
</comp>

<comp id="222" class="1005" name="coeffs_0_0_read_reg_222">
<pin_list>
<pin id="223" dir="0" index="0" bw="16" slack="1"/>
<pin id="224" dir="1" index="1" bw="16" slack="1"/>
</pin_list>
<bind>
<opset="coeffs_0_0_read "/>
</bind>
</comp>

<comp id="227" class="1005" name="coeffs_0_1_read_reg_227">
<pin_list>
<pin id="228" dir="0" index="0" bw="16" slack="1"/>
<pin id="229" dir="1" index="1" bw="16" slack="1"/>
</pin_list>
<bind>
<opset="coeffs_0_1_read "/>
</bind>
</comp>

<comp id="232" class="1005" name="coeffs_0_2_read_reg_232">
<pin_list>
<pin id="233" dir="0" index="0" bw="16" slack="1"/>
<pin id="234" dir="1" index="1" bw="16" slack="1"/>
</pin_list>
<bind>
<opset="coeffs_0_2_read "/>
</bind>
</comp>

<comp id="237" class="1005" name="coeffs_1_0_read_reg_237">
<pin_list>
<pin id="238" dir="0" index="0" bw="16" slack="1"/>
<pin id="239" dir="1" index="1" bw="16" slack="1"/>
</pin_list>
<bind>
<opset="coeffs_1_0_read "/>
</bind>
</comp>

<comp id="242" class="1005" name="coeffs_1_1_read_reg_242">
<pin_list>
<pin id="243" dir="0" index="0" bw="16" slack="1"/>
<pin id="244" dir="1" index="1" bw="16" slack="1"/>
</pin_list>
<bind>
<opset="coeffs_1_1_read "/>
</bind>
</comp>

<comp id="247" class="1005" name="coeffs_1_2_read_reg_247">
<pin_list>
<pin id="248" dir="0" index="0" bw="16" slack="1"/>
<pin id="249" dir="1" index="1" bw="16" slack="1"/>
</pin_list>
<bind>
<opset="coeffs_1_2_read "/>
</bind>
</comp>

<comp id="252" class="1005" name="coeffs_2_0_read_reg_252">
<pin_list>
<pin id="253" dir="0" index="0" bw="16" slack="1"/>
<pin id="254" dir="1" index="1" bw="16" slack="1"/>
</pin_list>
<bind>
<opset="coeffs_2_0_read "/>
</bind>
</comp>

<comp id="257" class="1005" name="coeffs_2_1_read_reg_257">
<pin_list>
<pin id="258" dir="0" index="0" bw="16" slack="1"/>
<pin id="259" dir="1" index="1" bw="16" slack="1"/>
</pin_list>
<bind>
<opset="coeffs_2_1_read "/>
</bind>
</comp>

<comp id="262" class="1005" name="coeffs_2_2_read_reg_262">
<pin_list>
<pin id="263" dir="0" index="0" bw="16" slack="1"/>
<pin id="264" dir="1" index="1" bw="16" slack="1"/>
</pin_list>
<bind>
<opset="coeffs_2_2_read "/>
</bind>
</comp>

<comp id="267" class="1005" name="offsets_0_read_reg_267">
<pin_list>
<pin id="268" dir="0" index="0" bw="16" slack="1"/>
<pin id="269" dir="1" index="1" bw="16" slack="1"/>
</pin_list>
<bind>
<opset="offsets_0_read "/>
</bind>
</comp>

<comp id="272" class="1005" name="offsets_1_read_reg_272">
<pin_list>
<pin id="273" dir="0" index="0" bw="16" slack="1"/>
<pin id="274" dir="1" index="1" bw="16" slack="1"/>
</pin_list>
<bind>
<opset="offsets_1_read "/>
</bind>
</comp>

<comp id="277" class="1005" name="offsets_2_read_reg_277">
<pin_list>
<pin id="278" dir="0" index="0" bw="16" slack="1"/>
<pin id="279" dir="1" index="1" bw="16" slack="1"/>
</pin_list>
<bind>
<opset="offsets_2_read "/>
</bind>
</comp>

</comp_list>

<net_list>
<net id="96"><net_src comp="32" pin="0"/><net_sink comp="92" pin=0"/></net>

<net id="97"><net_src comp="30" pin="0"/><net_sink comp="92" pin=1"/></net>

<net id="102"><net_src comp="32" pin="0"/><net_sink comp="98" pin=0"/></net>

<net id="103"><net_src comp="28" pin="0"/><net_sink comp="98" pin=1"/></net>

<net id="108"><net_src comp="34" pin="0"/><net_sink comp="104" pin=0"/></net>

<net id="109"><net_src comp="4" pin="0"/><net_sink comp="104" pin=1"/></net>

<net id="114"><net_src comp="34" pin="0"/><net_sink comp="110" pin=0"/></net>

<net id="115"><net_src comp="6" pin="0"/><net_sink comp="110" pin=1"/></net>

<net id="120"><net_src comp="34" pin="0"/><net_sink comp="116" pin=0"/></net>

<net id="121"><net_src comp="8" pin="0"/><net_sink comp="116" pin=1"/></net>

<net id="126"><net_src comp="34" pin="0"/><net_sink comp="122" pin=0"/></net>

<net id="127"><net_src comp="10" pin="0"/><net_sink comp="122" pin=1"/></net>

<net id="132"><net_src comp="34" pin="0"/><net_sink comp="128" pin=0"/></net>

<net id="133"><net_src comp="12" pin="0"/><net_sink comp="128" pin=1"/></net>

<net id="138"><net_src comp="34" pin="0"/><net_sink comp="134" pin=0"/></net>

<net id="139"><net_src comp="14" pin="0"/><net_sink comp="134" pin=1"/></net>

<net id="144"><net_src comp="34" pin="0"/><net_sink comp="140" pin=0"/></net>

<net id="145"><net_src comp="16" pin="0"/><net_sink comp="140" pin=1"/></net>

<net id="150"><net_src comp="34" pin="0"/><net_sink comp="146" pin=0"/></net>

<net id="151"><net_src comp="18" pin="0"/><net_sink comp="146" pin=1"/></net>

<net id="156"><net_src comp="34" pin="0"/><net_sink comp="152" pin=0"/></net>

<net id="157"><net_src comp="20" pin="0"/><net_sink comp="152" pin=1"/></net>

<net id="162"><net_src comp="34" pin="0"/><net_sink comp="158" pin=0"/></net>

<net id="163"><net_src comp="22" pin="0"/><net_sink comp="158" pin=1"/></net>

<net id="168"><net_src comp="34" pin="0"/><net_sink comp="164" pin=0"/></net>

<net id="169"><net_src comp="24" pin="0"/><net_sink comp="164" pin=1"/></net>

<net id="174"><net_src comp="34" pin="0"/><net_sink comp="170" pin=0"/></net>

<net id="175"><net_src comp="26" pin="0"/><net_sink comp="170" pin=1"/></net>

<net id="195"><net_src comp="36" pin="0"/><net_sink comp="176" pin=0"/></net>

<net id="196"><net_src comp="0" pin="0"/><net_sink comp="176" pin=1"/></net>

<net id="197"><net_src comp="2" pin="0"/><net_sink comp="176" pin=2"/></net>

<net id="198"><net_src comp="104" pin="2"/><net_sink comp="176" pin=3"/></net>

<net id="199"><net_src comp="110" pin="2"/><net_sink comp="176" pin=4"/></net>

<net id="200"><net_src comp="116" pin="2"/><net_sink comp="176" pin=5"/></net>

<net id="201"><net_src comp="122" pin="2"/><net_sink comp="176" pin=6"/></net>

<net id="202"><net_src comp="128" pin="2"/><net_sink comp="176" pin=7"/></net>

<net id="203"><net_src comp="134" pin="2"/><net_sink comp="176" pin=8"/></net>

<net id="204"><net_src comp="140" pin="2"/><net_sink comp="176" pin=9"/></net>

<net id="205"><net_src comp="146" pin="2"/><net_sink comp="176" pin=10"/></net>

<net id="206"><net_src comp="152" pin="2"/><net_sink comp="176" pin=11"/></net>

<net id="207"><net_src comp="158" pin="2"/><net_sink comp="176" pin=12"/></net>

<net id="208"><net_src comp="164" pin="2"/><net_sink comp="176" pin=13"/></net>

<net id="209"><net_src comp="170" pin="2"/><net_sink comp="176" pin=14"/></net>

<net id="210"><net_src comp="98" pin="2"/><net_sink comp="176" pin=15"/></net>

<net id="211"><net_src comp="92" pin="2"/><net_sink comp="176" pin=16"/></net>

<net id="215"><net_src comp="92" pin="2"/><net_sink comp="212" pin=0"/></net>

<net id="216"><net_src comp="212" pin="1"/><net_sink comp="176" pin=16"/></net>

<net id="220"><net_src comp="98" pin="2"/><net_sink comp="217" pin=0"/></net>

<net id="221"><net_src comp="217" pin="1"/><net_sink comp="176" pin=15"/></net>

<net id="225"><net_src comp="104" pin="2"/><net_sink comp="222" pin=0"/></net>

<net id="226"><net_src comp="222" pin="1"/><net_sink comp="176" pin=3"/></net>

<net id="230"><net_src comp="110" pin="2"/><net_sink comp="227" pin=0"/></net>

<net id="231"><net_src comp="227" pin="1"/><net_sink comp="176" pin=4"/></net>

<net id="235"><net_src comp="116" pin="2"/><net_sink comp="232" pin=0"/></net>

<net id="236"><net_src comp="232" pin="1"/><net_sink comp="176" pin=5"/></net>

<net id="240"><net_src comp="122" pin="2"/><net_sink comp="237" pin=0"/></net>

<net id="241"><net_src comp="237" pin="1"/><net_sink comp="176" pin=6"/></net>

<net id="245"><net_src comp="128" pin="2"/><net_sink comp="242" pin=0"/></net>

<net id="246"><net_src comp="242" pin="1"/><net_sink comp="176" pin=7"/></net>

<net id="250"><net_src comp="134" pin="2"/><net_sink comp="247" pin=0"/></net>

<net id="251"><net_src comp="247" pin="1"/><net_sink comp="176" pin=8"/></net>

<net id="255"><net_src comp="140" pin="2"/><net_sink comp="252" pin=0"/></net>

<net id="256"><net_src comp="252" pin="1"/><net_sink comp="176" pin=9"/></net>

<net id="260"><net_src comp="146" pin="2"/><net_sink comp="257" pin=0"/></net>

<net id="261"><net_src comp="257" pin="1"/><net_sink comp="176" pin=10"/></net>

<net id="265"><net_src comp="152" pin="2"/><net_sink comp="262" pin=0"/></net>

<net id="266"><net_src comp="262" pin="1"/><net_sink comp="176" pin=11"/></net>

<net id="270"><net_src comp="158" pin="2"/><net_sink comp="267" pin=0"/></net>

<net id="271"><net_src comp="267" pin="1"/><net_sink comp="176" pin=12"/></net>

<net id="275"><net_src comp="164" pin="2"/><net_sink comp="272" pin=0"/></net>

<net id="276"><net_src comp="272" pin="1"/><net_sink comp="176" pin=13"/></net>

<net id="280"><net_src comp="170" pin="2"/><net_sink comp="277" pin=0"/></net>

<net id="281"><net_src comp="277" pin="1"/><net_sink comp="176" pin=14"/></net>

</net_list>

</model> 
---------------- Datapath Model END ------------------

* FSMD analyzer results:
  - Output states:
	Port: m_axis_video | {2 3 }
 - Input state : 
	Port: hls_color_space_convert_top : s_axis_video | {2 3 }
	Port: hls_color_space_convert_top : coeffs_0_0 | {2 }
	Port: hls_color_space_convert_top : coeffs_0_1 | {2 }
	Port: hls_color_space_convert_top : coeffs_0_2 | {2 }
	Port: hls_color_space_convert_top : coeffs_1_0 | {2 }
	Port: hls_color_space_convert_top : coeffs_1_1 | {2 }
	Port: hls_color_space_convert_top : coeffs_1_2 | {2 }
	Port: hls_color_space_convert_top : coeffs_2_0 | {2 }
	Port: hls_color_space_convert_top : coeffs_2_1 | {2 }
	Port: hls_color_space_convert_top : coeffs_2_2 | {2 }
	Port: hls_color_space_convert_top : offsets_0 | {2 }
	Port: hls_color_space_convert_top : offsets_1 | {2 }
	Port: hls_color_space_convert_top : offsets_2 | {2 }
	Port: hls_color_space_convert_top : width | {2 }
	Port: hls_color_space_convert_top : height | {2 }
  - Chain level:
	State 1
	State 2
	State 3
	State 4


============================================================
+ Verbose Summary: Datapath Resource usage 
============================================================

* Functional unit list:
|----------|-------------------------------------------------------|---------|---------|---------|---------|
| Operation|                    Functional Unit                    |   DSP   |  Delay  |    FF   |   LUT   |
|----------|-------------------------------------------------------|---------|---------|---------|---------|
|   call   | grp_hls_color_space_convert_template_3_8_3_8_s_fu_176 |    12   |  10.675 |   940   |   817   |
|----------|-------------------------------------------------------|---------|---------|---------|---------|
|          |                 height_read_read_fu_92                |    0    |    0    |    0    |    0    |
|          |                 width_read_read_fu_98                 |    0    |    0    |    0    |    0    |
|          |              coeffs_0_0_read_read_fu_104              |    0    |    0    |    0    |    0    |
|          |              coeffs_0_1_read_read_fu_110              |    0    |    0    |    0    |    0    |
|          |              coeffs_0_2_read_read_fu_116              |    0    |    0    |    0    |    0    |
|          |              coeffs_1_0_read_read_fu_122              |    0    |    0    |    0    |    0    |
|   read   |              coeffs_1_1_read_read_fu_128              |    0    |    0    |    0    |    0    |
|          |              coeffs_1_2_read_read_fu_134              |    0    |    0    |    0    |    0    |
|          |              coeffs_2_0_read_read_fu_140              |    0    |    0    |    0    |    0    |
|          |              coeffs_2_1_read_read_fu_146              |    0    |    0    |    0    |    0    |
|          |              coeffs_2_2_read_read_fu_152              |    0    |    0    |    0    |    0    |
|          |               offsets_0_read_read_fu_158              |    0    |    0    |    0    |    0    |
|          |               offsets_1_read_read_fu_164              |    0    |    0    |    0    |    0    |
|          |               offsets_2_read_read_fu_170              |    0    |    0    |    0    |    0    |
|----------|-------------------------------------------------------|---------|---------|---------|---------|
|   Total  |                                                       |    12   |  10.675 |   940   |   817   |
|----------|-------------------------------------------------------|---------|---------|---------|---------|

Memories:
N/A

* Register list:
+-----------------------+--------+
|                       |   FF   |
+-----------------------+--------+
|coeffs_0_0_read_reg_222|   16   |
|coeffs_0_1_read_reg_227|   16   |
|coeffs_0_2_read_reg_232|   16   |
|coeffs_1_0_read_reg_237|   16   |
|coeffs_1_1_read_reg_242|   16   |
|coeffs_1_2_read_reg_247|   16   |
|coeffs_2_0_read_reg_252|   16   |
|coeffs_2_1_read_reg_257|   16   |
|coeffs_2_2_read_reg_262|   16   |
|  height_read_reg_212  |   32   |
| offsets_0_read_reg_267|   16   |
| offsets_1_read_reg_272|   16   |
| offsets_2_read_reg_277|   16   |
|   width_read_reg_217  |   32   |
+-----------------------+--------+
|         Total         |   256  |
+-----------------------+--------+

* Multiplexer (MUX) list: 
|-------------------------------------------------------|------|------|------|--------||---------||---------||---------|
|                          Comp                         |  Pin | Size |  BW  | S x BW ||  Delay  ||    FF   ||   LUT   |
|-------------------------------------------------------|------|------|------|--------||---------||---------||---------|
| grp_hls_color_space_convert_template_3_8_3_8_s_fu_176 |  p3  |   2  |  16  |   32   ||    0    ||    9    |
| grp_hls_color_space_convert_template_3_8_3_8_s_fu_176 |  p4  |   2  |  16  |   32   ||    0    ||    9    |
| grp_hls_color_space_convert_template_3_8_3_8_s_fu_176 |  p5  |   2  |  16  |   32   ||    0    ||    9    |
| grp_hls_color_space_convert_template_3_8_3_8_s_fu_176 |  p6  |   2  |  16  |   32   ||    0    ||    9    |
| grp_hls_color_space_convert_template_3_8_3_8_s_fu_176 |  p7  |   2  |  16  |   32   ||    0    ||    9    |
| grp_hls_color_space_convert_template_3_8_3_8_s_fu_176 |  p8  |   2  |  16  |   32   ||    0    ||    9    |
| grp_hls_color_space_convert_template_3_8_3_8_s_fu_176 |  p9  |   2  |  16  |   32   ||    0    ||    9    |
| grp_hls_color_space_convert_template_3_8_3_8_s_fu_176 |  p10 |   2  |  16  |   32   ||    0    ||    9    |
| grp_hls_color_space_convert_template_3_8_3_8_s_fu_176 |  p11 |   2  |  16  |   32   ||    0    ||    9    |
| grp_hls_color_space_convert_template_3_8_3_8_s_fu_176 |  p12 |   2  |  16  |   32   ||    0    ||    9    |
| grp_hls_color_space_convert_template_3_8_3_8_s_fu_176 |  p13 |   2  |  16  |   32   ||    0    ||    9    |
| grp_hls_color_space_convert_template_3_8_3_8_s_fu_176 |  p14 |   2  |  16  |   32   ||    0    ||    9    |
| grp_hls_color_space_convert_template_3_8_3_8_s_fu_176 |  p15 |   2  |  32  |   64   ||    0    ||    9    |
| grp_hls_color_space_convert_template_3_8_3_8_s_fu_176 |  p16 |   2  |  32  |   64   ||    0    ||    9    |
|-------------------------------------------------------|------|------|------|--------||---------||---------||---------|
|                         Total                         |      |      |      |   512  ||  5.978  ||    0    ||   126   |
|-------------------------------------------------------|------|------|------|--------||---------||---------||---------|



* Summary:
+-----------+--------+--------+--------+--------+
|           |   DSP  |  Delay |   FF   |   LUT  |
+-----------+--------+--------+--------+--------+
|  Function |   12   |   10   |   940  |   817  |
|   Memory  |    -   |    -   |    -   |    -   |
|Multiplexer|    -   |    5   |    0   |   126  |
|  Register |    -   |    -   |   256  |    -   |
+-----------+--------+--------+--------+--------+
|   Total   |   12   |   16   |  1196  |   943  |
+-----------+--------+--------+--------+--------+
