

================================================================
== Vitis HLS Report for 'hls_histogram_gray_Pipeline_VITIS_LOOP_77_3'
================================================================
* Date:           Fri Apr 10 08:56:59 2026

* Version:        2025.2 (Build 6295257 on Nov 14 2025)
* Project:        hls_histogram
* Solution:       hls (Vivado IP Flow Target)
* Product family: zynquplus
* Target device:  xck26-sfvc784-2LV-c


================================================================
== Performance Estimates
================================================================
+ Timing: 
    * Summary: 
    +--------+----------+----------+------------+
    |  Clock |  Target  | Estimated| Uncertainty|
    +--------+----------+----------+------------+
    |ap_clk  |  10.00 ns|  1.664 ns|     2.70 ns|
    +--------+----------+----------+------------+

+ Latency: 
    * Summary: 
    +---------+---------+----------+----------+-----+-----+-------------------+
    |  Latency (cycles) |  Latency (absolute) |  Interval |      Pipeline     |
    |   min   |   max   |    min   |    max   | min | max |        Type       |
    +---------+---------+----------+----------+-----+-----+-------------------+
    |      259|      259|  2.590 us|  2.590 us|    0|    0|  loop pipeline stp|
    +---------+---------+----------+----------+-----+-----+-------------------+

    + Detail: 
        * Instance: 
        N/A

        * Loop: 
        +-------------------+---------+---------+----------+-----------+-----------+------+----------+
        |                   |  Latency (cycles) | Iteration|  Initiation Interval  | Trip |          |
        |     Loop Name     |   min   |   max   |  Latency |  achieved |   target  | Count| Pipelined|
        +-------------------+---------+---------+----------+-----------+-----------+------+----------+
        |- VITIS_LOOP_77_3  |      257|      257|         3|          1|          1|   256|       yes|
        +-------------------+---------+---------+----------+-----------+-----------+------+----------+



================================================================
== Utilization Estimates
================================================================
* Summary: 
+-----------------+---------+------+--------+--------+-----+
|       Name      | BRAM_18K|  DSP |   FF   |   LUT  | URAM|
+-----------------+---------+------+--------+--------+-----+
|DSP              |        -|     -|       -|       -|    -|
|Expression       |        -|     -|       0|      35|    -|
|FIFO             |        -|     -|       -|       -|    -|
|Instance         |        -|     -|       -|       -|    -|
|Memory           |        -|     -|       -|       -|    -|
|Multiplexer      |        -|     -|       0|      36|    -|
|Register         |        -|     -|      23|       -|    -|
+-----------------+---------+------+--------+--------+-----+
|Total            |        0|     0|      23|      71|    0|
+-----------------+---------+------+--------+--------+-----+
|Available        |      288|  1248|  234240|  117120|   64|
+-----------------+---------+------+--------+--------+-----+
|Utilization (%)  |        0|     0|      ~0|      ~0|    0|
+-----------------+---------+------+--------+--------+-----+

+ Detail: 
    * Instance: 
    N/A

    * DSP: 
    N/A

    * Memory: 
    N/A

    * FIFO: 
    N/A

    * Expression: 
    +--------------------+----------+----+---+----+------------+------------+
    |    Variable Name   | Operation| DSP| FF| LUT| Bitwidth P0| Bitwidth P1|
    +--------------------+----------+----+---+----+------------+------------+
    |add_ln77_fu_93_p2   |         +|   0|  0|  16|           9|           1|
    |icmp_ln77_fu_87_p2  |      icmp|   0|  0|  17|           9|          10|
    |ap_enable_pp0       |       xor|   0|  0|   2|           1|           2|
    +--------------------+----------+----+---+----+------------+------------+
    |Total               |          |   0|  0|  35|          19|          13|
    +--------------------+----------+----+---+----+------------+------------+

    * Multiplexer: 
    +-------------------------+----+-----------+-----+-----------+
    |           Name          | LUT| Input Size| Bits| Total Bits|
    +-------------------------+----+-----------+-----+-----------+
    |ap_done_int              |   9|          2|    1|          2|
    |ap_enable_reg_pp0_iter1  |   9|          2|    1|          2|
    |ap_sig_allocacmp_i_1     |   9|          2|    9|         18|
    |i_fu_48                  |   9|          2|    9|         18|
    +-------------------------+----+-----------+-----+-----------+
    |Total                    |  36|          8|   20|         40|
    +-------------------------+----+-----------+-----+-----------+

    * Register: 
    +----------------------------------+---+----+-----+-----------+
    |               Name               | FF| LUT| Bits| Const Bits|
    +----------------------------------+---+----+-----+-----------+
    |ap_CS_fsm                         |  1|   0|    1|          0|
    |ap_done_reg                       |  1|   0|    1|          0|
    |ap_enable_reg_pp0_iter1           |  1|   0|    1|          0|
    |ap_enable_reg_pp0_iter2           |  1|   0|    1|          0|
    |ap_loop_exit_ready_pp0_iter1_reg  |  1|   0|    1|          0|
    |i_fu_48                           |  9|   0|    9|          0|
    |zext_ln77_reg_120                 |  9|   0|   64|         55|
    +----------------------------------+---+----+-----+-----------+
    |Total                             | 23|   0|   78|         55|
    +----------------------------------+---+----+-----+-----------+



================================================================
== Interface
================================================================
* Summary: 
+---------------------+-----+-----+------------+---------------------------------------------+--------------+
|      RTL Ports      | Dir | Bits|  Protocol  |                Source Object                |    C Type    |
+---------------------+-----+-----+------------+---------------------------------------------+--------------+
|ap_clk               |   in|    1|  ap_ctrl_hs|  hls_histogram_gray_Pipeline_VITIS_LOOP_77_3|  return value|
|ap_rst               |   in|    1|  ap_ctrl_hs|  hls_histogram_gray_Pipeline_VITIS_LOOP_77_3|  return value|
|ap_start             |   in|    1|  ap_ctrl_hs|  hls_histogram_gray_Pipeline_VITIS_LOOP_77_3|  return value|
|ap_done              |  out|    1|  ap_ctrl_hs|  hls_histogram_gray_Pipeline_VITIS_LOOP_77_3|  return value|
|ap_idle              |  out|    1|  ap_ctrl_hs|  hls_histogram_gray_Pipeline_VITIS_LOOP_77_3|  return value|
|ap_ready             |  out|    1|  ap_ctrl_hs|  hls_histogram_gray_Pipeline_VITIS_LOOP_77_3|  return value|
|local_hist_address0  |  out|    8|   ap_memory|                                   local_hist|         array|
|local_hist_ce0       |  out|    1|   ap_memory|                                   local_hist|         array|
|local_hist_q0        |   in|   32|   ap_memory|                                   local_hist|         array|
|hist_out_address0    |  out|    8|   ap_memory|                                     hist_out|         array|
|hist_out_ce0         |  out|    1|   ap_memory|                                     hist_out|         array|
|hist_out_we0         |  out|    1|   ap_memory|                                     hist_out|         array|
|hist_out_d0          |  out|   32|   ap_memory|                                     hist_out|         array|
+---------------------+-----+-----+------------+---------------------------------------------+--------------+

