

================================================================
== Vitis HLS Report for 'hls_histogram_gray'
================================================================
* Date:           Fri Apr 10 08:56:59 2026

* Version:        2025.2 (Build 6295257 on Nov 14 2025)
* Project:        hls_histogram
* Solution:       hls (Vivado IP Flow Target)
* Product family: zynquplus
* Target device:  xck26-sfvc784-2LV-c


================================================================
== Performance Estimates
================================================================
+ Timing: 
    * Summary: 
    +--------+----------+----------+------------+
    |  Clock |  Target  | Estimated| Uncertainty|
    +--------+----------+----------+------------+
    |ap_clk  |  10.00 ns|  6.788 ns|     2.70 ns|
    +--------+----------+----------+------------+

+ Latency: 
    * Summary: 
    +---------+---------+----------+----------+-----+-----+---------+
    |  Latency (cycles) |  Latency (absolute) |  Interval | Pipeline|
    |   min   |   max   |    min   |    max   | min | max |   Type  |
    +---------+---------+----------+----------+-----+-----+---------+
    |        ?|        ?|         ?|         ?|    ?|    ?|       no|
    +---------+---------+----------+----------+-----+-----+---------+

    + Detail: 
        * Instance: 
        +--------------------------------------------------------+---------------------------------------------+---------+---------+----------+----------+-----+-----+-------------------+
        |                                                        |                                             |  Latency (cycles) |  Latency (absolute) |  Interval |      Pipeline     |
        |                        Instance                        |                    Module                   |   min   |   max   |    min   |    max   | min | max |        Type       |
        +--------------------------------------------------------+---------------------------------------------+---------+---------+----------+----------+-----+-----+-------------------+
        |grp_hls_histogram_gray_Pipeline_VITIS_LOOP_22_1_fu_102  |hls_histogram_gray_Pipeline_VITIS_LOOP_22_1  |      258|      258|  2.580 us|  2.580 us|    0|    0|  loop pipeline stp|
        |grp_hls_histogram_gray_Pipeline_VITIS_LOOP_36_2_fu_108  |hls_histogram_gray_Pipeline_VITIS_LOOP_36_2  |        ?|        ?|         ?|         ?|    0|    0|  loop pipeline stp|
        |grp_hls_histogram_gray_Pipeline_VITIS_LOOP_77_3_fu_118  |hls_histogram_gray_Pipeline_VITIS_LOOP_77_3  |      259|      259|  2.590 us|  2.590 us|    0|    0|  loop pipeline stp|
        +--------------------------------------------------------+---------------------------------------------+---------+---------+----------+----------+-----+-----+-------------------+

        * Loop: 
        N/A



================================================================
== Utilization Estimates
================================================================
* Summary: 
+-----------------+---------+------+--------+--------+-----+
|       Name      | BRAM_18K|  DSP |   FF   |   LUT  | URAM|
+-----------------+---------+------+--------+--------+-----+
|DSP              |        -|     -|       -|       -|    -|
|Expression       |        -|     -|       0|      41|    -|
|FIFO             |        -|     -|       -|       -|    -|
|Instance         |        2|     3|     307|     629|    0|
|Memory           |        2|     -|       0|       0|    -|
|Multiplexer      |        -|     -|       0|     129|    -|
|Register         |        -|     -|      43|       -|    -|
+-----------------+---------+------+--------+--------+-----+
|Total            |        4|     3|     350|     799|    0|
+-----------------+---------+------+--------+--------+-----+
|Available        |      288|  1248|  234240|  117120|   64|
+-----------------+---------+------+--------+--------+-----+
|Utilization (%)  |        1|    ~0|      ~0|      ~0|    0|
+-----------------+---------+------+--------+--------+-----+

+ Detail: 
    * Instance: 
    +--------------------------------------------------------+---------------------------------------------+---------+----+-----+-----+-----+
    |                        Instance                        |                    Module                   | BRAM_18K| DSP|  FF | LUT | URAM|
    +--------------------------------------------------------+---------------------------------------------+---------+----+-----+-----+-----+
    |control_s_axi_U                                         |control_s_axi                                |        2|   0|  192|  238|    0|
    |grp_hls_histogram_gray_Pipeline_VITIS_LOOP_22_1_fu_102  |hls_histogram_gray_Pipeline_VITIS_LOOP_22_1  |        0|   0|   11|   60|    0|
    |grp_hls_histogram_gray_Pipeline_VITIS_LOOP_36_2_fu_108  |hls_histogram_gray_Pipeline_VITIS_LOOP_36_2  |        0|   0|   81|  240|    0|
    |grp_hls_histogram_gray_Pipeline_VITIS_LOOP_77_3_fu_118  |hls_histogram_gray_Pipeline_VITIS_LOOP_77_3  |        0|   0|   23|   71|    0|
    |mul_32s_32s_32_1_1_U9                                   |mul_32s_32s_32_1_1                           |        0|   3|    0|   20|    0|
    +--------------------------------------------------------+---------------------------------------------+---------+----+-----+-----+-----+
    |Total                                                   |                                             |        2|   3|  307|  629|    0|
    +--------------------------------------------------------+---------------------------------------------+---------+----+-----+-----+-----+

    * DSP: 
    N/A

    * Memory: 
    +--------------+------------------------------+---------+---+----+-----+------+-----+------+-------------+
    |    Memory    |            Module            | BRAM_18K| FF| LUT| URAM| Words| Bits| Banks| W*Bits*Banks|
    +--------------+------------------------------+---------+---+----+-----+------+-----+------+-------------+
    |local_hist_U  |local_hist_RAM_T2P_BRAM_1R1W  |        2|  0|   0|    0|   256|   32|     1|         8192|
    +--------------+------------------------------+---------+---+----+-----+------+-----+------+-------------+
    |Total         |                              |        2|  0|   0|    0|   256|   32|     1|         8192|
    +--------------+------------------------------+---------+---+----+-----+------+-----+------+-------------+

    * FIFO: 
    N/A

    * Expression: 
    +---------------------+----------+----+---+----+------------+------------+
    |    Variable Name    | Operation| DSP| FF| LUT| Bitwidth P0| Bitwidth P1|
    +---------------------+----------+----+---+----+------------+------------+
    |icmp_ln36_fu_132_p2  |      icmp|   0|  0|  39|          32|           1|
    |local_hist_we0       |        or|   0|  0|   2|           1|           1|
    +---------------------+----------+----+---+----+------------+------------+
    |Total                |          |   0|  0|  41|          33|           2|
    +---------------------+----------+----+---+----+------------+------------+

    * Multiplexer: 
    +-------------------------------+----+-----------+-----+-----------+
    |              Name             | LUT| Input Size| Bits| Total Bits|
    +-------------------------------+----+-----------+-----+-----------+
    |ap_NS_fsm                      |  43|          8|    1|          8|
    |local_hist_address0            |  20|          4|    8|         32|
    |local_hist_ce0                 |  20|          4|    1|          4|
    |local_hist_ce1                 |   9|          2|    1|          2|
    |local_hist_d0                  |  14|          3|   32|         96|
    |local_hist_we0                 |  14|          3|    1|          3|
    |stream_in_TREADY_int_regslice  |   9|          2|    1|          2|
    +-------------------------------+----+-----------+-----+-----------+
    |Total                          | 129|         26|   45|        147|
    +-------------------------------+----+-----------+-----+-----------+

    * Register: 
    +---------------------------------------------------------------------+----+----+-----+-----------+
    |                                 Name                                | FF | LUT| Bits| Const Bits|
    +---------------------------------------------------------------------+----+----+-----+-----------+
    |ap_CS_fsm                                                            |   7|   0|    7|          0|
    |grp_hls_histogram_gray_Pipeline_VITIS_LOOP_22_1_fu_102_ap_start_reg  |   1|   0|    1|          0|
    |grp_hls_histogram_gray_Pipeline_VITIS_LOOP_36_2_fu_108_ap_start_reg  |   1|   0|    1|          0|
    |grp_hls_histogram_gray_Pipeline_VITIS_LOOP_77_3_fu_118_ap_start_reg  |   1|   0|    1|          0|
    |icmp_ln36_reg_167                                                    |   1|   0|    1|          0|
    |total_pixels_reg_162                                                 |  32|   0|   32|          0|
    +---------------------------------------------------------------------+----+----+-----+-----------+
    |Total                                                                |  43|   0|   43|          0|
    +---------------------------------------------------------------------+----+----+-----+-----------+



================================================================
== Interface
================================================================
* Summary: 
+-----------------------+-----+-----+------------+--------------------+--------------+
|       RTL Ports       | Dir | Bits|  Protocol  |    Source Object   |    C Type    |
+-----------------------+-----+-----+------------+--------------------+--------------+
|s_axi_control_AWVALID  |   in|    1|       s_axi|             control|         array|
|s_axi_control_AWREADY  |  out|    1|       s_axi|             control|         array|
|s_axi_control_AWADDR   |   in|   11|       s_axi|             control|         array|
|s_axi_control_WVALID   |   in|    1|       s_axi|             control|         array|
|s_axi_control_WREADY   |  out|    1|       s_axi|             control|         array|
|s_axi_control_WDATA    |   in|   32|       s_axi|             control|         array|
|s_axi_control_WSTRB    |   in|    4|       s_axi|             control|         array|
|s_axi_control_ARVALID  |   in|    1|       s_axi|             control|         array|
|s_axi_control_ARREADY  |  out|    1|       s_axi|             control|         array|
|s_axi_control_ARADDR   |   in|   11|       s_axi|             control|         array|
|s_axi_control_RVALID   |  out|    1|       s_axi|             control|         array|
|s_axi_control_RREADY   |   in|    1|       s_axi|             control|         array|
|s_axi_control_RDATA    |  out|   32|       s_axi|             control|         array|
|s_axi_control_RRESP    |  out|    2|       s_axi|             control|         array|
|s_axi_control_BVALID   |  out|    1|       s_axi|             control|         array|
|s_axi_control_BREADY   |   in|    1|       s_axi|             control|         array|
|s_axi_control_BRESP    |  out|    2|       s_axi|             control|         array|
|ap_clk                 |   in|    1|  ap_ctrl_hs|  hls_histogram_gray|  return value|
|ap_rst_n               |   in|    1|  ap_ctrl_hs|  hls_histogram_gray|  return value|
|interrupt              |  out|    1|  ap_ctrl_hs|  hls_histogram_gray|  return value|
|stream_in_TDATA        |   in|   24|        axis|           stream_in|       pointer|
|stream_in_TVALID       |   in|    1|        axis|           stream_in|       pointer|
|stream_in_TREADY       |  out|    1|        axis|           stream_in|       pointer|
+-----------------------+-----+-----+------------+--------------------+--------------+

