================================================================
== Design Size Report
================================================================

* Total Instructions per Compilation Phase
+---------------+----------------------------+--------------+----------------------------------------------------------------------------------------+
| Phase         | Step                       | Instructions | Description                                                                            |
+---------------+----------------------------+--------------+----------------------------------------------------------------------------------------+
| Compile/Link  |                            | 242          | After all functions are compiled and linked into a single design                       |
|               |                            |              |                                                                                        |
| Unroll/Inline |                            |              | After user unroll and inline pragmas are applied                                       |
|               | (1) unroll                 | 105          | user unroll pragmas are applied                                                        |
|               | (2) simplification         |  93          | simplification of applied user unroll pragmas                                          |
|               | (3) inline                 |  91          | user inline pragmas are applied                                                        |
|               | (4) simplification         |  85          | simplification of applied user inline pragmas                                          |
|               |                            |              |                                                                                        |
| Array/Struct  |                            |              | After user array partition and struct aggregate/disaggregate pragmas are applied       |
|               | (1) array partition        |  85          | user array partition pragmas are applied                                               |
|               | (2) simplification         |  85          | simplification of applied user array partition & struct aggregate/disaggregate pragmas |
|               | (3) aggregate/disaggregate |  85          | user struct aggregate/disaggregate pragmas are applied                                 |
|               | (4) array reshape          |  85          | apply array reshape pragmas                                                            |
|               | (5) access patterns        | 191          | array access pattern optmizations                                                      |
|               |                            |              |                                                                                        |
| Performance   |                            |              | After transformations are applied to meet performance pragma targets                   |
|               | (1) loop simplification    | 186          | loop and instruction simplification                                                    |
|               | (2) parallelization        | 166          | loops are unrolled or pipelined to meet performance targets                            |
|               | (3) array partition        | 121          | arrays are partitioned to meet performance targets                                     |
|               | (4) simplification         | 121          | simplification of design after performance transformations                             |
|               |                            |              |                                                                                        |
| HW Transforms |                            |              | After hardware transfomations                                                          |
|               | (1) lowering               |  83          | initial conversion to HW specific instructions                                         |
|               | (2) optimizations          |  46          | high level synthesis optimizations                                                     |
+---------------+----------------------------+--------------+----------------------------------------------------------------------------------------+

* Instructions per Function for each Compilation Phase
+-------------------+-----------------------+--------------+---------------+--------------+-------------+---------------+
| Function          | Location              | Compile/Link | Unroll/Inline | Array/Struct | Performance | HW Transforms |
+-------------------+-----------------------+--------------+---------------+--------------+-------------+---------------+
|   hls_passthrough | hls_passthrough.cpp:6 | 242          | 85            | 191          | 121         | 46            |
+-------------------+-----------------------+--------------+---------------+--------------+-------------+---------------+

* Design Size Message Settings
+---------------------------------------------+--------+------------------------------------------------------------------+
| Message Setting                             | Value  | Description                                                      |
+---------------------------------------------+--------+------------------------------------------------------------------+
| config_compile -design_size_maximum_warning | 100000 | Show a warning when total design instructions exceeds this value |
+---------------------------------------------+--------+------------------------------------------------------------------+


