

================================================================
== Synthesis Summary Report of 'hls_passthrough'
================================================================
+ General Information: 
    * Date:           Fri Jul  3 10:11:02 2026
    * Version:        2025.2 (Build 6295257 on Nov 14 2025)
    * Project:        hls_passthrough
    * Solution:       hls (Vivado IP Flow Target)
    * Product family: zynquplus
    * Target device:  xck26-sfvc784-2LV-c
    

* Performance & Resource Estimates: 
+------------------------------------------------------------+------+---------------+----------+---------+------+----------+---------+-----+------+------+---------+-----------+-----------+-----+
|                           Modules                          | Issue|               | Iteration|         | Trip |          |    Latency    |      |      |         |           |           |     |
|                           & Loops                          | Type | Violation Type|  Latency | Interval| Count| Pipelined| (cycles)| (ns)| Slack| BRAM |   DSP   |     FF    |    LUT    | URAM|
+------------------------------------------------------------+------+---------------+----------+---------+------+----------+---------+-----+------+------+---------+-----------+-----------+-----+
|+ hls_passthrough                                           |     -|              -|         -|        -|     -|        no|        -|    -|  0.87|     -|  4 (~0%)|  287 (~0%)|  540 (~0%)|    -|
| + hls_passthrough_Pipeline_HLS_HEIGHT_LOOP_HLS_WIDTH_LOOP  |     -|              -|         -|        -|     -|       yes|        -|    -|  5.78|     -|        -|   66 (~0%)|  200 (~0%)|    -|
|  o HLS_HEIGHT_LOOP_HLS_WIDTH_LOOP                          |     -|              -|         2|        1|     -|       yes|        -|    -|  7.30|     -|        -|          -|          -|    -|
+------------------------------------------------------------+------+---------------+----------+---------+------+----------+---------+-----+------+------+---------+-----------+-----------+-----+
    Name Prefix: '+' for module, 'o' for loop, '*' for dataflow


================================================================
== HW Interfaces
================================================================
* S_AXILITE Interfaces
+---------------+------------+---------------+--------+----------+
| Interface     | Data Width | Address Width | Offset | Register |
+---------------+------------+---------------+--------+----------+
| s_axi_control | 32         | 5             | 16     | 0        |
+---------------+------------+---------------+--------+----------+

* S_AXILITE Registers
+---------------+----------+--------+-------+--------+----------------------------------+----------------------------------------------------------------------+
| Interface     | Register | Offset | Width | Access | Description                      | Bit Fields                                                           |
+---------------+----------+--------+-------+--------+----------------------------------+----------------------------------------------------------------------+
| s_axi_control | CTRL     | 0x00   | 32    | RW     | Control signals                  | 0=AP_START 1=AP_DONE 2=AP_IDLE 3=AP_READY 7=AUTO_RESTART 9=INTERRUPT |
| s_axi_control | GIER     | 0x04   | 32    | RW     | Global Interrupt Enable Register | 0=Enable                                                             |
| s_axi_control | IP_IER   | 0x08   | 32    | RW     | IP Interrupt Enable Register     | 0=CHAN0_INT_EN 1=CHAN1_INT_EN                                        |
| s_axi_control | IP_ISR   | 0x0c   | 32    | RW     | IP Interrupt Status Register     | 0=CHAN0_INT_ST 1=CHAN1_INT_ST                                        |
| s_axi_control | height   | 0x10   | 32    | W      | Data signal of height            |                                                                      |
| s_axi_control | width    | 0x18   | 32    | W      | Data signal of width             |                                                                      |
+---------------+----------+--------+-------+--------+----------------------------------+----------------------------------------------------------------------+

* AXIS
+------------+-----------+---------------+-------+-------+-------+--------+-------+-------+--------+
| Interface  | Direction | Register Mode | TDATA | TKEEP | TLAST | TREADY | TSTRB | TUSER | TVALID |
+------------+-----------+---------------+-------+-------+-------+--------+-------+-------+--------+
| in_stream  | in        | both          | 32    | 4     | 1     | 1      | 4     | 1     | 1      |
| out_stream | out       | both          | 32    | 4     | 1     | 1      | 4     | 1     | 1      |
+------------+-----------+---------------+-------+-------+-------+--------+-------+-------+--------+

* TOP LEVEL CONTROL
+-----------+------------+-----------+
| Interface | Type       | Ports     |
+-----------+------------+-----------+
| ap_clk    | clock      | ap_clk    |
| ap_rst_n  | reset      | ap_rst_n  |
| interrupt | interrupt  | interrupt |
| ap_ctrl   | ap_ctrl_hs |           |
+-----------+------------+-----------+


================================================================
== SW I/O Information
================================================================
* Top Function Arguments
+------------+-----------+------------------------------------------------------------------------------+
| Argument   | Direction | Datatype                                                                     |
+------------+-----------+------------------------------------------------------------------------------+
| in_stream  | in        | stream<hls::axis<ap_uint<32>, 1UL, 0UL, 0UL, (unsigned char)'8', false>, 0>& |
| out_stream | out       | stream<hls::axis<ap_uint<32>, 1UL, 0UL, 0UL, (unsigned char)'8', false>, 0>& |
| height     | in        | int                                                                          |
| width      | in        | int                                                                          |
+------------+-----------+------------------------------------------------------------------------------+

* SW-to-HW Mapping
+------------+---------------+-----------+----------------------------------+
| Argument   | HW Interface  | HW Type   | HW Info                          |
+------------+---------------+-----------+----------------------------------+
| in_stream  | in_stream     | interface |                                  |
| out_stream | out_stream    | interface |                                  |
| height     | s_axi_control | register  | name=height offset=0x10 range=32 |
| width      | s_axi_control | register  | name=width offset=0x18 range=32  |
+------------+---------------+-----------+----------------------------------+


================================================================
== Bind Op Report
================================================================
+------------------------------------------------------------+-----+--------+-----------+--------+----------+---------+
| Name                                                       | DSP | Pragma | Variable  | Op     | Impl     | Latency |
+------------------------------------------------------------+-----+--------+-----------+--------+----------+---------+
| + hls_passthrough                                          | 4   |        |           |        |          |         |
|   empty_fu_114_p2                                          |     |        | empty     | setgt  | auto     | 0       |
|   smax_fu_120_p3                                           |     |        | smax      | select | auto_sel | 0       |
|   mul_32ns_31ns_62_1_1_U12                                 | 4   |        | mul_ln6   | mul    | auto     | 0       |
|  + hls_passthrough_Pipeline_HLS_HEIGHT_LOOP_HLS_WIDTH_LOOP | 0   |        |           |        |          |         |
|    icmp_ln18_fu_111_p2                                     |     |        | icmp_ln18 | seteq  | auto     | 0       |
|    add_ln18_fu_116_p2                                      |     |        | add_ln18  | add    | fabric   | 0       |
+------------------------------------------------------------+-----+--------+-----------+--------+----------+---------+


================================================================
== Storage Report
================================================================
+-------------------+-----------+-----------+------+------+--------+----------+------+---------+------------------+
| Name              | Usage     | Type      | BRAM | URAM | Pragma | Variable | Impl | Latency | Bitwidth, Depth, |
|                   |           |           |      |      |        |          |      |         | Banks            |
+-------------------+-----------+-----------+------+------+--------+----------+------+---------+------------------+
| + hls_passthrough |           |           | 0    | 0    |        |          |      |         |                  |
|   control_s_axi_U | interface | s_axilite |      |      |        |          |      |         |                  |
+-------------------+-----------+-----------+------+------+--------+----------+------+---------+------------------+


================================================================
== Pragma Report
================================================================
* Inferred Pragmas
+--------------+---------+---------------------------------------------------------------------------------------------+---------------------------------+
| Type         | Options | Location                                                                                    | Inferred From                   |
+--------------+---------+---------------------------------------------------------------------------------------------+---------------------------------+
| LOOP_FLATTEN |         | loop HLS_HEIGHT_LOOP (hls_passthrough.cpp:18:3) in hls_passthrough (hls_passthrough.cpp:18) | pipeline hls_passthrough.cpp:22 |
+--------------+---------+---------------------------------------------------------------------------------------------+---------------------------------+

* Valid Pragma Syntax
+--------------+------------------------------------------+-----------------------------------------------------------------------------+
| Type         | Options                                  | Location                                                                    |
+--------------+------------------------------------------+-----------------------------------------------------------------------------+
| INLINE       |                                          | in color_pixel<num_channels, pixel_width> (../hls_video_types.hpp:51)       |
| UNROLL       |                                          | in color_pixel<num_channels, pixel_width> (../hls_video_types.hpp:53)       |
| INLINE       |                                          | in color_pixel<num_channels, pixel_width> (../hls_video_types.hpp:65)       |
| UNROLL       |                                          | in color_pixel<num_channels, pixel_width> (../hls_video_types.hpp:67)       |
| INLINE       |                                          | in color_pixel<num_channels, pixel_width> (../hls_video_types.hpp:80)       |
| UNROLL       |                                          | in color_pixel<num_channels, pixel_width> (../hls_video_types.hpp:83)       |
| INLINE       |                                          | in operator ap_uint<num_channels * pixel_width> (../hls_video_types.hpp:95) |
| UNROLL       |                                          | in operator ap_uint<num_channels * pixel_width> (../hls_video_types.hpp:98) |
| INLINE       |                                          | in operator unsigned int (../hls_video_types.hpp:110)                       |
| INTERFACE    | axis port = in_stream                    | in hls_passthrough (hls_passthrough.cpp:10)                                 |
| INTERFACE    | axis port = out_stream                   | in hls_passthrough (hls_passthrough.cpp:11)                                 |
| INTERFACE    | s_axilite port = height bundle = control | in hls_passthrough (hls_passthrough.cpp:13)                                 |
| INTERFACE    | s_axilite port = width bundle = control  | in hls_passthrough (hls_passthrough.cpp:14)                                 |
| INTERFACE    | s_axilite port = return bundle = control | in hls_passthrough (hls_passthrough.cpp:15)                                 |
| LOOP_FLATTEN |                                          | in hls_passthrough (hls_passthrough.cpp:19)                                 |
| PIPELINE     | II = 1                                   | in hls_passthrough (hls_passthrough.cpp:22)                                 |
+--------------+------------------------------------------+-----------------------------------------------------------------------------+


