

================================================================
== Vitis HLS Report for 'hls_passthrough_Pipeline_HLS_HEIGHT_LOOP_HLS_WIDTH_LOOP'
================================================================
* Date:           Fri Jul  3 10:11:01 2026

* Version:        2025.2 (Build 6295257 on Nov 14 2025)
* Project:        hls_passthrough
* Solution:       hls (Vivado IP Flow Target)
* Product family: zynquplus
* Target device:  xck26-sfvc784-2LV-c


================================================================
== Performance Estimates
================================================================
+ Timing: 
    * Summary: 
    +--------+----------+----------+------------+
    |  Clock |  Target  | Estimated| Uncertainty|
    +--------+----------+----------+------------+
    |ap_clk  |  10.00 ns|  1.515 ns|     2.70 ns|
    +--------+----------+----------+------------+

+ Latency: 
    * Summary: 
    +---------+---------+----------+----------+-----+-----+-------------------+
    |  Latency (cycles) |  Latency (absolute) |  Interval |      Pipeline     |
    |   min   |   max   |    min   |    max   | min | max |        Type       |
    +---------+---------+----------+----------+-----+-----+-------------------+
    |        ?|        ?|         ?|         ?|    0|    0|  loop pipeline stp|
    +---------+---------+----------+----------+-----+-----+-------------------+

    + Detail: 
        * Instance: 
        N/A

        * Loop: 
        +----------------------------------+---------+---------+----------+-----------+-----------+------+----------+
        |                                  |  Latency (cycles) | Iteration|  Initiation Interval  | Trip |          |
        |             Loop Name            |   min   |   max   |  Latency |  achieved |   target  | Count| Pipelined|
        +----------------------------------+---------+---------+----------+-----------+-----------+------+----------+
        |- HLS_HEIGHT_LOOP_HLS_WIDTH_LOOP  |        ?|        ?|         2|          1|          1|     ?|       yes|
        +----------------------------------+---------+---------+----------+-----------+-----------+------+----------+



================================================================
== Utilization Estimates
================================================================
* Summary: 
+-----------------+---------+------+--------+--------+-----+
|       Name      | BRAM_18K|  DSP |   FF   |   LUT  | URAM|
+-----------------+---------+------+--------+--------+-----+
|DSP              |        -|     -|       -|       -|    -|
|Expression       |        -|     -|       0|     144|    -|
|FIFO             |        -|     -|       -|       -|    -|
|Instance         |        -|     -|       -|       -|    -|
|Memory           |        -|     -|       -|       -|    -|
|Multiplexer      |        -|     -|       0|      54|    -|
|Register         |        -|     -|      66|       -|    -|
+-----------------+---------+------+--------+--------+-----+
|Total            |        0|     0|      66|     198|    0|
+-----------------+---------+------+--------+--------+-----+
|Available        |      288|  1248|  234240|  117120|   64|
+-----------------+---------+------+--------+--------+-----+
|Utilization (%)  |        0|     0|      ~0|      ~0|    0|
+-----------------+---------+------+--------+--------+-----+

+ Detail: 
    * Instance: 
    N/A

    * DSP: 
    N/A

    * Memory: 
    N/A

    * FIFO: 
    N/A

    * Expression: 
    +---------------------------------------+----------+----+---+----+------------+------------+
    |             Variable Name             | Operation| DSP| FF| LUT| Bitwidth P0| Bitwidth P1|
    +---------------------------------------+----------+----+---+----+------------+------------+
    |add_ln18_fu_116_p2                     |         +|   0|  0|  69|          62|           1|
    |ap_block_pp0_stage0_01001_grp1         |       and|   0|  0|   2|           1|           1|
    |icmp_ln18_fu_111_p2                    |      icmp|   0|  0|  69|          62|          62|
    |ap_block_state3_pp0_stage0_iter2_grp1  |        or|   0|  0|   2|           1|           1|
    |ap_enable_pp0                          |       xor|   0|  0|   2|           1|           2|
    +---------------------------------------+----------+----+---+----+------------+------------+
    |Total                                  |          |   0|  0| 144|         127|          67|
    +---------------------------------------+----------+----+---+----+------------+------------+

    * Multiplexer: 
    +-------------------------+----+-----------+-----+-----------+
    |           Name          | LUT| Input Size| Bits| Total Bits|
    +-------------------------+----+-----------+-----+-----------+
    |ap_done_int              |   9|          2|    1|          2|
    |ap_enable_reg_pp0_iter1  |   9|          2|    1|          2|
    |ap_enable_reg_pp0_iter2  |   9|          2|    1|          2|
    |in_stream_TDATA_blk_n    |   9|          2|    1|          2|
    |indvar_flatten_fu_60     |   9|          2|   62|        124|
    |out_stream_TDATA_blk_n   |   9|          2|    1|          2|
    +-------------------------+----+-----------+-----+-----------+
    |Total                    |  54|         12|   67|        134|
    +-------------------------+----+-----------+-----+-----------+

    * Register: 
    +-------------------------+----+----+-----+-----------+
    |           Name          | FF | LUT| Bits| Const Bits|
    +-------------------------+----+----+-----+-----------+
    |ap_CS_fsm                |   1|   0|    1|          0|
    |ap_done_reg              |   1|   0|    1|          0|
    |ap_enable_reg_pp0_iter1  |   1|   0|    1|          0|
    |ap_enable_reg_pp0_iter2  |   1|   0|    1|          0|
    |indvar_flatten_fu_60     |  62|   0|   62|          0|
    +-------------------------+----+----+-----+-----------+
    |Total                    |  66|   0|   66|          0|
    +-------------------------+----+----+-----+-----------+



================================================================
== Interface
================================================================
* Summary: 
+-------------------+-----+-----+------------+---------------------------------------------------------+--------------+
|     RTL Ports     | Dir | Bits|  Protocol  |                      Source Object                      |    C Type    |
+-------------------+-----+-----+------------+---------------------------------------------------------+--------------+
|ap_clk             |   in|    1|  ap_ctrl_hs|  hls_passthrough_Pipeline_HLS_HEIGHT_LOOP_HLS_WIDTH_LOOP|  return value|
|ap_rst             |   in|    1|  ap_ctrl_hs|  hls_passthrough_Pipeline_HLS_HEIGHT_LOOP_HLS_WIDTH_LOOP|  return value|
|ap_start           |   in|    1|  ap_ctrl_hs|  hls_passthrough_Pipeline_HLS_HEIGHT_LOOP_HLS_WIDTH_LOOP|  return value|
|ap_done            |  out|    1|  ap_ctrl_hs|  hls_passthrough_Pipeline_HLS_HEIGHT_LOOP_HLS_WIDTH_LOOP|  return value|
|ap_idle            |  out|    1|  ap_ctrl_hs|  hls_passthrough_Pipeline_HLS_HEIGHT_LOOP_HLS_WIDTH_LOOP|  return value|
|ap_ready           |  out|    1|  ap_ctrl_hs|  hls_passthrough_Pipeline_HLS_HEIGHT_LOOP_HLS_WIDTH_LOOP|  return value|
|in_stream_TVALID   |   in|    1|        axis|                                       in_stream_V_data_V|       pointer|
|in_stream_TDATA    |   in|   32|        axis|                                       in_stream_V_data_V|       pointer|
|out_stream_TREADY  |   in|    1|        axis|                                      out_stream_V_data_V|       pointer|
|out_stream_TDATA   |  out|   32|        axis|                                      out_stream_V_data_V|       pointer|
|mul_ln6            |   in|   62|     ap_none|                                                  mul_ln6|        scalar|
|in_stream_TREADY   |  out|    1|        axis|                                       in_stream_V_last_V|       pointer|
|in_stream_TLAST    |   in|    1|        axis|                                       in_stream_V_last_V|       pointer|
|in_stream_TKEEP    |   in|    4|        axis|                                       in_stream_V_keep_V|       pointer|
|in_stream_TSTRB    |   in|    4|        axis|                                       in_stream_V_strb_V|       pointer|
|in_stream_TUSER    |   in|    1|        axis|                                       in_stream_V_user_V|       pointer|
|out_stream_TVALID  |  out|    1|        axis|                                      out_stream_V_last_V|       pointer|
|out_stream_TLAST   |  out|    1|        axis|                                      out_stream_V_last_V|       pointer|
|out_stream_TKEEP   |  out|    4|        axis|                                      out_stream_V_keep_V|       pointer|
|out_stream_TSTRB   |  out|    4|        axis|                                      out_stream_V_strb_V|       pointer|
|out_stream_TUSER   |  out|    1|        axis|                                      out_stream_V_user_V|       pointer|
+-------------------+-----+-----+------------+---------------------------------------------------------+--------------+

