

================================================================
== Synthesis Summary Report of 'hls_rgb_2_hsv'
================================================================
+ General Information: 
    * Date:           Sat Mar 28 14:53:38 2026
    * Version:        2025.2 (Build 6295257 on Nov 14 2025)
    * Project:        hls_rgb_2_hsv
    * Solution:       hls (Vivado IP Flow Target)
    * Product family: zynquplus
    * Target device:  xck26-sfvc784-2LV-c
    

* Performance & Resource Estimates: 
+-----------------+------+---------------+----------+---------+------+----------+---------+--------+------+---------+---------+----------+-----------+-----+
|     Modules     | Issue|               | Iteration|         | Trip |          |      Latency     |      |         |         |          |           |     |
|     & Loops     | Type | Violation Type|  Latency | Interval| Count| Pipelined| (cycles)|  (ns)  | Slack|  BRAM   |   DSP   |    FF    |    LUT    | URAM|
+-----------------+------+---------------+----------+---------+------+----------+---------+--------+------+---------+---------+----------+-----------+-----+
|+ hls_rgb_2_hsv  |     -|              -|         -|        1|     -|       yes|        2|  20.000|  1.49|  1 (~0%)|  2 (~0%)|  72 (~0%)|  415 (~0%)|    -|
+-----------------+------+---------------+----------+---------+------+----------+---------+--------+------+---------+---------+----------+-----------+-----+
    Name Prefix: '+' for module, 'o' for loop, '*' for dataflow


================================================================
== HW Interfaces
================================================================
* S_AXILITE Interfaces
+---------------+------------+---------------+
| Interface     | Data Width | Address Width |
+---------------+------------+---------------+
| s_axi_control | 32         | 4             |
+---------------+------------+---------------+

* AXIS
+------------+-----------+---------------+-------+--------+--------+
| Interface  | Direction | Register Mode | TDATA | TREADY | TVALID |
+------------+-----------+---------------+-------+--------+--------+
| in_stream  | in        | both          | 32    | 1      | 1      |
| out_stream | out       | both          | 32    | 1      | 1      |
+------------+-----------+---------------+-------+--------+--------+

* TOP LEVEL CONTROL
+-----------+--------------+----------+
| Interface | Type         | Ports    |
+-----------+--------------+----------+
| ap_clk    | clock        | ap_clk   |
| ap_rst_n  | reset        | ap_rst_n |
| ap_ctrl   | ap_ctrl_none |          |
+-----------+--------------+----------+


================================================================
== SW I/O Information
================================================================
* Top Function Arguments
+------------+-----------+--------------------------------------------------+
| Argument   | Direction | Datatype                                         |
+------------+-----------+--------------------------------------------------+
| in_stream  | in        | stream<axi_stream_video<color_pixel<3, 8> >, 0>& |
| out_stream | out       | stream<axi_stream_video<color_pixel<3, 9> >, 0>& |
+------------+-----------+--------------------------------------------------+

* SW-to-HW Mapping
+------------+--------------+-----------+
| Argument   | HW Interface | HW Type   |
+------------+--------------+-----------+
| in_stream  | in_stream    | interface |
| out_stream | out_stream   | interface |
+------------+--------------+-----------+


================================================================
== Bind Op Report
================================================================
+---------------------------+-----+--------+---------------------+-----------+------------------------+---------+
| Name                      | DSP | Pragma | Variable            | Op        | Impl                   | Latency |
+---------------------------+-----+--------+---------------------+-----------+------------------------+---------+
| + hls_rgb_2_hsv           | 2   |        |                     |           |                        |         |
|   icmp_ln200_fu_152_p2    |     |        | icmp_ln200          | setlt     | auto                   | 0       |
|   min_rg_fu_158_p3        |     |        | min_rg              | select    | auto_sel               | 0       |
|   icmp_ln201_fu_166_p2    |     |        | icmp_ln201          | setgt     | auto                   | 0       |
|   max_rg_fu_172_p3        |     |        | max_rg              | select    | auto_sel               | 0       |
|   icmp_ln204_fu_180_p2    |     |        | icmp_ln204          | setlt     | auto                   | 0       |
|   Cmin_fu_186_p3          |     |        | Cmin                | select    | auto_sel               | 0       |
|   icmp_ln205_fu_194_p2    |     |        | icmp_ln205          | setgt     | auto                   | 0       |
|   Cmax_fu_200_p3          |     |        | Cmax                | select    | auto_sel               | 0       |
|   delta_fu_208_p2         |     |        | delta               | sub       | fabric                 | 0       |
|   icmp_ln213_fu_214_p2    |     |        | icmp_ln213          | seteq     | auto                   | 0       |
|   sub_ln216_fu_342_p2     |     |        | sub_ln216           | sub       | fabric                 | 0       |
|   mul_16ns_17ns_24_1_1_U2 | 1   |        | sat_tmp             | mul       | auto                   | 0       |
|   icmp_ln221_fu_225_p2    |     |        | icmp_ln221          | seteq     | auto                   | 0       |
|   icmp_ln227_fu_231_p2    |     |        | icmp_ln227          | seteq     | auto                   | 0       |
|   diff_1_fu_293_p2        |     |        | diff                | sub       | fabric                 | 0       |
|   icmp_ln230_fu_251_p2    |     |        | icmp_ln230          | seteq     | auto                   | 0       |
|   diff_1_fu_293_p4        |     |        | diff_2              | sub       | fabric                 | 0       |
|   diff_1_fu_293_p6        |     |        | diff_3              | sub       | fabric                 | 0       |
|   xor_ln227_fu_273_p2     |     |        | xor_ln227           | xor       | auto                   | 0       |
|   and_ln230_fu_279_p2     |     |        | and_ln230           | and       | auto                   | 0       |
|   sparsemux_7_2_9_1_1_U1  |     |        | diff_1              | sparsemux | onehotencoding_realdef | 0       |
|   sparsemux_7_2_8_1_1_U3  |     |        | storemerge452_0_0_s | sparsemux | onehotencoding_realdef | 0       |
|   mul_9s_7ns_16_1_1_U4    |     |        | mul_ln240           | mul       | auto                   | 0       |
|   mul_16s_17ns_24_1_1_U5  | 1   |        | mul_ln240_1         | mul       | auto                   | 0       |
|   add_ln245_fu_410_p2     |     |        | add_ln245           | add       | fabric                 | 0       |
|   hue_out_0_fu_416_p3     |     |        | hue_out_0           | select    | auto_sel               | 0       |
|   empty_fu_437_p3         |     |        | empty               | select    | auto_sel               | 0       |
+---------------------------+-----+--------+---------------------+-----------+------------------------+---------+


================================================================
== Storage Report
================================================================
+-------------------+-----------+-----------+------+------+--------+----------+------+---------+------------------+
| Name              | Usage     | Type      | BRAM | URAM | Pragma | Variable | Impl | Latency | Bitwidth, Depth, |
|                   |           |           |      |      |        |          |      |         | Banks            |
+-------------------+-----------+-----------+------+------+--------+----------+------+---------+------------------+
| + hls_rgb_2_hsv   |           |           | 1    | 0    |        |          |      |         |                  |
|   control_s_axi_U | interface | s_axilite |      |      |        |          |      |         |                  |
|   INV_TBL_U       | rom_2p    |           | 1    |      |        | INV_TBL  | auto | 1       | 17, 256, 1       |
+-------------------+-----------+-----------+------+------+--------+----------+------+---------+------------------+


================================================================
== Pragma Report
================================================================
* Valid Pragma Syntax
+-----------------+-------------------------------------------+----------------------------------------------------------------------------------+
| Type            | Options                                   | Location                                                                         |
+-----------------+-------------------------------------------+----------------------------------------------------------------------------------+
| AGGREGATE       | variable = in_stream compact = bit        | in hls_color_space_convert_template (hls_color_space_convert.cpp:39)             |
| AGGREGATE       | variable = out_stream compact = bit       | in hls_color_space_convert_template (hls_color_space_convert.cpp:40)             |
| ARRAY_PARTITION | variable = coeffs complete dim = 0        | in hls_color_space_convert_template (hls_color_space_convert.cpp:44)             |
| ARRAY_PARTITION | variable = offsets complete dim = 1       | in hls_color_space_convert_template (hls_color_space_convert.cpp:45)             |
| PIPELINE        | II = 1                                    | in hls_color_space_convert_template (hls_color_space_convert.cpp:62)             |
| UNROLL          |                                           | in hls_color_space_convert_template (hls_color_space_convert.cpp:72)             |
| INTERFACE       | axis port = s_axis_video                  | in hls_color_space_convert_top (hls_color_space_convert.cpp:129)                 |
| INTERFACE       | axis port = m_axis_video                  | in hls_color_space_convert_top (hls_color_space_convert.cpp:130)                 |
| INTERFACE       | s_axilite port = coeffs bundle = control  | in hls_color_space_convert_top (hls_color_space_convert.cpp:134)                 |
| INTERFACE       | s_axilite port = offsets bundle = control | in hls_color_space_convert_top (hls_color_space_convert.cpp:135)                 |
| INTERFACE       | s_axilite port = width bundle = control   | in hls_color_space_convert_top (hls_color_space_convert.cpp:136)                 |
| INTERFACE       | s_axilite port = height bundle = control  | in hls_color_space_convert_top (hls_color_space_convert.cpp:137)                 |
| INTERFACE       | s_axilite port = return bundle = control  | in hls_color_space_convert_top (hls_color_space_convert.cpp:143)                 |
| PIPELINE        | II = 1                                    | in hls_rgb_2_hsv (hls_color_space_convert.cpp:180)                               |
| AGGREGATE       | variable = in_stream                      | in hls_rgb_2_hsv (hls_color_space_convert.cpp:181)                               |
| AGGREGATE       | variable = out_stream                     | in hls_rgb_2_hsv (hls_color_space_convert.cpp:182)                               |
| INTERFACE       | axis port = in_stream                     | in hls_rgb_2_hsv (hls_color_space_convert.cpp:185)                               |
| INTERFACE       | axis port = out_stream                    | in hls_rgb_2_hsv (hls_color_space_convert.cpp:187)                               |
| INTERFACE       | s_axilite port = return bundle = control  | in hls_rgb_2_hsv (hls_color_space_convert.cpp:188)                               |
| INTERFACE       | ap_ctrl_none port = return                | in hls_rgb_2_hsv (hls_color_space_convert.cpp:190)                               |
| PIPELINE        | II = 1                                    | in hls_hsv_2_rgb (hls_color_space_convert.cpp:266)                               |
| AGGREGATE       | variable = in_stream                      | in hls_hsv_2_rgb (hls_color_space_convert.cpp:267)                               |
| AGGREGATE       | variable = out_stream                     | in hls_hsv_2_rgb (hls_color_space_convert.cpp:268)                               |
| INTERFACE       | axis port = in_stream                     | in hls_hsv_2_rgb (hls_color_space_convert.cpp:269)                               |
| INTERFACE       | axis port = out_stream                    | in hls_hsv_2_rgb (hls_color_space_convert.cpp:270)                               |
| INTERFACE       | s_axilite port = return bundle = control  | in hls_hsv_2_rgb (hls_color_space_convert.cpp:271)                               |
| INTERFACE       | ap_ctrl_none port = return                | in hls_hsv_2_rgb (hls_color_space_convert.cpp:272)                               |
| INLINE          |                                           | in color_pixel<num_channels, pixel_width> (hls_color_space_convert.hpp:40)       |
| UNROLL          |                                           | in color_pixel<num_channels, pixel_width> (hls_color_space_convert.hpp:42)       |
| INLINE          |                                           | in color_pixel<num_channels, pixel_width> (hls_color_space_convert.hpp:52)       |
| UNROLL          |                                           | in color_pixel<num_channels, pixel_width> (hls_color_space_convert.hpp:54)       |
| INLINE          |                                           | in color_pixel<num_channels, pixel_width> (hls_color_space_convert.hpp:68)       |
| UNROLL          |                                           | in color_pixel<num_channels, pixel_width> (hls_color_space_convert.hpp:71)       |
| INLINE          |                                           | in operator ap_uint<num_channels * pixel_width> (hls_color_space_convert.hpp:80) |
| UNROLL          |                                           | in operator ap_uint<num_channels * pixel_width> (hls_color_space_convert.hpp:84) |
| INLINE          |                                           | in operator unsigned int (hls_color_space_convert.hpp:95)                        |
+-----------------+-------------------------------------------+----------------------------------------------------------------------------------+


