Copyright 1986-2022 Xilinx, Inc. All Rights Reserved. Copyright 2022-2025 Advanced Micro Devices, Inc. All Rights Reserved.
-------------------------------------------------------------------------------------------------------------------------------------------------------------------------------------
| Tool Version     : Vivado v.2025.2 (win64) Build 6299465 Fri Nov 14 19:35:11 GMT 2025
| Date             : Thu May 14 17:06:25 2026
| Host             : N166A running 64-bit major release  (build 9200)
| Command          : report_power -file design_DMA_2C_wrapper_power_routed.rpt -pb design_DMA_2C_wrapper_power_summary_routed.pb -rpx design_DMA_2C_wrapper_power_routed.rpx
| Design           : design_DMA_2C_wrapper
| Device           : xck26-sfvc784-2LV-c
| Design State     : routed
| Grade            : commercial
| Process          : typical
| Characterization : Production
-------------------------------------------------------------------------------------------------------------------------------------------------------------------------------------

Power Report

Table of Contents
-----------------
1. Summary
1.1 On-Chip Components
1.2 Power Supply Summary
1.3 Confidence Level
2. Settings
2.1 Environment
2.2 Clock Constraints
3. Detailed Reports
3.1 By Hierarchy

1. Summary
----------

+--------------------------+--------------+
| Total On-Chip Power (W)  | 2.889        |
| Design Power Budget (W)  | Unspecified* |
| Power Budget Margin (W)  | NA           |
| Dynamic (W)              | 2.587        |
| Device Static (W)        | 0.301        |
| Effective TJA (C/W)      | 2.3          |
| Max Ambient (C)          | 78.3         |
| Junction Temperature (C) | 31.7         |
| Confidence Level         | Medium       |
| Setting File             | ---          |
| Simulation Activity File | ---          |
| Design Nets Matched      | NA           |
+--------------------------+--------------+
* Specify Design Power Budget using, set_operating_conditions -design_power_budget <value in Watts>


1.1 On-Chip Components
----------------------

+--------------------------+-----------+----------+-----------+-----------------+
| On-Chip                  | Power (W) | Used     | Available | Utilization (%) |
+--------------------------+-----------+----------+-----------+-----------------+
| Clocks                   |     0.013 |        3 |       --- |             --- |
| CLB Logic                |     0.021 |    15248 |       --- |             --- |
|   LUT as Distributed RAM |     0.014 |      608 |     57600 |            1.06 |
|   LUT as Logic           |     0.006 |     3941 |    117120 |            3.36 |
|   Register               |    <0.001 |     7825 |    234240 |            3.34 |
|   LUT as Shift Register  |    <0.001 |      171 |     57600 |            0.30 |
|   CARRY8                 |    <0.001 |       28 |     14640 |            0.19 |
|   Others                 |     0.000 |      565 |       --- |             --- |
|   F7/F8 Muxes            |     0.000 |        4 |    117120 |           <0.01 |
| Signals                  |     0.008 |    10740 |       --- |             --- |
| Block RAM                |    <0.001 |        2 |       144 |            1.39 |
| PS8                      |     2.546 |        1 |       --- |             --- |
| Static Power             |     0.301 |          |           |                 |
|   PS Static              |     0.000 |          |           |                 |
|   PL Static              |     0.301 |          |           |                 |
| Total                    |     2.889 |          |           |                 |
+--------------------------+-----------+----------+-----------+-----------------+


1.2 Power Supply Summary
------------------------

+------------------+-------------+-----------+-------------+------------+-------------+-------------+------------+
| Source           | Voltage (V) | Total (A) | Dynamic (A) | Static (A) | Powerup (A) | Budget (A)  | Margin (A) |
+------------------+-------------+-----------+-------------+------------+-------------+-------------+------------+
| Vccint           |       0.720 |     0.145 |       0.057 |      0.088 |       NA    | Unspecified | NA         |
| Vccint_io        |       0.850 |     0.036 |       0.000 |      0.036 |       NA    | Unspecified | NA         |
| Vccbram          |       0.850 |     0.001 |       0.000 |      0.001 |       NA    | Unspecified | NA         |
| Vccaux           |       1.800 |     0.075 |       0.000 |      0.075 |       NA    | Unspecified | NA         |
| Vccaux_io        |       1.800 |     0.031 |       0.000 |      0.031 |       NA    | Unspecified | NA         |
| Vcco33           |       3.300 |     0.000 |       0.000 |      0.000 |       NA    | Unspecified | NA         |
| Vcco25           |       2.500 |     0.000 |       0.000 |      0.000 |       NA    | Unspecified | NA         |
| Vcco18           |       1.800 |     0.000 |       0.000 |      0.000 |       NA    | Unspecified | NA         |
| Vcco15           |       1.500 |     0.000 |       0.000 |      0.000 |       NA    | Unspecified | NA         |
| Vcco135          |       1.350 |     0.000 |       0.000 |      0.000 |       NA    | Unspecified | NA         |
| Vcco12           |       1.200 |     0.000 |       0.000 |      0.000 |       NA    | Unspecified | NA         |
| Vcco10           |       1.000 |     0.000 |       0.000 |      0.000 |       NA    | Unspecified | NA         |
| Vccadc           |       1.800 |     0.008 |       0.000 |      0.008 |       NA    | Unspecified | NA         |
| VCC_PSINTFP      |       0.850 |     0.963 |       0.963 |      0.000 |       NA    | Unspecified | NA         |
| VCC_PSINTLP      |       0.850 |     0.249 |       0.249 |      0.000 |       NA    | Unspecified | NA         |
| VPS_MGTRAVCC     |       0.850 |     0.067 |       0.067 |      0.000 |       NA    | Unspecified | NA         |
| VCC_PSINTFP_DDR  |       0.850 |     0.726 |       0.726 |      0.000 |       NA    | Unspecified | NA         |
| VCC_PSPLL        |       1.200 |     0.071 |       0.071 |      0.000 |       NA    | Unspecified | NA         |
| VPS_MGTRAVTT     |       1.800 |     0.025 |       0.025 |      0.000 |       NA    | Unspecified | NA         |
| VCCO_PSDDR_504   |       1.200 |     0.592 |       0.592 |      0.000 |       NA    | Unspecified | NA         |
| VCC_PSAUX        |       1.800 |     0.000 |       0.000 |      0.000 |       NA    | Unspecified | NA         |
| VCC_PSBATT       |       1.200 |     0.000 |       0.000 |      0.000 |       NA    | Unspecified | NA         |
| VCC_PSDDR_PLL    |       1.800 |     0.000 |       0.000 |      0.000 |       NA    | Unspecified | NA         |
| VCCO_PSIO0_500   |       1.800 |     0.000 |       0.000 |      0.000 |       NA    | Unspecified | NA         |
| VCCO_PSIO1_501   |       1.800 |     0.000 |       0.000 |      0.000 |       NA    | Unspecified | NA         |
| VCCO_PSIO2_502   |       1.800 |     0.000 |       0.000 |      0.000 |       NA    | Unspecified | NA         |
| VCCO_PSIO3_503   |       1.800 |     0.000 |       0.000 |      0.000 |       NA    | Unspecified | NA         |
| VCC_PSADC        |       1.800 |     0.000 |       0.000 |      0.000 |       NA    | Unspecified | NA         |
| VMGTAVCC (GTH)   |       0.900 |     0.000 |       0.000 |      0.000 |       NA    | Unspecified | NA         |
| VMGTAVTT (GTH)   |       1.200 |     0.000 |       0.000 |      0.000 |       NA    | Unspecified | NA         |
| VMGTVCCAUX (GTH) |       1.800 |     0.000 |       0.000 |      0.000 |       NA    | Unspecified | NA         |
+------------------+-------------+-----------+-------------+------------+-------------+-------------+------------+


1.3 Confidence Level
--------------------

+-----------------------------+------------+------------------------------------------------+------------------------------------------------------------------------------------------------------------+
| User Input Data             | Confidence | Details                                        | Action                                                                                                     |
+-----------------------------+------------+------------------------------------------------+------------------------------------------------------------------------------------------------------------+
| Design implementation state | High       | Design is routed                               |                                                                                                            |
| Clock nodes activity        | High       | User specified more than 95% of clocks         |                                                                                                            |
| I/O nodes activity          | High       | User specified more than 95% of inputs         |                                                                                                            |
| Internal nodes activity     | Medium     | User specified less than 25% of internal nodes | Provide missing internal nodes activity with simulation results or by editing the "By Resource Type" views |
| Device models               | High       | Device models are Production                   |                                                                                                            |
|                             |            |                                                |                                                                                                            |
| Overall confidence level    | Medium     |                                                |                                                                                                            |
+-----------------------------+------------+------------------------------------------------+------------------------------------------------------------------------------------------------------------+


2. Settings
-----------

2.1 Environment
---------------

+-----------------------+--------------------------+
| Ambient Temp (C)      | 25.0                     |
| ThetaJA (C/W)         | 2.3                      |
| Airflow (LFM)         | 250                      |
| Heat Sink             | medium (Medium Profile)  |
| ThetaSA (C/W)         | 5.5                      |
| Board Selection       | medium (10"x10")         |
| # of Board Layers     | 12to15 (12 to 15 Layers) |
| Board Temperature (C) | 25.0                     |
+-----------------------+--------------------------+


2.2 Clock Constraints
---------------------

+----------+-----------------------------------------------------------+-----------------+
| Clock    | Domain                                                    | Constraint (ns) |
+----------+-----------------------------------------------------------+-----------------+
| clk_pl_0 | design_DMA_2C_i/zynq_ultra_ps_e_0/U0/pl_clk_unbuffered[0] |            10.0 |
+----------+-----------------------------------------------------------+-----------------+


3. Detailed Reports
-------------------

3.1 By Hierarchy
----------------

+-----------------------+-----------+
| Name                  | Power (W) |
+-----------------------+-----------+
| design_DMA_2C_wrapper |     2.587 |
|   design_DMA_2C_i     |     2.587 |
|     axi_dma_0         |     0.005 |
|       U0              |     0.005 |
|     axi_smc           |     0.005 |
|       inst            |     0.005 |
|     axi_smc_1         |     0.030 |
|       inst            |     0.030 |
|     zynq_ultra_ps_e_0 |     2.546 |
|       U0              |     2.546 |
+-----------------------+-----------+


