Copyright 1986-2022 Xilinx, Inc. All Rights Reserved. Copyright 2022-2025 Advanced Micro Devices, Inc. All Rights Reserved.
----------------------------------------------------------------------------------------------------------------------------------------------------------------------------------------
| Tool Version     : Vivado v.2025.2 (win64) Build 6299465 Fri Nov 14 19:35:11 GMT 2025
| Date             : Fri Mar 13 13:36:50 2026
| Host             : N166A running 64-bit major release  (build 9200)
| Command          : report_power -file generic_2D_convolution_power_routed.rpt -pb generic_2D_convolution_power_summary_routed.pb -rpx generic_2D_convolution_power_routed.rpx
| Design           : generic_2D_convolution
| Device           : xck26-sfvc784-2LV-c
| Design State     : routed
| Grade            : commercial
| Process          : typical
| Characterization : Production
----------------------------------------------------------------------------------------------------------------------------------------------------------------------------------------

Power Report

Table of Contents
-----------------
1. Summary
1.1 On-Chip Components
1.2 Power Supply Summary
1.3 Confidence Level
2. Settings
2.1 Environment
2.2 Clock Constraints
3. Detailed Reports
3.1 By Hierarchy

1. Summary
----------

+--------------------------+--------------+
| Total On-Chip Power (W)  | 11.896       |
| Design Power Budget (W)  | Unspecified* |
| Power Budget Margin (W)  | NA           |
| Dynamic (W)              | 11.515       |
| Device Static (W)        | 0.381        |
| Effective TJA (C/W)      | 2.3          |
| Max Ambient (C)          | 57.4         |
| Junction Temperature (C) | 52.6         |
| Confidence Level         | Low          |
| Setting File             | ---          |
| Simulation Activity File | ---          |
| Design Nets Matched      | NA           |
+--------------------------+--------------+
* Specify Design Power Budget using, set_operating_conditions -design_power_budget <value in Watts>


1.1 On-Chip Components
----------------------

+----------------+-----------+----------+-----------+-----------------+
| On-Chip        | Power (W) | Used     | Available | Utilization (%) |
+----------------+-----------+----------+-----------+-----------------+
| CLB Logic      |     0.542 |      527 |       --- |             --- |
|   LUT as Logic |     0.473 |      143 |    117120 |            0.12 |
|   Register     |     0.051 |      310 |    234240 |            0.13 |
|   CARRY8       |     0.017 |        4 |     14640 |            0.03 |
|   BUFG         |    <0.001 |        1 |        32 |            3.13 |
|   Others       |     0.000 |       39 |       --- |             --- |
| Signals        |     1.656 |      962 |       --- |             --- |
| DSPs           |     0.247 |       12 |      1248 |            0.96 |
| I/O            |     9.070 |      103 |       189 |           54.50 |
| Static Power   |     0.381 |          |           |                 |
| Total          |    11.896 |          |           |                 |
+----------------+-----------+----------+-----------+-----------------+


1.2 Power Supply Summary
------------------------

+------------------+-------------+-----------+-------------+------------+-------------+-------------+------------+
| Source           | Voltage (V) | Total (A) | Dynamic (A) | Static (A) | Powerup (A) | Budget (A)  | Margin (A) |
+------------------+-------------+-----------+-------------+------------+-------------+-------------+------------+
| Vccint           |       0.720 |     3.593 |       3.395 |      0.198 |       NA    | Unspecified | NA         |
| Vccint_io        |       0.850 |     0.701 |       0.659 |      0.042 |       NA    | Unspecified | NA         |
| Vccbram          |       0.850 |     0.003 |       0.000 |      0.003 |       NA    | Unspecified | NA         |
| Vccaux           |       1.800 |     0.072 |       0.000 |      0.072 |       NA    | Unspecified | NA         |
| Vccaux_io        |       1.800 |     1.042 |       1.011 |      0.031 |       NA    | Unspecified | NA         |
| Vcco33           |       3.300 |     0.000 |       0.000 |      0.000 |       NA    | Unspecified | NA         |
| Vcco25           |       2.500 |     0.000 |       0.000 |      0.000 |       NA    | Unspecified | NA         |
| Vcco18           |       1.800 |     3.717 |       3.717 |      0.000 |       NA    | Unspecified | NA         |
| Vcco15           |       1.500 |     0.000 |       0.000 |      0.000 |       NA    | Unspecified | NA         |
| Vcco135          |       1.350 |     0.000 |       0.000 |      0.000 |       NA    | Unspecified | NA         |
| Vcco12           |       1.200 |     0.000 |       0.000 |      0.000 |       NA    | Unspecified | NA         |
| Vcco10           |       1.000 |     0.000 |       0.000 |      0.000 |       NA    | Unspecified | NA         |
| Vccadc           |       1.800 |     0.008 |       0.000 |      0.008 |       NA    | Unspecified | NA         |
| VCC_PSINTFP      |       0.850 |     0.000 |       0.000 |      0.000 |       NA    | Unspecified | NA         |
| VCC_PSINTLP      |       0.850 |     0.000 |       0.000 |      0.000 |       NA    | Unspecified | NA         |
| VPS_MGTRAVCC     |       0.850 |     0.000 |       0.000 |      0.000 |       NA    | Unspecified | NA         |
| VCC_PSINTFP_DDR  |       0.850 |     0.000 |       0.000 |      0.000 |       NA    | Unspecified | NA         |
| VCC_PSPLL        |       1.200 |     0.000 |       0.000 |      0.000 |       NA    | Unspecified | NA         |
| VPS_MGTRAVTT     |       1.800 |     0.000 |       0.000 |      0.000 |       NA    | Unspecified | NA         |
| VCCO_PSDDR_504   |       1.200 |     0.000 |       0.000 |      0.000 |       NA    | Unspecified | NA         |
| VCC_PSAUX        |       1.800 |     0.000 |       0.000 |      0.000 |       NA    | Unspecified | NA         |
| VCC_PSBATT       |       1.200 |     0.000 |       0.000 |      0.000 |       NA    | Unspecified | NA         |
| VCC_PSDDR_PLL    |       1.800 |     0.000 |       0.000 |      0.000 |       NA    | Unspecified | NA         |
| VCCO_PSIO0_500   |       3.300 |     0.000 |       0.000 |      0.000 |       NA    | Unspecified | NA         |
| VCCO_PSIO1_501   |       3.300 |     0.000 |       0.000 |      0.000 |       NA    | Unspecified | NA         |
| VCCO_PSIO2_502   |       3.300 |     0.000 |       0.000 |      0.000 |       NA    | Unspecified | NA         |
| VCCO_PSIO3_503   |       3.300 |     0.000 |       0.000 |      0.000 |       NA    | Unspecified | NA         |
| VCC_PSADC        |       1.800 |     0.000 |       0.000 |      0.000 |       NA    | Unspecified | NA         |
| VMGTAVCC (GTH)   |       0.900 |     0.000 |       0.000 |      0.000 |       NA    | Unspecified | NA         |
| VMGTAVTT (GTH)   |       1.200 |     0.000 |       0.000 |      0.000 |       NA    | Unspecified | NA         |
| VMGTVCCAUX (GTH) |       1.800 |     0.000 |       0.000 |      0.000 |       NA    | Unspecified | NA         |
+------------------+-------------+-----------+-------------+------------+-------------+-------------+------------+


1.3 Confidence Level
--------------------

+-----------------------------+------------+--------------------------------------------------------+--------------------------------------------------------------------------------------------------------------------+
| User Input Data             | Confidence | Details                                                | Action                                                                                                             |
+-----------------------------+------------+--------------------------------------------------------+--------------------------------------------------------------------------------------------------------------------+
| Design implementation state | High       | Design is routed                                       |                                                                                                                    |
| Clock nodes activity        | Low        | User specified less than 75% of clocks                 | Provide missing clock activity with a constraint file, simulation results or by editing the "By Clock Domain" view |
| I/O nodes activity          | Low        | More than 75% of inputs are missing user specification | Provide missing input activity with simulation results or by editing the "By Resource Type -> I/Os" view           |
| Internal nodes activity     | Medium     | User specified less than 25% of internal nodes         | Provide missing internal nodes activity with simulation results or by editing the "By Resource Type" views         |
| Device models               | High       | Device models are Production                           |                                                                                                                    |
|                             |            |                                                        |                                                                                                                    |
| Overall confidence level    | Low        |                                                        |                                                                                                                    |
+-----------------------------+------------+--------------------------------------------------------+--------------------------------------------------------------------------------------------------------------------+


2. Settings
-----------

2.1 Environment
---------------

+-----------------------+--------------------------+
| Ambient Temp (C)      | 25.0                     |
| ThetaJA (C/W)         | 2.3                      |
| Airflow (LFM)         | 250                      |
| Heat Sink             | medium (Medium Profile)  |
| ThetaSA (C/W)         | 5.5                      |
| Board Selection       | medium (10"x10")         |
| # of Board Layers     | 12to15 (12 to 15 Layers) |
| Board Temperature (C) | 25.0                     |
+-----------------------+--------------------------+


2.2 Clock Constraints
---------------------

+-------+--------+-----------------+
| Clock | Domain | Constraint (ns) |
+-------+--------+-----------------+


3. Detailed Reports
-------------------

3.1 By Hierarchy
----------------

+-----------------------------+-----------+
| Name                        | Power (W) |
+-----------------------------+-----------+
| generic_2D_convolution      |    11.515 |
|   Inst_MAC_Pipeline         |     1.189 |
|     inst_adder_tree         |     0.964 |
|       gen_tree.inst_left    |     0.596 |
|       gen_tree.inst_right   |     0.206 |
|   Inst_Sliding_Window       |     0.797 |
|   clk_IBUF_inst             |     0.005 |
|   kernel_in_IBUF[0]_inst    |     0.009 |
|   kernel_in_IBUF[10]_inst   |     0.009 |
|   kernel_in_IBUF[11]_inst   |     0.009 |
|   kernel_in_IBUF[12]_inst   |     0.009 |
|   kernel_in_IBUF[13]_inst   |     0.009 |
|   kernel_in_IBUF[14]_inst   |     0.010 |
|   kernel_in_IBUF[15]_inst   |     0.010 |
|   kernel_in_IBUF[16]_inst   |     0.009 |
|   kernel_in_IBUF[17]_inst   |     0.011 |
|   kernel_in_IBUF[18]_inst   |     0.009 |
|   kernel_in_IBUF[19]_inst   |     0.009 |
|   kernel_in_IBUF[1]_inst    |     0.008 |
|   kernel_in_IBUF[20]_inst   |     0.009 |
|   kernel_in_IBUF[21]_inst   |     0.010 |
|   kernel_in_IBUF[22]_inst   |     0.009 |
|   kernel_in_IBUF[23]_inst   |     0.009 |
|   kernel_in_IBUF[24]_inst   |     0.009 |
|   kernel_in_IBUF[25]_inst   |     0.010 |
|   kernel_in_IBUF[26]_inst   |     0.012 |
|   kernel_in_IBUF[27]_inst   |     0.010 |
|   kernel_in_IBUF[28]_inst   |     0.010 |
|   kernel_in_IBUF[29]_inst   |     0.010 |
|   kernel_in_IBUF[2]_inst    |     0.008 |
|   kernel_in_IBUF[30]_inst   |     0.010 |
|   kernel_in_IBUF[31]_inst   |     0.010 |
|   kernel_in_IBUF[32]_inst   |     0.011 |
|   kernel_in_IBUF[33]_inst   |     0.010 |
|   kernel_in_IBUF[34]_inst   |     0.011 |
|   kernel_in_IBUF[35]_inst   |     0.013 |
|   kernel_in_IBUF[36]_inst   |     0.012 |
|   kernel_in_IBUF[37]_inst   |     0.011 |
|   kernel_in_IBUF[38]_inst   |     0.012 |
|   kernel_in_IBUF[39]_inst   |     0.012 |
|   kernel_in_IBUF[3]_inst    |     0.008 |
|   kernel_in_IBUF[40]_inst   |     0.012 |
|   kernel_in_IBUF[41]_inst   |     0.012 |
|   kernel_in_IBUF[42]_inst   |     0.012 |
|   kernel_in_IBUF[43]_inst   |     0.010 |
|   kernel_in_IBUF[44]_inst   |     0.013 |
|   kernel_in_IBUF[45]_inst   |     0.010 |
|   kernel_in_IBUF[46]_inst   |     0.010 |
|   kernel_in_IBUF[47]_inst   |     0.009 |
|   kernel_in_IBUF[48]_inst   |     0.010 |
|   kernel_in_IBUF[49]_inst   |     0.010 |
|   kernel_in_IBUF[4]_inst    |     0.008 |
|   kernel_in_IBUF[50]_inst   |     0.010 |
|   kernel_in_IBUF[51]_inst   |     0.010 |
|   kernel_in_IBUF[52]_inst   |     0.010 |
|   kernel_in_IBUF[53]_inst   |     0.011 |
|   kernel_in_IBUF[54]_inst   |     0.008 |
|   kernel_in_IBUF[55]_inst   |     0.008 |
|   kernel_in_IBUF[56]_inst   |     0.008 |
|   kernel_in_IBUF[57]_inst   |     0.008 |
|   kernel_in_IBUF[58]_inst   |     0.009 |
|   kernel_in_IBUF[59]_inst   |     0.009 |
|   kernel_in_IBUF[5]_inst    |     0.008 |
|   kernel_in_IBUF[60]_inst   |     0.008 |
|   kernel_in_IBUF[61]_inst   |     0.008 |
|   kernel_in_IBUF[62]_inst   |     0.010 |
|   kernel_in_IBUF[63]_inst   |     0.007 |
|   kernel_in_IBUF[64]_inst   |     0.008 |
|   kernel_in_IBUF[65]_inst   |     0.008 |
|   kernel_in_IBUF[66]_inst   |     0.007 |
|   kernel_in_IBUF[67]_inst   |     0.007 |
|   kernel_in_IBUF[68]_inst   |     0.007 |
|   kernel_in_IBUF[69]_inst   |     0.008 |
|   kernel_in_IBUF[6]_inst    |     0.009 |
|   kernel_in_IBUF[70]_inst   |     0.008 |
|   kernel_in_IBUF[71]_inst   |     0.011 |
|   kernel_in_IBUF[72]_inst   |     0.007 |
|   kernel_in_IBUF[73]_inst   |     0.008 |
|   kernel_in_IBUF[74]_inst   |     0.008 |
|   kernel_in_IBUF[75]_inst   |     0.008 |
|   kernel_in_IBUF[76]_inst   |     0.008 |
|   kernel_in_IBUF[77]_inst   |     0.008 |
|   kernel_in_IBUF[78]_inst   |     0.008 |
|   kernel_in_IBUF[79]_inst   |     0.008 |
|   kernel_in_IBUF[7]_inst    |     0.009 |
|   kernel_in_IBUF[80]_inst   |     0.012 |
|   kernel_in_IBUF[8]_inst    |     0.014 |
|   kernel_in_IBUF[9]_inst    |     0.009 |
|   pixel_in_IBUF[0]_inst     |     0.017 |
|   pixel_in_IBUF[1]_inst     |     0.018 |
|   pixel_in_IBUF[2]_inst     |     0.015 |
|   pixel_in_IBUF[3]_inst     |     0.017 |
|   pixel_in_IBUF[4]_inst     |     0.017 |
|   pixel_in_IBUF[5]_inst     |     0.017 |
|   pixel_in_IBUF[6]_inst     |     0.018 |
|   pixel_in_IBUF[7]_inst     |     0.017 |
|   pixel_in_valid_IBUF_inst  |     0.009 |
|   pixel_out_ready_IBUF_inst |     0.009 |
+-----------------------------+-----------+


