Copyright 1986-2022 Xilinx, Inc. All Rights Reserved. Copyright 2022-2025 Advanced Micro Devices, Inc. All Rights Reserved.
-----------------------------------------------------------------------------------------------------------------------------------------------------------------------------------------------------------------------------------------------------------------------------------
| Tool Version      : Vivado v.2025.2 (win64) Build 6299465 Fri Nov 14 19:35:11 GMT 2025
| Date              : Fri Mar 13 13:36:33 2026
| Host              : N166A running 64-bit major release  (build 9200)
| Command           : report_timing_summary -max_paths 10 -routable_nets -report_unconstrained -file generic_2D_convolution_timing_summary_routed.rpt -pb generic_2D_convolution_timing_summary_routed.pb -rpx generic_2D_convolution_timing_summary_routed.rpx -warn_on_violation
| Design            : generic_2D_convolution
| Device            : xck26-sfvc784
| Speed File        : -2LV  PRODUCTION 1.30 05-15-2022
| Design State      : Routed
| Temperature Grade : C
-----------------------------------------------------------------------------------------------------------------------------------------------------------------------------------------------------------------------------------------------------------------------------------

Timing Summary Report

------------------------------------------------------------------------------------------------
| Timer Settings
| --------------
------------------------------------------------------------------------------------------------

  Enable Multi Corner Analysis               :  Yes
  Enable Pessimism Removal                   :  Yes
  Pessimism Removal Resolution               :  Nearest Common Node
  Enable Input Delay Default Clock           :  No
  Enable Preset / Clear Arcs                 :  No
  Disable Flight Delays                      :  No
  Ignore I/O Paths                           :  No
  Timing Early Launch at Borrowing Latches   :  No
  Borrow Time for Max Delay Exceptions       :  Yes
  Merge Timing Exceptions                    :  Yes
  Inter-SLR Compensation                     :  Conservative

  Corner  Analyze    Analyze    
  Name    Max Paths  Min Paths  
  ------  ---------  ---------  
  Slow    Yes        Yes        
  Fast    Yes        Yes        


------------------------------------------------------------------------------------------------
| Report Methodology
| ------------------
------------------------------------------------------------------------------------------------

Rule       Severity          Description                  Violations  
---------  ----------------  ---------------------------  ----------  
TIMING-17  Critical Warning  Non-clocked sequential cell  336         

Note: This report is based on the most recent report_methodology run and may not be up-to-date. Run report_methodology on the current design for the latest report.



check_timing report

Table of Contents
-----------------
1. checking no_clock (336)
2. checking constant_clock (0)
3. checking pulse_width_clock (0)
4. checking unconstrained_internal_endpoints (1965)
5. checking no_input_delay (92)
6. checking no_output_delay (10)
7. checking multiple_clock (0)
8. checking generated_clocks (0)
9. checking loops (0)
10. checking partial_input_delay (0)
11. checking partial_output_delay (0)
12. checking latch_loops (0)

1. checking no_clock (336)
--------------------------
 There are 336 register/latch pins with no clock driven by root clock pin: clk (HIGH)


2. checking constant_clock (0)
------------------------------
 There are 0 register/latch pins with constant_clock.


3. checking pulse_width_clock (0)
---------------------------------
 There are 0 register/latch pins which need pulse_width check


4. checking unconstrained_internal_endpoints (1965)
---------------------------------------------------
 There are 1965 pins that are not constrained for maximum delay. (HIGH)

 There are 0 pins that are not constrained for maximum delay due to constant clock.


5. checking no_input_delay (92)
-------------------------------
 There are 92 input ports with no input delay specified. (HIGH)

 There are 0 input ports with no input delay but user has a false path constraint.


6. checking no_output_delay (10)
--------------------------------
 There are 10 ports with no output delay specified. (HIGH)

 There are 0 ports with no output delay but user has a false path constraint

 There are 0 ports with no output delay but with a timing clock defined on it or propagating through it


7. checking multiple_clock (0)
------------------------------
 There are 0 register/latch pins with multiple clocks.


8. checking generated_clocks (0)
--------------------------------
 There are 0 generated clocks that are not connected to a clock source.


9. checking loops (0)
---------------------
 There are 0 combinational loops in the design.


10. checking partial_input_delay (0)
------------------------------------
 There are 0 input ports with partial input delay specified.


11. checking partial_output_delay (0)
-------------------------------------
 There are 0 ports with partial output delay specified.


12. checking latch_loops (0)
----------------------------
 There are 0 combinational latch loops in the design through latch input



------------------------------------------------------------------------------------------------
| Design Timing Summary
| ---------------------
------------------------------------------------------------------------------------------------

    WNS(ns)      TNS(ns)  TNS Failing Endpoints  TNS Total Endpoints      WHS(ns)      THS(ns)  THS Failing Endpoints  THS Total Endpoints     WPWS(ns)     TPWS(ns)  TPWS Failing Endpoints  TPWS Total Endpoints  
    -------      -------  ---------------------  -------------------      -------      -------  ---------------------  -------------------     --------     --------  ----------------------  --------------------  
        inf        0.000                      0                  630          inf        0.000                      0                  630           NA           NA                      NA                    NA  


There are no user specified timing constraints.


------------------------------------------------------------------------------------------------
| Clock Summary
| -------------
------------------------------------------------------------------------------------------------


------------------------------------------------------------------------------------------------
| Intra Clock Table
| -----------------
------------------------------------------------------------------------------------------------

Clock             WNS(ns)      TNS(ns)  TNS Failing Endpoints  TNS Total Endpoints      WHS(ns)      THS(ns)  THS Failing Endpoints  THS Total Endpoints     WPWS(ns)     TPWS(ns)  TPWS Failing Endpoints  TPWS Total Endpoints  
-----             -------      -------  ---------------------  -------------------      -------      -------  ---------------------  -------------------     --------     --------  ----------------------  --------------------  


------------------------------------------------------------------------------------------------
| Inter Clock Table
| -----------------
------------------------------------------------------------------------------------------------

From Clock    To Clock          WNS(ns)      TNS(ns)  TNS Failing Endpoints  TNS Total Endpoints      WHS(ns)      THS(ns)  THS Failing Endpoints  THS Total Endpoints  
----------    --------          -------      -------  ---------------------  -------------------      -------      -------  ---------------------  -------------------  


------------------------------------------------------------------------------------------------
| Other Path Groups Table
| -----------------------
------------------------------------------------------------------------------------------------

Path Group    From Clock    To Clock          WNS(ns)      TNS(ns)  TNS Failing Endpoints  TNS Total Endpoints      WHS(ns)      THS(ns)  THS Failing Endpoints  THS Total Endpoints  
----------    ----------    --------          -------      -------  ---------------------  -------------------      -------      -------  ---------------------  -------------------  


------------------------------------------------------------------------------------------------
| User Ignored Path Table
| -----------------------
------------------------------------------------------------------------------------------------

Path Group    From Clock    To Clock    
----------    ----------    --------    


------------------------------------------------------------------------------------------------
| Unconstrained Path Table
| ------------------------
------------------------------------------------------------------------------------------------

Path Group    From Clock    To Clock    
----------    ----------    --------    
(none)                                    


------------------------------------------------------------------------------------------------
| Timing Details
| --------------
------------------------------------------------------------------------------------------------


--------------------------------------------------------------------------------------
Path Group:  (none)
From Clock:  
  To Clock:  

Max Delay           630 Endpoints
Min Delay           630 Endpoints
--------------------------------------------------------------------------------------


Max Delay Paths
--------------------------------------------------------------------------------------
Slack:                    inf
  Source:                 pixel_out_ready
                            (input port)
  Destination:            Inst_Sliding_Window/line_buffers_reg[0,0][6]/CE
  Path Group:             (none)
  Path Type:              Max at Slow Process Corner
  Data Path Delay:        5.979ns  (logic 0.929ns (15.532%)  route 5.050ns (84.468%))
  Logic Levels:           5  (IBUFCTRL=1 INBUF=1 LUT2=1 LUT6=2)

    Location             Delay type                Incr(ns)  Path(ns)    Netlist Resource(s)
  -------------------------------------------------------------------    -------------------
    D6                                                0.000     0.000 r  pixel_out_ready (IN)
                         net (fo=0)                   0.000     0.000    pixel_out_ready_IBUF_inst/I
    D6                   INBUF (Prop_INBUF_HPIOB_S_PAD_O)
                                                      0.535     0.535 r  pixel_out_ready_IBUF_inst/INBUF_INST/O
                         net (fo=1, routed)           0.000     0.535    pixel_out_ready_IBUF_inst/OUT
    D6                   IBUFCTRL (Prop_IBUFCTRL_HPIOB_S_I_O)
                                                      0.000     0.535 r  pixel_out_ready_IBUF_inst/IBUFCTRL_INST/O
                         net (fo=1, routed)           1.700     2.235    Inst_MAC_Pipeline/inst_adder_tree/gen_tree.inst_right/gen_tree.inst_left/gen_tree.inst_left/pixel_out_ready_IBUF
    SLICE_X22Y180        LUT2 (Prop_E6LUT_SLICEL_I0_O)
                                                      0.083     2.318 r  Inst_MAC_Pipeline/inst_adder_tree/gen_tree.inst_right/gen_tree.inst_left/gen_tree.inst_left/c_cnt[3]_i_3/O
                         net (fo=1, routed)           0.127     2.445    Inst_MAC_Pipeline/inst_adder_tree/gen_tree.inst_right/gen_tree.inst_left/gen_tree.inst_left/c_cnt[3]_i_3_n_0
    SLICE_X22Y180        LUT6 (Prop_H6LUT_SLICEL_I0_O)
                                                      0.227     2.672 r  Inst_MAC_Pipeline/inst_adder_tree/gen_tree.inst_right/gen_tree.inst_left/gen_tree.inst_left/c_cnt[3]_i_1__0/O
                         net (fo=175, routed)         1.815     4.486    Inst_Sliding_Window/p_3_in
    SLICE_X20Y146        LUT6 (Prop_H6LUT_SLICEM_I4_O)
                                                      0.084     4.570 r  Inst_Sliding_Window/line_buffers[0,0][7]_i_2/O
                         net (fo=16, routed)          1.408     5.979    Inst_Sliding_Window/line_buffers[0,0][7]_i_2_n_0
    SLICE_X18Y148        FDRE                                         r  Inst_Sliding_Window/line_buffers_reg[0,0][6]/CE
  -------------------------------------------------------------------    -------------------

Slack:                    inf
  Source:                 pixel_out_ready
                            (input port)
  Destination:            Inst_Sliding_Window/line_buffers_reg[0,0][5]/CE
  Path Group:             (none)
  Path Type:              Max at Slow Process Corner
  Data Path Delay:        5.977ns  (logic 0.929ns (15.537%)  route 5.048ns (84.463%))
  Logic Levels:           5  (IBUFCTRL=1 INBUF=1 LUT2=1 LUT6=2)

    Location             Delay type                Incr(ns)  Path(ns)    Netlist Resource(s)
  -------------------------------------------------------------------    -------------------
    D6                                                0.000     0.000 r  pixel_out_ready (IN)
                         net (fo=0)                   0.000     0.000    pixel_out_ready_IBUF_inst/I
    D6                   INBUF (Prop_INBUF_HPIOB_S_PAD_O)
                                                      0.535     0.535 r  pixel_out_ready_IBUF_inst/INBUF_INST/O
                         net (fo=1, routed)           0.000     0.535    pixel_out_ready_IBUF_inst/OUT
    D6                   IBUFCTRL (Prop_IBUFCTRL_HPIOB_S_I_O)
                                                      0.000     0.535 r  pixel_out_ready_IBUF_inst/IBUFCTRL_INST/O
                         net (fo=1, routed)           1.700     2.235    Inst_MAC_Pipeline/inst_adder_tree/gen_tree.inst_right/gen_tree.inst_left/gen_tree.inst_left/pixel_out_ready_IBUF
    SLICE_X22Y180        LUT2 (Prop_E6LUT_SLICEL_I0_O)
                                                      0.083     2.318 r  Inst_MAC_Pipeline/inst_adder_tree/gen_tree.inst_right/gen_tree.inst_left/gen_tree.inst_left/c_cnt[3]_i_3/O
                         net (fo=1, routed)           0.127     2.445    Inst_MAC_Pipeline/inst_adder_tree/gen_tree.inst_right/gen_tree.inst_left/gen_tree.inst_left/c_cnt[3]_i_3_n_0
    SLICE_X22Y180        LUT6 (Prop_H6LUT_SLICEL_I0_O)
                                                      0.227     2.672 r  Inst_MAC_Pipeline/inst_adder_tree/gen_tree.inst_right/gen_tree.inst_left/gen_tree.inst_left/c_cnt[3]_i_1__0/O
                         net (fo=175, routed)         1.815     4.486    Inst_Sliding_Window/p_3_in
    SLICE_X20Y146        LUT6 (Prop_H6LUT_SLICEM_I4_O)
                                                      0.084     4.570 r  Inst_Sliding_Window/line_buffers[0,0][7]_i_2/O
                         net (fo=16, routed)          1.406     5.977    Inst_Sliding_Window/line_buffers[0,0][7]_i_2_n_0
    SLICE_X18Y148        FDRE                                         r  Inst_Sliding_Window/line_buffers_reg[0,0][5]/CE
  -------------------------------------------------------------------    -------------------

Slack:                    inf
  Source:                 pixel_out_ready
                            (input port)
  Destination:            Inst_Sliding_Window/line_buffers_reg[0,8][2]/CE
  Path Group:             (none)
  Path Type:              Max at Slow Process Corner
  Data Path Delay:        5.902ns  (logic 0.925ns (15.665%)  route 4.978ns (84.335%))
  Logic Levels:           5  (IBUFCTRL=1 INBUF=1 LUT2=1 LUT6=2)

    Location             Delay type                Incr(ns)  Path(ns)    Netlist Resource(s)
  -------------------------------------------------------------------    -------------------
    D6                                                0.000     0.000 r  pixel_out_ready (IN)
                         net (fo=0)                   0.000     0.000    pixel_out_ready_IBUF_inst/I
    D6                   INBUF (Prop_INBUF_HPIOB_S_PAD_O)
                                                      0.535     0.535 r  pixel_out_ready_IBUF_inst/INBUF_INST/O
                         net (fo=1, routed)           0.000     0.535    pixel_out_ready_IBUF_inst/OUT
    D6                   IBUFCTRL (Prop_IBUFCTRL_HPIOB_S_I_O)
                                                      0.000     0.535 r  pixel_out_ready_IBUF_inst/IBUFCTRL_INST/O
                         net (fo=1, routed)           1.700     2.235    Inst_MAC_Pipeline/inst_adder_tree/gen_tree.inst_right/gen_tree.inst_left/gen_tree.inst_left/pixel_out_ready_IBUF
    SLICE_X22Y180        LUT2 (Prop_E6LUT_SLICEL_I0_O)
                                                      0.083     2.318 r  Inst_MAC_Pipeline/inst_adder_tree/gen_tree.inst_right/gen_tree.inst_left/gen_tree.inst_left/c_cnt[3]_i_3/O
                         net (fo=1, routed)           0.127     2.445    Inst_MAC_Pipeline/inst_adder_tree/gen_tree.inst_right/gen_tree.inst_left/gen_tree.inst_left/c_cnt[3]_i_3_n_0
    SLICE_X22Y180        LUT6 (Prop_H6LUT_SLICEL_I0_O)
                                                      0.227     2.672 r  Inst_MAC_Pipeline/inst_adder_tree/gen_tree.inst_right/gen_tree.inst_left/gen_tree.inst_left/c_cnt[3]_i_1__0/O
                         net (fo=175, routed)         1.749     4.420    Inst_Sliding_Window/p_3_in
    SLICE_X21Y143        LUT6 (Prop_F6LUT_SLICEM_I4_O)
                                                      0.080     4.500 r  Inst_Sliding_Window/line_buffers[0,8][7]_i_2/O
                         net (fo=16, routed)          1.402     5.902    Inst_Sliding_Window/line_buffers[0,8][7]_i_2_n_0
    SLICE_X18Y143        FDRE                                         r  Inst_Sliding_Window/line_buffers_reg[0,8][2]/CE
  -------------------------------------------------------------------    -------------------

Slack:                    inf
  Source:                 pixel_out_ready
                            (input port)
  Destination:            Inst_Sliding_Window/line_buffers_reg[0,8][1]/CE
  Path Group:             (none)
  Path Type:              Max at Slow Process Corner
  Data Path Delay:        5.900ns  (logic 0.925ns (15.670%)  route 4.976ns (84.330%))
  Logic Levels:           5  (IBUFCTRL=1 INBUF=1 LUT2=1 LUT6=2)

    Location             Delay type                Incr(ns)  Path(ns)    Netlist Resource(s)
  -------------------------------------------------------------------    -------------------
    D6                                                0.000     0.000 r  pixel_out_ready (IN)
                         net (fo=0)                   0.000     0.000    pixel_out_ready_IBUF_inst/I
    D6                   INBUF (Prop_INBUF_HPIOB_S_PAD_O)
                                                      0.535     0.535 r  pixel_out_ready_IBUF_inst/INBUF_INST/O
                         net (fo=1, routed)           0.000     0.535    pixel_out_ready_IBUF_inst/OUT
    D6                   IBUFCTRL (Prop_IBUFCTRL_HPIOB_S_I_O)
                                                      0.000     0.535 r  pixel_out_ready_IBUF_inst/IBUFCTRL_INST/O
                         net (fo=1, routed)           1.700     2.235    Inst_MAC_Pipeline/inst_adder_tree/gen_tree.inst_right/gen_tree.inst_left/gen_tree.inst_left/pixel_out_ready_IBUF
    SLICE_X22Y180        LUT2 (Prop_E6LUT_SLICEL_I0_O)
                                                      0.083     2.318 r  Inst_MAC_Pipeline/inst_adder_tree/gen_tree.inst_right/gen_tree.inst_left/gen_tree.inst_left/c_cnt[3]_i_3/O
                         net (fo=1, routed)           0.127     2.445    Inst_MAC_Pipeline/inst_adder_tree/gen_tree.inst_right/gen_tree.inst_left/gen_tree.inst_left/c_cnt[3]_i_3_n_0
    SLICE_X22Y180        LUT6 (Prop_H6LUT_SLICEL_I0_O)
                                                      0.227     2.672 r  Inst_MAC_Pipeline/inst_adder_tree/gen_tree.inst_right/gen_tree.inst_left/gen_tree.inst_left/c_cnt[3]_i_1__0/O
                         net (fo=175, routed)         1.749     4.420    Inst_Sliding_Window/p_3_in
    SLICE_X21Y143        LUT6 (Prop_F6LUT_SLICEM_I4_O)
                                                      0.080     4.500 r  Inst_Sliding_Window/line_buffers[0,8][7]_i_2/O
                         net (fo=16, routed)          1.400     5.900    Inst_Sliding_Window/line_buffers[0,8][7]_i_2_n_0
    SLICE_X18Y143        FDRE                                         r  Inst_Sliding_Window/line_buffers_reg[0,8][1]/CE
  -------------------------------------------------------------------    -------------------

Slack:                    inf
  Source:                 pixel_out_ready
                            (input port)
  Destination:            Inst_Sliding_Window/line_buffers_reg[1,8][0]/CE
  Path Group:             (none)
  Path Type:              Max at Slow Process Corner
  Data Path Delay:        5.900ns  (logic 0.925ns (15.670%)  route 4.976ns (84.330%))
  Logic Levels:           5  (IBUFCTRL=1 INBUF=1 LUT2=1 LUT6=2)

    Location             Delay type                Incr(ns)  Path(ns)    Netlist Resource(s)
  -------------------------------------------------------------------    -------------------
    D6                                                0.000     0.000 r  pixel_out_ready (IN)
                         net (fo=0)                   0.000     0.000    pixel_out_ready_IBUF_inst/I
    D6                   INBUF (Prop_INBUF_HPIOB_S_PAD_O)
                                                      0.535     0.535 r  pixel_out_ready_IBUF_inst/INBUF_INST/O
                         net (fo=1, routed)           0.000     0.535    pixel_out_ready_IBUF_inst/OUT
    D6                   IBUFCTRL (Prop_IBUFCTRL_HPIOB_S_I_O)
                                                      0.000     0.535 r  pixel_out_ready_IBUF_inst/IBUFCTRL_INST/O
                         net (fo=1, routed)           1.700     2.235    Inst_MAC_Pipeline/inst_adder_tree/gen_tree.inst_right/gen_tree.inst_left/gen_tree.inst_left/pixel_out_ready_IBUF
    SLICE_X22Y180        LUT2 (Prop_E6LUT_SLICEL_I0_O)
                                                      0.083     2.318 r  Inst_MAC_Pipeline/inst_adder_tree/gen_tree.inst_right/gen_tree.inst_left/gen_tree.inst_left/c_cnt[3]_i_3/O
                         net (fo=1, routed)           0.127     2.445    Inst_MAC_Pipeline/inst_adder_tree/gen_tree.inst_right/gen_tree.inst_left/gen_tree.inst_left/c_cnt[3]_i_3_n_0
    SLICE_X22Y180        LUT6 (Prop_H6LUT_SLICEL_I0_O)
                                                      0.227     2.672 r  Inst_MAC_Pipeline/inst_adder_tree/gen_tree.inst_right/gen_tree.inst_left/gen_tree.inst_left/c_cnt[3]_i_1__0/O
                         net (fo=175, routed)         1.749     4.420    Inst_Sliding_Window/p_3_in
    SLICE_X21Y143        LUT6 (Prop_F6LUT_SLICEM_I4_O)
                                                      0.080     4.500 r  Inst_Sliding_Window/line_buffers[0,8][7]_i_2/O
                         net (fo=16, routed)          1.400     5.900    Inst_Sliding_Window/line_buffers[0,8][7]_i_2_n_0
    SLICE_X19Y143        FDRE                                         r  Inst_Sliding_Window/line_buffers_reg[1,8][0]/CE
  -------------------------------------------------------------------    -------------------

Slack:                    inf
  Source:                 pixel_out_ready
                            (input port)
  Destination:            Inst_Sliding_Window/line_buffers_reg[1,8][1]/CE
  Path Group:             (none)
  Path Type:              Max at Slow Process Corner
  Data Path Delay:        5.900ns  (logic 0.925ns (15.670%)  route 4.976ns (84.330%))
  Logic Levels:           5  (IBUFCTRL=1 INBUF=1 LUT2=1 LUT6=2)

    Location             Delay type                Incr(ns)  Path(ns)    Netlist Resource(s)
  -------------------------------------------------------------------    -------------------
    D6                                                0.000     0.000 r  pixel_out_ready (IN)
                         net (fo=0)                   0.000     0.000    pixel_out_ready_IBUF_inst/I
    D6                   INBUF (Prop_INBUF_HPIOB_S_PAD_O)
                                                      0.535     0.535 r  pixel_out_ready_IBUF_inst/INBUF_INST/O
                         net (fo=1, routed)           0.000     0.535    pixel_out_ready_IBUF_inst/OUT
    D6                   IBUFCTRL (Prop_IBUFCTRL_HPIOB_S_I_O)
                                                      0.000     0.535 r  pixel_out_ready_IBUF_inst/IBUFCTRL_INST/O
                         net (fo=1, routed)           1.700     2.235    Inst_MAC_Pipeline/inst_adder_tree/gen_tree.inst_right/gen_tree.inst_left/gen_tree.inst_left/pixel_out_ready_IBUF
    SLICE_X22Y180        LUT2 (Prop_E6LUT_SLICEL_I0_O)
                                                      0.083     2.318 r  Inst_MAC_Pipeline/inst_adder_tree/gen_tree.inst_right/gen_tree.inst_left/gen_tree.inst_left/c_cnt[3]_i_3/O
                         net (fo=1, routed)           0.127     2.445    Inst_MAC_Pipeline/inst_adder_tree/gen_tree.inst_right/gen_tree.inst_left/gen_tree.inst_left/c_cnt[3]_i_3_n_0
    SLICE_X22Y180        LUT6 (Prop_H6LUT_SLICEL_I0_O)
                                                      0.227     2.672 r  Inst_MAC_Pipeline/inst_adder_tree/gen_tree.inst_right/gen_tree.inst_left/gen_tree.inst_left/c_cnt[3]_i_1__0/O
                         net (fo=175, routed)         1.749     4.420    Inst_Sliding_Window/p_3_in
    SLICE_X21Y143        LUT6 (Prop_F6LUT_SLICEM_I4_O)
                                                      0.080     4.500 r  Inst_Sliding_Window/line_buffers[0,8][7]_i_2/O
                         net (fo=16, routed)          1.400     5.900    Inst_Sliding_Window/line_buffers[0,8][7]_i_2_n_0
    SLICE_X19Y143        FDRE                                         r  Inst_Sliding_Window/line_buffers_reg[1,8][1]/CE
  -------------------------------------------------------------------    -------------------

Slack:                    inf
  Source:                 pixel_out_ready
                            (input port)
  Destination:            Inst_Sliding_Window/line_buffers_reg[1,8][2]/CE
  Path Group:             (none)
  Path Type:              Max at Slow Process Corner
  Data Path Delay:        5.900ns  (logic 0.925ns (15.670%)  route 4.976ns (84.330%))
  Logic Levels:           5  (IBUFCTRL=1 INBUF=1 LUT2=1 LUT6=2)

    Location             Delay type                Incr(ns)  Path(ns)    Netlist Resource(s)
  -------------------------------------------------------------------    -------------------
    D6                                                0.000     0.000 r  pixel_out_ready (IN)
                         net (fo=0)                   0.000     0.000    pixel_out_ready_IBUF_inst/I
    D6                   INBUF (Prop_INBUF_HPIOB_S_PAD_O)
                                                      0.535     0.535 r  pixel_out_ready_IBUF_inst/INBUF_INST/O
                         net (fo=1, routed)           0.000     0.535    pixel_out_ready_IBUF_inst/OUT
    D6                   IBUFCTRL (Prop_IBUFCTRL_HPIOB_S_I_O)
                                                      0.000     0.535 r  pixel_out_ready_IBUF_inst/IBUFCTRL_INST/O
                         net (fo=1, routed)           1.700     2.235    Inst_MAC_Pipeline/inst_adder_tree/gen_tree.inst_right/gen_tree.inst_left/gen_tree.inst_left/pixel_out_ready_IBUF
    SLICE_X22Y180        LUT2 (Prop_E6LUT_SLICEL_I0_O)
                                                      0.083     2.318 r  Inst_MAC_Pipeline/inst_adder_tree/gen_tree.inst_right/gen_tree.inst_left/gen_tree.inst_left/c_cnt[3]_i_3/O
                         net (fo=1, routed)           0.127     2.445    Inst_MAC_Pipeline/inst_adder_tree/gen_tree.inst_right/gen_tree.inst_left/gen_tree.inst_left/c_cnt[3]_i_3_n_0
    SLICE_X22Y180        LUT6 (Prop_H6LUT_SLICEL_I0_O)
                                                      0.227     2.672 r  Inst_MAC_Pipeline/inst_adder_tree/gen_tree.inst_right/gen_tree.inst_left/gen_tree.inst_left/c_cnt[3]_i_1__0/O
                         net (fo=175, routed)         1.749     4.420    Inst_Sliding_Window/p_3_in
    SLICE_X21Y143        LUT6 (Prop_F6LUT_SLICEM_I4_O)
                                                      0.080     4.500 r  Inst_Sliding_Window/line_buffers[0,8][7]_i_2/O
                         net (fo=16, routed)          1.400     5.900    Inst_Sliding_Window/line_buffers[0,8][7]_i_2_n_0
    SLICE_X19Y143        FDRE                                         r  Inst_Sliding_Window/line_buffers_reg[1,8][2]/CE
  -------------------------------------------------------------------    -------------------

Slack:                    inf
  Source:                 pixel_out_ready
                            (input port)
  Destination:            Inst_Sliding_Window/line_buffers_reg[1,8][3]/CE
  Path Group:             (none)
  Path Type:              Max at Slow Process Corner
  Data Path Delay:        5.900ns  (logic 0.925ns (15.670%)  route 4.976ns (84.330%))
  Logic Levels:           5  (IBUFCTRL=1 INBUF=1 LUT2=1 LUT6=2)

    Location             Delay type                Incr(ns)  Path(ns)    Netlist Resource(s)
  -------------------------------------------------------------------    -------------------
    D6                                                0.000     0.000 r  pixel_out_ready (IN)
                         net (fo=0)                   0.000     0.000    pixel_out_ready_IBUF_inst/I
    D6                   INBUF (Prop_INBUF_HPIOB_S_PAD_O)
                                                      0.535     0.535 r  pixel_out_ready_IBUF_inst/INBUF_INST/O
                         net (fo=1, routed)           0.000     0.535    pixel_out_ready_IBUF_inst/OUT
    D6                   IBUFCTRL (Prop_IBUFCTRL_HPIOB_S_I_O)
                                                      0.000     0.535 r  pixel_out_ready_IBUF_inst/IBUFCTRL_INST/O
                         net (fo=1, routed)           1.700     2.235    Inst_MAC_Pipeline/inst_adder_tree/gen_tree.inst_right/gen_tree.inst_left/gen_tree.inst_left/pixel_out_ready_IBUF
    SLICE_X22Y180        LUT2 (Prop_E6LUT_SLICEL_I0_O)
                                                      0.083     2.318 r  Inst_MAC_Pipeline/inst_adder_tree/gen_tree.inst_right/gen_tree.inst_left/gen_tree.inst_left/c_cnt[3]_i_3/O
                         net (fo=1, routed)           0.127     2.445    Inst_MAC_Pipeline/inst_adder_tree/gen_tree.inst_right/gen_tree.inst_left/gen_tree.inst_left/c_cnt[3]_i_3_n_0
    SLICE_X22Y180        LUT6 (Prop_H6LUT_SLICEL_I0_O)
                                                      0.227     2.672 r  Inst_MAC_Pipeline/inst_adder_tree/gen_tree.inst_right/gen_tree.inst_left/gen_tree.inst_left/c_cnt[3]_i_1__0/O
                         net (fo=175, routed)         1.749     4.420    Inst_Sliding_Window/p_3_in
    SLICE_X21Y143        LUT6 (Prop_F6LUT_SLICEM_I4_O)
                                                      0.080     4.500 r  Inst_Sliding_Window/line_buffers[0,8][7]_i_2/O
                         net (fo=16, routed)          1.400     5.900    Inst_Sliding_Window/line_buffers[0,8][7]_i_2_n_0
    SLICE_X19Y143        FDRE                                         r  Inst_Sliding_Window/line_buffers_reg[1,8][3]/CE
  -------------------------------------------------------------------    -------------------

Slack:                    inf
  Source:                 pixel_out_ready
                            (input port)
  Destination:            Inst_Sliding_Window/line_buffers_reg[0,8][4]/CE
  Path Group:             (none)
  Path Type:              Max at Slow Process Corner
  Data Path Delay:        5.879ns  (logic 0.925ns (15.727%)  route 4.954ns (84.273%))
  Logic Levels:           5  (IBUFCTRL=1 INBUF=1 LUT2=1 LUT6=2)

    Location             Delay type                Incr(ns)  Path(ns)    Netlist Resource(s)
  -------------------------------------------------------------------    -------------------
    D6                                                0.000     0.000 r  pixel_out_ready (IN)
                         net (fo=0)                   0.000     0.000    pixel_out_ready_IBUF_inst/I
    D6                   INBUF (Prop_INBUF_HPIOB_S_PAD_O)
                                                      0.535     0.535 r  pixel_out_ready_IBUF_inst/INBUF_INST/O
                         net (fo=1, routed)           0.000     0.535    pixel_out_ready_IBUF_inst/OUT
    D6                   IBUFCTRL (Prop_IBUFCTRL_HPIOB_S_I_O)
                                                      0.000     0.535 r  pixel_out_ready_IBUF_inst/IBUFCTRL_INST/O
                         net (fo=1, routed)           1.700     2.235    Inst_MAC_Pipeline/inst_adder_tree/gen_tree.inst_right/gen_tree.inst_left/gen_tree.inst_left/pixel_out_ready_IBUF
    SLICE_X22Y180        LUT2 (Prop_E6LUT_SLICEL_I0_O)
                                                      0.083     2.318 r  Inst_MAC_Pipeline/inst_adder_tree/gen_tree.inst_right/gen_tree.inst_left/gen_tree.inst_left/c_cnt[3]_i_3/O
                         net (fo=1, routed)           0.127     2.445    Inst_MAC_Pipeline/inst_adder_tree/gen_tree.inst_right/gen_tree.inst_left/gen_tree.inst_left/c_cnt[3]_i_3_n_0
    SLICE_X22Y180        LUT6 (Prop_H6LUT_SLICEL_I0_O)
                                                      0.227     2.672 r  Inst_MAC_Pipeline/inst_adder_tree/gen_tree.inst_right/gen_tree.inst_left/gen_tree.inst_left/c_cnt[3]_i_1__0/O
                         net (fo=175, routed)         1.749     4.420    Inst_Sliding_Window/p_3_in
    SLICE_X21Y143        LUT6 (Prop_F6LUT_SLICEM_I4_O)
                                                      0.080     4.500 r  Inst_Sliding_Window/line_buffers[0,8][7]_i_2/O
                         net (fo=16, routed)          1.379     5.879    Inst_Sliding_Window/line_buffers[0,8][7]_i_2_n_0
    SLICE_X19Y149        FDRE                                         r  Inst_Sliding_Window/line_buffers_reg[0,8][4]/CE
  -------------------------------------------------------------------    -------------------

Slack:                    inf
  Source:                 pixel_out_ready
                            (input port)
  Destination:            Inst_Sliding_Window/line_buffers_reg[0,8][6]/CE
  Path Group:             (none)
  Path Type:              Max at Slow Process Corner
  Data Path Delay:        5.879ns  (logic 0.925ns (15.727%)  route 4.954ns (84.273%))
  Logic Levels:           5  (IBUFCTRL=1 INBUF=1 LUT2=1 LUT6=2)

    Location             Delay type                Incr(ns)  Path(ns)    Netlist Resource(s)
  -------------------------------------------------------------------    -------------------
    D6                                                0.000     0.000 r  pixel_out_ready (IN)
                         net (fo=0)                   0.000     0.000    pixel_out_ready_IBUF_inst/I
    D6                   INBUF (Prop_INBUF_HPIOB_S_PAD_O)
                                                      0.535     0.535 r  pixel_out_ready_IBUF_inst/INBUF_INST/O
                         net (fo=1, routed)           0.000     0.535    pixel_out_ready_IBUF_inst/OUT
    D6                   IBUFCTRL (Prop_IBUFCTRL_HPIOB_S_I_O)
                                                      0.000     0.535 r  pixel_out_ready_IBUF_inst/IBUFCTRL_INST/O
                         net (fo=1, routed)           1.700     2.235    Inst_MAC_Pipeline/inst_adder_tree/gen_tree.inst_right/gen_tree.inst_left/gen_tree.inst_left/pixel_out_ready_IBUF
    SLICE_X22Y180        LUT2 (Prop_E6LUT_SLICEL_I0_O)
                                                      0.083     2.318 r  Inst_MAC_Pipeline/inst_adder_tree/gen_tree.inst_right/gen_tree.inst_left/gen_tree.inst_left/c_cnt[3]_i_3/O
                         net (fo=1, routed)           0.127     2.445    Inst_MAC_Pipeline/inst_adder_tree/gen_tree.inst_right/gen_tree.inst_left/gen_tree.inst_left/c_cnt[3]_i_3_n_0
    SLICE_X22Y180        LUT6 (Prop_H6LUT_SLICEL_I0_O)
                                                      0.227     2.672 r  Inst_MAC_Pipeline/inst_adder_tree/gen_tree.inst_right/gen_tree.inst_left/gen_tree.inst_left/c_cnt[3]_i_1__0/O
                         net (fo=175, routed)         1.749     4.420    Inst_Sliding_Window/p_3_in
    SLICE_X21Y143        LUT6 (Prop_F6LUT_SLICEM_I4_O)
                                                      0.080     4.500 r  Inst_Sliding_Window/line_buffers[0,8][7]_i_2/O
                         net (fo=16, routed)          1.379     5.879    Inst_Sliding_Window/line_buffers[0,8][7]_i_2_n_0
    SLICE_X19Y149        FDRE                                         r  Inst_Sliding_Window/line_buffers_reg[0,8][6]/CE
  -------------------------------------------------------------------    -------------------





Min Delay Paths
--------------------------------------------------------------------------------------
Slack:                    inf
  Source:                 Inst_MAC_Pipeline/inst_adder_tree/gen_tree.inst_right/gen_tree.inst_left/gen_tree.sum_out_reg[14]/C
                            (rising edge-triggered cell FDRE)
  Destination:            Inst_MAC_Pipeline/inst_adder_tree/gen_tree.inst_right/gen_tree.sum_out_reg[14]/D
  Path Group:             (none)
  Path Type:              Min at Fast Process Corner
  Data Path Delay:        0.121ns  (logic 0.084ns (69.421%)  route 0.037ns (30.579%))
  Logic Levels:           1  (FDRE=1)

    Location             Delay type                Incr(ns)  Path(ns)    Netlist Resource(s)
  -------------------------------------------------------------------    -------------------
    SLICE_X19Y138        FDRE                         0.000     0.000 r  Inst_MAC_Pipeline/inst_adder_tree/gen_tree.inst_right/gen_tree.inst_left/gen_tree.sum_out_reg[14]/C
    SLICE_X19Y138        FDRE (Prop_EFF_SLICEL_C_Q)
                                                      0.084     0.084 r  Inst_MAC_Pipeline/inst_adder_tree/gen_tree.inst_right/gen_tree.inst_left/gen_tree.sum_out_reg[14]/Q
                         net (fo=1, routed)           0.037     0.121    Inst_MAC_Pipeline/inst_adder_tree/gen_tree.inst_right/gen_tree.inst_left_n_7
    SLICE_X19Y138        FDRE                                         r  Inst_MAC_Pipeline/inst_adder_tree/gen_tree.inst_right/gen_tree.sum_out_reg[14]/D
  -------------------------------------------------------------------    -------------------

Slack:                    inf
  Source:                 Inst_MAC_Pipeline/inst_adder_tree/gen_tree.inst_right/gen_tree.inst_left/gen_tree.sum_out_reg[5]/C
                            (rising edge-triggered cell FDRE)
  Destination:            Inst_MAC_Pipeline/inst_adder_tree/gen_tree.inst_right/gen_tree.sum_out_reg[5]/D
  Path Group:             (none)
  Path Type:              Min at Fast Process Corner
  Data Path Delay:        0.124ns  (logic 0.082ns (66.129%)  route 0.042ns (33.871%))
  Logic Levels:           1  (FDRE=1)

    Location             Delay type                Incr(ns)  Path(ns)    Netlist Resource(s)
  -------------------------------------------------------------------    -------------------
    SLICE_X20Y136        FDRE                         0.000     0.000 r  Inst_MAC_Pipeline/inst_adder_tree/gen_tree.inst_right/gen_tree.inst_left/gen_tree.sum_out_reg[5]/C
    SLICE_X20Y136        FDRE (Prop_AFF_SLICEM_C_Q)
                                                      0.082     0.082 r  Inst_MAC_Pipeline/inst_adder_tree/gen_tree.inst_right/gen_tree.inst_left/gen_tree.sum_out_reg[5]/Q
                         net (fo=1, routed)           0.042     0.124    Inst_MAC_Pipeline/inst_adder_tree/gen_tree.inst_right/gen_tree.inst_left_n_16
    SLICE_X20Y136        FDRE                                         r  Inst_MAC_Pipeline/inst_adder_tree/gen_tree.inst_right/gen_tree.sum_out_reg[5]/D
  -------------------------------------------------------------------    -------------------

Slack:                    inf
  Source:                 r_cnt_reg[2]/C
                            (rising edge-triggered cell FDRE)
  Destination:            r_cnt_reg[3]/D
  Path Group:             (none)
  Path Type:              Min at Fast Process Corner
  Data Path Delay:        0.140ns  (logic 0.107ns (76.433%)  route 0.033ns (23.567%))
  Logic Levels:           2  (FDRE=1 LUT4=1)

    Location             Delay type                Incr(ns)  Path(ns)    Netlist Resource(s)
  -------------------------------------------------------------------    -------------------
    SLICE_X22Y179        FDRE                         0.000     0.000 r  r_cnt_reg[2]/C
    SLICE_X22Y179        FDRE (Prop_BFF_SLICEL_C_Q)
                                                      0.084     0.084 r  r_cnt_reg[2]/Q
                         net (fo=4, routed)           0.025     0.109    r_cnt_reg_n_0_[2]
    SLICE_X22Y179        LUT4 (Prop_B5LUT_SLICEL_I0_O)
                                                      0.023     0.132 r  r_cnt[3]_i_2__0/O
                         net (fo=1, routed)           0.008     0.140    r_cnt[3]_i_2__0_n_0
    SLICE_X22Y179        FDRE                                         r  r_cnt_reg[3]/D
  -------------------------------------------------------------------    -------------------

Slack:                    inf
  Source:                 Inst_MAC_Pipeline/valid_pipe_reg[1]/C
                            (rising edge-triggered cell FDRE)
  Destination:            Inst_MAC_Pipeline/valid_pipe_reg[2]/D
  Path Group:             (none)
  Path Type:              Min at Fast Process Corner
  Data Path Delay:        0.147ns  (logic 0.084ns (57.143%)  route 0.063ns (42.857%))
  Logic Levels:           1  (FDRE=1)

    Location             Delay type                Incr(ns)  Path(ns)    Netlist Resource(s)
  -------------------------------------------------------------------    -------------------
    SLICE_X22Y148        FDRE                         0.000     0.000 r  Inst_MAC_Pipeline/valid_pipe_reg[1]/C
    SLICE_X22Y148        FDRE (Prop_EFF_SLICEL_C_Q)
                                                      0.084     0.084 r  Inst_MAC_Pipeline/valid_pipe_reg[1]/Q
                         net (fo=1, routed)           0.063     0.147    Inst_MAC_Pipeline/p_0_out[1]
    SLICE_X22Y148        FDRE                                         r  Inst_MAC_Pipeline/valid_pipe_reg[2]/D
  -------------------------------------------------------------------    -------------------

Slack:                    inf
  Source:                 Inst_MAC_Pipeline/inst_adder_tree/gen_tree.inst_right/gen_tree.inst_left/gen_tree.sum_out_reg[16]/C
                            (rising edge-triggered cell FDRE)
  Destination:            Inst_MAC_Pipeline/inst_adder_tree/gen_tree.inst_right/gen_tree.sum_out_reg[16]/D
  Path Group:             (none)
  Path Type:              Min at Fast Process Corner
  Data Path Delay:        0.148ns  (logic 0.084ns (56.757%)  route 0.064ns (43.243%))
  Logic Levels:           1  (FDRE=1)

    Location             Delay type                Incr(ns)  Path(ns)    Netlist Resource(s)
  -------------------------------------------------------------------    -------------------
    SLICE_X22Y140        FDRE                         0.000     0.000 r  Inst_MAC_Pipeline/inst_adder_tree/gen_tree.inst_right/gen_tree.inst_left/gen_tree.sum_out_reg[16]/C
    SLICE_X22Y140        FDRE (Prop_EFF_SLICEL_C_Q)
                                                      0.084     0.084 r  Inst_MAC_Pipeline/inst_adder_tree/gen_tree.inst_right/gen_tree.inst_left/gen_tree.sum_out_reg[16]/Q
                         net (fo=1, routed)           0.064     0.148    Inst_MAC_Pipeline/inst_adder_tree/gen_tree.inst_right/gen_tree.inst_left_n_5
    SLICE_X22Y140        FDRE                                         r  Inst_MAC_Pipeline/inst_adder_tree/gen_tree.inst_right/gen_tree.sum_out_reg[16]/D
  -------------------------------------------------------------------    -------------------

Slack:                    inf
  Source:                 Inst_Sliding_Window/r_cnt_reg[0]/C
                            (rising edge-triggered cell FDRE)
  Destination:            Inst_Sliding_Window/r_cnt_reg[1]/D
  Path Group:             (none)
  Path Type:              Min at Fast Process Corner
  Data Path Delay:        0.153ns  (logic 0.121ns (79.090%)  route 0.032ns (20.910%))
  Logic Levels:           2  (FDRE=1 LUT2=1)

    Location             Delay type                Incr(ns)  Path(ns)    Netlist Resource(s)
  -------------------------------------------------------------------    -------------------
    SLICE_X22Y148        FDRE                         0.000     0.000 r  Inst_Sliding_Window/r_cnt_reg[0]/C
    SLICE_X22Y148        FDRE (Prop_DFF_SLICEL_C_Q)
                                                      0.084     0.084 r  Inst_Sliding_Window/r_cnt_reg[0]/Q
                         net (fo=4, routed)           0.025     0.109    Inst_Sliding_Window/r_cnt_reg_n_0_[0]
    SLICE_X22Y148        LUT2 (Prop_D5LUT_SLICEL_I1_O)
                                                      0.037     0.146 r  Inst_Sliding_Window/r_cnt[1]_i_1__0/O
                         net (fo=1, routed)           0.007     0.153    Inst_Sliding_Window/r_cnt[1]_i_1__0_n_0
    SLICE_X22Y148        FDRE                                         r  Inst_Sliding_Window/r_cnt_reg[1]/D
  -------------------------------------------------------------------    -------------------

Slack:                    inf
  Source:                 Inst_Sliding_Window/r_cnt_reg[0]/C
                            (rising edge-triggered cell FDRE)
  Destination:            Inst_Sliding_Window/r_cnt_reg[3]/D
  Path Group:             (none)
  Path Type:              Min at Fast Process Corner
  Data Path Delay:        0.153ns  (logic 0.121ns (79.090%)  route 0.032ns (20.910%))
  Logic Levels:           2  (FDRE=1 LUT4=1)

    Location             Delay type                Incr(ns)  Path(ns)    Netlist Resource(s)
  -------------------------------------------------------------------    -------------------
    SLICE_X22Y148        FDRE                         0.000     0.000 r  Inst_Sliding_Window/r_cnt_reg[0]/C
    SLICE_X22Y148        FDRE (Prop_DFF_SLICEL_C_Q)
                                                      0.084     0.084 r  Inst_Sliding_Window/r_cnt_reg[0]/Q
                         net (fo=4, routed)           0.025     0.109    Inst_Sliding_Window/r_cnt_reg_n_0_[0]
    SLICE_X22Y148        LUT4 (Prop_C5LUT_SLICEL_I2_O)
                                                      0.037     0.146 r  Inst_Sliding_Window/r_cnt[3]_i_2/O
                         net (fo=1, routed)           0.007     0.153    Inst_Sliding_Window/r_cnt[3]_i_2_n_0
    SLICE_X22Y148        FDRE                                         r  Inst_Sliding_Window/r_cnt_reg[3]/D
  -------------------------------------------------------------------    -------------------

Slack:                    inf
  Source:                 Inst_MAC_Pipeline/inst_adder_tree/gen_tree.inst_right/gen_tree.inst_left/gen_tree.sum_out_reg[2]/C
                            (rising edge-triggered cell FDRE)
  Destination:            Inst_MAC_Pipeline/inst_adder_tree/gen_tree.inst_right/gen_tree.sum_out_reg[2]/D
  Path Group:             (none)
  Path Type:              Min at Fast Process Corner
  Data Path Delay:        0.153ns  (logic 0.085ns (55.556%)  route 0.068ns (44.444%))
  Logic Levels:           1  (FDRE=1)

    Location             Delay type                Incr(ns)  Path(ns)    Netlist Resource(s)
  -------------------------------------------------------------------    -------------------
    SLICE_X19Y139        FDRE                         0.000     0.000 r  Inst_MAC_Pipeline/inst_adder_tree/gen_tree.inst_right/gen_tree.inst_left/gen_tree.sum_out_reg[2]/C
    SLICE_X19Y139        FDRE (Prop_EFF2_SLICEL_C_Q)
                                                      0.085     0.085 r  Inst_MAC_Pipeline/inst_adder_tree/gen_tree.inst_right/gen_tree.inst_left/gen_tree.sum_out_reg[2]/Q
                         net (fo=1, routed)           0.068     0.153    Inst_MAC_Pipeline/inst_adder_tree/gen_tree.inst_right/gen_tree.inst_left_n_19
    SLICE_X20Y139        FDRE                                         r  Inst_MAC_Pipeline/inst_adder_tree/gen_tree.inst_right/gen_tree.sum_out_reg[2]/D
  -------------------------------------------------------------------    -------------------

Slack:                    inf
  Source:                 Inst_MAC_Pipeline/inst_adder_tree/gen_tree.inst_right/gen_tree.inst_left/gen_tree.sum_out_reg[13]/C
                            (rising edge-triggered cell FDRE)
  Destination:            Inst_MAC_Pipeline/inst_adder_tree/gen_tree.inst_right/gen_tree.sum_out_reg[13]/D
  Path Group:             (none)
  Path Type:              Min at Fast Process Corner
  Data Path Delay:        0.156ns  (logic 0.084ns (53.846%)  route 0.072ns (46.154%))
  Logic Levels:           1  (FDRE=1)

    Location             Delay type                Incr(ns)  Path(ns)    Netlist Resource(s)
  -------------------------------------------------------------------    -------------------
    SLICE_X19Y137        FDRE                         0.000     0.000 r  Inst_MAC_Pipeline/inst_adder_tree/gen_tree.inst_right/gen_tree.inst_left/gen_tree.sum_out_reg[13]/C
    SLICE_X19Y137        FDRE (Prop_EFF_SLICEL_C_Q)
                                                      0.084     0.084 r  Inst_MAC_Pipeline/inst_adder_tree/gen_tree.inst_right/gen_tree.inst_left/gen_tree.sum_out_reg[13]/Q
                         net (fo=1, routed)           0.072     0.156    Inst_MAC_Pipeline/inst_adder_tree/gen_tree.inst_right/gen_tree.inst_left_n_8
    SLICE_X19Y137        FDRE                                         r  Inst_MAC_Pipeline/inst_adder_tree/gen_tree.inst_right/gen_tree.sum_out_reg[13]/D
  -------------------------------------------------------------------    -------------------

Slack:                    inf
  Source:                 Inst_MAC_Pipeline/inst_adder_tree/gen_tree.inst_right/gen_tree.inst_left/gen_tree.sum_out_reg[8]/C
                            (rising edge-triggered cell FDRE)
  Destination:            Inst_MAC_Pipeline/inst_adder_tree/gen_tree.inst_right/gen_tree.sum_out_reg[8]/D
  Path Group:             (none)
  Path Type:              Min at Fast Process Corner
  Data Path Delay:        0.163ns  (logic 0.083ns (50.920%)  route 0.080ns (49.080%))
  Logic Levels:           1  (FDRE=1)

    Location             Delay type                Incr(ns)  Path(ns)    Netlist Resource(s)
  -------------------------------------------------------------------    -------------------
    SLICE_X19Y138        FDRE                         0.000     0.000 r  Inst_MAC_Pipeline/inst_adder_tree/gen_tree.inst_right/gen_tree.inst_left/gen_tree.sum_out_reg[8]/C
    SLICE_X19Y138        FDRE (Prop_FFF_SLICEL_C_Q)
                                                      0.083     0.083 r  Inst_MAC_Pipeline/inst_adder_tree/gen_tree.inst_right/gen_tree.inst_left/gen_tree.sum_out_reg[8]/Q
                         net (fo=1, routed)           0.080     0.163    Inst_MAC_Pipeline/inst_adder_tree/gen_tree.inst_right/gen_tree.inst_left_n_13
    SLICE_X19Y138        FDRE                                         r  Inst_MAC_Pipeline/inst_adder_tree/gen_tree.inst_right/gen_tree.sum_out_reg[8]/D
  -------------------------------------------------------------------    -------------------





