Copyright 1986-2022 Xilinx, Inc. All Rights Reserved. Copyright 2022-2025 Advanced Micro Devices, Inc. All Rights Reserved.
---------------------------------------------------------------------------------------------------------------------------------------------
| Tool Version : Vivado v.2025.2 (win64) Build 6299465 Fri Nov 14 19:35:11 GMT 2025
| Date         : Sun Mar  1 20:59:10 2026
| Host         : N166A running 64-bit major release  (build 9200)
| Command      : report_control_sets -verbose -file generic_2D_convolution_control_sets_placed.rpt
| Design       : generic_2D_convolution
| Device       : xck26
---------------------------------------------------------------------------------------------------------------------------------------------

Control Set Information

Table of Contents
-----------------
1. Summary
2. Histogram
3. Flip-Flop Distribution
4. Detailed Control Set Information

1. Summary
----------

+----------------------------------------------------------+-------+
|                          Status                          | Count |
+----------------------------------------------------------+-------+
| Total control sets                                       |    15 |
|    Minimum number of control sets                        |    15 |
|    Addition due to synthesis replication                 |     0 |
|    Addition due to physical synthesis replication        |     0 |
| Unused register locations in slices containing registers |     6 |
+----------------------------------------------------------+-------+
* Control sets can be merged at opt_design using control_set_merge or merge_equivalent_drivers
** Run report_qor_suggestions for automated merging and remapping suggestions


2. Histogram
------------

+--------------------+-------+
|       Fanout       | Count |
+--------------------+-------+
| Total control sets |    15 |
| >= 0 to < 4        |     1 |
| >= 4 to < 6        |     0 |
| >= 6 to < 8        |     0 |
| >= 8 to < 10       |     1 |
| >= 10 to < 12      |     0 |
| >= 12 to < 14      |     0 |
| >= 14 to < 16      |     0 |
| >= 16              |    13 |
+--------------------+-------+
* Control sets can be remapped at either synth_design or opt_design


3. Flip-Flop Distribution
-------------------------

+--------------+-----------------------+------------------------+-----------------+--------------+
| Clock Enable | Synchronous Set/Reset | Asynchronous Set/Reset | Total Registers | Total Slices |
+--------------+-----------------------+------------------------+-----------------+--------------+
| No           | No                    | No                     |               1 |            1 |
| No           | No                    | Yes                    |               0 |            0 |
| No           | Yes                   | No                     |               0 |            0 |
| Yes          | No                    | No                     |               0 |            0 |
| Yes          | No                    | Yes                    |               0 |            0 |
| Yes          | Yes                   | No                     |             281 |           55 |
+--------------+-----------------------+------------------------+-----------------+--------------+


4. Detailed Control Set Information
-----------------------------------

+----------------+-------------------------------+--------------------------+------------------+----------------+--------------+
|  Clock Signal  |         Enable Signal         |     Set/Reset Signal     | Slice Load Count | Bel Load Count | Bels / Slice |
+----------------+-------------------------------+--------------------------+------------------+----------------+--------------+
|  clk_IBUF_BUFG |                               |                          |                1 |              1 |         1.00 |
|  clk_IBUF_BUFG | p_6_in                        | out_pixel_reg[7]_i_1_n_0 |                2 |              8 |         4.00 |
|  clk_IBUF_BUFG | line_buffers[0][3][0]         | rst_IBUF_inst/O          |                6 |             16 |         2.67 |
|  clk_IBUF_BUFG | line_buffers[0][5][0]         | rst_IBUF_inst/O          |                5 |             16 |         3.20 |
|  clk_IBUF_BUFG | line_buffers[0][7][0]         | rst_IBUF_inst/O          |                5 |             16 |         3.20 |
|  clk_IBUF_BUFG | line_buffers[0][6][0]         | rst_IBUF_inst/O          |                5 |             16 |         3.20 |
|  clk_IBUF_BUFG | line_buffers[0][10][0]        | rst_IBUF_inst/O          |                9 |             16 |         1.78 |
|  clk_IBUF_BUFG | line_buffers[0][4][0]         | rst_IBUF_inst/O          |                5 |             16 |         3.20 |
|  clk_IBUF_BUFG | line_buffers[0][2][0]         | rst_IBUF_inst/O          |                6 |             16 |         2.67 |
|  clk_IBUF_BUFG | line_buffers[0][9][0]         | rst_IBUF_inst/O          |               10 |             16 |         1.60 |
|  clk_IBUF_BUFG | line_buffers[0][1][0]         | rst_IBUF_inst/O          |                6 |             16 |         2.67 |
|  clk_IBUF_BUFG | line_buffers[0][8][0]         | rst_IBUF_inst/O          |               10 |             16 |         1.60 |
|  clk_IBUF_BUFG | line_buffers[0][0][7]_i_1_n_0 | rst_IBUF_inst/O          |                6 |             16 |         2.67 |
|  clk_IBUF_BUFG | r_cnt[0]                      | rst_IBUF_inst/O          |               10 |             20 |         2.00 |
|  clk_IBUF_BUFG | p_6_in                        | rst_IBUF_inst/O          |               34 |             77 |         2.26 |
+----------------+-------------------------------+--------------------------+------------------+----------------+--------------+


