Copyright 1986-2022 Xilinx, Inc. All Rights Reserved. Copyright 2022-2025 Advanced Micro Devices, Inc. All Rights Reserved.
---------------------------------------------------------------------------------------------------------------------------------------------------------
| Tool Version : Vivado v.2025.2 (win64) Build 6299465 Fri Nov 14 19:35:11 GMT 2025
| Date         : Fri Mar 13 13:31:47 2026
| Host         : N166A running 64-bit major release  (build 9200)
| Command      : report_drc -file generic_2D_convolution_drc_opted.rpt -pb generic_2D_convolution_drc_opted.pb -rpx generic_2D_convolution_drc_opted.rpx
| Design       : generic_2D_convolution
| Device       : xck26-sfvc784-2LV-c
| Speed File   : -2LV
| Design State : Synthesized
---------------------------------------------------------------------------------------------------------------------------------------------------------

Report DRC

Table of Contents
-----------------
1. REPORT SUMMARY
2. REPORT DETAILS

1. REPORT SUMMARY
-----------------
            Netlist: netlist
          Floorplan: checkpoint_generic_2D_convolution
      Design limits: <entire design considered>
           Ruledeck: default
             Max checks: <unlimited>
             Checks found: 17
+--------+------------------+----------------------------+--------+
| Rule   | Severity         | Description                | Checks |
+--------+------------------+----------------------------+--------+
| NSTD-1 | Critical Warning | Unspecified I/O Standard   | 1      |
| UCIO-1 | Critical Warning | Unconstrained Logical Port | 1      |
| DPIP-2 | Warning          | Input pipelining           | 15     |
+--------+------------------+----------------------------+--------+

2. REPORT DETAILS
-----------------
NSTD-1#1 Critical Warning
Unspecified I/O Standard  
103 out of 103 logical ports use I/O standard (IOSTANDARD) value 'DEFAULT', instead of a user assigned specific value. This may cause I/O contention or incompatibility with the board power or connectivity affecting performance, signal integrity or in extreme cases cause damage to the device or the components to which it is connected. To correct this violation, specify all I/O standards. This design will fail to generate a bitstream unless all logical ports have a user specified I/O standard value defined. To allow bitstream creation with unspecified I/O standard values (not recommended), use this command: set_property SEVERITY {Warning} [get_drc_checks NSTD-1].  NOTE: When using the Vivado Runs infrastructure (e.g. launch_runs Tcl command), add this command to a .tcl file and add that file as a pre-hook for write_bitstream step for the implementation run. Problem ports: clk, kernel_in[80:0], pixel_in[7:0], pixel_in_ready, pixel_in_valid,
pixel_out[7:0], pixel_out_ready, pixel_out_valid, rst.
Related violations: <none>

UCIO-1#1 Critical Warning
Unconstrained Logical Port  
103 out of 103 logical ports have no user assigned specific location constraint (LOC). This may cause I/O contention or incompatibility with the board power or connectivity affecting performance, signal integrity or in extreme cases cause damage to the device or the components to which it is connected. To correct this violation, specify all pin locations. This design will fail to generate a bitstream unless all logical ports have a user specified site LOC constraint defined.  To allow bitstream creation with unspecified pin locations (not recommended), use this command: set_property SEVERITY {Warning} [get_drc_checks UCIO-1].  NOTE: When using the Vivado Runs infrastructure (e.g. launch_runs Tcl command), add this command to a .tcl file and add that file as a pre-hook for write_bitstream step for the implementation run.  Problem ports: clk, kernel_in[80:0], pixel_in[7:0], pixel_in_ready, pixel_in_valid,
pixel_out[7:0], pixel_out_ready, pixel_out_valid, rst.
Related violations: <none>

DPIP-2#1 Warning
Input pipelining  
DSP Inst_MAC_Pipeline/inst_adder_tree/gen_tree.inst_left/gen_tree.inst_left/gen_tree.inst_left/gen_base.sum_out_reg input Inst_MAC_Pipeline/inst_adder_tree/gen_tree.inst_left/gen_tree.inst_left/gen_tree.inst_left/gen_base.sum_out_reg/B[17:0] is not pipelined. Pipelining DSP48 input will improve performance.
Related violations: <none>

DPIP-2#2 Warning
Input pipelining  
DSP Inst_MAC_Pipeline/inst_adder_tree/gen_tree.inst_left/gen_tree.inst_left/gen_tree.inst_right/gen_base.sum_out_reg input Inst_MAC_Pipeline/inst_adder_tree/gen_tree.inst_left/gen_tree.inst_left/gen_tree.inst_right/gen_base.sum_out_reg/B[17:0] is not pipelined. Pipelining DSP48 input will improve performance.
Related violations: <none>

DPIP-2#3 Warning
Input pipelining  
DSP Inst_MAC_Pipeline/inst_adder_tree/gen_tree.inst_left/gen_tree.inst_left/gen_tree.sum_out_reg input Inst_MAC_Pipeline/inst_adder_tree/gen_tree.inst_left/gen_tree.inst_left/gen_tree.sum_out_reg/A[29:0] is not pipelined. Pipelining DSP48 input will improve performance.
Related violations: <none>

DPIP-2#4 Warning
Input pipelining  
DSP Inst_MAC_Pipeline/inst_adder_tree/gen_tree.inst_left/gen_tree.inst_left/gen_tree.sum_out_reg input Inst_MAC_Pipeline/inst_adder_tree/gen_tree.inst_left/gen_tree.inst_left/gen_tree.sum_out_reg/B[17:0] is not pipelined. Pipelining DSP48 input will improve performance.
Related violations: <none>

DPIP-2#5 Warning
Input pipelining  
DSP Inst_MAC_Pipeline/inst_adder_tree/gen_tree.inst_left/gen_tree.inst_right/gen_tree.inst_left/gen_base.sum_out_reg input Inst_MAC_Pipeline/inst_adder_tree/gen_tree.inst_left/gen_tree.inst_right/gen_tree.inst_left/gen_base.sum_out_reg/B[17:0] is not pipelined. Pipelining DSP48 input will improve performance.
Related violations: <none>

DPIP-2#6 Warning
Input pipelining  
DSP Inst_MAC_Pipeline/inst_adder_tree/gen_tree.inst_left/gen_tree.inst_right/gen_tree.inst_right/gen_base.sum_out_reg input Inst_MAC_Pipeline/inst_adder_tree/gen_tree.inst_left/gen_tree.inst_right/gen_tree.inst_right/gen_base.sum_out_reg/B[17:0] is not pipelined. Pipelining DSP48 input will improve performance.
Related violations: <none>

DPIP-2#7 Warning
Input pipelining  
DSP Inst_MAC_Pipeline/inst_adder_tree/gen_tree.inst_left/gen_tree.inst_right/gen_tree.sum_out_reg input Inst_MAC_Pipeline/inst_adder_tree/gen_tree.inst_left/gen_tree.inst_right/gen_tree.sum_out_reg/A[29:0] is not pipelined. Pipelining DSP48 input will improve performance.
Related violations: <none>

DPIP-2#8 Warning
Input pipelining  
DSP Inst_MAC_Pipeline/inst_adder_tree/gen_tree.inst_left/gen_tree.inst_right/gen_tree.sum_out_reg input Inst_MAC_Pipeline/inst_adder_tree/gen_tree.inst_left/gen_tree.inst_right/gen_tree.sum_out_reg/B[17:0] is not pipelined. Pipelining DSP48 input will improve performance.
Related violations: <none>

DPIP-2#9 Warning
Input pipelining  
DSP Inst_MAC_Pipeline/inst_adder_tree/gen_tree.inst_left/gen_tree.sum_out_reg input Inst_MAC_Pipeline/inst_adder_tree/gen_tree.inst_left/gen_tree.sum_out_reg/A[29:0] is not pipelined. Pipelining DSP48 input will improve performance.
Related violations: <none>

DPIP-2#10 Warning
Input pipelining  
DSP Inst_MAC_Pipeline/inst_adder_tree/gen_tree.inst_left/gen_tree.sum_out_reg input Inst_MAC_Pipeline/inst_adder_tree/gen_tree.inst_left/gen_tree.sum_out_reg/B[17:0] is not pipelined. Pipelining DSP48 input will improve performance.
Related violations: <none>

DPIP-2#11 Warning
Input pipelining  
DSP Inst_MAC_Pipeline/inst_adder_tree/gen_tree.inst_right/gen_tree.inst_left/gen_tree.inst_left/gen_base.sum_out_reg input Inst_MAC_Pipeline/inst_adder_tree/gen_tree.inst_right/gen_tree.inst_left/gen_tree.inst_left/gen_base.sum_out_reg/B[17:0] is not pipelined. Pipelining DSP48 input will improve performance.
Related violations: <none>

DPIP-2#12 Warning
Input pipelining  
DSP Inst_MAC_Pipeline/mult_regs_reg[0] input Inst_MAC_Pipeline/mult_regs_reg[0]/B[17:0] is not pipelined. Pipelining DSP48 input will improve performance.
Related violations: <none>

DPIP-2#13 Warning
Input pipelining  
DSP Inst_MAC_Pipeline/mult_regs_reg[2] input Inst_MAC_Pipeline/mult_regs_reg[2]/B[17:0] is not pipelined. Pipelining DSP48 input will improve performance.
Related violations: <none>

DPIP-2#14 Warning
Input pipelining  
DSP Inst_MAC_Pipeline/mult_regs_reg[4] input Inst_MAC_Pipeline/mult_regs_reg[4]/B[17:0] is not pipelined. Pipelining DSP48 input will improve performance.
Related violations: <none>

DPIP-2#15 Warning
Input pipelining  
DSP Inst_MAC_Pipeline/mult_regs_reg[6] input Inst_MAC_Pipeline/mult_regs_reg[6]/B[17:0] is not pipelined. Pipelining DSP48 input will improve performance.
Related violations: <none>


