Copyright 1986-2022 Xilinx, Inc. All Rights Reserved. Copyright 2022-2025 Advanced Micro Devices, Inc. All Rights Reserved.
---------------------------------------------------------------------------------------------------------------------------------------------
| Tool Version : Vivado v.2025.2 (win64) Build 6299465 Fri Nov 14 19:35:11 GMT 2025
| Date         : Fri Mar 13 13:35:41 2026
| Host         : N166A running 64-bit major release  (build 9200)
| Command      : report_control_sets -verbose -file generic_2D_convolution_control_sets_placed.rpt
| Design       : generic_2D_convolution
| Device       : xck26
---------------------------------------------------------------------------------------------------------------------------------------------

Control Set Information

Table of Contents
-----------------
1. Summary
2. Histogram
3. Flip-Flop Distribution
4. Detailed Control Set Information

1. Summary
----------

+----------------------------------------------------------+-------+
|                          Status                          | Count |
+----------------------------------------------------------+-------+
| Total control sets                                       |    28 |
|    Minimum number of control sets                        |    28 |
|    Addition due to synthesis replication                 |     0 |
|    Addition due to physical synthesis replication        |     0 |
| Unused register locations in slices containing registers |     2 |
+----------------------------------------------------------+-------+
* Control sets can be merged at opt_design using control_set_merge or merge_equivalent_drivers
** Run report_qor_suggestions for automated merging and remapping suggestions


2. Histogram
------------

+--------------------+-------+
|       Fanout       | Count |
+--------------------+-------+
| Total control sets |    28 |
| >= 0 to < 4        |     0 |
| >= 4 to < 6        |     2 |
| >= 6 to < 8        |     0 |
| >= 8 to < 10       |    25 |
| >= 10 to < 12      |     0 |
| >= 12 to < 14      |     0 |
| >= 14 to < 16      |     0 |
| >= 16              |     1 |
+--------------------+-------+
* Control sets can be remapped at either synth_design or opt_design


3. Flip-Flop Distribution
-------------------------

+--------------+-----------------------+------------------------+-----------------+--------------+
| Clock Enable | Synchronous Set/Reset | Asynchronous Set/Reset | Total Registers | Total Slices |
+--------------+-----------------------+------------------------+-----------------+--------------+
| No           | No                    | No                     |               0 |            0 |
| No           | No                    | Yes                    |               0 |            0 |
| No           | Yes                   | No                     |               0 |            0 |
| Yes          | No                    | No                     |              96 |           13 |
| Yes          | No                    | Yes                    |               0 |            0 |
| Yes          | Yes                   | No                     |             214 |           39 |
+--------------+-----------------------+------------------------+-----------------+--------------+


4. Detailed Control Set Information
-----------------------------------

+----------------+---------------------------------------------------------------------------------------------------------------+---------------------------------------------------+------------------+----------------+--------------+
|  Clock Signal  |                                                 Enable Signal                                                 |                  Set/Reset Signal                 | Slice Load Count | Bel Load Count | Bels / Slice |
+----------------+---------------------------------------------------------------------------------------------------------------+---------------------------------------------------+------------------+----------------+--------------+
|  clk_IBUF_BUFG | Inst_Sliding_Window/r_cnt[0]                                                                                  | rst_IBUF_inst/O                                   |                1 |              4 |         4.00 |
|  clk_IBUF_BUFG | Inst_MAC_Pipeline/E[0]                                                                                        | rst_IBUF_inst/O                                   |                1 |              4 |         4.00 |
|  clk_IBUF_BUFG | Inst_Sliding_Window/line_buffers[0,5][7]_i_2_n_0                                                              |                                                   |                5 |              8 |         1.60 |
|  clk_IBUF_BUFG | Inst_Sliding_Window/line_buffers[0,5][7]_i_2_n_0                                                              | Inst_Sliding_Window/line_buffers[0,5][7]_i_1_n_0  |                2 |              8 |         4.00 |
|  clk_IBUF_BUFG | Inst_Sliding_Window/line_buffers[0,3][7]_i_2_n_0                                                              |                                                   |                4 |              8 |         2.00 |
|  clk_IBUF_BUFG | Inst_Sliding_Window/line_buffers[0,3][7]_i_2_n_0                                                              | Inst_Sliding_Window/line_buffers[0,3][7]_i_1_n_0  |                3 |              8 |         2.67 |
|  clk_IBUF_BUFG | Inst_Sliding_Window/line_buffers[0,9][7]_i_2_n_0                                                              |                                                   |                4 |              8 |         2.00 |
|  clk_IBUF_BUFG | Inst_Sliding_Window/line_buffers[0,9][7]_i_2_n_0                                                              | Inst_Sliding_Window/line_buffers[0,9][7]_i_1_n_0  |                3 |              8 |         2.67 |
|  clk_IBUF_BUFG | Inst_Sliding_Window/line_buffers[0,11][7]_i_2_n_0                                                             |                                                   |                4 |              8 |         2.00 |
|  clk_IBUF_BUFG | Inst_Sliding_Window/line_buffers[0,11][7]_i_2_n_0                                                             | Inst_Sliding_Window/line_buffers[0,11][7]_i_1_n_0 |                2 |              8 |         4.00 |
|  clk_IBUF_BUFG | Inst_Sliding_Window/line_buffers[0,4][7]_i_2_n_0                                                              |                                                   |                5 |              8 |         1.60 |
|  clk_IBUF_BUFG | Inst_Sliding_Window/line_buffers[0,4][7]_i_2_n_0                                                              | Inst_Sliding_Window/line_buffers[0,4][7]_i_1_n_0  |                1 |              8 |         8.00 |
|  clk_IBUF_BUFG | Inst_Sliding_Window/line_buffers[0,2][7]_i_2_n_0                                                              |                                                   |                4 |              8 |         2.00 |
|  clk_IBUF_BUFG | Inst_Sliding_Window/line_buffers[0,2][7]_i_2_n_0                                                              | Inst_Sliding_Window/line_buffers[0,2][7]_i_1_n_0  |                4 |              8 |         2.00 |
|  clk_IBUF_BUFG | Inst_Sliding_Window/line_buffers[0,0][7]_i_2_n_0                                                              |                                                   |                4 |              8 |         2.00 |
|  clk_IBUF_BUFG | Inst_Sliding_Window/line_buffers[0,0][7]_i_2_n_0                                                              | Inst_Sliding_Window/line_buffers[0,0][7]_i_1_n_0  |                6 |              8 |         1.33 |
|  clk_IBUF_BUFG | Inst_Sliding_Window/line_buffers[0,1][7]_i_2_n_0                                                              |                                                   |                4 |              8 |         2.00 |
|  clk_IBUF_BUFG | Inst_Sliding_Window/line_buffers[0,1][7]_i_2_n_0                                                              | Inst_Sliding_Window/line_buffers[0,1][7]_i_1_n_0  |                3 |              8 |         2.67 |
|  clk_IBUF_BUFG | Inst_Sliding_Window/line_buffers[0,6][7]_i_2_n_0                                                              |                                                   |                5 |              8 |         1.60 |
|  clk_IBUF_BUFG | Inst_Sliding_Window/line_buffers[0,6][7]_i_2_n_0                                                              | Inst_MAC_Pipeline/rst                             |                2 |              8 |         4.00 |
|  clk_IBUF_BUFG | Inst_Sliding_Window/line_buffers[0,10][7]_i_2_n_0                                                             |                                                   |                4 |              8 |         2.00 |
|  clk_IBUF_BUFG | Inst_Sliding_Window/line_buffers[0,10][7]_i_2_n_0                                                             | Inst_MAC_Pipeline/rst_0                           |                1 |              8 |         8.00 |
|  clk_IBUF_BUFG | Inst_Sliding_Window/line_buffers[0,8][7]_i_2_n_0                                                              |                                                   |                4 |              8 |         2.00 |
|  clk_IBUF_BUFG | Inst_Sliding_Window/line_buffers[0,8][7]_i_2_n_0                                                              | Inst_Sliding_Window/line_buffers[0,8][7]_i_1_n_0  |                3 |              8 |         2.67 |
|  clk_IBUF_BUFG | Inst_Sliding_Window/line_buffers[0,7][7]_i_2_n_0                                                              |                                                   |                5 |              8 |         1.60 |
|  clk_IBUF_BUFG | Inst_Sliding_Window/line_buffers[0,7][7]_i_2_n_0                                                              | Inst_Sliding_Window/line_buffers[0,7][7]_i_1_n_0  |                2 |              8 |         4.00 |
|  clk_IBUF_BUFG | Inst_MAC_Pipeline/inst_adder_tree/gen_tree.inst_right/gen_tree.inst_left/gen_tree.inst_left/out_valid_reg_reg | Inst_MAC_Pipeline/inst_adder_tree/SR[0]           |                1 |              8 |         8.00 |
|  clk_IBUF_BUFG | Inst_MAC_Pipeline/inst_adder_tree/gen_tree.inst_right/gen_tree.inst_left/gen_tree.inst_left/out_valid_reg_reg | rst_IBUF_inst/O                                   |               19 |            102 |         5.37 |
+----------------+---------------------------------------------------------------------------------------------------------------+---------------------------------------------------+------------------+----------------+--------------+


