Copyright 1986-2022 Xilinx, Inc. All Rights Reserved. Copyright 2022-2025 Advanced Micro Devices, Inc. All Rights Reserved.
-----------------------------------------------------------------------------------------------------------------------------------------------------------------------------------------------------------------------------------------------------------------------------------
| Tool Version      : Vivado v.2025.2 (win64) Build 6299465 Fri Nov 14 19:35:11 GMT 2025
| Date              : Sun Mar  1 21:00:04 2026
| Host              : N166A running 64-bit major release  (build 9200)
| Command           : report_timing_summary -max_paths 10 -routable_nets -report_unconstrained -file generic_2D_convolution_timing_summary_routed.rpt -pb generic_2D_convolution_timing_summary_routed.pb -rpx generic_2D_convolution_timing_summary_routed.rpx -warn_on_violation
| Design            : generic_2D_convolution
| Device            : xck26-sfvc784
| Speed File        : -2LV  PRODUCTION 1.30 05-15-2022
| Design State      : Routed
| Temperature Grade : C
-----------------------------------------------------------------------------------------------------------------------------------------------------------------------------------------------------------------------------------------------------------------------------------

Timing Summary Report

------------------------------------------------------------------------------------------------
| Timer Settings
| --------------
------------------------------------------------------------------------------------------------

  Enable Multi Corner Analysis               :  Yes
  Enable Pessimism Removal                   :  Yes
  Pessimism Removal Resolution               :  Nearest Common Node
  Enable Input Delay Default Clock           :  No
  Enable Preset / Clear Arcs                 :  No
  Disable Flight Delays                      :  No
  Ignore I/O Paths                           :  No
  Timing Early Launch at Borrowing Latches   :  No
  Borrow Time for Max Delay Exceptions       :  Yes
  Merge Timing Exceptions                    :  Yes
  Inter-SLR Compensation                     :  Conservative

  Corner  Analyze    Analyze    
  Name    Max Paths  Min Paths  
  ------  ---------  ---------  
  Slow    Yes        Yes        
  Fast    Yes        Yes        


------------------------------------------------------------------------------------------------
| Report Methodology
| ------------------
------------------------------------------------------------------------------------------------

Rule       Severity          Description                  Violations  
---------  ----------------  ---------------------------  ----------  
TIMING-17  Critical Warning  Non-clocked sequential cell  282         

Note: This report is based on the most recent report_methodology run and may not be up-to-date. Run report_methodology on the current design for the latest report.



check_timing report

Table of Contents
-----------------
1. checking no_clock (282)
2. checking constant_clock (0)
3. checking pulse_width_clock (0)
4. checking unconstrained_internal_endpoints (844)
5. checking no_input_delay (83)
6. checking no_output_delay (10)
7. checking multiple_clock (0)
8. checking generated_clocks (0)
9. checking loops (0)
10. checking partial_input_delay (0)
11. checking partial_output_delay (0)
12. checking latch_loops (0)

1. checking no_clock (282)
--------------------------
 There are 282 register/latch pins with no clock driven by root clock pin: clk (HIGH)


2. checking constant_clock (0)
------------------------------
 There are 0 register/latch pins with constant_clock.


3. checking pulse_width_clock (0)
---------------------------------
 There are 0 register/latch pins which need pulse_width check


4. checking unconstrained_internal_endpoints (844)
--------------------------------------------------
 There are 844 pins that are not constrained for maximum delay. (HIGH)

 There are 0 pins that are not constrained for maximum delay due to constant clock.


5. checking no_input_delay (83)
-------------------------------
 There are 83 input ports with no input delay specified. (HIGH)

 There are 0 input ports with no input delay but user has a false path constraint.


6. checking no_output_delay (10)
--------------------------------
 There are 10 ports with no output delay specified. (HIGH)

 There are 0 ports with no output delay but user has a false path constraint

 There are 0 ports with no output delay but with a timing clock defined on it or propagating through it


7. checking multiple_clock (0)
------------------------------
 There are 0 register/latch pins with multiple clocks.


8. checking generated_clocks (0)
--------------------------------
 There are 0 generated clocks that are not connected to a clock source.


9. checking loops (0)
---------------------
 There are 0 combinational loops in the design.


10. checking partial_input_delay (0)
------------------------------------
 There are 0 input ports with partial input delay specified.


11. checking partial_output_delay (0)
-------------------------------------
 There are 0 ports with partial output delay specified.


12. checking latch_loops (0)
----------------------------
 There are 0 combinational latch loops in the design through latch input



------------------------------------------------------------------------------------------------
| Design Timing Summary
| ---------------------
------------------------------------------------------------------------------------------------

    WNS(ns)      TNS(ns)  TNS Failing Endpoints  TNS Total Endpoints      WHS(ns)      THS(ns)  THS Failing Endpoints  THS Total Endpoints     WPWS(ns)     TPWS(ns)  TPWS Failing Endpoints  TPWS Total Endpoints  
    -------      -------  ---------------------  -------------------      -------      -------  ---------------------  -------------------     --------     --------  ----------------------  --------------------  
        inf        0.000                      0                  573          inf        0.000                      0                  573           NA           NA                      NA                    NA  


There are no user specified timing constraints.


------------------------------------------------------------------------------------------------
| Clock Summary
| -------------
------------------------------------------------------------------------------------------------


------------------------------------------------------------------------------------------------
| Intra Clock Table
| -----------------
------------------------------------------------------------------------------------------------

Clock             WNS(ns)      TNS(ns)  TNS Failing Endpoints  TNS Total Endpoints      WHS(ns)      THS(ns)  THS Failing Endpoints  THS Total Endpoints     WPWS(ns)     TPWS(ns)  TPWS Failing Endpoints  TPWS Total Endpoints  
-----             -------      -------  ---------------------  -------------------      -------      -------  ---------------------  -------------------     --------     --------  ----------------------  --------------------  


------------------------------------------------------------------------------------------------
| Inter Clock Table
| -----------------
------------------------------------------------------------------------------------------------

From Clock    To Clock          WNS(ns)      TNS(ns)  TNS Failing Endpoints  TNS Total Endpoints      WHS(ns)      THS(ns)  THS Failing Endpoints  THS Total Endpoints  
----------    --------          -------      -------  ---------------------  -------------------      -------      -------  ---------------------  -------------------  


------------------------------------------------------------------------------------------------
| Other Path Groups Table
| -----------------------
------------------------------------------------------------------------------------------------

Path Group    From Clock    To Clock          WNS(ns)      TNS(ns)  TNS Failing Endpoints  TNS Total Endpoints      WHS(ns)      THS(ns)  THS Failing Endpoints  THS Total Endpoints  
----------    ----------    --------          -------      -------  ---------------------  -------------------      -------      -------  ---------------------  -------------------  


------------------------------------------------------------------------------------------------
| User Ignored Path Table
| -----------------------
------------------------------------------------------------------------------------------------

Path Group    From Clock    To Clock    
----------    ----------    --------    


------------------------------------------------------------------------------------------------
| Unconstrained Path Table
| ------------------------
------------------------------------------------------------------------------------------------

Path Group    From Clock    To Clock    
----------    ----------    --------    
(none)                                    


------------------------------------------------------------------------------------------------
| Timing Details
| --------------
------------------------------------------------------------------------------------------------


--------------------------------------------------------------------------------------
Path Group:  (none)
From Clock:  
  To Clock:  

Max Delay           573 Endpoints
Min Delay           573 Endpoints
--------------------------------------------------------------------------------------


Max Delay Paths
--------------------------------------------------------------------------------------
Slack:                    inf
  Source:                 kernel_in[9]
                            (input port)
  Destination:            out_pixel_reg_reg[6]/D
  Path Group:             (none)
  Path Type:              Max at Slow Process Corner
  Data Path Delay:        15.020ns  (logic 4.405ns (29.330%)  route 10.615ns (70.670%))
  Logic Levels:           24  (CARRY8=12 IBUFCTRL=1 INBUF=1 LUT1=1 LUT2=7 LUT4=1 LUT5=1)

    Location             Delay type                Incr(ns)  Path(ns)    Netlist Resource(s)
  -------------------------------------------------------------------    -------------------
    J4                                                0.000     0.000 r  kernel_in[9] (IN)
                         net (fo=0)                   0.000     0.000    kernel_in_IBUF[9]_inst/I
    J4                   INBUF (Prop_INBUF_HPIOB_S_PAD_O)
                                                      0.516     0.516 r  kernel_in_IBUF[9]_inst/INBUF_INST/O
                         net (fo=1, routed)           0.000     0.516    kernel_in_IBUF[9]_inst/OUT
    J4                   IBUFCTRL (Prop_IBUFCTRL_HPIOB_S_I_O)
                                                      0.000     0.516 r  kernel_in_IBUF[9]_inst/IBUFCTRL_INST/O
                         net (fo=17, routed)          2.764     3.280    kernel_in_IBUF[9]
    SLICE_X22Y122        LUT4 (Prop_F6LUT_SLICEL_I0_O)
                                                      0.224     3.504 r  out_pixel_reg[7]_i_767/O
                         net (fo=1, routed)           0.219     3.723    out_pixel_reg[7]_i_767_n_0
    SLICE_X21Y122        CARRY8 (Prop_CARRY8_SLICEM_DI[2]_O[5])
                                                      0.284     4.007 r  out_pixel_reg_reg[7]_i_633/O[5]
                         net (fo=2, routed)           1.163     5.170    out_pixel_reg_reg[7]_i_633_n_10
    SLICE_X21Y124        LUT2 (Prop_B5LUT_SLICEM_I1_O)
                                                      0.097     5.267 r  out_pixel_reg[7]_i_740/O
                         net (fo=2, routed)           0.749     6.017    out_pixel_reg[7]_i_740_n_0
    SLICE_X21Y124        LUT5 (Prop_C6LUT_SLICEM_I4_O)
                                                      0.220     6.237 r  out_pixel_reg[7]_i_748/O
                         net (fo=1, routed)           0.029     6.266    out_pixel_reg[7]_i_748_n_0
    SLICE_X21Y124        CARRY8 (Prop_CARRY8_SLICEM_S[2]_O[2])
                                                      0.084     6.350 r  out_pixel_reg_reg[7]_i_631/O[2]
                         net (fo=2, routed)           1.542     7.892    out_pixel_reg_reg[7]_i_631_n_13
    SLICE_X22Y123        CARRY8 (Prop_CARRY8_SLICEL_DI[6]_O[7])
                                                      0.127     8.019 r  out_pixel_reg_reg[7]_i_510/O[7]
                         net (fo=1, routed)           1.227     9.246    out_pixel_reg_reg[7]_i_510_n_8
    SLICE_X22Y120        LUT2 (Prop_H6LUT_SLICEL_I1_O)
                                                      0.227     9.473 r  out_pixel_reg[7]_i_512/O
                         net (fo=1, routed)           0.015     9.488    out_pixel_reg[7]_i_512_n_0
    SLICE_X22Y120        CARRY8 (Prop_CARRY8_SLICEL_S[7]_O[7])
                                                      0.079     9.567 r  out_pixel_reg_reg[7]_i_387/O[7]
                         net (fo=1, routed)           0.347     9.914    out_pixel_reg_reg[7]_i_387_n_8
    SLICE_X22Y117        LUT2 (Prop_H6LUT_SLICEL_I1_O)
                                                      0.227    10.141 r  out_pixel_reg[7]_i_389/O
                         net (fo=1, routed)           0.015    10.156    out_pixel_reg[7]_i_389_n_0
    SLICE_X22Y117        CARRY8 (Prop_CARRY8_SLICEL_S[7]_CO[7])
                                                      0.172    10.328 r  out_pixel_reg_reg[7]_i_263/CO[7]
                         net (fo=1, routed)           0.030    10.358    out_pixel_reg_reg[7]_i_263_n_0
    SLICE_X22Y118        CARRY8 (Prop_CARRY8_SLICEL_CI_O[1])
                                                      0.106    10.464 r  out_pixel_reg_reg[7]_i_333/O[1]
                         net (fo=1, routed)           0.248    10.712    out_pixel_reg_reg[7]_i_333_n_14
    SLICE_X22Y112        LUT2 (Prop_B6LUT_SLICEL_I1_O)
                                                      0.224    10.936 r  out_pixel_reg[7]_i_331/O
                         net (fo=1, routed)           0.013    10.949    out_pixel_reg[7]_i_331_n_0
    SLICE_X22Y112        CARRY8 (Prop_CARRY8_SLICEL_S[1]_O[5])
                                                      0.326    11.275 r  out_pixel_reg_reg[7]_i_208/O[5]
                         net (fo=1, routed)           0.228    11.503    out_pixel_reg_reg[7]_i_208_n_10
    SLICE_X22Y115        LUT2 (Prop_F6LUT_SLICEL_I1_O)
                                                      0.224    11.727 r  out_pixel_reg[7]_i_202/O
                         net (fo=1, routed)           0.015    11.742    out_pixel_reg[7]_i_202_n_0
    SLICE_X22Y115        CARRY8 (Prop_CARRY8_SLICEL_S[5]_CO[7])
                                                      0.232    11.974 r  out_pixel_reg_reg[7]_i_115/CO[7]
                         net (fo=1, routed)           0.030    12.004    out_pixel_reg_reg[7]_i_115_n_0
    SLICE_X22Y116        CARRY8 (Prop_CARRY8_SLICEL_CI_O[0])
                                                      0.078    12.082 r  out_pixel_reg_reg[7]_i_48/O[0]
                         net (fo=4, routed)           0.766    12.848    out_pixel_reg_reg[7]_i_48_n_15
    SLICE_X23Y116        LUT2 (Prop_A6LUT_SLICEL_I0_O)
                                                      0.152    13.000 r  out_pixel_reg[7]_i_54/O
                         net (fo=1, routed)           0.014    13.014    out_pixel_reg[7]_i_54_n_0
    SLICE_X23Y116        CARRY8 (Prop_CARRY8_SLICEL_S[0]_O[0])
                                                      0.077    13.091 r  out_pixel_reg_reg[7]_i_7/O[0]
                         net (fo=4, routed)           0.628    13.719    C[16]
    SLICE_X24Y116        CARRY8 (Prop_CARRY8_SLICEM_DI[1]_O[4])
                                                      0.271    13.990 f  out_pixel_reg_reg[7]_i_3/O[4]
                         net (fo=2, routed)           0.330    14.320    out_pixel_reg0__7
    SLICE_X26Y115        LUT1 (Prop_G6LUT_SLICEL_I0_O)
                                                      0.186    14.506 r  out_pixel_reg[7]_i_31/O
                         net (fo=1, routed)           0.012    14.518    out_pixel_reg[7]_i_31_n_0
    SLICE_X26Y115        CARRY8 (Prop_CARRY8_SLICEL_S[6]_CO[6])
                                                      0.084    14.602 r  out_pixel_reg_reg[7]_i_5/CO[6]
                         net (fo=8, routed)           0.163    14.765    out_pixel_reg_reg[7]_i_5_n_1
    SLICE_X26Y114        LUT2 (Prop_B6LUT_SLICEL_I1_O)
                                                      0.188    14.953 r  out_pixel_reg[6]_i_1/O
                         net (fo=1, routed)           0.067    15.020    out_pixel_reg[6]_i_1_n_0
    SLICE_X26Y114        FDRE                                         r  out_pixel_reg_reg[6]/D
  -------------------------------------------------------------------    -------------------

Slack:                    inf
  Source:                 kernel_in[9]
                            (input port)
  Destination:            out_pixel_reg_reg[0]/D
  Path Group:             (none)
  Path Type:              Max at Slow Process Corner
  Data Path Delay:        14.995ns  (logic 4.298ns (28.665%)  route 10.697ns (71.335%))
  Logic Levels:           24  (CARRY8=12 IBUFCTRL=1 INBUF=1 LUT1=1 LUT2=7 LUT4=1 LUT5=1)

    Location             Delay type                Incr(ns)  Path(ns)    Netlist Resource(s)
  -------------------------------------------------------------------    -------------------
    J4                                                0.000     0.000 r  kernel_in[9] (IN)
                         net (fo=0)                   0.000     0.000    kernel_in_IBUF[9]_inst/I
    J4                   INBUF (Prop_INBUF_HPIOB_S_PAD_O)
                                                      0.516     0.516 r  kernel_in_IBUF[9]_inst/INBUF_INST/O
                         net (fo=1, routed)           0.000     0.516    kernel_in_IBUF[9]_inst/OUT
    J4                   IBUFCTRL (Prop_IBUFCTRL_HPIOB_S_I_O)
                                                      0.000     0.516 r  kernel_in_IBUF[9]_inst/IBUFCTRL_INST/O
                         net (fo=17, routed)          2.764     3.280    kernel_in_IBUF[9]
    SLICE_X22Y122        LUT4 (Prop_F6LUT_SLICEL_I0_O)
                                                      0.224     3.504 r  out_pixel_reg[7]_i_767/O
                         net (fo=1, routed)           0.219     3.723    out_pixel_reg[7]_i_767_n_0
    SLICE_X21Y122        CARRY8 (Prop_CARRY8_SLICEM_DI[2]_O[5])
                                                      0.284     4.007 r  out_pixel_reg_reg[7]_i_633/O[5]
                         net (fo=2, routed)           1.163     5.170    out_pixel_reg_reg[7]_i_633_n_10
    SLICE_X21Y124        LUT2 (Prop_B5LUT_SLICEM_I1_O)
                                                      0.097     5.267 r  out_pixel_reg[7]_i_740/O
                         net (fo=2, routed)           0.749     6.017    out_pixel_reg[7]_i_740_n_0
    SLICE_X21Y124        LUT5 (Prop_C6LUT_SLICEM_I4_O)
                                                      0.220     6.237 r  out_pixel_reg[7]_i_748/O
                         net (fo=1, routed)           0.029     6.266    out_pixel_reg[7]_i_748_n_0
    SLICE_X21Y124        CARRY8 (Prop_CARRY8_SLICEM_S[2]_O[2])
                                                      0.084     6.350 r  out_pixel_reg_reg[7]_i_631/O[2]
                         net (fo=2, routed)           1.542     7.892    out_pixel_reg_reg[7]_i_631_n_13
    SLICE_X22Y123        CARRY8 (Prop_CARRY8_SLICEL_DI[6]_O[7])
                                                      0.127     8.019 r  out_pixel_reg_reg[7]_i_510/O[7]
                         net (fo=1, routed)           1.227     9.246    out_pixel_reg_reg[7]_i_510_n_8
    SLICE_X22Y120        LUT2 (Prop_H6LUT_SLICEL_I1_O)
                                                      0.227     9.473 r  out_pixel_reg[7]_i_512/O
                         net (fo=1, routed)           0.015     9.488    out_pixel_reg[7]_i_512_n_0
    SLICE_X22Y120        CARRY8 (Prop_CARRY8_SLICEL_S[7]_O[7])
                                                      0.079     9.567 r  out_pixel_reg_reg[7]_i_387/O[7]
                         net (fo=1, routed)           0.347     9.914    out_pixel_reg_reg[7]_i_387_n_8
    SLICE_X22Y117        LUT2 (Prop_H6LUT_SLICEL_I1_O)
                                                      0.227    10.141 r  out_pixel_reg[7]_i_389/O
                         net (fo=1, routed)           0.015    10.156    out_pixel_reg[7]_i_389_n_0
    SLICE_X22Y117        CARRY8 (Prop_CARRY8_SLICEL_S[7]_CO[7])
                                                      0.172    10.328 r  out_pixel_reg_reg[7]_i_263/CO[7]
                         net (fo=1, routed)           0.030    10.358    out_pixel_reg_reg[7]_i_263_n_0
    SLICE_X22Y118        CARRY8 (Prop_CARRY8_SLICEL_CI_O[1])
                                                      0.106    10.464 r  out_pixel_reg_reg[7]_i_333/O[1]
                         net (fo=1, routed)           0.248    10.712    out_pixel_reg_reg[7]_i_333_n_14
    SLICE_X22Y112        LUT2 (Prop_B6LUT_SLICEL_I1_O)
                                                      0.224    10.936 r  out_pixel_reg[7]_i_331/O
                         net (fo=1, routed)           0.013    10.949    out_pixel_reg[7]_i_331_n_0
    SLICE_X22Y112        CARRY8 (Prop_CARRY8_SLICEL_S[1]_O[5])
                                                      0.326    11.275 r  out_pixel_reg_reg[7]_i_208/O[5]
                         net (fo=1, routed)           0.228    11.503    out_pixel_reg_reg[7]_i_208_n_10
    SLICE_X22Y115        LUT2 (Prop_F6LUT_SLICEL_I1_O)
                                                      0.224    11.727 r  out_pixel_reg[7]_i_202/O
                         net (fo=1, routed)           0.015    11.742    out_pixel_reg[7]_i_202_n_0
    SLICE_X22Y115        CARRY8 (Prop_CARRY8_SLICEL_S[5]_CO[7])
                                                      0.232    11.974 r  out_pixel_reg_reg[7]_i_115/CO[7]
                         net (fo=1, routed)           0.030    12.004    out_pixel_reg_reg[7]_i_115_n_0
    SLICE_X22Y116        CARRY8 (Prop_CARRY8_SLICEL_CI_O[0])
                                                      0.078    12.082 r  out_pixel_reg_reg[7]_i_48/O[0]
                         net (fo=4, routed)           0.766    12.848    out_pixel_reg_reg[7]_i_48_n_15
    SLICE_X23Y116        LUT2 (Prop_A6LUT_SLICEL_I0_O)
                                                      0.152    13.000 r  out_pixel_reg[7]_i_54/O
                         net (fo=1, routed)           0.014    13.014    out_pixel_reg[7]_i_54_n_0
    SLICE_X23Y116        CARRY8 (Prop_CARRY8_SLICEL_S[0]_O[0])
                                                      0.077    13.091 r  out_pixel_reg_reg[7]_i_7/O[0]
                         net (fo=4, routed)           0.628    13.719    C[16]
    SLICE_X24Y116        CARRY8 (Prop_CARRY8_SLICEM_DI[1]_O[4])
                                                      0.271    13.990 f  out_pixel_reg_reg[7]_i_3/O[4]
                         net (fo=2, routed)           0.330    14.320    out_pixel_reg0__7
    SLICE_X26Y115        LUT1 (Prop_G6LUT_SLICEL_I0_O)
                                                      0.186    14.506 r  out_pixel_reg[7]_i_31/O
                         net (fo=1, routed)           0.012    14.518    out_pixel_reg[7]_i_31_n_0
    SLICE_X26Y115        CARRY8 (Prop_CARRY8_SLICEL_S[6]_CO[6])
                                                      0.084    14.602 r  out_pixel_reg_reg[7]_i_5/CO[6]
                         net (fo=8, routed)           0.245    14.847    out_pixel_reg_reg[7]_i_5_n_1
    SLICE_X27Y114        LUT2 (Prop_D6LUT_SLICEL_I1_O)
                                                      0.081    14.928 r  out_pixel_reg[0]_i_1/O
                         net (fo=1, routed)           0.067    14.995    out_pixel_reg[0]_i_1_n_0
    SLICE_X27Y114        FDRE                                         r  out_pixel_reg_reg[0]/D
  -------------------------------------------------------------------    -------------------

Slack:                    inf
  Source:                 kernel_in[9]
                            (input port)
  Destination:            out_pixel_reg_reg[7]/D
  Path Group:             (none)
  Path Type:              Max at Slow Process Corner
  Data Path Delay:        14.990ns  (logic 4.413ns (29.442%)  route 10.577ns (70.558%))
  Logic Levels:           24  (CARRY8=12 IBUFCTRL=1 INBUF=1 LUT1=1 LUT2=7 LUT4=1 LUT5=1)

    Location             Delay type                Incr(ns)  Path(ns)    Netlist Resource(s)
  -------------------------------------------------------------------    -------------------
    J4                                                0.000     0.000 r  kernel_in[9] (IN)
                         net (fo=0)                   0.000     0.000    kernel_in_IBUF[9]_inst/I
    J4                   INBUF (Prop_INBUF_HPIOB_S_PAD_O)
                                                      0.516     0.516 r  kernel_in_IBUF[9]_inst/INBUF_INST/O
                         net (fo=1, routed)           0.000     0.516    kernel_in_IBUF[9]_inst/OUT
    J4                   IBUFCTRL (Prop_IBUFCTRL_HPIOB_S_I_O)
                                                      0.000     0.516 r  kernel_in_IBUF[9]_inst/IBUFCTRL_INST/O
                         net (fo=17, routed)          2.764     3.280    kernel_in_IBUF[9]
    SLICE_X22Y122        LUT4 (Prop_F6LUT_SLICEL_I0_O)
                                                      0.224     3.504 r  out_pixel_reg[7]_i_767/O
                         net (fo=1, routed)           0.219     3.723    out_pixel_reg[7]_i_767_n_0
    SLICE_X21Y122        CARRY8 (Prop_CARRY8_SLICEM_DI[2]_O[5])
                                                      0.284     4.007 r  out_pixel_reg_reg[7]_i_633/O[5]
                         net (fo=2, routed)           1.163     5.170    out_pixel_reg_reg[7]_i_633_n_10
    SLICE_X21Y124        LUT2 (Prop_B5LUT_SLICEM_I1_O)
                                                      0.097     5.267 r  out_pixel_reg[7]_i_740/O
                         net (fo=2, routed)           0.749     6.017    out_pixel_reg[7]_i_740_n_0
    SLICE_X21Y124        LUT5 (Prop_C6LUT_SLICEM_I4_O)
                                                      0.220     6.237 r  out_pixel_reg[7]_i_748/O
                         net (fo=1, routed)           0.029     6.266    out_pixel_reg[7]_i_748_n_0
    SLICE_X21Y124        CARRY8 (Prop_CARRY8_SLICEM_S[2]_O[2])
                                                      0.084     6.350 r  out_pixel_reg_reg[7]_i_631/O[2]
                         net (fo=2, routed)           1.542     7.892    out_pixel_reg_reg[7]_i_631_n_13
    SLICE_X22Y123        CARRY8 (Prop_CARRY8_SLICEL_DI[6]_O[7])
                                                      0.127     8.019 r  out_pixel_reg_reg[7]_i_510/O[7]
                         net (fo=1, routed)           1.227     9.246    out_pixel_reg_reg[7]_i_510_n_8
    SLICE_X22Y120        LUT2 (Prop_H6LUT_SLICEL_I1_O)
                                                      0.227     9.473 r  out_pixel_reg[7]_i_512/O
                         net (fo=1, routed)           0.015     9.488    out_pixel_reg[7]_i_512_n_0
    SLICE_X22Y120        CARRY8 (Prop_CARRY8_SLICEL_S[7]_O[7])
                                                      0.079     9.567 r  out_pixel_reg_reg[7]_i_387/O[7]
                         net (fo=1, routed)           0.347     9.914    out_pixel_reg_reg[7]_i_387_n_8
    SLICE_X22Y117        LUT2 (Prop_H6LUT_SLICEL_I1_O)
                                                      0.227    10.141 r  out_pixel_reg[7]_i_389/O
                         net (fo=1, routed)           0.015    10.156    out_pixel_reg[7]_i_389_n_0
    SLICE_X22Y117        CARRY8 (Prop_CARRY8_SLICEL_S[7]_CO[7])
                                                      0.172    10.328 r  out_pixel_reg_reg[7]_i_263/CO[7]
                         net (fo=1, routed)           0.030    10.358    out_pixel_reg_reg[7]_i_263_n_0
    SLICE_X22Y118        CARRY8 (Prop_CARRY8_SLICEL_CI_O[1])
                                                      0.106    10.464 r  out_pixel_reg_reg[7]_i_333/O[1]
                         net (fo=1, routed)           0.248    10.712    out_pixel_reg_reg[7]_i_333_n_14
    SLICE_X22Y112        LUT2 (Prop_B6LUT_SLICEL_I1_O)
                                                      0.224    10.936 r  out_pixel_reg[7]_i_331/O
                         net (fo=1, routed)           0.013    10.949    out_pixel_reg[7]_i_331_n_0
    SLICE_X22Y112        CARRY8 (Prop_CARRY8_SLICEL_S[1]_O[5])
                                                      0.326    11.275 r  out_pixel_reg_reg[7]_i_208/O[5]
                         net (fo=1, routed)           0.228    11.503    out_pixel_reg_reg[7]_i_208_n_10
    SLICE_X22Y115        LUT2 (Prop_F6LUT_SLICEL_I1_O)
                                                      0.224    11.727 r  out_pixel_reg[7]_i_202/O
                         net (fo=1, routed)           0.015    11.742    out_pixel_reg[7]_i_202_n_0
    SLICE_X22Y115        CARRY8 (Prop_CARRY8_SLICEL_S[5]_CO[7])
                                                      0.232    11.974 r  out_pixel_reg_reg[7]_i_115/CO[7]
                         net (fo=1, routed)           0.030    12.004    out_pixel_reg_reg[7]_i_115_n_0
    SLICE_X22Y116        CARRY8 (Prop_CARRY8_SLICEL_CI_O[0])
                                                      0.078    12.082 r  out_pixel_reg_reg[7]_i_48/O[0]
                         net (fo=4, routed)           0.766    12.848    out_pixel_reg_reg[7]_i_48_n_15
    SLICE_X23Y116        LUT2 (Prop_A6LUT_SLICEL_I0_O)
                                                      0.152    13.000 r  out_pixel_reg[7]_i_54/O
                         net (fo=1, routed)           0.014    13.014    out_pixel_reg[7]_i_54_n_0
    SLICE_X23Y116        CARRY8 (Prop_CARRY8_SLICEL_S[0]_O[0])
                                                      0.077    13.091 r  out_pixel_reg_reg[7]_i_7/O[0]
                         net (fo=4, routed)           0.628    13.719    C[16]
    SLICE_X24Y116        CARRY8 (Prop_CARRY8_SLICEM_DI[1]_O[4])
                                                      0.271    13.990 f  out_pixel_reg_reg[7]_i_3/O[4]
                         net (fo=2, routed)           0.330    14.320    out_pixel_reg0__7
    SLICE_X26Y115        LUT1 (Prop_G6LUT_SLICEL_I0_O)
                                                      0.186    14.506 r  out_pixel_reg[7]_i_31/O
                         net (fo=1, routed)           0.012    14.518    out_pixel_reg[7]_i_31_n_0
    SLICE_X26Y115        CARRY8 (Prop_CARRY8_SLICEL_S[6]_CO[6])
                                                      0.084    14.602 r  out_pixel_reg_reg[7]_i_5/CO[6]
                         net (fo=8, routed)           0.163    14.765    out_pixel_reg_reg[7]_i_5_n_1
    SLICE_X26Y114        LUT2 (Prop_B5LUT_SLICEL_I1_O)
                                                      0.196    14.961 r  out_pixel_reg[7]_i_2/O
                         net (fo=1, routed)           0.029    14.990    out_pixel_reg[7]_i_2_n_0
    SLICE_X26Y114        FDRE                                         r  out_pixel_reg_reg[7]/D
  -------------------------------------------------------------------    -------------------

Slack:                    inf
  Source:                 kernel_in[9]
                            (input port)
  Destination:            out_pixel_reg_reg[1]/D
  Path Group:             (none)
  Path Type:              Max at Slow Process Corner
  Data Path Delay:        14.959ns  (logic 4.305ns (28.781%)  route 10.654ns (71.219%))
  Logic Levels:           24  (CARRY8=12 IBUFCTRL=1 INBUF=1 LUT1=1 LUT2=7 LUT4=1 LUT5=1)

    Location             Delay type                Incr(ns)  Path(ns)    Netlist Resource(s)
  -------------------------------------------------------------------    -------------------
    J4                                                0.000     0.000 r  kernel_in[9] (IN)
                         net (fo=0)                   0.000     0.000    kernel_in_IBUF[9]_inst/I
    J4                   INBUF (Prop_INBUF_HPIOB_S_PAD_O)
                                                      0.516     0.516 r  kernel_in_IBUF[9]_inst/INBUF_INST/O
                         net (fo=1, routed)           0.000     0.516    kernel_in_IBUF[9]_inst/OUT
    J4                   IBUFCTRL (Prop_IBUFCTRL_HPIOB_S_I_O)
                                                      0.000     0.516 r  kernel_in_IBUF[9]_inst/IBUFCTRL_INST/O
                         net (fo=17, routed)          2.764     3.280    kernel_in_IBUF[9]
    SLICE_X22Y122        LUT4 (Prop_F6LUT_SLICEL_I0_O)
                                                      0.224     3.504 r  out_pixel_reg[7]_i_767/O
                         net (fo=1, routed)           0.219     3.723    out_pixel_reg[7]_i_767_n_0
    SLICE_X21Y122        CARRY8 (Prop_CARRY8_SLICEM_DI[2]_O[5])
                                                      0.284     4.007 r  out_pixel_reg_reg[7]_i_633/O[5]
                         net (fo=2, routed)           1.163     5.170    out_pixel_reg_reg[7]_i_633_n_10
    SLICE_X21Y124        LUT2 (Prop_B5LUT_SLICEM_I1_O)
                                                      0.097     5.267 r  out_pixel_reg[7]_i_740/O
                         net (fo=2, routed)           0.749     6.017    out_pixel_reg[7]_i_740_n_0
    SLICE_X21Y124        LUT5 (Prop_C6LUT_SLICEM_I4_O)
                                                      0.220     6.237 r  out_pixel_reg[7]_i_748/O
                         net (fo=1, routed)           0.029     6.266    out_pixel_reg[7]_i_748_n_0
    SLICE_X21Y124        CARRY8 (Prop_CARRY8_SLICEM_S[2]_O[2])
                                                      0.084     6.350 r  out_pixel_reg_reg[7]_i_631/O[2]
                         net (fo=2, routed)           1.542     7.892    out_pixel_reg_reg[7]_i_631_n_13
    SLICE_X22Y123        CARRY8 (Prop_CARRY8_SLICEL_DI[6]_O[7])
                                                      0.127     8.019 r  out_pixel_reg_reg[7]_i_510/O[7]
                         net (fo=1, routed)           1.227     9.246    out_pixel_reg_reg[7]_i_510_n_8
    SLICE_X22Y120        LUT2 (Prop_H6LUT_SLICEL_I1_O)
                                                      0.227     9.473 r  out_pixel_reg[7]_i_512/O
                         net (fo=1, routed)           0.015     9.488    out_pixel_reg[7]_i_512_n_0
    SLICE_X22Y120        CARRY8 (Prop_CARRY8_SLICEL_S[7]_O[7])
                                                      0.079     9.567 r  out_pixel_reg_reg[7]_i_387/O[7]
                         net (fo=1, routed)           0.347     9.914    out_pixel_reg_reg[7]_i_387_n_8
    SLICE_X22Y117        LUT2 (Prop_H6LUT_SLICEL_I1_O)
                                                      0.227    10.141 r  out_pixel_reg[7]_i_389/O
                         net (fo=1, routed)           0.015    10.156    out_pixel_reg[7]_i_389_n_0
    SLICE_X22Y117        CARRY8 (Prop_CARRY8_SLICEL_S[7]_CO[7])
                                                      0.172    10.328 r  out_pixel_reg_reg[7]_i_263/CO[7]
                         net (fo=1, routed)           0.030    10.358    out_pixel_reg_reg[7]_i_263_n_0
    SLICE_X22Y118        CARRY8 (Prop_CARRY8_SLICEL_CI_O[1])
                                                      0.106    10.464 r  out_pixel_reg_reg[7]_i_333/O[1]
                         net (fo=1, routed)           0.248    10.712    out_pixel_reg_reg[7]_i_333_n_14
    SLICE_X22Y112        LUT2 (Prop_B6LUT_SLICEL_I1_O)
                                                      0.224    10.936 r  out_pixel_reg[7]_i_331/O
                         net (fo=1, routed)           0.013    10.949    out_pixel_reg[7]_i_331_n_0
    SLICE_X22Y112        CARRY8 (Prop_CARRY8_SLICEL_S[1]_O[5])
                                                      0.326    11.275 r  out_pixel_reg_reg[7]_i_208/O[5]
                         net (fo=1, routed)           0.228    11.503    out_pixel_reg_reg[7]_i_208_n_10
    SLICE_X22Y115        LUT2 (Prop_F6LUT_SLICEL_I1_O)
                                                      0.224    11.727 r  out_pixel_reg[7]_i_202/O
                         net (fo=1, routed)           0.015    11.742    out_pixel_reg[7]_i_202_n_0
    SLICE_X22Y115        CARRY8 (Prop_CARRY8_SLICEL_S[5]_CO[7])
                                                      0.232    11.974 r  out_pixel_reg_reg[7]_i_115/CO[7]
                         net (fo=1, routed)           0.030    12.004    out_pixel_reg_reg[7]_i_115_n_0
    SLICE_X22Y116        CARRY8 (Prop_CARRY8_SLICEL_CI_O[0])
                                                      0.078    12.082 r  out_pixel_reg_reg[7]_i_48/O[0]
                         net (fo=4, routed)           0.766    12.848    out_pixel_reg_reg[7]_i_48_n_15
    SLICE_X23Y116        LUT2 (Prop_A6LUT_SLICEL_I0_O)
                                                      0.152    13.000 r  out_pixel_reg[7]_i_54/O
                         net (fo=1, routed)           0.014    13.014    out_pixel_reg[7]_i_54_n_0
    SLICE_X23Y116        CARRY8 (Prop_CARRY8_SLICEL_S[0]_O[0])
                                                      0.077    13.091 r  out_pixel_reg_reg[7]_i_7/O[0]
                         net (fo=4, routed)           0.628    13.719    C[16]
    SLICE_X24Y116        CARRY8 (Prop_CARRY8_SLICEM_DI[1]_O[4])
                                                      0.271    13.990 f  out_pixel_reg_reg[7]_i_3/O[4]
                         net (fo=2, routed)           0.330    14.320    out_pixel_reg0__7
    SLICE_X26Y115        LUT1 (Prop_G6LUT_SLICEL_I0_O)
                                                      0.186    14.506 r  out_pixel_reg[7]_i_31/O
                         net (fo=1, routed)           0.012    14.518    out_pixel_reg[7]_i_31_n_0
    SLICE_X26Y115        CARRY8 (Prop_CARRY8_SLICEL_S[6]_CO[6])
                                                      0.084    14.602 r  out_pixel_reg_reg[7]_i_5/CO[6]
                         net (fo=8, routed)           0.245    14.847    out_pixel_reg_reg[7]_i_5_n_1
    SLICE_X27Y114        LUT2 (Prop_D5LUT_SLICEL_I1_O)
                                                      0.088    14.935 r  out_pixel_reg[1]_i_1/O
                         net (fo=1, routed)           0.024    14.959    out_pixel_reg[1]_i_1_n_0
    SLICE_X27Y114        FDRE                                         r  out_pixel_reg_reg[1]/D
  -------------------------------------------------------------------    -------------------

Slack:                    inf
  Source:                 kernel_in[9]
                            (input port)
  Destination:            out_pixel_reg_reg[4]/D
  Path Group:             (none)
  Path Type:              Max at Slow Process Corner
  Data Path Delay:        14.911ns  (logic 4.298ns (28.827%)  route 10.613ns (71.173%))
  Logic Levels:           24  (CARRY8=12 IBUFCTRL=1 INBUF=1 LUT1=1 LUT2=7 LUT4=1 LUT5=1)

    Location             Delay type                Incr(ns)  Path(ns)    Netlist Resource(s)
  -------------------------------------------------------------------    -------------------
    J4                                                0.000     0.000 r  kernel_in[9] (IN)
                         net (fo=0)                   0.000     0.000    kernel_in_IBUF[9]_inst/I
    J4                   INBUF (Prop_INBUF_HPIOB_S_PAD_O)
                                                      0.516     0.516 r  kernel_in_IBUF[9]_inst/INBUF_INST/O
                         net (fo=1, routed)           0.000     0.516    kernel_in_IBUF[9]_inst/OUT
    J4                   IBUFCTRL (Prop_IBUFCTRL_HPIOB_S_I_O)
                                                      0.000     0.516 r  kernel_in_IBUF[9]_inst/IBUFCTRL_INST/O
                         net (fo=17, routed)          2.764     3.280    kernel_in_IBUF[9]
    SLICE_X22Y122        LUT4 (Prop_F6LUT_SLICEL_I0_O)
                                                      0.224     3.504 r  out_pixel_reg[7]_i_767/O
                         net (fo=1, routed)           0.219     3.723    out_pixel_reg[7]_i_767_n_0
    SLICE_X21Y122        CARRY8 (Prop_CARRY8_SLICEM_DI[2]_O[5])
                                                      0.284     4.007 r  out_pixel_reg_reg[7]_i_633/O[5]
                         net (fo=2, routed)           1.163     5.170    out_pixel_reg_reg[7]_i_633_n_10
    SLICE_X21Y124        LUT2 (Prop_B5LUT_SLICEM_I1_O)
                                                      0.097     5.267 r  out_pixel_reg[7]_i_740/O
                         net (fo=2, routed)           0.749     6.017    out_pixel_reg[7]_i_740_n_0
    SLICE_X21Y124        LUT5 (Prop_C6LUT_SLICEM_I4_O)
                                                      0.220     6.237 r  out_pixel_reg[7]_i_748/O
                         net (fo=1, routed)           0.029     6.266    out_pixel_reg[7]_i_748_n_0
    SLICE_X21Y124        CARRY8 (Prop_CARRY8_SLICEM_S[2]_O[2])
                                                      0.084     6.350 r  out_pixel_reg_reg[7]_i_631/O[2]
                         net (fo=2, routed)           1.542     7.892    out_pixel_reg_reg[7]_i_631_n_13
    SLICE_X22Y123        CARRY8 (Prop_CARRY8_SLICEL_DI[6]_O[7])
                                                      0.127     8.019 r  out_pixel_reg_reg[7]_i_510/O[7]
                         net (fo=1, routed)           1.227     9.246    out_pixel_reg_reg[7]_i_510_n_8
    SLICE_X22Y120        LUT2 (Prop_H6LUT_SLICEL_I1_O)
                                                      0.227     9.473 r  out_pixel_reg[7]_i_512/O
                         net (fo=1, routed)           0.015     9.488    out_pixel_reg[7]_i_512_n_0
    SLICE_X22Y120        CARRY8 (Prop_CARRY8_SLICEL_S[7]_O[7])
                                                      0.079     9.567 r  out_pixel_reg_reg[7]_i_387/O[7]
                         net (fo=1, routed)           0.347     9.914    out_pixel_reg_reg[7]_i_387_n_8
    SLICE_X22Y117        LUT2 (Prop_H6LUT_SLICEL_I1_O)
                                                      0.227    10.141 r  out_pixel_reg[7]_i_389/O
                         net (fo=1, routed)           0.015    10.156    out_pixel_reg[7]_i_389_n_0
    SLICE_X22Y117        CARRY8 (Prop_CARRY8_SLICEL_S[7]_CO[7])
                                                      0.172    10.328 r  out_pixel_reg_reg[7]_i_263/CO[7]
                         net (fo=1, routed)           0.030    10.358    out_pixel_reg_reg[7]_i_263_n_0
    SLICE_X22Y118        CARRY8 (Prop_CARRY8_SLICEL_CI_O[1])
                                                      0.106    10.464 r  out_pixel_reg_reg[7]_i_333/O[1]
                         net (fo=1, routed)           0.248    10.712    out_pixel_reg_reg[7]_i_333_n_14
    SLICE_X22Y112        LUT2 (Prop_B6LUT_SLICEL_I1_O)
                                                      0.224    10.936 r  out_pixel_reg[7]_i_331/O
                         net (fo=1, routed)           0.013    10.949    out_pixel_reg[7]_i_331_n_0
    SLICE_X22Y112        CARRY8 (Prop_CARRY8_SLICEL_S[1]_O[5])
                                                      0.326    11.275 r  out_pixel_reg_reg[7]_i_208/O[5]
                         net (fo=1, routed)           0.228    11.503    out_pixel_reg_reg[7]_i_208_n_10
    SLICE_X22Y115        LUT2 (Prop_F6LUT_SLICEL_I1_O)
                                                      0.224    11.727 r  out_pixel_reg[7]_i_202/O
                         net (fo=1, routed)           0.015    11.742    out_pixel_reg[7]_i_202_n_0
    SLICE_X22Y115        CARRY8 (Prop_CARRY8_SLICEL_S[5]_CO[7])
                                                      0.232    11.974 r  out_pixel_reg_reg[7]_i_115/CO[7]
                         net (fo=1, routed)           0.030    12.004    out_pixel_reg_reg[7]_i_115_n_0
    SLICE_X22Y116        CARRY8 (Prop_CARRY8_SLICEL_CI_O[0])
                                                      0.078    12.082 r  out_pixel_reg_reg[7]_i_48/O[0]
                         net (fo=4, routed)           0.766    12.848    out_pixel_reg_reg[7]_i_48_n_15
    SLICE_X23Y116        LUT2 (Prop_A6LUT_SLICEL_I0_O)
                                                      0.152    13.000 r  out_pixel_reg[7]_i_54/O
                         net (fo=1, routed)           0.014    13.014    out_pixel_reg[7]_i_54_n_0
    SLICE_X23Y116        CARRY8 (Prop_CARRY8_SLICEL_S[0]_O[0])
                                                      0.077    13.091 r  out_pixel_reg_reg[7]_i_7/O[0]
                         net (fo=4, routed)           0.628    13.719    C[16]
    SLICE_X24Y116        CARRY8 (Prop_CARRY8_SLICEM_DI[1]_O[4])
                                                      0.271    13.990 f  out_pixel_reg_reg[7]_i_3/O[4]
                         net (fo=2, routed)           0.330    14.320    out_pixel_reg0__7
    SLICE_X26Y115        LUT1 (Prop_G6LUT_SLICEL_I0_O)
                                                      0.186    14.506 r  out_pixel_reg[7]_i_31/O
                         net (fo=1, routed)           0.012    14.518    out_pixel_reg[7]_i_31_n_0
    SLICE_X26Y115        CARRY8 (Prop_CARRY8_SLICEL_S[6]_CO[6])
                                                      0.084    14.602 r  out_pixel_reg_reg[7]_i_5/CO[6]
                         net (fo=8, routed)           0.159    14.761    out_pixel_reg_reg[7]_i_5_n_1
    SLICE_X26Y114        LUT2 (Prop_C6LUT_SLICEL_I1_O)
                                                      0.081    14.842 r  out_pixel_reg[4]_i_1/O
                         net (fo=1, routed)           0.069    14.911    out_pixel_reg[4]_i_1_n_0
    SLICE_X26Y114        FDRE                                         r  out_pixel_reg_reg[4]/D
  -------------------------------------------------------------------    -------------------

Slack:                    inf
  Source:                 kernel_in[9]
                            (input port)
  Destination:            out_pixel_reg_reg[2]/D
  Path Group:             (none)
  Path Type:              Max at Slow Process Corner
  Data Path Delay:        14.907ns  (logic 4.298ns (28.835%)  route 10.609ns (71.165%))
  Logic Levels:           24  (CARRY8=12 IBUFCTRL=1 INBUF=1 LUT1=1 LUT2=7 LUT4=1 LUT5=1)

    Location             Delay type                Incr(ns)  Path(ns)    Netlist Resource(s)
  -------------------------------------------------------------------    -------------------
    J4                                                0.000     0.000 r  kernel_in[9] (IN)
                         net (fo=0)                   0.000     0.000    kernel_in_IBUF[9]_inst/I
    J4                   INBUF (Prop_INBUF_HPIOB_S_PAD_O)
                                                      0.516     0.516 r  kernel_in_IBUF[9]_inst/INBUF_INST/O
                         net (fo=1, routed)           0.000     0.516    kernel_in_IBUF[9]_inst/OUT
    J4                   IBUFCTRL (Prop_IBUFCTRL_HPIOB_S_I_O)
                                                      0.000     0.516 r  kernel_in_IBUF[9]_inst/IBUFCTRL_INST/O
                         net (fo=17, routed)          2.764     3.280    kernel_in_IBUF[9]
    SLICE_X22Y122        LUT4 (Prop_F6LUT_SLICEL_I0_O)
                                                      0.224     3.504 r  out_pixel_reg[7]_i_767/O
                         net (fo=1, routed)           0.219     3.723    out_pixel_reg[7]_i_767_n_0
    SLICE_X21Y122        CARRY8 (Prop_CARRY8_SLICEM_DI[2]_O[5])
                                                      0.284     4.007 r  out_pixel_reg_reg[7]_i_633/O[5]
                         net (fo=2, routed)           1.163     5.170    out_pixel_reg_reg[7]_i_633_n_10
    SLICE_X21Y124        LUT2 (Prop_B5LUT_SLICEM_I1_O)
                                                      0.097     5.267 r  out_pixel_reg[7]_i_740/O
                         net (fo=2, routed)           0.749     6.017    out_pixel_reg[7]_i_740_n_0
    SLICE_X21Y124        LUT5 (Prop_C6LUT_SLICEM_I4_O)
                                                      0.220     6.237 r  out_pixel_reg[7]_i_748/O
                         net (fo=1, routed)           0.029     6.266    out_pixel_reg[7]_i_748_n_0
    SLICE_X21Y124        CARRY8 (Prop_CARRY8_SLICEM_S[2]_O[2])
                                                      0.084     6.350 r  out_pixel_reg_reg[7]_i_631/O[2]
                         net (fo=2, routed)           1.542     7.892    out_pixel_reg_reg[7]_i_631_n_13
    SLICE_X22Y123        CARRY8 (Prop_CARRY8_SLICEL_DI[6]_O[7])
                                                      0.127     8.019 r  out_pixel_reg_reg[7]_i_510/O[7]
                         net (fo=1, routed)           1.227     9.246    out_pixel_reg_reg[7]_i_510_n_8
    SLICE_X22Y120        LUT2 (Prop_H6LUT_SLICEL_I1_O)
                                                      0.227     9.473 r  out_pixel_reg[7]_i_512/O
                         net (fo=1, routed)           0.015     9.488    out_pixel_reg[7]_i_512_n_0
    SLICE_X22Y120        CARRY8 (Prop_CARRY8_SLICEL_S[7]_O[7])
                                                      0.079     9.567 r  out_pixel_reg_reg[7]_i_387/O[7]
                         net (fo=1, routed)           0.347     9.914    out_pixel_reg_reg[7]_i_387_n_8
    SLICE_X22Y117        LUT2 (Prop_H6LUT_SLICEL_I1_O)
                                                      0.227    10.141 r  out_pixel_reg[7]_i_389/O
                         net (fo=1, routed)           0.015    10.156    out_pixel_reg[7]_i_389_n_0
    SLICE_X22Y117        CARRY8 (Prop_CARRY8_SLICEL_S[7]_CO[7])
                                                      0.172    10.328 r  out_pixel_reg_reg[7]_i_263/CO[7]
                         net (fo=1, routed)           0.030    10.358    out_pixel_reg_reg[7]_i_263_n_0
    SLICE_X22Y118        CARRY8 (Prop_CARRY8_SLICEL_CI_O[1])
                                                      0.106    10.464 r  out_pixel_reg_reg[7]_i_333/O[1]
                         net (fo=1, routed)           0.248    10.712    out_pixel_reg_reg[7]_i_333_n_14
    SLICE_X22Y112        LUT2 (Prop_B6LUT_SLICEL_I1_O)
                                                      0.224    10.936 r  out_pixel_reg[7]_i_331/O
                         net (fo=1, routed)           0.013    10.949    out_pixel_reg[7]_i_331_n_0
    SLICE_X22Y112        CARRY8 (Prop_CARRY8_SLICEL_S[1]_O[5])
                                                      0.326    11.275 r  out_pixel_reg_reg[7]_i_208/O[5]
                         net (fo=1, routed)           0.228    11.503    out_pixel_reg_reg[7]_i_208_n_10
    SLICE_X22Y115        LUT2 (Prop_F6LUT_SLICEL_I1_O)
                                                      0.224    11.727 r  out_pixel_reg[7]_i_202/O
                         net (fo=1, routed)           0.015    11.742    out_pixel_reg[7]_i_202_n_0
    SLICE_X22Y115        CARRY8 (Prop_CARRY8_SLICEL_S[5]_CO[7])
                                                      0.232    11.974 r  out_pixel_reg_reg[7]_i_115/CO[7]
                         net (fo=1, routed)           0.030    12.004    out_pixel_reg_reg[7]_i_115_n_0
    SLICE_X22Y116        CARRY8 (Prop_CARRY8_SLICEL_CI_O[0])
                                                      0.078    12.082 r  out_pixel_reg_reg[7]_i_48/O[0]
                         net (fo=4, routed)           0.766    12.848    out_pixel_reg_reg[7]_i_48_n_15
    SLICE_X23Y116        LUT2 (Prop_A6LUT_SLICEL_I0_O)
                                                      0.152    13.000 r  out_pixel_reg[7]_i_54/O
                         net (fo=1, routed)           0.014    13.014    out_pixel_reg[7]_i_54_n_0
    SLICE_X23Y116        CARRY8 (Prop_CARRY8_SLICEL_S[0]_O[0])
                                                      0.077    13.091 r  out_pixel_reg_reg[7]_i_7/O[0]
                         net (fo=4, routed)           0.628    13.719    C[16]
    SLICE_X24Y116        CARRY8 (Prop_CARRY8_SLICEM_DI[1]_O[4])
                                                      0.271    13.990 f  out_pixel_reg_reg[7]_i_3/O[4]
                         net (fo=2, routed)           0.330    14.320    out_pixel_reg0__7
    SLICE_X26Y115        LUT1 (Prop_G6LUT_SLICEL_I0_O)
                                                      0.186    14.506 r  out_pixel_reg[7]_i_31/O
                         net (fo=1, routed)           0.012    14.518    out_pixel_reg[7]_i_31_n_0
    SLICE_X26Y115        CARRY8 (Prop_CARRY8_SLICEL_S[6]_CO[6])
                                                      0.084    14.602 r  out_pixel_reg_reg[7]_i_5/CO[6]
                         net (fo=8, routed)           0.157    14.759    out_pixel_reg_reg[7]_i_5_n_1
    SLICE_X26Y114        LUT2 (Prop_D6LUT_SLICEL_I1_O)
                                                      0.081    14.840 r  out_pixel_reg[2]_i_1/O
                         net (fo=1, routed)           0.067    14.907    out_pixel_reg[2]_i_1_n_0
    SLICE_X26Y114        FDRE                                         r  out_pixel_reg_reg[2]/D
  -------------------------------------------------------------------    -------------------

Slack:                    inf
  Source:                 kernel_in[9]
                            (input port)
  Destination:            out_pixel_reg_reg[5]/D
  Path Group:             (none)
  Path Type:              Max at Slow Process Corner
  Data Path Delay:        14.877ns  (logic 4.308ns (28.960%)  route 10.569ns (71.040%))
  Logic Levels:           24  (CARRY8=12 IBUFCTRL=1 INBUF=1 LUT1=1 LUT2=7 LUT4=1 LUT5=1)

    Location             Delay type                Incr(ns)  Path(ns)    Netlist Resource(s)
  -------------------------------------------------------------------    -------------------
    J4                                                0.000     0.000 r  kernel_in[9] (IN)
                         net (fo=0)                   0.000     0.000    kernel_in_IBUF[9]_inst/I
    J4                   INBUF (Prop_INBUF_HPIOB_S_PAD_O)
                                                      0.516     0.516 r  kernel_in_IBUF[9]_inst/INBUF_INST/O
                         net (fo=1, routed)           0.000     0.516    kernel_in_IBUF[9]_inst/OUT
    J4                   IBUFCTRL (Prop_IBUFCTRL_HPIOB_S_I_O)
                                                      0.000     0.516 r  kernel_in_IBUF[9]_inst/IBUFCTRL_INST/O
                         net (fo=17, routed)          2.764     3.280    kernel_in_IBUF[9]
    SLICE_X22Y122        LUT4 (Prop_F6LUT_SLICEL_I0_O)
                                                      0.224     3.504 r  out_pixel_reg[7]_i_767/O
                         net (fo=1, routed)           0.219     3.723    out_pixel_reg[7]_i_767_n_0
    SLICE_X21Y122        CARRY8 (Prop_CARRY8_SLICEM_DI[2]_O[5])
                                                      0.284     4.007 r  out_pixel_reg_reg[7]_i_633/O[5]
                         net (fo=2, routed)           1.163     5.170    out_pixel_reg_reg[7]_i_633_n_10
    SLICE_X21Y124        LUT2 (Prop_B5LUT_SLICEM_I1_O)
                                                      0.097     5.267 r  out_pixel_reg[7]_i_740/O
                         net (fo=2, routed)           0.749     6.017    out_pixel_reg[7]_i_740_n_0
    SLICE_X21Y124        LUT5 (Prop_C6LUT_SLICEM_I4_O)
                                                      0.220     6.237 r  out_pixel_reg[7]_i_748/O
                         net (fo=1, routed)           0.029     6.266    out_pixel_reg[7]_i_748_n_0
    SLICE_X21Y124        CARRY8 (Prop_CARRY8_SLICEM_S[2]_O[2])
                                                      0.084     6.350 r  out_pixel_reg_reg[7]_i_631/O[2]
                         net (fo=2, routed)           1.542     7.892    out_pixel_reg_reg[7]_i_631_n_13
    SLICE_X22Y123        CARRY8 (Prop_CARRY8_SLICEL_DI[6]_O[7])
                                                      0.127     8.019 r  out_pixel_reg_reg[7]_i_510/O[7]
                         net (fo=1, routed)           1.227     9.246    out_pixel_reg_reg[7]_i_510_n_8
    SLICE_X22Y120        LUT2 (Prop_H6LUT_SLICEL_I1_O)
                                                      0.227     9.473 r  out_pixel_reg[7]_i_512/O
                         net (fo=1, routed)           0.015     9.488    out_pixel_reg[7]_i_512_n_0
    SLICE_X22Y120        CARRY8 (Prop_CARRY8_SLICEL_S[7]_O[7])
                                                      0.079     9.567 r  out_pixel_reg_reg[7]_i_387/O[7]
                         net (fo=1, routed)           0.347     9.914    out_pixel_reg_reg[7]_i_387_n_8
    SLICE_X22Y117        LUT2 (Prop_H6LUT_SLICEL_I1_O)
                                                      0.227    10.141 r  out_pixel_reg[7]_i_389/O
                         net (fo=1, routed)           0.015    10.156    out_pixel_reg[7]_i_389_n_0
    SLICE_X22Y117        CARRY8 (Prop_CARRY8_SLICEL_S[7]_CO[7])
                                                      0.172    10.328 r  out_pixel_reg_reg[7]_i_263/CO[7]
                         net (fo=1, routed)           0.030    10.358    out_pixel_reg_reg[7]_i_263_n_0
    SLICE_X22Y118        CARRY8 (Prop_CARRY8_SLICEL_CI_O[1])
                                                      0.106    10.464 r  out_pixel_reg_reg[7]_i_333/O[1]
                         net (fo=1, routed)           0.248    10.712    out_pixel_reg_reg[7]_i_333_n_14
    SLICE_X22Y112        LUT2 (Prop_B6LUT_SLICEL_I1_O)
                                                      0.224    10.936 r  out_pixel_reg[7]_i_331/O
                         net (fo=1, routed)           0.013    10.949    out_pixel_reg[7]_i_331_n_0
    SLICE_X22Y112        CARRY8 (Prop_CARRY8_SLICEL_S[1]_O[5])
                                                      0.326    11.275 r  out_pixel_reg_reg[7]_i_208/O[5]
                         net (fo=1, routed)           0.228    11.503    out_pixel_reg_reg[7]_i_208_n_10
    SLICE_X22Y115        LUT2 (Prop_F6LUT_SLICEL_I1_O)
                                                      0.224    11.727 r  out_pixel_reg[7]_i_202/O
                         net (fo=1, routed)           0.015    11.742    out_pixel_reg[7]_i_202_n_0
    SLICE_X22Y115        CARRY8 (Prop_CARRY8_SLICEL_S[5]_CO[7])
                                                      0.232    11.974 r  out_pixel_reg_reg[7]_i_115/CO[7]
                         net (fo=1, routed)           0.030    12.004    out_pixel_reg_reg[7]_i_115_n_0
    SLICE_X22Y116        CARRY8 (Prop_CARRY8_SLICEL_CI_O[0])
                                                      0.078    12.082 r  out_pixel_reg_reg[7]_i_48/O[0]
                         net (fo=4, routed)           0.766    12.848    out_pixel_reg_reg[7]_i_48_n_15
    SLICE_X23Y116        LUT2 (Prop_A6LUT_SLICEL_I0_O)
                                                      0.152    13.000 r  out_pixel_reg[7]_i_54/O
                         net (fo=1, routed)           0.014    13.014    out_pixel_reg[7]_i_54_n_0
    SLICE_X23Y116        CARRY8 (Prop_CARRY8_SLICEL_S[0]_O[0])
                                                      0.077    13.091 r  out_pixel_reg_reg[7]_i_7/O[0]
                         net (fo=4, routed)           0.628    13.719    C[16]
    SLICE_X24Y116        CARRY8 (Prop_CARRY8_SLICEM_DI[1]_O[4])
                                                      0.271    13.990 f  out_pixel_reg_reg[7]_i_3/O[4]
                         net (fo=2, routed)           0.330    14.320    out_pixel_reg0__7
    SLICE_X26Y115        LUT1 (Prop_G6LUT_SLICEL_I0_O)
                                                      0.186    14.506 r  out_pixel_reg[7]_i_31/O
                         net (fo=1, routed)           0.012    14.518    out_pixel_reg[7]_i_31_n_0
    SLICE_X26Y115        CARRY8 (Prop_CARRY8_SLICEL_S[6]_CO[6])
                                                      0.084    14.602 r  out_pixel_reg_reg[7]_i_5/CO[6]
                         net (fo=8, routed)           0.159    14.761    out_pixel_reg_reg[7]_i_5_n_1
    SLICE_X26Y114        LUT2 (Prop_C5LUT_SLICEL_I1_O)
                                                      0.091    14.852 r  out_pixel_reg[5]_i_1/O
                         net (fo=1, routed)           0.025    14.877    out_pixel_reg[5]_i_1_n_0
    SLICE_X26Y114        FDRE                                         r  out_pixel_reg_reg[5]/D
  -------------------------------------------------------------------    -------------------

Slack:                    inf
  Source:                 kernel_in[9]
                            (input port)
  Destination:            out_pixel_reg_reg[3]/D
  Path Group:             (none)
  Path Type:              Max at Slow Process Corner
  Data Path Delay:        14.871ns  (logic 4.305ns (28.952%)  route 10.566ns (71.048%))
  Logic Levels:           24  (CARRY8=12 IBUFCTRL=1 INBUF=1 LUT1=1 LUT2=7 LUT4=1 LUT5=1)

    Location             Delay type                Incr(ns)  Path(ns)    Netlist Resource(s)
  -------------------------------------------------------------------    -------------------
    J4                                                0.000     0.000 r  kernel_in[9] (IN)
                         net (fo=0)                   0.000     0.000    kernel_in_IBUF[9]_inst/I
    J4                   INBUF (Prop_INBUF_HPIOB_S_PAD_O)
                                                      0.516     0.516 r  kernel_in_IBUF[9]_inst/INBUF_INST/O
                         net (fo=1, routed)           0.000     0.516    kernel_in_IBUF[9]_inst/OUT
    J4                   IBUFCTRL (Prop_IBUFCTRL_HPIOB_S_I_O)
                                                      0.000     0.516 r  kernel_in_IBUF[9]_inst/IBUFCTRL_INST/O
                         net (fo=17, routed)          2.764     3.280    kernel_in_IBUF[9]
    SLICE_X22Y122        LUT4 (Prop_F6LUT_SLICEL_I0_O)
                                                      0.224     3.504 r  out_pixel_reg[7]_i_767/O
                         net (fo=1, routed)           0.219     3.723    out_pixel_reg[7]_i_767_n_0
    SLICE_X21Y122        CARRY8 (Prop_CARRY8_SLICEM_DI[2]_O[5])
                                                      0.284     4.007 r  out_pixel_reg_reg[7]_i_633/O[5]
                         net (fo=2, routed)           1.163     5.170    out_pixel_reg_reg[7]_i_633_n_10
    SLICE_X21Y124        LUT2 (Prop_B5LUT_SLICEM_I1_O)
                                                      0.097     5.267 r  out_pixel_reg[7]_i_740/O
                         net (fo=2, routed)           0.749     6.017    out_pixel_reg[7]_i_740_n_0
    SLICE_X21Y124        LUT5 (Prop_C6LUT_SLICEM_I4_O)
                                                      0.220     6.237 r  out_pixel_reg[7]_i_748/O
                         net (fo=1, routed)           0.029     6.266    out_pixel_reg[7]_i_748_n_0
    SLICE_X21Y124        CARRY8 (Prop_CARRY8_SLICEM_S[2]_O[2])
                                                      0.084     6.350 r  out_pixel_reg_reg[7]_i_631/O[2]
                         net (fo=2, routed)           1.542     7.892    out_pixel_reg_reg[7]_i_631_n_13
    SLICE_X22Y123        CARRY8 (Prop_CARRY8_SLICEL_DI[6]_O[7])
                                                      0.127     8.019 r  out_pixel_reg_reg[7]_i_510/O[7]
                         net (fo=1, routed)           1.227     9.246    out_pixel_reg_reg[7]_i_510_n_8
    SLICE_X22Y120        LUT2 (Prop_H6LUT_SLICEL_I1_O)
                                                      0.227     9.473 r  out_pixel_reg[7]_i_512/O
                         net (fo=1, routed)           0.015     9.488    out_pixel_reg[7]_i_512_n_0
    SLICE_X22Y120        CARRY8 (Prop_CARRY8_SLICEL_S[7]_O[7])
                                                      0.079     9.567 r  out_pixel_reg_reg[7]_i_387/O[7]
                         net (fo=1, routed)           0.347     9.914    out_pixel_reg_reg[7]_i_387_n_8
    SLICE_X22Y117        LUT2 (Prop_H6LUT_SLICEL_I1_O)
                                                      0.227    10.141 r  out_pixel_reg[7]_i_389/O
                         net (fo=1, routed)           0.015    10.156    out_pixel_reg[7]_i_389_n_0
    SLICE_X22Y117        CARRY8 (Prop_CARRY8_SLICEL_S[7]_CO[7])
                                                      0.172    10.328 r  out_pixel_reg_reg[7]_i_263/CO[7]
                         net (fo=1, routed)           0.030    10.358    out_pixel_reg_reg[7]_i_263_n_0
    SLICE_X22Y118        CARRY8 (Prop_CARRY8_SLICEL_CI_O[1])
                                                      0.106    10.464 r  out_pixel_reg_reg[7]_i_333/O[1]
                         net (fo=1, routed)           0.248    10.712    out_pixel_reg_reg[7]_i_333_n_14
    SLICE_X22Y112        LUT2 (Prop_B6LUT_SLICEL_I1_O)
                                                      0.224    10.936 r  out_pixel_reg[7]_i_331/O
                         net (fo=1, routed)           0.013    10.949    out_pixel_reg[7]_i_331_n_0
    SLICE_X22Y112        CARRY8 (Prop_CARRY8_SLICEL_S[1]_O[5])
                                                      0.326    11.275 r  out_pixel_reg_reg[7]_i_208/O[5]
                         net (fo=1, routed)           0.228    11.503    out_pixel_reg_reg[7]_i_208_n_10
    SLICE_X22Y115        LUT2 (Prop_F6LUT_SLICEL_I1_O)
                                                      0.224    11.727 r  out_pixel_reg[7]_i_202/O
                         net (fo=1, routed)           0.015    11.742    out_pixel_reg[7]_i_202_n_0
    SLICE_X22Y115        CARRY8 (Prop_CARRY8_SLICEL_S[5]_CO[7])
                                                      0.232    11.974 r  out_pixel_reg_reg[7]_i_115/CO[7]
                         net (fo=1, routed)           0.030    12.004    out_pixel_reg_reg[7]_i_115_n_0
    SLICE_X22Y116        CARRY8 (Prop_CARRY8_SLICEL_CI_O[0])
                                                      0.078    12.082 r  out_pixel_reg_reg[7]_i_48/O[0]
                         net (fo=4, routed)           0.766    12.848    out_pixel_reg_reg[7]_i_48_n_15
    SLICE_X23Y116        LUT2 (Prop_A6LUT_SLICEL_I0_O)
                                                      0.152    13.000 r  out_pixel_reg[7]_i_54/O
                         net (fo=1, routed)           0.014    13.014    out_pixel_reg[7]_i_54_n_0
    SLICE_X23Y116        CARRY8 (Prop_CARRY8_SLICEL_S[0]_O[0])
                                                      0.077    13.091 r  out_pixel_reg_reg[7]_i_7/O[0]
                         net (fo=4, routed)           0.628    13.719    C[16]
    SLICE_X24Y116        CARRY8 (Prop_CARRY8_SLICEM_DI[1]_O[4])
                                                      0.271    13.990 f  out_pixel_reg_reg[7]_i_3/O[4]
                         net (fo=2, routed)           0.330    14.320    out_pixel_reg0__7
    SLICE_X26Y115        LUT1 (Prop_G6LUT_SLICEL_I0_O)
                                                      0.186    14.506 r  out_pixel_reg[7]_i_31/O
                         net (fo=1, routed)           0.012    14.518    out_pixel_reg[7]_i_31_n_0
    SLICE_X26Y115        CARRY8 (Prop_CARRY8_SLICEL_S[6]_CO[6])
                                                      0.084    14.602 r  out_pixel_reg_reg[7]_i_5/CO[6]
                         net (fo=8, routed)           0.157    14.759    out_pixel_reg_reg[7]_i_5_n_1
    SLICE_X26Y114        LUT2 (Prop_D5LUT_SLICEL_I1_O)
                                                      0.088    14.847 r  out_pixel_reg[3]_i_1/O
                         net (fo=1, routed)           0.024    14.871    out_pixel_reg[3]_i_1_n_0
    SLICE_X26Y114        FDRE                                         r  out_pixel_reg_reg[3]/D
  -------------------------------------------------------------------    -------------------

Slack:                    inf
  Source:                 pixel_out_ready
                            (input port)
  Destination:            line_buffers_reg[1][8][2]/CE
  Path Group:             (none)
  Path Type:              Max at Slow Process Corner
  Data Path Delay:        4.204ns  (logic 1.079ns (25.666%)  route 3.125ns (74.334%))
  Logic Levels:           5  (IBUFCTRL=1 INBUF=1 LUT2=1 LUT5=1 LUT6=1)

    Location             Delay type                Incr(ns)  Path(ns)    Netlist Resource(s)
  -------------------------------------------------------------------    -------------------
    K1                                                0.000     0.000 r  pixel_out_ready (IN)
                         net (fo=0)                   0.000     0.000    pixel_out_ready_IBUF_inst/I
    K1                   INBUF (Prop_INBUF_HPIOB_S_PAD_O)
                                                      0.533     0.533 r  pixel_out_ready_IBUF_inst/INBUF_INST/O
                         net (fo=1, routed)           0.000     0.533    pixel_out_ready_IBUF_inst/OUT
    K1                   IBUFCTRL (Prop_IBUFCTRL_HPIOB_S_I_O)
                                                      0.000     0.533 r  pixel_out_ready_IBUF_inst/IBUFCTRL_INST/O
                         net (fo=3, routed)           1.101     1.634    pixel_out_ready_IBUF
    SLICE_X23Y126        LUT2 (Prop_D5LUT_SLICEL_I0_O)
                                                      0.187     1.821 r  valid_pipeline[0]_i_3/O
                         net (fo=1, routed)           0.441     2.262    valid_pipeline[0]_i_3_n_0
    SLICE_X25Y125        LUT6 (Prop_F6LUT_SLICEM_I0_O)
                                                      0.135     2.397 r  valid_pipeline[0]_i_1/O
                         net (fo=99, routed)          0.188     2.585    p_6_in
    SLICE_X26Y126        LUT5 (Prop_F6LUT_SLICEL_I0_O)
                                                      0.224     2.809 r  line_buffers[0][8][7]_i_1/O
                         net (fo=16, routed)          1.395     4.204    line_buffers[0][8][0]
    SLICE_X24Y122        FDRE                                         r  line_buffers_reg[1][8][2]/CE
  -------------------------------------------------------------------    -------------------

Slack:                    inf
  Source:                 pixel_out_ready
                            (input port)
  Destination:            line_buffers_reg[1][8][6]/CE
  Path Group:             (none)
  Path Type:              Max at Slow Process Corner
  Data Path Delay:        4.171ns  (logic 1.079ns (25.869%)  route 3.092ns (74.131%))
  Logic Levels:           5  (IBUFCTRL=1 INBUF=1 LUT2=1 LUT5=1 LUT6=1)

    Location             Delay type                Incr(ns)  Path(ns)    Netlist Resource(s)
  -------------------------------------------------------------------    -------------------
    K1                                                0.000     0.000 r  pixel_out_ready (IN)
                         net (fo=0)                   0.000     0.000    pixel_out_ready_IBUF_inst/I
    K1                   INBUF (Prop_INBUF_HPIOB_S_PAD_O)
                                                      0.533     0.533 r  pixel_out_ready_IBUF_inst/INBUF_INST/O
                         net (fo=1, routed)           0.000     0.533    pixel_out_ready_IBUF_inst/OUT
    K1                   IBUFCTRL (Prop_IBUFCTRL_HPIOB_S_I_O)
                                                      0.000     0.533 r  pixel_out_ready_IBUF_inst/IBUFCTRL_INST/O
                         net (fo=3, routed)           1.101     1.634    pixel_out_ready_IBUF
    SLICE_X23Y126        LUT2 (Prop_D5LUT_SLICEL_I0_O)
                                                      0.187     1.821 r  valid_pipeline[0]_i_3/O
                         net (fo=1, routed)           0.441     2.262    valid_pipeline[0]_i_3_n_0
    SLICE_X25Y125        LUT6 (Prop_F6LUT_SLICEM_I0_O)
                                                      0.135     2.397 r  valid_pipeline[0]_i_1/O
                         net (fo=99, routed)          0.188     2.585    p_6_in
    SLICE_X26Y126        LUT5 (Prop_F6LUT_SLICEL_I0_O)
                                                      0.224     2.809 r  line_buffers[0][8][7]_i_1/O
                         net (fo=16, routed)          1.362     4.171    line_buffers[0][8][0]
    SLICE_X24Y121        FDRE                                         r  line_buffers_reg[1][8][6]/CE
  -------------------------------------------------------------------    -------------------





Min Delay Paths
--------------------------------------------------------------------------------------
Slack:                    inf
  Source:                 r_cnt_reg[0]/C
                            (rising edge-triggered cell FDRE)
  Destination:            r_cnt_reg[1]/D
  Path Group:             (none)
  Path Type:              Min at Fast Process Corner
  Data Path Delay:        0.140ns  (logic 0.106ns (75.724%)  route 0.034ns (24.276%))
  Logic Levels:           2  (FDRE=1 LUT2=1)

    Location             Delay type                Incr(ns)  Path(ns)    Netlist Resource(s)
  -------------------------------------------------------------------    -------------------
    SLICE_X26Y125        FDRE                         0.000     0.000 r  r_cnt_reg[0]/C
    SLICE_X26Y125        FDRE (Prop_HFF_SLICEL_C_Q)
                                                      0.084     0.084 r  r_cnt_reg[0]/Q
                         net (fo=6, routed)           0.027     0.111    r_cnt_reg_n_0_[0]
    SLICE_X26Y125        LUT2 (Prop_H5LUT_SLICEL_I0_O)
                                                      0.022     0.133 r  r_cnt[1]_i_1/O
                         net (fo=1, routed)           0.007     0.140    r_cnt[1]_i_1_n_0
    SLICE_X26Y125        FDRE                                         r  r_cnt_reg[1]/D
  -------------------------------------------------------------------    -------------------

Slack:                    inf
  Source:                 window_reg[1,1][2]/C
                            (rising edge-triggered cell FDRE)
  Destination:            window_reg[1,0][2]/D
  Path Group:             (none)
  Path Type:              Min at Fast Process Corner
  Data Path Delay:        0.143ns  (logic 0.083ns (58.190%)  route 0.060ns (41.810%))
  Logic Levels:           1  (FDRE=1)

    Location             Delay type                Incr(ns)  Path(ns)    Netlist Resource(s)
  -------------------------------------------------------------------    -------------------
    SLICE_X21Y111        FDRE                         0.000     0.000 r  window_reg[1,1][2]/C
    SLICE_X21Y111        FDRE (Prop_GFF_SLICEM_C_Q)
                                                      0.083     0.083 r  window_reg[1,1][2]/Q
                         net (fo=18, routed)          0.060     0.143    window_reg[1,1][2]
    SLICE_X21Y111        FDRE                                         r  window_reg[1,0][2]/D
  -------------------------------------------------------------------    -------------------

Slack:                    inf
  Source:                 window_reg[1,1][1]/C
                            (rising edge-triggered cell FDRE)
  Destination:            window_reg[1,0][1]/D
  Path Group:             (none)
  Path Type:              Min at Fast Process Corner
  Data Path Delay:        0.164ns  (logic 0.083ns (50.605%)  route 0.081ns (49.395%))
  Logic Levels:           1  (FDRE=1)

    Location             Delay type                Incr(ns)  Path(ns)    Netlist Resource(s)
  -------------------------------------------------------------------    -------------------
    SLICE_X22Y113        FDRE                         0.000     0.000 r  window_reg[1,1][1]/C
    SLICE_X22Y113        FDRE (Prop_FFF_SLICEL_C_Q)
                                                      0.083     0.083 r  window_reg[1,1][1]/Q
                         net (fo=20, routed)          0.081     0.164    window_reg[1,1][1]
    SLICE_X21Y112        FDRE                                         r  window_reg[1,0][1]/D
  -------------------------------------------------------------------    -------------------

Slack:                    inf
  Source:                 r_cnt_reg[0]/C
                            (rising edge-triggered cell FDRE)
  Destination:            r_cnt_reg[0]/D
  Path Group:             (none)
  Path Type:              Min at Fast Process Corner
  Data Path Delay:        0.168ns  (logic 0.122ns (72.627%)  route 0.046ns (27.373%))
  Logic Levels:           2  (FDRE=1 LUT1=1)

    Location             Delay type                Incr(ns)  Path(ns)    Netlist Resource(s)
  -------------------------------------------------------------------    -------------------
    SLICE_X26Y125        FDRE                         0.000     0.000 r  r_cnt_reg[0]/C
    SLICE_X26Y125        FDRE (Prop_HFF_SLICEL_C_Q)
                                                      0.084     0.084 f  r_cnt_reg[0]/Q
                         net (fo=6, routed)           0.027     0.111    r_cnt_reg_n_0_[0]
    SLICE_X26Y125        LUT1 (Prop_H6LUT_SLICEL_I0_O)
                                                      0.038     0.149 r  r_cnt[0]_i_1/O
                         net (fo=1, routed)           0.019     0.168    r_cnt[0]_i_1_n_0
    SLICE_X26Y125        FDRE                                         r  r_cnt_reg[0]/D
  -------------------------------------------------------------------    -------------------

Slack:                    inf
  Source:                 window_reg[0,2][7]/C
                            (rising edge-triggered cell FDRE)
  Destination:            window_reg[0,1][7]/D
  Path Group:             (none)
  Path Type:              Min at Fast Process Corner
  Data Path Delay:        0.176ns  (logic 0.084ns (47.691%)  route 0.092ns (52.309%))
  Logic Levels:           1  (FDRE=1)

    Location             Delay type                Incr(ns)  Path(ns)    Netlist Resource(s)
  -------------------------------------------------------------------    -------------------
    SLICE_X23Y118        FDRE                         0.000     0.000 r  window_reg[0,2][7]/C
    SLICE_X23Y118        FDRE (Prop_EFF_SLICEL_C_Q)
                                                      0.084     0.084 r  window_reg[0,2][7]/Q
                         net (fo=20, routed)          0.092     0.176    window_reg[0,2][7]
    SLICE_X23Y113        FDRE                                         r  window_reg[0,1][7]/D
  -------------------------------------------------------------------    -------------------

Slack:                    inf
  Source:                 window_reg[1,1][0]/C
                            (rising edge-triggered cell FDRE)
  Destination:            window_reg[1,0][0]/D
  Path Group:             (none)
  Path Type:              Min at Fast Process Corner
  Data Path Delay:        0.181ns  (logic 0.085ns (47.050%)  route 0.096ns (52.950%))
  Logic Levels:           1  (FDRE=1)

    Location             Delay type                Incr(ns)  Path(ns)    Netlist Resource(s)
  -------------------------------------------------------------------    -------------------
    SLICE_X22Y113        FDRE                         0.000     0.000 r  window_reg[1,1][0]/C
    SLICE_X22Y113        FDRE (Prop_EFF2_SLICEL_C_Q)
                                                      0.085     0.085 r  window_reg[1,1][0]/Q
                         net (fo=16, routed)          0.096     0.181    window_reg[1,1][0]
    SLICE_X21Y112        FDRE                                         r  window_reg[1,0][0]/D
  -------------------------------------------------------------------    -------------------

Slack:                    inf
  Source:                 window_reg[2,1][7]/C
                            (rising edge-triggered cell FDRE)
  Destination:            window_reg[2,0][7]/D
  Path Group:             (none)
  Path Type:              Min at Fast Process Corner
  Data Path Delay:        0.186ns  (logic 0.083ns (44.683%)  route 0.103ns (55.317%))
  Logic Levels:           1  (FDRE=1)

    Location             Delay type                Incr(ns)  Path(ns)    Netlist Resource(s)
  -------------------------------------------------------------------    -------------------
    SLICE_X21Y123        FDRE                         0.000     0.000 r  window_reg[2,1][7]/C
    SLICE_X21Y123        FDRE (Prop_GFF_SLICEM_C_Q)
                                                      0.083     0.083 r  window_reg[2,1][7]/Q
                         net (fo=20, routed)          0.103     0.186    window_reg[2,1][7]
    SLICE_X20Y122        FDRE                                         r  window_reg[2,0][7]/D
  -------------------------------------------------------------------    -------------------

Slack:                    inf
  Source:                 window_reg[0,2][4]/C
                            (rising edge-triggered cell FDRE)
  Destination:            window_reg[0,1][4]/D
  Path Group:             (none)
  Path Type:              Min at Fast Process Corner
  Data Path Delay:        0.187ns  (logic 0.084ns (45.027%)  route 0.103ns (54.973%))
  Logic Levels:           1  (FDRE=1)

    Location             Delay type                Incr(ns)  Path(ns)    Netlist Resource(s)
  -------------------------------------------------------------------    -------------------
    SLICE_X26Y113        FDRE                         0.000     0.000 r  window_reg[0,2][4]/C
    SLICE_X26Y113        FDRE (Prop_EFF_SLICEL_C_Q)
                                                      0.084     0.084 r  window_reg[0,2][4]/Q
                         net (fo=18, routed)          0.103     0.187    window_reg[0,2][4]
    SLICE_X25Y111        FDRE                                         r  window_reg[0,1][4]/D
  -------------------------------------------------------------------    -------------------

Slack:                    inf
  Source:                 c_cnt_reg[0]/C
                            (rising edge-triggered cell FDRE)
  Destination:            c_cnt_reg[1]/D
  Path Group:             (none)
  Path Type:              Min at Fast Process Corner
  Data Path Delay:        0.188ns  (logic 0.124ns (66.099%)  route 0.064ns (33.901%))
  Logic Levels:           2  (FDRE=1 LUT2=1)

    Location             Delay type                Incr(ns)  Path(ns)    Netlist Resource(s)
  -------------------------------------------------------------------    -------------------
    SLICE_X24Y121        FDRE                         0.000     0.000 r  c_cnt_reg[0]/C
    SLICE_X24Y121        FDRE (Prop_DFF_SLICEM_C_Q)
                                                      0.083     0.083 r  c_cnt_reg[0]/Q
                         net (fo=67, routed)          0.054     0.137    c_cnt[0]
    SLICE_X24Y121        LUT2 (Prop_D5LUT_SLICEM_I0_O)
                                                      0.041     0.178 r  c_cnt[1]_i_1/O
                         net (fo=1, routed)           0.010     0.188    c_cnt[1]_i_1_n_0
    SLICE_X24Y121        FDRE                                         r  c_cnt_reg[1]/D
  -------------------------------------------------------------------    -------------------

Slack:                    inf
  Source:                 window_reg[0,2][1]/C
                            (rising edge-triggered cell FDRE)
  Destination:            window_reg[0,1][1]/D
  Path Group:             (none)
  Path Type:              Min at Fast Process Corner
  Data Path Delay:        0.189ns  (logic 0.082ns (43.389%)  route 0.107ns (56.611%))
  Logic Levels:           1  (FDRE=1)

    Location             Delay type                Incr(ns)  Path(ns)    Netlist Resource(s)
  -------------------------------------------------------------------    -------------------
    SLICE_X25Y116        FDRE                         0.000     0.000 r  window_reg[0,2][1]/C
    SLICE_X25Y116        FDRE (Prop_EFF_SLICEM_C_Q)
                                                      0.082     0.082 r  window_reg[0,2][1]/Q
                         net (fo=20, routed)          0.107     0.189    window_reg[0,2][1]
    SLICE_X25Y111        FDRE                                         r  window_reg[0,1][1]/D
  -------------------------------------------------------------------    -------------------





