Copyright 1986-2022 Xilinx, Inc. All Rights Reserved. Copyright 2022-2025 Advanced Micro Devices, Inc. All Rights Reserved.
---------------------------------------------------------------------------------------------------------------------------------------------
| Tool Version : Vivado v.2025.2 (win64) Build 6299465 Fri Nov 14 19:35:11 GMT 2025
| Date         : Thu Apr 16 23:39:15 2026
| Host         : N166A running 64-bit major release  (build 9200)
| Command      : report_drc -file filter_2d_drc_opted.rpt -pb filter_2d_drc_opted.pb -rpx filter_2d_drc_opted.rpx
| Design       : filter_2d
| Device       : xck26-sfvc784-2LV-c
| Speed File   : -2LV
| Design State : Synthesized
---------------------------------------------------------------------------------------------------------------------------------------------

Report DRC

Table of Contents
-----------------
1. REPORT SUMMARY
2. REPORT DETAILS

1. REPORT SUMMARY
-----------------
            Netlist: netlist
          Floorplan: design_1
      Design limits: <entire design considered>
           Ruledeck: default
             Max checks: <unlimited>
             Checks found: 2
+--------+------------------+----------------------------+--------+
| Rule   | Severity         | Description                | Checks |
+--------+------------------+----------------------------+--------+
| NSTD-1 | Critical Warning | Unspecified I/O Standard   | 1      |
| UCIO-1 | Critical Warning | Unconstrained Logical Port | 1      |
+--------+------------------+----------------------------+--------+

2. REPORT DETAILS
-----------------
NSTD-1#1 Critical Warning
Unspecified I/O Standard  
94 out of 94 logical ports use I/O standard (IOSTANDARD) value 'DEFAULT', instead of a user assigned specific value. This may cause I/O contention or incompatibility with the board power or connectivity affecting performance, signal integrity or in extreme cases cause damage to the device or the components to which it is connected. To correct this violation, specify all I/O standards. This design will fail to generate a bitstream unless all logical ports have a user specified I/O standard value defined. To allow bitstream creation with unspecified I/O standard values (not recommended), use this command: set_property SEVERITY {Warning} [get_drc_checks NSTD-1].  NOTE: When using the Vivado Runs infrastructure (e.g. launch_runs Tcl command), add this command to a .tcl file and add that file as a pre-hook for write_bitstream step for the implementation run. Problem ports: aclk, aresetn, kernel_in[71:0], m_axis_tdata[7:0], m_axis_tready,
m_axis_tvalid, s_axis_tdata[7:0], s_axis_tready, s_axis_tvalid.
Related violations: <none>

UCIO-1#1 Critical Warning
Unconstrained Logical Port  
94 out of 94 logical ports have no user assigned specific location constraint (LOC). This may cause I/O contention or incompatibility with the board power or connectivity affecting performance, signal integrity or in extreme cases cause damage to the device or the components to which it is connected. To correct this violation, specify all pin locations. This design will fail to generate a bitstream unless all logical ports have a user specified site LOC constraint defined.  To allow bitstream creation with unspecified pin locations (not recommended), use this command: set_property SEVERITY {Warning} [get_drc_checks UCIO-1].  NOTE: When using the Vivado Runs infrastructure (e.g. launch_runs Tcl command), add this command to a .tcl file and add that file as a pre-hook for write_bitstream step for the implementation run.  Problem ports: aclk, aresetn, kernel_in[71:0], m_axis_tdata[7:0], m_axis_tready,
m_axis_tvalid, s_axis_tdata[7:0], s_axis_tready, s_axis_tvalid.
Related violations: <none>


