Copyright 1986-2022 Xilinx, Inc. All Rights Reserved. Copyright 2022-2025 Advanced Micro Devices, Inc. All Rights Reserved.
---------------------------------------------------------------------------------------------------------------------------------------------
| Tool Version : Vivado v.2025.2 (win64) Build 6299465 Fri Nov 14 19:35:11 GMT 2025
| Date         : Thu Apr 16 23:41:48 2026
| Host         : N166A running 64-bit major release  (build 9200)
| Command      : report_control_sets -verbose -file filter_2d_control_sets_placed.rpt
| Design       : filter_2d
| Device       : xck26
---------------------------------------------------------------------------------------------------------------------------------------------

Control Set Information

Table of Contents
-----------------
1. Summary
2. Histogram
3. Flip-Flop Distribution
4. Detailed Control Set Information

1. Summary
----------

+----------------------------------------------------------+-------+
|                          Status                          | Count |
+----------------------------------------------------------+-------+
| Total control sets                                       |    24 |
|    Minimum number of control sets                        |    24 |
|    Addition due to synthesis replication                 |     0 |
|    Addition due to physical synthesis replication        |     0 |
| Unused register locations in slices containing registers |     1 |
+----------------------------------------------------------+-------+
* Control sets can be merged at opt_design using control_set_merge or merge_equivalent_drivers
** Run report_qor_suggestions for automated merging and remapping suggestions


2. Histogram
------------

+--------------------+-------+
|       Fanout       | Count |
+--------------------+-------+
| Total control sets |    24 |
| >= 0 to < 4        |     0 |
| >= 4 to < 6        |     1 |
| >= 6 to < 8        |     0 |
| >= 8 to < 10       |    20 |
| >= 10 to < 12      |     0 |
| >= 12 to < 14      |     0 |
| >= 14 to < 16      |     0 |
| >= 16              |     3 |
+--------------------+-------+
* Control sets can be remapped at either synth_design or opt_design


3. Flip-Flop Distribution
-------------------------

+--------------+-----------------------+------------------------+-----------------+--------------+
| Clock Enable | Synchronous Set/Reset | Asynchronous Set/Reset | Total Registers | Total Slices |
+--------------+-----------------------+------------------------+-----------------+--------------+
| No           | No                    | No                     |               0 |            0 |
| No           | No                    | Yes                    |               0 |            0 |
| No           | Yes                   | No                     |               0 |            0 |
| Yes          | No                    | No                     |             152 |           21 |
| Yes          | No                    | Yes                    |               0 |            0 |
| Yes          | Yes                   | No                     |             455 |           98 |
+--------------+-----------------------+------------------------+-----------------+--------------+


4. Detailed Control Set Information
-----------------------------------

+-----------------+--------------------------------------------------+--------------------------------------------------+------------------+----------------+--------------+
|   Clock Signal  |                   Enable Signal                  |                 Set/Reset Signal                 | Slice Load Count | Bel Load Count | Bels / Slice |
+-----------------+--------------------------------------------------+--------------------------------------------------+------------------+----------------+--------------+
|  aclk_IBUF_BUFG | Inst_Sliding_Window/r_cnt[3]_i_1_n_0             | aresetn_IBUF_inst/O                              |                1 |              4 |         4.00 |
|  aclk_IBUF_BUFG | Inst_Sliding_Window/line_buffers[0,0][7]_i_2_n_0 |                                                  |                2 |              8 |         4.00 |
|  aclk_IBUF_BUFG | Inst_Sliding_Window/line_buffers[0,0][7]_i_2_n_0 | Inst_Sliding_Window/line_buffers[0,0][7]_i_1_n_0 |                1 |              8 |         8.00 |
|  aclk_IBUF_BUFG | Inst_Sliding_Window/line_buffers[0,8][0]         |                                                  |                3 |              8 |         2.67 |
|  aclk_IBUF_BUFG | Inst_Sliding_Window/line_buffers[0,8][0]         | Inst_Sliding_Window/line_buffers[0,8][7]_i_1_n_0 |                3 |              8 |         2.67 |
|  aclk_IBUF_BUFG | Inst_Sliding_Window/line_buffers[0,5][0]         |                                                  |                2 |              8 |         4.00 |
|  aclk_IBUF_BUFG | Inst_Sliding_Window/line_buffers[0,5][0]         | Inst_Sliding_Window/line_buffers[0,5][7]_i_1_n_0 |                1 |              8 |         8.00 |
|  aclk_IBUF_BUFG | Inst_Sliding_Window/line_buffers[0,9][0]         |                                                  |                3 |              8 |         2.67 |
|  aclk_IBUF_BUFG | Inst_Sliding_Window/line_buffers[0,9][0]         | Inst_Sliding_Window/line_buffers[0,9][7]_i_1_n_0 |                2 |              8 |         4.00 |
|  aclk_IBUF_BUFG | Inst_Sliding_Window/line_buffers[0,2][0]         |                                                  |                2 |              8 |         4.00 |
|  aclk_IBUF_BUFG | Inst_Sliding_Window/line_buffers[0,2][0]         | Inst_Sliding_Window/line_buffers[0,2][7]_i_1_n_0 |                1 |              8 |         8.00 |
|  aclk_IBUF_BUFG | Inst_Sliding_Window/line_buffers[0,6][0]         |                                                  |                2 |              8 |         4.00 |
|  aclk_IBUF_BUFG | Inst_Sliding_Window/line_buffers[0,6][0]         | Inst_Sliding_Window/line_buffers[0,6][7]_i_1_n_0 |                2 |              8 |         4.00 |
|  aclk_IBUF_BUFG | Inst_Sliding_Window/line_buffers[0,4][0]         |                                                  |                2 |              8 |         4.00 |
|  aclk_IBUF_BUFG | Inst_Sliding_Window/line_buffers[0,4][0]         | Inst_Sliding_Window/line_buffers[0,4][7]_i_1_n_0 |                2 |              8 |         4.00 |
|  aclk_IBUF_BUFG | Inst_Sliding_Window/line_buffers[0,7][0]         |                                                  |                2 |              8 |         4.00 |
|  aclk_IBUF_BUFG | Inst_Sliding_Window/line_buffers[0,7][0]         | Inst_Sliding_Window/line_buffers[0,7][7]_i_1_n_0 |                1 |              8 |         8.00 |
|  aclk_IBUF_BUFG | Inst_Sliding_Window/line_buffers[0,1][0]         |                                                  |                2 |              8 |         4.00 |
|  aclk_IBUF_BUFG | Inst_Sliding_Window/line_buffers[0,1][0]         | Inst_Sliding_Window/line_buffers[0,1][7]_i_1_n_0 |                3 |              8 |         2.67 |
|  aclk_IBUF_BUFG | Inst_Sliding_Window/line_buffers[0,3][0]         |                                                  |                2 |              8 |         4.00 |
|  aclk_IBUF_BUFG | Inst_Sliding_Window/line_buffers[0,3][0]         | Inst_Sliding_Window/line_buffers[0,3][7]_i_1_n_0 |                1 |              8 |         8.00 |
|  aclk_IBUF_BUFG | Inst_MAC_Pipeline/Inst_Adder_Tree/tree[4,0][0]   |                                                  |               14 |             72 |         5.14 |
|  aclk_IBUF_BUFG | Inst_MAC_Pipeline/Inst_Adder_Tree/tree[4,0][0]   | aresetn_IBUF_inst/O                              |               26 |            127 |         4.88 |
|  aclk_IBUF_BUFG | m_axis_tready_IBUF_inst/O                        | aresetn_IBUF_inst/O                              |               67 |            244 |         3.64 |
+-----------------+--------------------------------------------------+--------------------------------------------------+------------------+----------------+--------------+


