Copyright 1986-2022 Xilinx, Inc. All Rights Reserved. Copyright 2022-2025 Advanced Micro Devices, Inc. All Rights Reserved.
--------------------------------------------------------------------------------------------------------------------------------------------------------------------------------------------------------------------------------------------
| Tool Version      : Vivado v.2025.2 (win64) Build 6299465 Fri Nov 14 19:35:11 GMT 2025
| Date              : Thu Apr 16 23:42:14 2026
| Host              : N166A running 64-bit major release  (build 9200)
| Command           : report_timing_summary -max_paths 10 -routable_nets -report_unconstrained -file filter_2d_timing_summary_routed.rpt -pb filter_2d_timing_summary_routed.pb -rpx filter_2d_timing_summary_routed.rpx -warn_on_violation
| Design            : filter_2d
| Device            : xck26-sfvc784
| Speed File        : -2LV  PRODUCTION 1.30 05-15-2022
| Design State      : Routed
| Temperature Grade : C
--------------------------------------------------------------------------------------------------------------------------------------------------------------------------------------------------------------------------------------------

Timing Summary Report

------------------------------------------------------------------------------------------------
| Timer Settings
| --------------
------------------------------------------------------------------------------------------------

  Enable Multi Corner Analysis               :  Yes
  Enable Pessimism Removal                   :  Yes
  Pessimism Removal Resolution               :  Nearest Common Node
  Enable Input Delay Default Clock           :  No
  Enable Preset / Clear Arcs                 :  No
  Disable Flight Delays                      :  No
  Ignore I/O Paths                           :  No
  Timing Early Launch at Borrowing Latches   :  No
  Borrow Time for Max Delay Exceptions       :  Yes
  Merge Timing Exceptions                    :  Yes
  Inter-SLR Compensation                     :  Conservative

  Corner  Analyze    Analyze    
  Name    Max Paths  Min Paths  
  ------  ---------  ---------  
  Slow    Yes        Yes        
  Fast    Yes        Yes        


------------------------------------------------------------------------------------------------
| Report Methodology
| ------------------
------------------------------------------------------------------------------------------------

Rule       Severity          Description                  Violations  
---------  ----------------  ---------------------------  ----------  
TIMING-17  Critical Warning  Non-clocked sequential cell  607         

Note: This report is based on the most recent report_methodology run and may not be up-to-date. Run report_methodology on the current design for the latest report.



check_timing report

Table of Contents
-----------------
1. checking no_clock (607)
2. checking constant_clock (0)
3. checking pulse_width_clock (0)
4. checking unconstrained_internal_endpoints (1669)
5. checking no_input_delay (83)
6. checking no_output_delay (9)
7. checking multiple_clock (0)
8. checking generated_clocks (0)
9. checking loops (0)
10. checking partial_input_delay (0)
11. checking partial_output_delay (0)
12. checking latch_loops (0)

1. checking no_clock (607)
--------------------------
 There are 607 register/latch pins with no clock driven by root clock pin: aclk (HIGH)


2. checking constant_clock (0)
------------------------------
 There are 0 register/latch pins with constant_clock.


3. checking pulse_width_clock (0)
---------------------------------
 There are 0 register/latch pins which need pulse_width check


4. checking unconstrained_internal_endpoints (1669)
---------------------------------------------------
 There are 1669 pins that are not constrained for maximum delay. (HIGH)

 There are 0 pins that are not constrained for maximum delay due to constant clock.


5. checking no_input_delay (83)
-------------------------------
 There are 83 input ports with no input delay specified. (HIGH)

 There are 0 input ports with no input delay but user has a false path constraint.


6. checking no_output_delay (9)
-------------------------------
 There are 9 ports with no output delay specified. (HIGH)

 There are 0 ports with no output delay but user has a false path constraint

 There are 0 ports with no output delay but with a timing clock defined on it or propagating through it


7. checking multiple_clock (0)
------------------------------
 There are 0 register/latch pins with multiple clocks.


8. checking generated_clocks (0)
--------------------------------
 There are 0 generated clocks that are not connected to a clock source.


9. checking loops (0)
---------------------
 There are 0 combinational loops in the design.


10. checking partial_input_delay (0)
------------------------------------
 There are 0 input ports with partial input delay specified.


11. checking partial_output_delay (0)
-------------------------------------
 There are 0 ports with partial output delay specified.


12. checking latch_loops (0)
----------------------------
 There are 0 combinational latch loops in the design through latch input



------------------------------------------------------------------------------------------------
| Design Timing Summary
| ---------------------
------------------------------------------------------------------------------------------------

    WNS(ns)      TNS(ns)  TNS Failing Endpoints  TNS Total Endpoints      WHS(ns)      THS(ns)  THS Failing Endpoints  THS Total Endpoints     WPWS(ns)     TPWS(ns)  TPWS Failing Endpoints  TPWS Total Endpoints  
    -------      -------  ---------------------  -------------------      -------      -------  ---------------------  -------------------     --------     --------  ----------------------  --------------------  
        inf        0.000                      0                 1224          inf        0.000                      0                 1224           NA           NA                      NA                    NA  


There are no user specified timing constraints.


------------------------------------------------------------------------------------------------
| Clock Summary
| -------------
------------------------------------------------------------------------------------------------


------------------------------------------------------------------------------------------------
| Intra Clock Table
| -----------------
------------------------------------------------------------------------------------------------

Clock             WNS(ns)      TNS(ns)  TNS Failing Endpoints  TNS Total Endpoints      WHS(ns)      THS(ns)  THS Failing Endpoints  THS Total Endpoints     WPWS(ns)     TPWS(ns)  TPWS Failing Endpoints  TPWS Total Endpoints  
-----             -------      -------  ---------------------  -------------------      -------      -------  ---------------------  -------------------     --------     --------  ----------------------  --------------------  


------------------------------------------------------------------------------------------------
| Inter Clock Table
| -----------------
------------------------------------------------------------------------------------------------

From Clock    To Clock          WNS(ns)      TNS(ns)  TNS Failing Endpoints  TNS Total Endpoints      WHS(ns)      THS(ns)  THS Failing Endpoints  THS Total Endpoints  
----------    --------          -------      -------  ---------------------  -------------------      -------      -------  ---------------------  -------------------  


------------------------------------------------------------------------------------------------
| Other Path Groups Table
| -----------------------
------------------------------------------------------------------------------------------------

Path Group    From Clock    To Clock          WNS(ns)      TNS(ns)  TNS Failing Endpoints  TNS Total Endpoints      WHS(ns)      THS(ns)  THS Failing Endpoints  THS Total Endpoints  
----------    ----------    --------          -------      -------  ---------------------  -------------------      -------      -------  ---------------------  -------------------  


------------------------------------------------------------------------------------------------
| User Ignored Path Table
| -----------------------
------------------------------------------------------------------------------------------------

Path Group    From Clock    To Clock    
----------    ----------    --------    


------------------------------------------------------------------------------------------------
| Unconstrained Path Table
| ------------------------
------------------------------------------------------------------------------------------------

Path Group    From Clock    To Clock    
----------    ----------    --------    
(none)                                    


------------------------------------------------------------------------------------------------
| Timing Details
| --------------
------------------------------------------------------------------------------------------------


--------------------------------------------------------------------------------------
Path Group:  (none)
From Clock:  
  To Clock:  

Max Delay          1224 Endpoints
Min Delay          1224 Endpoints
--------------------------------------------------------------------------------------


Max Delay Paths
--------------------------------------------------------------------------------------
Slack:                    inf
  Source:                 kernel_in[19]
                            (input port)
  Destination:            Inst_MAC_Pipeline/mult_results_reg[2][12]/D
  Path Group:             (none)
  Path Type:              Max at Slow Process Corner
  Data Path Delay:        7.048ns  (logic 1.895ns (26.890%)  route 5.152ns (73.110%))
  Logic Levels:           9  (CARRY8=3 IBUFCTRL=1 INBUF=1 LUT4=1 LUT5=1 LUT6=2)

    Location             Delay type                Incr(ns)  Path(ns)    Netlist Resource(s)
  -------------------------------------------------------------------    -------------------
    C1                                                0.000     0.000 r  kernel_in[19] (IN)
                         net (fo=0)                   0.000     0.000    kernel_in_IBUF[19]_inst/I
    C1                   INBUF (Prop_INBUF_HPIOB_M_PAD_O)
                                                      0.543     0.543 r  kernel_in_IBUF[19]_inst/INBUF_INST/O
                         net (fo=1, routed)           0.000     0.543    kernel_in_IBUF[19]_inst/OUT
    C1                   IBUFCTRL (Prop_IBUFCTRL_HPIOB_M_I_O)
                                                      0.000     0.543 r  kernel_in_IBUF[19]_inst/IBUFCTRL_INST/O
                         net (fo=14, routed)          2.274     2.817    Inst_MAC_Pipeline/kernel_in_IBUF[19]
    SLICE_X23Y160        LUT5 (Prop_G6LUT_SLICEL_I4_O)
                                                      0.226     3.043 f  Inst_MAC_Pipeline/mult_results[2][-1]_i_2/O
                         net (fo=28, routed)          0.305     3.348    Inst_Sliding_Window/mult_results_reg[2][-1]
    SLICE_X24Y159        LUT6 (Prop_H6LUT_SLICEM_I5_O)
                                                      0.154     3.502 r  Inst_Sliding_Window/i___32_carry_i_3__4/O
                         net (fo=2, routed)           1.239     4.741    Inst_Sliding_Window/window_reg[0,2][6]_0[2]
    SLICE_X23Y159        LUT6 (Prop_F6LUT_SLICEL_I0_O)
                                                      0.136     4.877 r  Inst_Sliding_Window/i___32_carry_i_8__4/O
                         net (fo=1, routed)           0.015     4.892    Inst_MAC_Pipeline/i___89_carry_i_16__4_1[5]
    SLICE_X23Y159        CARRY8 (Prop_CARRY8_SLICEL_S[5]_CO[7])
                                                      0.232     5.124 r  Inst_MAC_Pipeline/arg_inferred__5/i___32_carry/CO[7]
                         net (fo=1, routed)           0.030     5.154    Inst_MAC_Pipeline/arg_inferred__5/i___32_carry_n_0
    SLICE_X23Y160        CARRY8 (Prop_CARRY8_SLICEL_CI_O[2])
                                                      0.093     5.247 r  Inst_MAC_Pipeline/arg_inferred__5/i___32_carry__0/O[2]
                         net (fo=3, routed)           1.236     6.483    Inst_Sliding_Window/mult_results_reg[2][12]_1[2]
    SLICE_X24Y161        LUT4 (Prop_B6LUT_SLICEM_I2_O)
                                                      0.225     6.708 r  Inst_Sliding_Window/i___89_carry__0_i_6__4/O
                         net (fo=1, routed)           0.022     6.730    Inst_MAC_Pipeline/mult_results_reg[2][12]_2[1]
    SLICE_X24Y161        CARRY8 (Prop_CARRY8_SLICEM_S[1]_O[4])
                                                      0.286     7.016 r  Inst_MAC_Pipeline/arg_inferred__5/i___89_carry__0/O[4]
                         net (fo=1, routed)           0.032     7.048    Inst_MAC_Pipeline/arg_inferred__5/i___89_carry__0_n_11
    SLICE_X24Y161        FDRE                                         r  Inst_MAC_Pipeline/mult_results_reg[2][12]/D
  -------------------------------------------------------------------    -------------------

Slack:                    inf
  Source:                 kernel_in[47]
                            (input port)
  Destination:            Inst_MAC_Pipeline/mult_results_reg[5][12]/D
  Path Group:             (none)
  Path Type:              Max at Slow Process Corner
  Data Path Delay:        6.994ns  (logic 1.939ns (27.725%)  route 5.055ns (72.275%))
  Logic Levels:           9  (CARRY8=3 IBUFCTRL=1 INBUF=1 LUT3=1 LUT4=1 LUT6=2)

    Location             Delay type                Incr(ns)  Path(ns)    Netlist Resource(s)
  -------------------------------------------------------------------    -------------------
    L7                                                0.000     0.000 r  kernel_in[47] (IN)
                         net (fo=0)                   0.000     0.000    kernel_in_IBUF[47]_inst/I
    L7                   INBUF (Prop_INBUF_HPIOB_M_PAD_O)
                                                      0.497     0.497 r  kernel_in_IBUF[47]_inst/INBUF_INST/O
                         net (fo=1, routed)           0.000     0.497    kernel_in_IBUF[47]_inst/OUT
    L7                   IBUFCTRL (Prop_IBUFCTRL_HPIOB_M_I_O)
                                                      0.000     0.497 r  kernel_in_IBUF[47]_inst/IBUFCTRL_INST/O
                         net (fo=30, routed)          2.277     2.774    Inst_MAC_Pipeline/kernel_in_IBUF[47]
    SLICE_X23Y156        LUT6 (Prop_H6LUT_SLICEL_I0_O)
                                                      0.227     3.001 r  Inst_MAC_Pipeline/i___32_carry_i_14__1/O
                         net (fo=17, routed)          1.199     4.200    Inst_Sliding_Window/arg_inferred__2/i___32_carry__0_0
    SLICE_X21Y150        LUT6 (Prop_H6LUT_SLICEM_I3_O)
                                                      0.228     4.428 r  Inst_Sliding_Window/i___32_carry_i_5__1/O
                         net (fo=1, routed)           0.336     4.764    Inst_MAC_Pipeline/i___89_carry_i_16__1_0[0]
    SLICE_X22Y153        CARRY8 (Prop_CARRY8_SLICEL_DI[3]_O[4])
                                                      0.219     4.983 r  Inst_MAC_Pipeline/arg_inferred__2/i___32_carry/O[4]
                         net (fo=2, routed)           0.908     5.891    Inst_MAC_Pipeline/arg_inferred__2/i___32_carry_n_11
    SLICE_X21Y154        LUT3 (Prop_D5LUT_SLICEM_I2_O)
                                                      0.190     6.081 r  Inst_MAC_Pipeline/i___89_carry_i_4__1/O
                         net (fo=2, routed)           0.255     6.336    Inst_MAC_Pipeline/i___89_carry_i_4__1_n_0
    SLICE_X21Y154        LUT4 (Prop_E6LUT_SLICEM_I3_O)
                                                      0.223     6.559 r  Inst_MAC_Pipeline/i___89_carry_i_12__1/O
                         net (fo=1, routed)           0.018     6.577    Inst_MAC_Pipeline/i___89_carry_i_12__1_n_0
    SLICE_X21Y154        CARRY8 (Prop_CARRY8_SLICEM_S[4]_CO[7])
                                                      0.236     6.813 r  Inst_MAC_Pipeline/arg_inferred__2/i___89_carry/CO[7]
                         net (fo=1, routed)           0.030     6.843    Inst_MAC_Pipeline/arg_inferred__2/i___89_carry_n_0
    SLICE_X21Y155        CARRY8 (Prop_CARRY8_SLICEM_CI_O[4])
                                                      0.119     6.962 r  Inst_MAC_Pipeline/arg_inferred__2/i___89_carry__0/O[4]
                         net (fo=1, routed)           0.032     6.994    Inst_MAC_Pipeline/arg_inferred__2/i___89_carry__0_n_11
    SLICE_X21Y155        FDRE                                         r  Inst_MAC_Pipeline/mult_results_reg[5][12]/D
  -------------------------------------------------------------------    -------------------

Slack:                    inf
  Source:                 kernel_in[47]
                            (input port)
  Destination:            Inst_MAC_Pipeline/mult_results_reg[5][11]/D
  Path Group:             (none)
  Path Type:              Max at Slow Process Corner
  Data Path Delay:        6.991ns  (logic 1.934ns (27.666%)  route 5.057ns (72.334%))
  Logic Levels:           9  (CARRY8=3 IBUFCTRL=1 INBUF=1 LUT3=1 LUT4=1 LUT6=2)

    Location             Delay type                Incr(ns)  Path(ns)    Netlist Resource(s)
  -------------------------------------------------------------------    -------------------
    L7                                                0.000     0.000 r  kernel_in[47] (IN)
                         net (fo=0)                   0.000     0.000    kernel_in_IBUF[47]_inst/I
    L7                   INBUF (Prop_INBUF_HPIOB_M_PAD_O)
                                                      0.497     0.497 r  kernel_in_IBUF[47]_inst/INBUF_INST/O
                         net (fo=1, routed)           0.000     0.497    kernel_in_IBUF[47]_inst/OUT
    L7                   IBUFCTRL (Prop_IBUFCTRL_HPIOB_M_I_O)
                                                      0.000     0.497 r  kernel_in_IBUF[47]_inst/IBUFCTRL_INST/O
                         net (fo=30, routed)          2.277     2.774    Inst_MAC_Pipeline/kernel_in_IBUF[47]
    SLICE_X23Y156        LUT6 (Prop_H6LUT_SLICEL_I0_O)
                                                      0.227     3.001 r  Inst_MAC_Pipeline/i___32_carry_i_14__1/O
                         net (fo=17, routed)          1.199     4.200    Inst_Sliding_Window/arg_inferred__2/i___32_carry__0_0
    SLICE_X21Y150        LUT6 (Prop_H6LUT_SLICEM_I3_O)
                                                      0.228     4.428 r  Inst_Sliding_Window/i___32_carry_i_5__1/O
                         net (fo=1, routed)           0.336     4.764    Inst_MAC_Pipeline/i___89_carry_i_16__1_0[0]
    SLICE_X22Y153        CARRY8 (Prop_CARRY8_SLICEL_DI[3]_O[4])
                                                      0.219     4.983 r  Inst_MAC_Pipeline/arg_inferred__2/i___32_carry/O[4]
                         net (fo=2, routed)           0.908     5.891    Inst_MAC_Pipeline/arg_inferred__2/i___32_carry_n_11
    SLICE_X21Y154        LUT3 (Prop_D5LUT_SLICEM_I2_O)
                                                      0.190     6.081 r  Inst_MAC_Pipeline/i___89_carry_i_4__1/O
                         net (fo=2, routed)           0.255     6.336    Inst_MAC_Pipeline/i___89_carry_i_4__1_n_0
    SLICE_X21Y154        LUT4 (Prop_E6LUT_SLICEM_I3_O)
                                                      0.223     6.559 r  Inst_MAC_Pipeline/i___89_carry_i_12__1/O
                         net (fo=1, routed)           0.018     6.577    Inst_MAC_Pipeline/i___89_carry_i_12__1_n_0
    SLICE_X21Y154        CARRY8 (Prop_CARRY8_SLICEM_S[4]_CO[7])
                                                      0.236     6.813 r  Inst_MAC_Pipeline/arg_inferred__2/i___89_carry/CO[7]
                         net (fo=1, routed)           0.030     6.843    Inst_MAC_Pipeline/arg_inferred__2/i___89_carry_n_0
    SLICE_X21Y155        CARRY8 (Prop_CARRY8_SLICEM_CI_O[3])
                                                      0.114     6.957 r  Inst_MAC_Pipeline/arg_inferred__2/i___89_carry__0/O[3]
                         net (fo=1, routed)           0.034     6.991    Inst_MAC_Pipeline/arg_inferred__2/i___89_carry__0_n_12
    SLICE_X21Y155        FDRE                                         r  Inst_MAC_Pipeline/mult_results_reg[5][11]/D
  -------------------------------------------------------------------    -------------------

Slack:                    inf
  Source:                 kernel_in[55]
                            (input port)
  Destination:            Inst_MAC_Pipeline/mult_results_reg[6][12]/D
  Path Group:             (none)
  Path Type:              Max at Slow Process Corner
  Data Path Delay:        6.985ns  (logic 1.722ns (24.659%)  route 5.263ns (75.341%))
  Logic Levels:           8  (CARRY8=3 IBUFCTRL=1 INBUF=1 LUT3=1 LUT4=1 LUT6=1)

    Location             Delay type                Incr(ns)  Path(ns)    Netlist Resource(s)
  -------------------------------------------------------------------    -------------------
    K2                                                0.000     0.000 f  kernel_in[55] (IN)
                         net (fo=0)                   0.000     0.000    kernel_in_IBUF[55]_inst/I
    K2                   INBUF (Prop_INBUF_HPIOB_M_PAD_O)
                                                      0.532     0.532 f  kernel_in_IBUF[55]_inst/INBUF_INST/O
                         net (fo=1, routed)           0.000     0.532    kernel_in_IBUF[55]_inst/OUT
    K2                   IBUFCTRL (Prop_IBUFCTRL_HPIOB_M_I_O)
                                                      0.000     0.532 f  kernel_in_IBUF[55]_inst/IBUFCTRL_INST/O
                         net (fo=30, routed)          3.005     3.537    Inst_Sliding_Window/kernel_in_IBUF[34]
    SLICE_X23Y146        LUT6 (Prop_H6LUT_SLICEL_I5_O)
                                                      0.188     3.725 r  Inst_Sliding_Window/i___0_carry_i_7__0/O
                         net (fo=2, routed)           1.134     4.859    Inst_MAC_Pipeline/mult_results_reg[6][-2]_0[0]
    SLICE_X23Y147        CARRY8 (Prop_CARRY8_SLICEL_DI[1]_O[5])
                                                      0.285     5.144 r  Inst_MAC_Pipeline/arg_inferred__1/i___32_carry/O[5]
                         net (fo=2, routed)           0.808     5.952    Inst_MAC_Pipeline/arg_inferred__1/i___32_carry_n_10
    SLICE_X20Y148        LUT3 (Prop_E5LUT_SLICEM_I2_O)
                                                      0.225     6.177 r  Inst_MAC_Pipeline/i___89_carry_i_3__0/O
                         net (fo=2, routed)           0.225     6.402    Inst_MAC_Pipeline/i___89_carry_i_3__0_n_0
    SLICE_X20Y148        LUT4 (Prop_F6LUT_SLICEM_I3_O)
                                                      0.135     6.537 r  Inst_MAC_Pipeline/i___89_carry_i_11__0/O
                         net (fo=1, routed)           0.029     6.566    Inst_MAC_Pipeline/i___89_carry_i_11__0_n_0
    SLICE_X20Y148        CARRY8 (Prop_CARRY8_SLICEM_S[5]_CO[7])
                                                      0.238     6.804 r  Inst_MAC_Pipeline/arg_inferred__1/i___89_carry/CO[7]
                         net (fo=1, routed)           0.030     6.834    Inst_MAC_Pipeline/arg_inferred__1/i___89_carry_n_0
    SLICE_X20Y149        CARRY8 (Prop_CARRY8_SLICEM_CI_O[4])
                                                      0.119     6.953 r  Inst_MAC_Pipeline/arg_inferred__1/i___89_carry__0/O[4]
                         net (fo=1, routed)           0.032     6.985    Inst_MAC_Pipeline/arg_inferred__1/i___89_carry__0_n_11
    SLICE_X20Y149        FDRE                                         r  Inst_MAC_Pipeline/mult_results_reg[6][12]/D
  -------------------------------------------------------------------    -------------------

Slack:                    inf
  Source:                 kernel_in[47]
                            (input port)
  Destination:            Inst_MAC_Pipeline/mult_results_reg[5][9]/D
  Path Group:             (none)
  Path Type:              Max at Slow Process Corner
  Data Path Delay:        6.982ns  (logic 1.926ns (27.587%)  route 5.056ns (72.413%))
  Logic Levels:           9  (CARRY8=3 IBUFCTRL=1 INBUF=1 LUT3=1 LUT4=1 LUT6=2)

    Location             Delay type                Incr(ns)  Path(ns)    Netlist Resource(s)
  -------------------------------------------------------------------    -------------------
    L7                                                0.000     0.000 r  kernel_in[47] (IN)
                         net (fo=0)                   0.000     0.000    kernel_in_IBUF[47]_inst/I
    L7                   INBUF (Prop_INBUF_HPIOB_M_PAD_O)
                                                      0.497     0.497 r  kernel_in_IBUF[47]_inst/INBUF_INST/O
                         net (fo=1, routed)           0.000     0.497    kernel_in_IBUF[47]_inst/OUT
    L7                   IBUFCTRL (Prop_IBUFCTRL_HPIOB_M_I_O)
                                                      0.000     0.497 r  kernel_in_IBUF[47]_inst/IBUFCTRL_INST/O
                         net (fo=30, routed)          2.277     2.774    Inst_MAC_Pipeline/kernel_in_IBUF[47]
    SLICE_X23Y156        LUT6 (Prop_H6LUT_SLICEL_I0_O)
                                                      0.227     3.001 r  Inst_MAC_Pipeline/i___32_carry_i_14__1/O
                         net (fo=17, routed)          1.199     4.200    Inst_Sliding_Window/arg_inferred__2/i___32_carry__0_0
    SLICE_X21Y150        LUT6 (Prop_H6LUT_SLICEM_I3_O)
                                                      0.228     4.428 r  Inst_Sliding_Window/i___32_carry_i_5__1/O
                         net (fo=1, routed)           0.336     4.764    Inst_MAC_Pipeline/i___89_carry_i_16__1_0[0]
    SLICE_X22Y153        CARRY8 (Prop_CARRY8_SLICEL_DI[3]_O[4])
                                                      0.219     4.983 r  Inst_MAC_Pipeline/arg_inferred__2/i___32_carry/O[4]
                         net (fo=2, routed)           0.908     5.891    Inst_MAC_Pipeline/arg_inferred__2/i___32_carry_n_11
    SLICE_X21Y154        LUT3 (Prop_D5LUT_SLICEM_I2_O)
                                                      0.190     6.081 r  Inst_MAC_Pipeline/i___89_carry_i_4__1/O
                         net (fo=2, routed)           0.255     6.336    Inst_MAC_Pipeline/i___89_carry_i_4__1_n_0
    SLICE_X21Y154        LUT4 (Prop_E6LUT_SLICEM_I3_O)
                                                      0.223     6.559 r  Inst_MAC_Pipeline/i___89_carry_i_12__1/O
                         net (fo=1, routed)           0.018     6.577    Inst_MAC_Pipeline/i___89_carry_i_12__1_n_0
    SLICE_X21Y154        CARRY8 (Prop_CARRY8_SLICEM_S[4]_CO[7])
                                                      0.236     6.813 r  Inst_MAC_Pipeline/arg_inferred__2/i___89_carry/CO[7]
                         net (fo=1, routed)           0.030     6.843    Inst_MAC_Pipeline/arg_inferred__2/i___89_carry_n_0
    SLICE_X21Y155        CARRY8 (Prop_CARRY8_SLICEM_CI_O[1])
                                                      0.106     6.949 r  Inst_MAC_Pipeline/arg_inferred__2/i___89_carry__0/O[1]
                         net (fo=1, routed)           0.033     6.982    Inst_MAC_Pipeline/arg_inferred__2/i___89_carry__0_n_14
    SLICE_X21Y155        FDRE                                         r  Inst_MAC_Pipeline/mult_results_reg[5][9]/D
  -------------------------------------------------------------------    -------------------

Slack:                    inf
  Source:                 kernel_in[55]
                            (input port)
  Destination:            Inst_MAC_Pipeline/mult_results_reg[6][11]/D
  Path Group:             (none)
  Path Type:              Max at Slow Process Corner
  Data Path Delay:        6.982ns  (logic 1.717ns (24.598%)  route 5.265ns (75.402%))
  Logic Levels:           8  (CARRY8=3 IBUFCTRL=1 INBUF=1 LUT3=1 LUT4=1 LUT6=1)

    Location             Delay type                Incr(ns)  Path(ns)    Netlist Resource(s)
  -------------------------------------------------------------------    -------------------
    K2                                                0.000     0.000 f  kernel_in[55] (IN)
                         net (fo=0)                   0.000     0.000    kernel_in_IBUF[55]_inst/I
    K2                   INBUF (Prop_INBUF_HPIOB_M_PAD_O)
                                                      0.532     0.532 f  kernel_in_IBUF[55]_inst/INBUF_INST/O
                         net (fo=1, routed)           0.000     0.532    kernel_in_IBUF[55]_inst/OUT
    K2                   IBUFCTRL (Prop_IBUFCTRL_HPIOB_M_I_O)
                                                      0.000     0.532 f  kernel_in_IBUF[55]_inst/IBUFCTRL_INST/O
                         net (fo=30, routed)          3.005     3.537    Inst_Sliding_Window/kernel_in_IBUF[34]
    SLICE_X23Y146        LUT6 (Prop_H6LUT_SLICEL_I5_O)
                                                      0.188     3.725 r  Inst_Sliding_Window/i___0_carry_i_7__0/O
                         net (fo=2, routed)           1.134     4.859    Inst_MAC_Pipeline/mult_results_reg[6][-2]_0[0]
    SLICE_X23Y147        CARRY8 (Prop_CARRY8_SLICEL_DI[1]_O[5])
                                                      0.285     5.144 r  Inst_MAC_Pipeline/arg_inferred__1/i___32_carry/O[5]
                         net (fo=2, routed)           0.808     5.952    Inst_MAC_Pipeline/arg_inferred__1/i___32_carry_n_10
    SLICE_X20Y148        LUT3 (Prop_E5LUT_SLICEM_I2_O)
                                                      0.225     6.177 r  Inst_MAC_Pipeline/i___89_carry_i_3__0/O
                         net (fo=2, routed)           0.225     6.402    Inst_MAC_Pipeline/i___89_carry_i_3__0_n_0
    SLICE_X20Y148        LUT4 (Prop_F6LUT_SLICEM_I3_O)
                                                      0.135     6.537 r  Inst_MAC_Pipeline/i___89_carry_i_11__0/O
                         net (fo=1, routed)           0.029     6.566    Inst_MAC_Pipeline/i___89_carry_i_11__0_n_0
    SLICE_X20Y148        CARRY8 (Prop_CARRY8_SLICEM_S[5]_CO[7])
                                                      0.238     6.804 r  Inst_MAC_Pipeline/arg_inferred__1/i___89_carry/CO[7]
                         net (fo=1, routed)           0.030     6.834    Inst_MAC_Pipeline/arg_inferred__1/i___89_carry_n_0
    SLICE_X20Y149        CARRY8 (Prop_CARRY8_SLICEM_CI_O[3])
                                                      0.114     6.948 r  Inst_MAC_Pipeline/arg_inferred__1/i___89_carry__0/O[3]
                         net (fo=1, routed)           0.034     6.982    Inst_MAC_Pipeline/arg_inferred__1/i___89_carry__0_n_12
    SLICE_X20Y149        FDRE                                         r  Inst_MAC_Pipeline/mult_results_reg[6][11]/D
  -------------------------------------------------------------------    -------------------

Slack:                    inf
  Source:                 kernel_in[55]
                            (input port)
  Destination:            Inst_MAC_Pipeline/mult_results_reg[6][9]/D
  Path Group:             (none)
  Path Type:              Max at Slow Process Corner
  Data Path Delay:        6.973ns  (logic 1.709ns (24.515%)  route 5.264ns (75.485%))
  Logic Levels:           8  (CARRY8=3 IBUFCTRL=1 INBUF=1 LUT3=1 LUT4=1 LUT6=1)

    Location             Delay type                Incr(ns)  Path(ns)    Netlist Resource(s)
  -------------------------------------------------------------------    -------------------
    K2                                                0.000     0.000 f  kernel_in[55] (IN)
                         net (fo=0)                   0.000     0.000    kernel_in_IBUF[55]_inst/I
    K2                   INBUF (Prop_INBUF_HPIOB_M_PAD_O)
                                                      0.532     0.532 f  kernel_in_IBUF[55]_inst/INBUF_INST/O
                         net (fo=1, routed)           0.000     0.532    kernel_in_IBUF[55]_inst/OUT
    K2                   IBUFCTRL (Prop_IBUFCTRL_HPIOB_M_I_O)
                                                      0.000     0.532 f  kernel_in_IBUF[55]_inst/IBUFCTRL_INST/O
                         net (fo=30, routed)          3.005     3.537    Inst_Sliding_Window/kernel_in_IBUF[34]
    SLICE_X23Y146        LUT6 (Prop_H6LUT_SLICEL_I5_O)
                                                      0.188     3.725 r  Inst_Sliding_Window/i___0_carry_i_7__0/O
                         net (fo=2, routed)           1.134     4.859    Inst_MAC_Pipeline/mult_results_reg[6][-2]_0[0]
    SLICE_X23Y147        CARRY8 (Prop_CARRY8_SLICEL_DI[1]_O[5])
                                                      0.285     5.144 r  Inst_MAC_Pipeline/arg_inferred__1/i___32_carry/O[5]
                         net (fo=2, routed)           0.808     5.952    Inst_MAC_Pipeline/arg_inferred__1/i___32_carry_n_10
    SLICE_X20Y148        LUT3 (Prop_E5LUT_SLICEM_I2_O)
                                                      0.225     6.177 r  Inst_MAC_Pipeline/i___89_carry_i_3__0/O
                         net (fo=2, routed)           0.225     6.402    Inst_MAC_Pipeline/i___89_carry_i_3__0_n_0
    SLICE_X20Y148        LUT4 (Prop_F6LUT_SLICEM_I3_O)
                                                      0.135     6.537 r  Inst_MAC_Pipeline/i___89_carry_i_11__0/O
                         net (fo=1, routed)           0.029     6.566    Inst_MAC_Pipeline/i___89_carry_i_11__0_n_0
    SLICE_X20Y148        CARRY8 (Prop_CARRY8_SLICEM_S[5]_CO[7])
                                                      0.238     6.804 r  Inst_MAC_Pipeline/arg_inferred__1/i___89_carry/CO[7]
                         net (fo=1, routed)           0.030     6.834    Inst_MAC_Pipeline/arg_inferred__1/i___89_carry_n_0
    SLICE_X20Y149        CARRY8 (Prop_CARRY8_SLICEM_CI_O[1])
                                                      0.106     6.940 r  Inst_MAC_Pipeline/arg_inferred__1/i___89_carry__0/O[1]
                         net (fo=1, routed)           0.033     6.973    Inst_MAC_Pipeline/arg_inferred__1/i___89_carry__0_n_14
    SLICE_X20Y149        FDRE                                         r  Inst_MAC_Pipeline/mult_results_reg[6][9]/D
  -------------------------------------------------------------------    -------------------

Slack:                    inf
  Source:                 kernel_in[47]
                            (input port)
  Destination:            Inst_MAC_Pipeline/mult_results_reg[5][10]/D
  Path Group:             (none)
  Path Type:              Max at Slow Process Corner
  Data Path Delay:        6.970ns  (logic 1.913ns (27.448%)  route 5.057ns (72.552%))
  Logic Levels:           9  (CARRY8=3 IBUFCTRL=1 INBUF=1 LUT3=1 LUT4=1 LUT6=2)

    Location             Delay type                Incr(ns)  Path(ns)    Netlist Resource(s)
  -------------------------------------------------------------------    -------------------
    L7                                                0.000     0.000 r  kernel_in[47] (IN)
                         net (fo=0)                   0.000     0.000    kernel_in_IBUF[47]_inst/I
    L7                   INBUF (Prop_INBUF_HPIOB_M_PAD_O)
                                                      0.497     0.497 r  kernel_in_IBUF[47]_inst/INBUF_INST/O
                         net (fo=1, routed)           0.000     0.497    kernel_in_IBUF[47]_inst/OUT
    L7                   IBUFCTRL (Prop_IBUFCTRL_HPIOB_M_I_O)
                                                      0.000     0.497 r  kernel_in_IBUF[47]_inst/IBUFCTRL_INST/O
                         net (fo=30, routed)          2.277     2.774    Inst_MAC_Pipeline/kernel_in_IBUF[47]
    SLICE_X23Y156        LUT6 (Prop_H6LUT_SLICEL_I0_O)
                                                      0.227     3.001 r  Inst_MAC_Pipeline/i___32_carry_i_14__1/O
                         net (fo=17, routed)          1.199     4.200    Inst_Sliding_Window/arg_inferred__2/i___32_carry__0_0
    SLICE_X21Y150        LUT6 (Prop_H6LUT_SLICEM_I3_O)
                                                      0.228     4.428 r  Inst_Sliding_Window/i___32_carry_i_5__1/O
                         net (fo=1, routed)           0.336     4.764    Inst_MAC_Pipeline/i___89_carry_i_16__1_0[0]
    SLICE_X22Y153        CARRY8 (Prop_CARRY8_SLICEL_DI[3]_O[4])
                                                      0.219     4.983 r  Inst_MAC_Pipeline/arg_inferred__2/i___32_carry/O[4]
                         net (fo=2, routed)           0.908     5.891    Inst_MAC_Pipeline/arg_inferred__2/i___32_carry_n_11
    SLICE_X21Y154        LUT3 (Prop_D5LUT_SLICEM_I2_O)
                                                      0.190     6.081 r  Inst_MAC_Pipeline/i___89_carry_i_4__1/O
                         net (fo=2, routed)           0.255     6.336    Inst_MAC_Pipeline/i___89_carry_i_4__1_n_0
    SLICE_X21Y154        LUT4 (Prop_E6LUT_SLICEM_I3_O)
                                                      0.223     6.559 r  Inst_MAC_Pipeline/i___89_carry_i_12__1/O
                         net (fo=1, routed)           0.018     6.577    Inst_MAC_Pipeline/i___89_carry_i_12__1_n_0
    SLICE_X21Y154        CARRY8 (Prop_CARRY8_SLICEM_S[4]_CO[7])
                                                      0.236     6.813 r  Inst_MAC_Pipeline/arg_inferred__2/i___89_carry/CO[7]
                         net (fo=1, routed)           0.030     6.843    Inst_MAC_Pipeline/arg_inferred__2/i___89_carry_n_0
    SLICE_X21Y155        CARRY8 (Prop_CARRY8_SLICEM_CI_O[2])
                                                      0.093     6.936 r  Inst_MAC_Pipeline/arg_inferred__2/i___89_carry__0/O[2]
                         net (fo=1, routed)           0.034     6.970    Inst_MAC_Pipeline/arg_inferred__2/i___89_carry__0_n_13
    SLICE_X21Y155        FDRE                                         r  Inst_MAC_Pipeline/mult_results_reg[5][10]/D
  -------------------------------------------------------------------    -------------------

Slack:                    inf
  Source:                 kernel_in[55]
                            (input port)
  Destination:            Inst_MAC_Pipeline/mult_results_reg[6][10]/D
  Path Group:             (none)
  Path Type:              Max at Slow Process Corner
  Data Path Delay:        6.961ns  (logic 1.696ns (24.371%)  route 5.265ns (75.629%))
  Logic Levels:           8  (CARRY8=3 IBUFCTRL=1 INBUF=1 LUT3=1 LUT4=1 LUT6=1)

    Location             Delay type                Incr(ns)  Path(ns)    Netlist Resource(s)
  -------------------------------------------------------------------    -------------------
    K2                                                0.000     0.000 f  kernel_in[55] (IN)
                         net (fo=0)                   0.000     0.000    kernel_in_IBUF[55]_inst/I
    K2                   INBUF (Prop_INBUF_HPIOB_M_PAD_O)
                                                      0.532     0.532 f  kernel_in_IBUF[55]_inst/INBUF_INST/O
                         net (fo=1, routed)           0.000     0.532    kernel_in_IBUF[55]_inst/OUT
    K2                   IBUFCTRL (Prop_IBUFCTRL_HPIOB_M_I_O)
                                                      0.000     0.532 f  kernel_in_IBUF[55]_inst/IBUFCTRL_INST/O
                         net (fo=30, routed)          3.005     3.537    Inst_Sliding_Window/kernel_in_IBUF[34]
    SLICE_X23Y146        LUT6 (Prop_H6LUT_SLICEL_I5_O)
                                                      0.188     3.725 r  Inst_Sliding_Window/i___0_carry_i_7__0/O
                         net (fo=2, routed)           1.134     4.859    Inst_MAC_Pipeline/mult_results_reg[6][-2]_0[0]
    SLICE_X23Y147        CARRY8 (Prop_CARRY8_SLICEL_DI[1]_O[5])
                                                      0.285     5.144 r  Inst_MAC_Pipeline/arg_inferred__1/i___32_carry/O[5]
                         net (fo=2, routed)           0.808     5.952    Inst_MAC_Pipeline/arg_inferred__1/i___32_carry_n_10
    SLICE_X20Y148        LUT3 (Prop_E5LUT_SLICEM_I2_O)
                                                      0.225     6.177 r  Inst_MAC_Pipeline/i___89_carry_i_3__0/O
                         net (fo=2, routed)           0.225     6.402    Inst_MAC_Pipeline/i___89_carry_i_3__0_n_0
    SLICE_X20Y148        LUT4 (Prop_F6LUT_SLICEM_I3_O)
                                                      0.135     6.537 r  Inst_MAC_Pipeline/i___89_carry_i_11__0/O
                         net (fo=1, routed)           0.029     6.566    Inst_MAC_Pipeline/i___89_carry_i_11__0_n_0
    SLICE_X20Y148        CARRY8 (Prop_CARRY8_SLICEM_S[5]_CO[7])
                                                      0.238     6.804 r  Inst_MAC_Pipeline/arg_inferred__1/i___89_carry/CO[7]
                         net (fo=1, routed)           0.030     6.834    Inst_MAC_Pipeline/arg_inferred__1/i___89_carry_n_0
    SLICE_X20Y149        CARRY8 (Prop_CARRY8_SLICEM_CI_O[2])
                                                      0.093     6.927 r  Inst_MAC_Pipeline/arg_inferred__1/i___89_carry__0/O[2]
                         net (fo=1, routed)           0.034     6.961    Inst_MAC_Pipeline/arg_inferred__1/i___89_carry__0_n_13
    SLICE_X20Y149        FDRE                                         r  Inst_MAC_Pipeline/mult_results_reg[6][10]/D
  -------------------------------------------------------------------    -------------------

Slack:                    inf
  Source:                 kernel_in[47]
                            (input port)
  Destination:            Inst_MAC_Pipeline/mult_results_reg[5][8]/D
  Path Group:             (none)
  Path Type:              Max at Slow Process Corner
  Data Path Delay:        6.953ns  (logic 1.898ns (27.299%)  route 5.055ns (72.701%))
  Logic Levels:           9  (CARRY8=3 IBUFCTRL=1 INBUF=1 LUT3=1 LUT4=1 LUT6=2)

    Location             Delay type                Incr(ns)  Path(ns)    Netlist Resource(s)
  -------------------------------------------------------------------    -------------------
    L7                                                0.000     0.000 r  kernel_in[47] (IN)
                         net (fo=0)                   0.000     0.000    kernel_in_IBUF[47]_inst/I
    L7                   INBUF (Prop_INBUF_HPIOB_M_PAD_O)
                                                      0.497     0.497 r  kernel_in_IBUF[47]_inst/INBUF_INST/O
                         net (fo=1, routed)           0.000     0.497    kernel_in_IBUF[47]_inst/OUT
    L7                   IBUFCTRL (Prop_IBUFCTRL_HPIOB_M_I_O)
                                                      0.000     0.497 r  kernel_in_IBUF[47]_inst/IBUFCTRL_INST/O
                         net (fo=30, routed)          2.277     2.774    Inst_MAC_Pipeline/kernel_in_IBUF[47]
    SLICE_X23Y156        LUT6 (Prop_H6LUT_SLICEL_I0_O)
                                                      0.227     3.001 r  Inst_MAC_Pipeline/i___32_carry_i_14__1/O
                         net (fo=17, routed)          1.199     4.200    Inst_Sliding_Window/arg_inferred__2/i___32_carry__0_0
    SLICE_X21Y150        LUT6 (Prop_H6LUT_SLICEM_I3_O)
                                                      0.228     4.428 r  Inst_Sliding_Window/i___32_carry_i_5__1/O
                         net (fo=1, routed)           0.336     4.764    Inst_MAC_Pipeline/i___89_carry_i_16__1_0[0]
    SLICE_X22Y153        CARRY8 (Prop_CARRY8_SLICEL_DI[3]_O[4])
                                                      0.219     4.983 r  Inst_MAC_Pipeline/arg_inferred__2/i___32_carry/O[4]
                         net (fo=2, routed)           0.908     5.891    Inst_MAC_Pipeline/arg_inferred__2/i___32_carry_n_11
    SLICE_X21Y154        LUT3 (Prop_D5LUT_SLICEM_I2_O)
                                                      0.190     6.081 r  Inst_MAC_Pipeline/i___89_carry_i_4__1/O
                         net (fo=2, routed)           0.255     6.336    Inst_MAC_Pipeline/i___89_carry_i_4__1_n_0
    SLICE_X21Y154        LUT4 (Prop_E6LUT_SLICEM_I3_O)
                                                      0.223     6.559 r  Inst_MAC_Pipeline/i___89_carry_i_12__1/O
                         net (fo=1, routed)           0.018     6.577    Inst_MAC_Pipeline/i___89_carry_i_12__1_n_0
    SLICE_X21Y154        CARRY8 (Prop_CARRY8_SLICEM_S[4]_CO[7])
                                                      0.236     6.813 r  Inst_MAC_Pipeline/arg_inferred__2/i___89_carry/CO[7]
                         net (fo=1, routed)           0.030     6.843    Inst_MAC_Pipeline/arg_inferred__2/i___89_carry_n_0
    SLICE_X21Y155        CARRY8 (Prop_CARRY8_SLICEM_CI_O[0])
                                                      0.078     6.921 r  Inst_MAC_Pipeline/arg_inferred__2/i___89_carry__0/O[0]
                         net (fo=1, routed)           0.032     6.953    Inst_MAC_Pipeline/arg_inferred__2/i___89_carry__0_n_15
    SLICE_X21Y155        FDRE                                         r  Inst_MAC_Pipeline/mult_results_reg[5][8]/D
  -------------------------------------------------------------------    -------------------





Min Delay Paths
--------------------------------------------------------------------------------------
Slack:                    inf
  Source:                 Inst_Sliding_Window/window_reg[0,1][5]/C
                            (rising edge-triggered cell FDRE)
  Destination:            Inst_Sliding_Window/window_reg[0,0][5]/D
  Path Group:             (none)
  Path Type:              Min at Fast Process Corner
  Data Path Delay:        0.134ns  (logic 0.083ns (61.815%)  route 0.051ns (38.185%))
  Logic Levels:           1  (FDRE=1)

    Location             Delay type                Incr(ns)  Path(ns)    Netlist Resource(s)
  -------------------------------------------------------------------    -------------------
    SLICE_X25Y162        FDRE                         0.000     0.000 r  Inst_Sliding_Window/window_reg[0,1][5]/C
    SLICE_X25Y162        FDRE (Prop_GFF_SLICEM_C_Q)
                                                      0.083     0.083 r  Inst_Sliding_Window/window_reg[0,1][5]/Q
                         net (fo=20, routed)          0.051     0.134    Inst_Sliding_Window/window_reg[0,1][5]
    SLICE_X25Y162        FDRE                                         r  Inst_Sliding_Window/window_reg[0,0][5]/D
  -------------------------------------------------------------------    -------------------

Slack:                    inf
  Source:                 Inst_Sliding_Window/window_reg[2,1][0]/C
                            (rising edge-triggered cell FDRE)
  Destination:            Inst_Sliding_Window/window_reg[2,0][0]/D
  Path Group:             (none)
  Path Type:              Min at Fast Process Corner
  Data Path Delay:        0.134ns  (logic 0.083ns (61.815%)  route 0.051ns (38.185%))
  Logic Levels:           1  (FDRE=1)

    Location             Delay type                Incr(ns)  Path(ns)    Netlist Resource(s)
  -------------------------------------------------------------------    -------------------
    SLICE_X23Y145        FDRE                         0.000     0.000 r  Inst_Sliding_Window/window_reg[2,1][0]/C
    SLICE_X23Y145        FDRE (Prop_FFF_SLICEL_C_Q)
                                                      0.083     0.083 r  Inst_Sliding_Window/window_reg[2,1][0]/Q
                         net (fo=17, routed)          0.051     0.134    Inst_Sliding_Window/window_reg[2,1][0]_0[0]
    SLICE_X23Y145        FDRE                                         r  Inst_Sliding_Window/window_reg[2,0][0]/D
  -------------------------------------------------------------------    -------------------

Slack:                    inf
  Source:                 Inst_Sliding_Window/window_reg[2,1][3]/C
                            (rising edge-triggered cell FDRE)
  Destination:            Inst_Sliding_Window/window_reg[2,0][3]/D
  Path Group:             (none)
  Path Type:              Min at Fast Process Corner
  Data Path Delay:        0.134ns  (logic 0.083ns (61.815%)  route 0.051ns (38.185%))
  Logic Levels:           1  (FDRE=1)

    Location             Delay type                Incr(ns)  Path(ns)    Netlist Resource(s)
  -------------------------------------------------------------------    -------------------
    SLICE_X23Y144        FDRE                         0.000     0.000 r  Inst_Sliding_Window/window_reg[2,1][3]/C
    SLICE_X23Y144        FDRE (Prop_FFF_SLICEL_C_Q)
                                                      0.083     0.083 r  Inst_Sliding_Window/window_reg[2,1][3]/Q
                         net (fo=21, routed)          0.051     0.134    Inst_Sliding_Window/window_reg[2,1][3]
    SLICE_X23Y144        FDRE                                         r  Inst_Sliding_Window/window_reg[2,0][3]/D
  -------------------------------------------------------------------    -------------------

Slack:                    inf
  Source:                 Inst_MAC_Pipeline/Inst_Adder_Tree/gen_stages[1].tree_reg[1,4][7]/C
                            (rising edge-triggered cell FDRE)
  Destination:            Inst_MAC_Pipeline/Inst_Adder_Tree/gen_stages[2].tree_reg[2,2][7]/D
  Path Group:             (none)
  Path Type:              Min at Fast Process Corner
  Data Path Delay:        0.152ns  (logic 0.082ns (53.947%)  route 0.070ns (46.053%))
  Logic Levels:           1  (FDRE=1)

    Location             Delay type                Incr(ns)  Path(ns)    Netlist Resource(s)
  -------------------------------------------------------------------    -------------------
    SLICE_X24Y149        FDRE                         0.000     0.000 r  Inst_MAC_Pipeline/Inst_Adder_Tree/gen_stages[1].tree_reg[1,4][7]/C
    SLICE_X24Y149        FDRE (Prop_EFF_SLICEM_C_Q)
                                                      0.082     0.082 r  Inst_MAC_Pipeline/Inst_Adder_Tree/gen_stages[1].tree_reg[1,4][7]/Q
                         net (fo=1, routed)           0.070     0.152    Inst_MAC_Pipeline/Inst_Adder_Tree/gen_stages[1].tree_reg[1,4][11]
    SLICE_X24Y149        FDRE                                         r  Inst_MAC_Pipeline/Inst_Adder_Tree/gen_stages[2].tree_reg[2,2][7]/D
  -------------------------------------------------------------------    -------------------

Slack:                    inf
  Source:                 Inst_MAC_Pipeline/valid_sr_reg[0]/C
                            (rising edge-triggered cell FDRE)
  Destination:            Inst_MAC_Pipeline/valid_sr_reg[1]/D
  Path Group:             (none)
  Path Type:              Min at Fast Process Corner
  Data Path Delay:        0.152ns  (logic 0.082ns (53.947%)  route 0.070ns (46.053%))
  Logic Levels:           1  (FDRE=1)

    Location             Delay type                Incr(ns)  Path(ns)    Netlist Resource(s)
  -------------------------------------------------------------------    -------------------
    SLICE_X25Y142        FDRE                         0.000     0.000 r  Inst_MAC_Pipeline/valid_sr_reg[0]/C
    SLICE_X25Y142        FDRE (Prop_EFF_SLICEM_C_Q)
                                                      0.082     0.082 r  Inst_MAC_Pipeline/valid_sr_reg[0]/Q
                         net (fo=1, routed)           0.070     0.152    Inst_MAC_Pipeline/valid_sr[0]
    SLICE_X25Y142        FDRE                                         r  Inst_MAC_Pipeline/valid_sr_reg[1]/D
  -------------------------------------------------------------------    -------------------

Slack:                    inf
  Source:                 Inst_Sliding_Window/r_cnt_reg[0]/C
                            (rising edge-triggered cell FDRE)
  Destination:            Inst_Sliding_Window/r_cnt_reg[2]/D
  Path Group:             (none)
  Path Type:              Min at Fast Process Corner
  Data Path Delay:        0.153ns  (logic 0.121ns (79.090%)  route 0.032ns (20.910%))
  Logic Levels:           2  (FDRE=1 LUT3=1)

    Location             Delay type                Incr(ns)  Path(ns)    Netlist Resource(s)
  -------------------------------------------------------------------    -------------------
    SLICE_X27Y149        FDRE                         0.000     0.000 r  Inst_Sliding_Window/r_cnt_reg[0]/C
    SLICE_X27Y149        FDRE (Prop_DFF_SLICEL_C_Q)
                                                      0.084     0.084 r  Inst_Sliding_Window/r_cnt_reg[0]/Q
                         net (fo=4, routed)           0.025     0.109    Inst_Sliding_Window/r_cnt_reg_n_0_[0]
    SLICE_X27Y149        LUT3 (Prop_D5LUT_SLICEL_I2_O)
                                                      0.037     0.146 r  Inst_Sliding_Window/r_cnt[2]_i_1/O
                         net (fo=1, routed)           0.007     0.153    Inst_Sliding_Window/r_cnt[2]_i_1_n_0
    SLICE_X27Y149        FDRE                                         r  Inst_Sliding_Window/r_cnt_reg[2]/D
  -------------------------------------------------------------------    -------------------

Slack:                    inf
  Source:                 Inst_MAC_Pipeline/Inst_Adder_Tree/gen_stages[1].tree_reg[1,4][-4]/C
                            (rising edge-triggered cell FDRE)
  Destination:            Inst_MAC_Pipeline/Inst_Adder_Tree/gen_stages[2].tree_reg[2,2][-4]/D
  Path Group:             (none)
  Path Type:              Min at Fast Process Corner
  Data Path Delay:        0.153ns  (logic 0.083ns (54.248%)  route 0.070ns (45.752%))
  Logic Levels:           1  (FDRE=1)

    Location             Delay type                Incr(ns)  Path(ns)    Netlist Resource(s)
  -------------------------------------------------------------------    -------------------
    SLICE_X22Y149        FDRE                         0.000     0.000 r  Inst_MAC_Pipeline/Inst_Adder_Tree/gen_stages[1].tree_reg[1,4][-4]/C
    SLICE_X22Y149        FDRE (Prop_FFF_SLICEL_C_Q)
                                                      0.083     0.083 r  Inst_MAC_Pipeline/Inst_Adder_Tree/gen_stages[1].tree_reg[1,4][-4]/Q
                         net (fo=1, routed)           0.070     0.153    Inst_MAC_Pipeline/Inst_Adder_Tree/gen_stages[1].tree_reg[1,4][0]
    SLICE_X22Y149        FDRE                                         r  Inst_MAC_Pipeline/Inst_Adder_Tree/gen_stages[2].tree_reg[2,2][-4]/D
  -------------------------------------------------------------------    -------------------

Slack:                    inf
  Source:                 Inst_MAC_Pipeline/Inst_Adder_Tree/gen_stages[2].tree_reg[2,2][-1]/C
                            (rising edge-triggered cell FDRE)
  Destination:            Inst_MAC_Pipeline/Inst_Adder_Tree/gen_stages[3].tree_reg[3,1][-1]/D
  Path Group:             (none)
  Path Type:              Min at Fast Process Corner
  Data Path Delay:        0.153ns  (logic 0.083ns (54.248%)  route 0.070ns (45.752%))
  Logic Levels:           1  (FDRE=1)

    Location             Delay type                Incr(ns)  Path(ns)    Netlist Resource(s)
  -------------------------------------------------------------------    -------------------
    SLICE_X23Y149        FDRE                         0.000     0.000 r  Inst_MAC_Pipeline/Inst_Adder_Tree/gen_stages[2].tree_reg[2,2][-1]/C
    SLICE_X23Y149        FDRE (Prop_FFF_SLICEL_C_Q)
                                                      0.083     0.083 r  Inst_MAC_Pipeline/Inst_Adder_Tree/gen_stages[2].tree_reg[2,2][-1]/Q
                         net (fo=1, routed)           0.070     0.153    Inst_MAC_Pipeline/Inst_Adder_Tree/gen_stages[2].tree_reg[2,2][3]
    SLICE_X23Y149        FDRE                                         r  Inst_MAC_Pipeline/Inst_Adder_Tree/gen_stages[3].tree_reg[3,1][-1]/D
  -------------------------------------------------------------------    -------------------

Slack:                    inf
  Source:                 Inst_MAC_Pipeline/mult_results_reg[8][5]/C
                            (rising edge-triggered cell FDRE)
  Destination:            Inst_MAC_Pipeline/Inst_Adder_Tree/gen_stages[1].tree_reg[1,4][5]/D
  Path Group:             (none)
  Path Type:              Min at Fast Process Corner
  Data Path Delay:        0.157ns  (logic 0.082ns (52.229%)  route 0.075ns (47.771%))
  Logic Levels:           1  (FDRE=1)

    Location             Delay type                Incr(ns)  Path(ns)    Netlist Resource(s)
  -------------------------------------------------------------------    -------------------
    SLICE_X24Y150        FDRE                         0.000     0.000 r  Inst_MAC_Pipeline/mult_results_reg[8][5]/C
    SLICE_X24Y150        FDRE (Prop_FFF_SLICEM_C_Q)
                                                      0.082     0.082 r  Inst_MAC_Pipeline/mult_results_reg[8][5]/Q
                         net (fo=1, routed)           0.075     0.157    Inst_MAC_Pipeline/Inst_Adder_Tree/gen_stages[1].tree_reg[1,4][14]_0[9]
    SLICE_X25Y150        FDRE                                         r  Inst_MAC_Pipeline/Inst_Adder_Tree/gen_stages[1].tree_reg[1,4][5]/D
  -------------------------------------------------------------------    -------------------

Slack:                    inf
  Source:                 Inst_MAC_Pipeline/Inst_Adder_Tree/gen_stages[1].tree_reg[1,4][14]/C
                            (rising edge-triggered cell FDRE)
  Destination:            Inst_MAC_Pipeline/Inst_Adder_Tree/gen_stages[2].tree_reg[2,2][14]/D
  Path Group:             (none)
  Path Type:              Min at Fast Process Corner
  Data Path Delay:        0.158ns  (logic 0.083ns (52.532%)  route 0.075ns (47.468%))
  Logic Levels:           1  (FDRE=1)

    Location             Delay type                Incr(ns)  Path(ns)    Netlist Resource(s)
  -------------------------------------------------------------------    -------------------
    SLICE_X24Y151        FDRE                         0.000     0.000 r  Inst_MAC_Pipeline/Inst_Adder_Tree/gen_stages[1].tree_reg[1,4][14]/C
    SLICE_X24Y151        FDRE (Prop_HFF2_SLICEM_C_Q)
                                                      0.083     0.083 r  Inst_MAC_Pipeline/Inst_Adder_Tree/gen_stages[1].tree_reg[1,4][14]/Q
                         net (fo=1, routed)           0.075     0.158    Inst_MAC_Pipeline/Inst_Adder_Tree/gen_stages[1].tree_reg[1,4][18]
    SLICE_X23Y151        FDRE                                         r  Inst_MAC_Pipeline/Inst_Adder_Tree/gen_stages[2].tree_reg[2,2][14]/D
  -------------------------------------------------------------------    -------------------





