

================================================================
== Synthesis Summary Report of 'hls_passthrough'
================================================================
+ General Information: 
    * Date:           Fri Jun 19 11:20:54 2026
    * Version:        2025.2 (Build 6295257 on Nov 14 2025)
    * Project:        hls_passthrough
    * Solution:       hls (Vivado IP Flow Target)
    * Product family: zynquplus
    * Target device:  xck26-sfvc784-2LV-c
    

* Performance & Resource Estimates: 
+-------------------+------+---------------+----------+---------+------+----------+---------+--------+------+------+----+----------+----------+-----+
|      Modules      | Issue|               | Iteration|         | Trip |          |      Latency     |      |      |    |          |          |     |
|      & Loops      | Type | Violation Type|  Latency | Interval| Count| Pipelined| (cycles)|  (ns)  | Slack| BRAM | DSP|    FF    |    LUT   | URAM|
+-------------------+------+---------------+----------+---------+------+----------+---------+--------+------+------+----+----------+----------+-----+
|+ hls_passthrough  |     -|              -|         -|        1|     -|       yes|        1|  10.000|  6.72|     -|   -|  38 (~0%)|  66 (~0%)|    -|
+-------------------+------+---------------+----------+---------+------+----------+---------+--------+------+------+----+----------+----------+-----+
    Name Prefix: '+' for module, 'o' for loop, '*' for dataflow


================================================================
== HW Interfaces
================================================================
* S_AXILITE Interfaces
+---------------+------------+---------------+
| Interface     | Data Width | Address Width |
+---------------+------------+---------------+
| s_axi_control | 32         | 4             |
+---------------+------------+---------------+

* S_AXILITE Registers
+---------------+----------+--------+-------+--------+----------------------------------+----------------------------------------------------------------------+
| Interface     | Register | Offset | Width | Access | Description                      | Bit Fields                                                           |
+---------------+----------+--------+-------+--------+----------------------------------+----------------------------------------------------------------------+
| s_axi_control | CTRL     | 0x00   | 32    | RW     | Control signals                  | 0=AP_START 1=AP_DONE 2=AP_IDLE 3=AP_READY 7=AUTO_RESTART 9=INTERRUPT |
| s_axi_control | GIER     | 0x04   | 32    | RW     | Global Interrupt Enable Register | 0=Enable                                                             |
| s_axi_control | IP_IER   | 0x08   | 32    | RW     | IP Interrupt Enable Register     | 0=CHAN0_INT_EN 1=CHAN1_INT_EN                                        |
| s_axi_control | IP_ISR   | 0x0c   | 32    | RW     | IP Interrupt Status Register     | 0=CHAN0_INT_ST 1=CHAN1_INT_ST                                        |
+---------------+----------+--------+-------+--------+----------------------------------+----------------------------------------------------------------------+

* AXIS
+------------+-----------+---------------+-------+-------+-------+--------+-------+-------+--------+
| Interface  | Direction | Register Mode | TDATA | TKEEP | TLAST | TREADY | TSTRB | TUSER | TVALID |
+------------+-----------+---------------+-------+-------+-------+--------+-------+-------+--------+
| in_stream  | in        | both          | 32    | 4     | 1     | 1      | 4     | 1     | 1      |
| out_stream | out       | both          | 32    | 4     | 1     | 1      | 4     | 1     | 1      |
+------------+-----------+---------------+-------+-------+-------+--------+-------+-------+--------+

* TOP LEVEL CONTROL
+-----------+------------+-----------+
| Interface | Type       | Ports     |
+-----------+------------+-----------+
| ap_clk    | clock      | ap_clk    |
| ap_rst_n  | reset      | ap_rst_n  |
| interrupt | interrupt  | interrupt |
| ap_ctrl   | ap_ctrl_hs |           |
+-----------+------------+-----------+


================================================================
== SW I/O Information
================================================================
* Top Function Arguments
+------------+-----------+------------------------------------------------------------------------------+
| Argument   | Direction | Datatype                                                                     |
+------------+-----------+------------------------------------------------------------------------------+
| in_stream  | in        | stream<hls::axis<ap_uint<32>, 1UL, 0UL, 0UL, (unsigned char)'8', false>, 0>& |
| out_stream | out       | stream<hls::axis<ap_uint<32>, 1UL, 0UL, 0UL, (unsigned char)'8', false>, 0>& |
+------------+-----------+------------------------------------------------------------------------------+

* SW-to-HW Mapping
+------------+--------------+-----------+
| Argument   | HW Interface | HW Type   |
+------------+--------------+-----------+
| in_stream  | in_stream    | interface |
| out_stream | out_stream   | interface |
+------------+--------------+-----------+


================================================================
== Bind Op Report
================================================================
  No bind op info in design

================================================================
== Storage Report
================================================================
+-------------------+-----------+-----------+------+------+--------+----------+------+---------+------------------+
| Name              | Usage     | Type      | BRAM | URAM | Pragma | Variable | Impl | Latency | Bitwidth, Depth, |
|                   |           |           |      |      |        |          |      |         | Banks            |
+-------------------+-----------+-----------+------+------+--------+----------+------+---------+------------------+
| + hls_passthrough |           |           | 0    | 0    |        |          |      |         |                  |
|   control_s_axi_U | interface | s_axilite |      |      |        |          |      |         |                  |
+-------------------+-----------+-----------+------+------+--------+----------+------+---------+------------------+


================================================================
== Pragma Report
================================================================
* Ignored Pragmas
+-----------+------------------------------------------+---------------------------------------------+---------------------------------------------------------------------------+
| Type      | Options                                  | Location                                    | Messages                                                                  |
+-----------+------------------------------------------+---------------------------------------------+---------------------------------------------------------------------------+
| INTERFACE | s_axilite port=in_stream bundle=control  | in hls_passthrough (hls_passthrough.cpp:12) | Unsupported interface port data type in '#pragma HLS interface s_axilite' |
| INTERFACE | s_axilite port=out_stream bundle=control | in hls_passthrough (hls_passthrough.cpp:13) | Unsupported interface port data type in '#pragma HLS interface s_axilite' |
+-----------+------------------------------------------+---------------------------------------------+---------------------------------------------------------------------------+

* Valid Pragma Syntax
+-----------+--------------------------------------+-----------------------------------------------------------------------------+
| Type      | Options                              | Location                                                                    |
+-----------+--------------------------------------+-----------------------------------------------------------------------------+
| INLINE    |                                      | in color_pixel<num_channels, pixel_width> (../hls_video_types.hpp:43)       |
| UNROLL    |                                      | in color_pixel<num_channels, pixel_width> (../hls_video_types.hpp:45)       |
| INLINE    |                                      | in color_pixel<num_channels, pixel_width> (../hls_video_types.hpp:57)       |
| UNROLL    |                                      | in color_pixel<num_channels, pixel_width> (../hls_video_types.hpp:59)       |
| INLINE    |                                      | in color_pixel<num_channels, pixel_width> (../hls_video_types.hpp:72)       |
| UNROLL    |                                      | in color_pixel<num_channels, pixel_width> (../hls_video_types.hpp:75)       |
| INLINE    |                                      | in operator ap_uint<num_channels * pixel_width> (../hls_video_types.hpp:87) |
| UNROLL    |                                      | in operator ap_uint<num_channels * pixel_width> (../hls_video_types.hpp:90) |
| INLINE    |                                      | in operator unsigned int (../hls_video_types.hpp:102)                       |
| INTERFACE | axis port=in_stream                  | in hls_passthrough (hls_passthrough.cpp:8)                                  |
| INTERFACE | axis port=out_stream                 | in hls_passthrough (hls_passthrough.cpp:9)                                  |
| INTERFACE | s_axilite port=return bundle=control | in hls_passthrough (hls_passthrough.cpp:14)                                 |
| PIPELINE  | ii=1                                 | in hls_passthrough (hls_passthrough.cpp:16)                                 |
+-----------+--------------------------------------+-----------------------------------------------------------------------------+


