

================================================================
== Vitis HLS Report for 'hls_hsv_2_rgb'
================================================================
* Date:           Mon Jun 22 13:03:43 2026

* Version:        2025.2 (Build 6295257 on Nov 14 2025)
* Project:        hls_hsv_2_rgb
* Solution:       hls (Vivado IP Flow Target)
* Product family: zynquplus
* Target device:  xck26-sfvc784-2LV-c


================================================================
== Performance Estimates
================================================================
+ Timing: 
    * Summary: 
    +--------+----------+----------+------------+
    |  Clock |  Target  | Estimated| Uncertainty|
    +--------+----------+----------+------------+
    |ap_clk  |  10.00 ns|  6.317 ns|     2.70 ns|
    +--------+----------+----------+------------+

+ Latency: 
    * Summary: 
    +---------+---------+-----------+-----------+-----+-----+---------+
    |  Latency (cycles) |   Latency (absolute)  |  Interval | Pipeline|
    |   min   |   max   |    min    |    max    | min | max |   Type  |
    +---------+---------+-----------+-----------+-----+-----+---------+
    |        2|        2|  20.000 ns|  20.000 ns|    1|    1|      yes|
    +---------+---------+-----------+-----------+-----+-----+---------+

    + Detail: 
        * Instance: 
        N/A

        * Loop: 
        N/A



================================================================
== Utilization Estimates
================================================================
* Summary: 
+-----------------+---------+------+--------+--------+-----+
|       Name      | BRAM_18K|  DSP |   FF   |   LUT  | URAM|
+-----------------+---------+------+--------+--------+-----+
|DSP              |        -|     -|       -|       -|    -|
|Expression       |        -|     -|       0|     362|    -|
|FIFO             |        -|     -|       -|       -|    -|
|Instance         |        0|     1|      36|     287|    0|
|Memory           |        -|     -|       -|       -|    -|
|Multiplexer      |        -|     -|       0|      18|    -|
|Register         |        -|     -|      34|       -|    -|
+-----------------+---------+------+--------+--------+-----+
|Total            |        0|     1|      70|     667|    0|
+-----------------+---------+------+--------+--------+-----+
|Available        |      288|  1248|  234240|  117120|   64|
+-----------------+---------+------+--------+--------+-----+
|Utilization (%)  |        0|    ~0|      ~0|      ~0|    0|
+-----------------+---------+------+--------+--------+-----+

+ Detail: 
    * Instance: 
    +------------------------+---------------------+---------+----+----+----+-----+
    |        Instance        |        Module       | BRAM_18K| DSP| FF | LUT| URAM|
    +------------------------+---------------------+---------+----+----+----+-----+
    |control_s_axi_U         |control_s_axi        |        0|   0|  36|  40|    0|
    |mul_8ns_13ns_19_1_1_U1  |mul_8ns_13ns_19_1_1  |        0|   1|   0|   5|    0|
    |mul_8ns_8ns_16_1_1_U2   |mul_8ns_8ns_16_1_1   |        0|   0|   0|  40|    0|
    |mul_8ns_8ns_16_1_1_U3   |mul_8ns_8ns_16_1_1   |        0|   0|   0|  40|    0|
    |mul_8ns_8ns_16_1_1_U4   |mul_8ns_8ns_16_1_1   |        0|   0|   0|  40|    0|
    |mul_8ns_8ns_16_1_1_U5   |mul_8ns_8ns_16_1_1   |        0|   0|   0|  40|    0|
    |mul_8ns_8ns_16_1_1_U6   |mul_8ns_8ns_16_1_1   |        0|   0|   0|  40|    0|
    |sparsemux_9_3_8_1_1_U7  |sparsemux_9_3_8_1_1  |        0|   0|   0|  14|    0|
    |sparsemux_9_3_8_1_1_U8  |sparsemux_9_3_8_1_1  |        0|   0|   0|  14|    0|
    |sparsemux_9_3_8_1_1_U9  |sparsemux_9_3_8_1_1  |        0|   0|   0|  14|    0|
    +------------------------+---------------------+---------+----+----+----+-----+
    |Total                   |                     |        0|   1|  36| 287|    0|
    +------------------------+---------------------+---------+----+----+----+-----+

    * DSP: 
    N/A

    * Memory: 
    N/A

    * FIFO: 
    N/A

    * Expression: 
    +--------------------------------+----------+----+---+----+------------+------------+
    |          Variable Name         | Operation| DSP| FF| LUT| Bitwidth P0| Bitwidth P1|
    +--------------------------------+----------+----+---+----+------------+------------+
    |add_ln51_1_fu_292_p2            |         +|   0|  0|  16|          16|          16|
    |add_ln51_fu_272_p2              |         +|   0|  0|  16|          16|           1|
    |add_ln53_1_fu_340_p2            |         +|   0|  0|  16|          16|          16|
    |add_ln53_fu_320_p2              |         +|   0|  0|  16|          16|           1|
    |add_ln54_1_fu_392_p2            |         +|   0|  0|  16|          16|          16|
    |add_ln54_fu_372_p2              |         +|   0|  0|  16|          16|           1|
    |add_ln56_1_fu_443_p2            |         +|   0|  0|  16|          16|          16|
    |add_ln56_fu_423_p2              |         +|   0|  0|  16|          16|           1|
    |add_ln57_1_fu_495_p2            |         +|   0|  0|  16|          16|          16|
    |add_ln57_fu_475_p2              |         +|   0|  0|  16|          16|           1|
    |f_fu_233_p2                     |         +|   0|  0|  15|           8|           8|
    |sub_ln39_1_fu_191_p2            |         -|   0|  0|  15|           8|           8|
    |sub_ln39_fu_205_p2              |         -|   0|  0|  16|           9|           9|
    |and_ln60_1_fu_533_p2            |       and|   0|  0|   2|           1|           1|
    |and_ln60_2_fu_555_p2            |       and|   0|  0|   2|           1|           1|
    |and_ln60_3_fu_594_p2            |       and|   0|  0|   2|           1|           1|
    |and_ln60_4_fu_605_p2            |       and|   0|  0|   2|           1|           1|
    |and_ln60_5_fu_656_p2            |       and|   0|  0|   2|           1|           1|
    |and_ln60_6_fu_680_p2            |       and|   0|  0|   2|           1|           1|
    |and_ln60_fu_522_p2              |       and|   0|  0|   2|           1|           1|
    |icmp_ln25_fu_137_p2             |      icmp|   0|  0|  15|           8|           8|
    |icmp_ln29_fu_249_p2             |      icmp|   0|  0|  15|           8|           1|
    |icmp_ln60_1_fu_528_p2           |      icmp|   0|  0|  12|           3|           4|
    |icmp_ln60_2_fu_539_p2           |      icmp|   0|  0|  10|           3|           2|
    |icmp_ln60_3_fu_544_p2           |      icmp|   0|  0|  10|           3|           2|
    |icmp_ln60_4_fu_600_p2           |      icmp|   0|  0|  10|           3|           1|
    |icmp_ln60_fu_511_p2             |      icmp|   0|  0|  10|           3|           1|
    |ap_block_pp0_stage0_01001_grp1  |        or|   0|  0|   2|           1|           1|
    |ap_block_pp0_stage0_11001       |        or|   0|  0|   2|           1|           1|
    |or_ln60_1_fu_611_p2             |        or|   0|  0|   2|           1|           1|
    |or_ln60_2_fu_617_p2             |        or|   0|  0|   2|           1|           1|
    |or_ln60_3_fu_662_p2             |        or|   0|  0|   2|           1|           1|
    |or_ln60_4_fu_668_p2             |        or|   0|  0|   2|           1|           1|
    |or_ln60_5_fu_674_p2             |        or|   0|  0|   2|           1|           1|
    |or_ln60_fu_549_p2               |        or|   0|  0|   2|           1|           1|
    |h_1_fu_143_p3                   |    select|   0|  0|   8|           1|           1|
    |ap_enable_pp0                   |       xor|   0|  0|   2|           1|           2|
    |xor_ln29_fu_516_p2              |       xor|   0|  0|   2|           1|           2|
    |xor_ln51_fu_254_p2              |       xor|   0|  0|   8|           8|           2|
    |xor_ln54_fu_356_p2              |       xor|   0|  0|   8|           8|           2|
    |xor_ln56_fu_408_p2              |       xor|   0|  0|   8|           8|           2|
    |xor_ln57_fu_459_p2              |       xor|   0|  0|   8|           8|           2|
    +--------------------------------+----------+----+---+----+------------+------------+
    |Total                           |          |   0|  0| 362|         266|         157|
    +--------------------------------+----------+----+---+----+------------+------------+

    * Multiplexer: 
    +------------------------+----+-----------+-----+-----------+
    |          Name          | LUT| Input Size| Bits| Total Bits|
    +------------------------+----+-----------+-----+-----------+
    |in_stream_TDATA_blk_n   |   9|          2|    1|          2|
    |out_stream_TDATA_blk_n  |   9|          2|    1|          2|
    +------------------------+----+-----------+-----+-----------+
    |Total                   |  18|          4|    2|          4|
    +------------------------+----+-----------+-----+-----------+

    * Register: 
    +-------------------------------------------------+---+----+-----+-----------+
    |                       Name                      | FF| LUT| Bits| Const Bits|
    +-------------------------------------------------+---+----+-----+-----------+
    |ap_CS_fsm                                        |  1|   0|    1|          0|
    |ap_block_pp0_stage0_subdone_grp1_done_reg        |  1|   0|    1|          0|
    |ap_block_pp0_stage0_subdone_grp1_done_reg_iter0  |  1|   0|    1|          0|
    |ap_enable_reg_pp0_iter1                          |  1|   0|    1|          0|
    |ap_enable_reg_pp0_iter2                          |  1|   0|    1|          0|
    |f_reg_759                                        |  8|   0|    8|          0|
    |in_packet_data_3_reg_735                         |  8|   0|    8|          0|
    |in_packet_data_4_reg_742                         |  8|   0|    8|          0|
    |region_reg_750                                   |  3|   0|    3|          0|
    |tmp_1_reg_765                                    |  2|   0|    2|          0|
    +-------------------------------------------------+---+----+-----+-----------+
    |Total                                            | 34|   0|   34|          0|
    +-------------------------------------------------+---+----+-----+-----------+



================================================================
== Interface
================================================================
* Summary: 
+-----------------------+-----+-----+--------------+---------------+--------------+
|       RTL Ports       | Dir | Bits|   Protocol   | Source Object |    C Type    |
+-----------------------+-----+-----+--------------+---------------+--------------+
|s_axi_control_AWVALID  |   in|    1|         s_axi|        control|   return void|
|s_axi_control_AWREADY  |  out|    1|         s_axi|        control|   return void|
|s_axi_control_AWADDR   |   in|    4|         s_axi|        control|   return void|
|s_axi_control_WVALID   |   in|    1|         s_axi|        control|   return void|
|s_axi_control_WREADY   |  out|    1|         s_axi|        control|   return void|
|s_axi_control_WDATA    |   in|   32|         s_axi|        control|   return void|
|s_axi_control_WSTRB    |   in|    4|         s_axi|        control|   return void|
|s_axi_control_ARVALID  |   in|    1|         s_axi|        control|   return void|
|s_axi_control_ARREADY  |  out|    1|         s_axi|        control|   return void|
|s_axi_control_ARADDR   |   in|    4|         s_axi|        control|   return void|
|s_axi_control_RVALID   |  out|    1|         s_axi|        control|   return void|
|s_axi_control_RREADY   |   in|    1|         s_axi|        control|   return void|
|s_axi_control_RDATA    |  out|   32|         s_axi|        control|   return void|
|s_axi_control_RRESP    |  out|    2|         s_axi|        control|   return void|
|s_axi_control_BVALID   |  out|    1|         s_axi|        control|   return void|
|s_axi_control_BREADY   |   in|    1|         s_axi|        control|   return void|
|s_axi_control_BRESP    |  out|    2|         s_axi|        control|   return void|
|ap_clk                 |   in|    1|  ap_ctrl_none|  hls_hsv_2_rgb|  return value|
|ap_rst_n               |   in|    1|  ap_ctrl_none|  hls_hsv_2_rgb|  return value|
|in_stream_TDATA        |   in|   32|          axis|      in_stream|       pointer|
|in_stream_TVALID       |   in|    1|          axis|      in_stream|       pointer|
|in_stream_TREADY       |  out|    1|          axis|      in_stream|       pointer|
|out_stream_TDATA       |  out|   32|          axis|     out_stream|       pointer|
|out_stream_TVALID      |  out|    1|          axis|     out_stream|       pointer|
|out_stream_TREADY      |   in|    1|          axis|     out_stream|       pointer|
+-----------------------+-----+-----+--------------+---------------+--------------+

