

================================================================
== Vitis HLS Report for 'MultiPixStream2AXIvideo_Pipeline_VITIS_LOOP_376_3'
================================================================
* Date:           Thu Jul  2 13:11:32 2026

* Version:        2025.2 (Build 6295257 on Nov 14 2025)
* Project:        prj
* Solution:       sol (Vivado IP Flow Target)
* Product family: zynquplus
* Target device:  xck26-sfvc784-2LV-c


================================================================
== Performance Estimates
================================================================
+ Timing: 
    * Summary: 
    +--------+----------+----------+------------+
    |  Clock |  Target  | Estimated| Uncertainty|
    +--------+----------+----------+------------+
    |ap_clk  |  10.00 ns|  2.740 ns|     2.70 ns|
    +--------+----------+----------+------------+

+ Latency: 
    * Summary: 
    +---------+---------+-----------+-----------+-----+-----+-------------------+
    |  Latency (cycles) |   Latency (absolute)  |  Interval |      Pipeline     |
    |   min   |   max   |    min    |    max    | min | max |        Type       |
    +---------+---------+-----------+-----------+-----+-----+-------------------+
    |        3|     1923|  30.000 ns|  19.230 us|    0|    0|  loop pipeline stp|
    +---------+---------+-----------+-----------+-----+-----+-------------------+

    + Detail: 
        * Instance: 
        N/A

        * Loop: 
        +--------------------+---------+---------+----------+-----------+-----------+----------+----------+
        |                    |  Latency (cycles) | Iteration|  Initiation Interval  |   Trip   |          |
        |      Loop Name     |   min   |   max   |  Latency |  achieved |   target  |   Count  | Pipelined|
        +--------------------+---------+---------+----------+-----------+-----------+----------+----------+
        |- VITIS_LOOP_376_3  |        1|     1921|         2|          1|          1|  0 ~ 1920|       yes|
        +--------------------+---------+---------+----------+-----------+-----------+----------+----------+



================================================================
== Utilization Estimates
================================================================
* Summary: 
+-----------------+---------+------+--------+--------+-----+
|       Name      | BRAM_18K|  DSP |   FF   |   LUT  | URAM|
+-----------------+---------+------+--------+--------+-----+
|DSP              |        -|     -|       -|       -|    -|
|Expression       |        -|     -|       0|      63|    -|
|FIFO             |        -|     -|       -|       -|    -|
|Instance         |        -|     -|       0|      27|    -|
|Memory           |        -|     -|       -|       -|    -|
|Multiplexer      |        -|     -|       0|      63|    -|
|Register         |        -|     -|      18|       -|    -|
+-----------------+---------+------+--------+--------+-----+
|Total            |        0|     0|      18|     153|    0|
+-----------------+---------+------+--------+--------+-----+
|Available        |      288|  1248|  234240|  117120|   64|
+-----------------+---------+------+--------+--------+-----+
|Utilization (%)  |        0|     0|      ~0|      ~0|    0|
+-----------------+---------+------+--------+--------+-----+

+ Detail: 
    * Instance: 
    +-------------------------+---------------------+---------+----+---+----+-----+
    |         Instance        |        Module       | BRAM_18K| DSP| FF| LUT| URAM|
    +-------------------------+---------------------+---------+----+---+----+-----+
    |sparsemux_7_2_8_1_1_U64  |sparsemux_7_2_8_1_1  |        0|   0|  0|   9|    0|
    |sparsemux_7_2_8_1_1_U65  |sparsemux_7_2_8_1_1  |        0|   0|  0|   9|    0|
    |sparsemux_7_2_8_1_1_U66  |sparsemux_7_2_8_1_1  |        0|   0|  0|   9|    0|
    +-------------------------+---------------------+---------+----+---+----+-----+
    |Total                    |                     |        0|   0|  0|  27|    0|
    +-------------------------+---------------------+---------+----+---+----+-----+

    * DSP: 
    N/A

    * Memory: 
    N/A

    * FIFO: 
    N/A

    * Expression: 
    +---------------------------------------+----------+----+---+----+------------+------------+
    |             Variable Name             | Operation| DSP| FF| LUT| Bitwidth P0| Bitwidth P1|
    +---------------------------------------+----------+----+---+----+------------+------------+
    |j_2_fu_203_p2                          |         +|   0|  0|  18|          11|           1|
    |ap_block_pp0_stage0_01001_grp1         |       and|   0|  0|   2|           1|           1|
    |ap_condition_246                       |       and|   0|  0|   2|           1|           1|
    |icmp_ln376_fu_197_p2                   |      icmp|   0|  0|  18|          11|          11|
    |icmp_ln392_fu_213_p2                   |      icmp|   0|  0|  19|          12|          12|
    |ap_block_state2_pp0_stage0_iter1_grp1  |        or|   0|  0|   2|           1|           1|
    |ap_enable_pp0                          |       xor|   0|  0|   2|           1|           2|
    +---------------------------------------+----------+----+---+----+------------+------------+
    |Total                                  |          |   0|  0|  63|          38|          29|
    +---------------------------------------+----------+----+---+----+------------+------------+

    * Multiplexer: 
    +----------------------------------+----+-----------+-----+-----------+
    |               Name               | LUT| Input Size| Bits| Total Bits|
    +----------------------------------+----+-----------+-----+-----------+
    |ap_done_int                       |   9|          2|    1|          2|
    |ap_loop_exit_ready_pp0_iter1_reg  |   9|          2|    1|          2|
    |ap_sig_allocacmp_j_1              |   9|          2|   11|         22|
    |img_blk_n                         |   9|          2|    1|          2|
    |j_fu_102                          |   9|          2|   11|         22|
    |m_axis_video_TDATA_blk_n          |   9|          2|    1|          2|
    |sof_1_reg_177                     |   9|          2|    1|          2|
    +----------------------------------+----+-----------+-----+-----------+
    |Total                             |  63|         14|   27|         54|
    +----------------------------------+----+-----------+-----+-----------+

    * Register: 
    +----------------------------------+----+----+-----+-----------+
    |               Name               | FF | LUT| Bits| Const Bits|
    +----------------------------------+----+----+-----+-----------+
    |ap_CS_fsm                         |   1|   0|    1|          0|
    |ap_done_reg                       |   1|   0|    1|          0|
    |ap_enable_reg_pp0_iter1           |   1|   0|    1|          0|
    |ap_loop_exit_ready_pp0_iter1_reg  |   1|   0|    1|          0|
    |icmp_ln376_reg_343                |   1|   0|    1|          0|
    |icmp_ln392_reg_347                |   1|   0|    1|          0|
    |j_fu_102                          |  11|   0|   11|          0|
    |sof_1_reg_177                     |   1|   0|    1|          0|
    +----------------------------------+----+----+-----+-----------+
    |Total                             |  18|   0|   18|          0|
    +----------------------------------+----+----+-----+-----------+



================================================================
== Interface
================================================================
* Summary: 
+---------------------+-----+-----+------------+---------------------------------------------------+--------------+
|      RTL Ports      | Dir | Bits|  Protocol  |                   Source Object                   |    C Type    |
+---------------------+-----+-----+------------+---------------------------------------------------+--------------+
|ap_clk               |   in|    1|  ap_ctrl_hs|  MultiPixStream2AXIvideo_Pipeline_VITIS_LOOP_376_3|  return value|
|ap_rst               |   in|    1|  ap_ctrl_hs|  MultiPixStream2AXIvideo_Pipeline_VITIS_LOOP_376_3|  return value|
|ap_start             |   in|    1|  ap_ctrl_hs|  MultiPixStream2AXIvideo_Pipeline_VITIS_LOOP_376_3|  return value|
|ap_done              |  out|    1|  ap_ctrl_hs|  MultiPixStream2AXIvideo_Pipeline_VITIS_LOOP_376_3|  return value|
|ap_idle              |  out|    1|  ap_ctrl_hs|  MultiPixStream2AXIvideo_Pipeline_VITIS_LOOP_376_3|  return value|
|ap_ready             |  out|    1|  ap_ctrl_hs|  MultiPixStream2AXIvideo_Pipeline_VITIS_LOOP_376_3|  return value|
|img_dout             |   in|   24|     ap_fifo|                                                img|       pointer|
|img_empty_n          |   in|    1|     ap_fifo|                                                img|       pointer|
|img_read             |  out|    1|     ap_fifo|                                                img|       pointer|
|img_num_data_valid   |   in|    3|     ap_fifo|                                                img|       pointer|
|img_fifo_cap         |   in|    3|     ap_fifo|                                                img|       pointer|
|m_axis_video_TREADY  |   in|    1|        axis|                              m_axis_video_V_data_V|       pointer|
|m_axis_video_TDATA   |  out|   24|        axis|                              m_axis_video_V_data_V|       pointer|
|sof                  |   in|    1|     ap_none|                                                sof|        scalar|
|cols                 |   in|   11|     ap_none|                                               cols|        scalar|
|add_ln392            |   in|   12|     ap_none|                                          add_ln392|        scalar|
|empty_53             |   in|    2|     ap_none|                                           empty_53|        scalar|
|empty_54             |   in|    2|     ap_none|                                           empty_54|        scalar|
|empty                |   in|    2|     ap_none|                                              empty|        scalar|
|m_axis_video_TVALID  |  out|    1|        axis|                              m_axis_video_V_dest_V|       pointer|
|m_axis_video_TDEST   |  out|    1|        axis|                              m_axis_video_V_dest_V|       pointer|
|m_axis_video_TKEEP   |  out|    3|        axis|                              m_axis_video_V_keep_V|       pointer|
|m_axis_video_TSTRB   |  out|    3|        axis|                              m_axis_video_V_strb_V|       pointer|
|m_axis_video_TUSER   |  out|    1|        axis|                              m_axis_video_V_user_V|       pointer|
|m_axis_video_TLAST   |  out|    1|        axis|                              m_axis_video_V_last_V|       pointer|
|m_axis_video_TID     |  out|    1|        axis|                                m_axis_video_V_id_V|       pointer|
+---------------------+-----+-----+------------+---------------------------------------------------+--------------+

============================================================
+ Verbose Summary: Synthesis Manager
============================================================
InlineROM: 1
ExposeGlobal: 0
============================================================
+ Verbose Summary: CDFG Model
============================================================
IsTopModel: 0
ResetActiveHigh: 1
IsCombinational: 2
IsDatapathOnly: 2
HasWiredReturn: 1
HasMFsm: 2
HasVarLatency: 1
IsPipeline: 0
IsRtlPipelined: 0
IsInstanceOverlapped: 0
IsDontTouch: 0
HasImplIP: 0
IsGatedGlobalClock: 0

+ Individual pipeline summary: 
  * Pipeline-0: initiation interval (II) = 1, depth = 2


============================================================
+ Verbose Summary: Schedule
============================================================
* Number of FSM states : 2
* Pipeline : 1
  Pipeline-0 : II = 1, D = 2, States = { 1 2 }
* Dataflow Pipeline: 0

* FSM state transitions: 
1 --> 2 
2 --> 

* FSM state operations: 

State 1 <SV = 0> <Delay = 1.65>
ST_1 : Operation 5 [1/1] (0.00ns)   --->   "%j = alloca i32 1" [D:/Repos/_DP/DP/Vivado/KriaTester/KriaTester.runs/design_1_v_frmbuf_rd_0_0_synth_1/prj/sol/.autopilot/db/v_frmbuf_rd.cpp:376]   --->   Operation 5 'alloca' 'j' <Predicate = true> <Delay = 0.00>
ST_1 : Operation 6 [1/1] (0.00ns)   --->   "%specaxissidechannel_ln0 = specaxissidechannel void @_ssdm_op_SpecAXISSideChannel, i24 %m_axis_video_V_data_V, i3 %m_axis_video_V_keep_V, i3 %m_axis_video_V_strb_V, i1 %m_axis_video_V_user_V, i1 %m_axis_video_V_last_V, i1 %m_axis_video_V_id_V, i1 %m_axis_video_V_dest_V, void @empty_10"   --->   Operation 6 'specaxissidechannel' 'specaxissidechannel_ln0' <Predicate = true> <Delay = 0.00>
ST_1 : Operation 7 [1/1] (0.00ns)   --->   "%specinterface_ln0 = specinterface void @_ssdm_op_SpecInterface, i1 %m_axis_video_V_dest_V, i1 %m_axis_video_V_id_V, i1 %m_axis_video_V_last_V, i1 %m_axis_video_V_user_V, i3 %m_axis_video_V_strb_V, i3 %m_axis_video_V_keep_V, i24 %m_axis_video_V_data_V, void @empty_8, i32 0, i32 0, void @empty_9, i32 0, i32 0, void @empty_25, void @empty_25, void @empty_25, i32 0, i32 0, i32 0, i32 0, void @empty_25, void @empty_25, i32 4294967295, i32 0, i32 0, i32 0"   --->   Operation 7 'specinterface' 'specinterface_ln0' <Predicate = true> <Delay = 0.00>
ST_1 : Operation 8 [1/1] (0.00ns)   --->   "%specinterface_ln0 = specinterface void @_ssdm_op_SpecInterface, i24 %img, void @empty_29, i32 0, i32 0, void @empty_25, i32 0, i32 0, void @empty_25, void @empty_25, void @empty_25, i32 0, i32 0, i32 0, i32 0, void @empty_25, void @empty_25, i32 4294967295, i32 0, i32 0, i32 0"   --->   Operation 8 'specinterface' 'specinterface_ln0' <Predicate = true> <Delay = 0.00>
ST_1 : Operation 9 [1/1] (0.00ns)   --->   "%tmp = read i2 @_ssdm_op_Read.ap_auto.i2, i2 %empty"   --->   Operation 9 'read' 'tmp' <Predicate = true> <Delay = 0.00>
ST_1 : Operation 10 [1/1] (0.00ns)   --->   "%tmp_2 = read i2 @_ssdm_op_Read.ap_auto.i2, i2 %empty_54"   --->   Operation 10 'read' 'tmp_2' <Predicate = true> <Delay = 0.00>
ST_1 : Operation 11 [1/1] (0.00ns)   --->   "%tmp_3 = read i2 @_ssdm_op_Read.ap_auto.i2, i2 %empty_53"   --->   Operation 11 'read' 'tmp_3' <Predicate = true> <Delay = 0.00>
ST_1 : Operation 12 [1/1] (0.00ns)   --->   "%add_ln392_read = read i12 @_ssdm_op_Read.ap_auto.i12, i12 %add_ln392"   --->   Operation 12 'read' 'add_ln392_read' <Predicate = true> <Delay = 0.00>
ST_1 : Operation 13 [1/1] (0.00ns)   --->   "%cols_read = read i11 @_ssdm_op_Read.ap_auto.i11, i11 %cols"   --->   Operation 13 'read' 'cols_read' <Predicate = true> <Delay = 0.00>
ST_1 : Operation 14 [1/1] (0.00ns)   --->   "%sof_read = read i1 @_ssdm_op_Read.ap_auto.i1, i1 %sof"   --->   Operation 14 'read' 'sof_read' <Predicate = true> <Delay = 0.00>
ST_1 : Operation 15 [1/1] (0.42ns)   --->   "%store_ln376 = store i11 0, i11 %j" [D:/Repos/_DP/DP/Vivado/KriaTester/KriaTester.runs/design_1_v_frmbuf_rd_0_0_synth_1/prj/sol/.autopilot/db/v_frmbuf_rd.cpp:376]   --->   Operation 15 'store' 'store_ln376' <Predicate = true> <Delay = 0.42>
ST_1 : Operation 16 [1/1] (0.42ns)   --->   "%br_ln376 = br void %for.body33" [D:/Repos/_DP/DP/Vivado/KriaTester/KriaTester.runs/design_1_v_frmbuf_rd_0_0_synth_1/prj/sol/.autopilot/db/v_frmbuf_rd.cpp:376]   --->   Operation 16 'br' 'br_ln376' <Predicate = true> <Delay = 0.42>
ST_1 : Operation 17 [1/1] (0.00ns)   --->   "%j_1 = load i11 %j" [D:/Repos/_DP/DP/Vivado/KriaTester/KriaTester.runs/design_1_v_frmbuf_rd_0_0_synth_1/prj/sol/.autopilot/db/v_frmbuf_rd.cpp:376]   --->   Operation 17 'load' 'j_1' <Predicate = true> <Delay = 0.00>
ST_1 : Operation 18 [1/1] (0.79ns)   --->   "%icmp_ln376 = icmp_eq  i11 %j_1, i11 %cols_read" [D:/Repos/_DP/DP/Vivado/KriaTester/KriaTester.runs/design_1_v_frmbuf_rd_0_0_synth_1/prj/sol/.autopilot/db/v_frmbuf_rd.cpp:376]   --->   Operation 18 'icmp' 'icmp_ln376' <Predicate = true> <Delay = 0.79> <CoreInst = "Cmp">   --->   Core 9 'Cmp' <Latency = 0> <II = 1> <Delay = 0.79> <FuncUnit> <Opcode : 'seteq' 'setne' 'setle' 'setge' 'setlt' 'setgt'> <InPorts = 2> <OutPorts = 1>
ST_1 : Operation 19 [1/1] (0.79ns)   --->   "%j_2 = add i11 %j_1, i11 1" [D:/Repos/_DP/DP/Vivado/KriaTester/KriaTester.runs/design_1_v_frmbuf_rd_0_0_synth_1/prj/sol/.autopilot/db/v_frmbuf_rd.cpp:376]   --->   Operation 19 'add' 'j_2' <Predicate = true> <Delay = 0.79> <CoreInst = "Adder">   --->   Core 1 'Adder' <Latency = 0> <II = 1> <Delay = 0.79> <FuncUnit> <Opcode : 'add' 'sub'> <InPorts = 2> <OutPorts = 1>
ST_1 : Operation 20 [1/1] (0.00ns)   --->   "%br_ln376 = br i1 %icmp_ln376, void %for.body33.split, void %for.inc78.exitStub" [D:/Repos/_DP/DP/Vivado/KriaTester/KriaTester.runs/design_1_v_frmbuf_rd_0_0_synth_1/prj/sol/.autopilot/db/v_frmbuf_rd.cpp:376]   --->   Operation 20 'br' 'br_ln376' <Predicate = true> <Delay = 0.00>
ST_1 : Operation 21 [1/1] (0.00ns)   --->   "%zext_ln376 = zext i11 %j_1" [D:/Repos/_DP/DP/Vivado/KriaTester/KriaTester.runs/design_1_v_frmbuf_rd_0_0_synth_1/prj/sol/.autopilot/db/v_frmbuf_rd.cpp:376]   --->   Operation 21 'zext' 'zext_ln376' <Predicate = (!icmp_ln376)> <Delay = 0.00>
ST_1 : Operation 22 [1/1] (0.80ns)   --->   "%icmp_ln392 = icmp_eq  i12 %zext_ln376, i12 %add_ln392_read" [D:/Repos/_DP/DP/Vivado/KriaTester/KriaTester.runs/design_1_v_frmbuf_rd_0_0_synth_1/prj/sol/.autopilot/db/v_frmbuf_rd.cpp:392]   --->   Operation 22 'icmp' 'icmp_ln392' <Predicate = (!icmp_ln376)> <Delay = 0.80> <CoreInst = "Cmp">   --->   Core 9 'Cmp' <Latency = 0> <II = 1> <Delay = 0.80> <FuncUnit> <Opcode : 'seteq' 'setne' 'setle' 'setge' 'setlt' 'setgt'> <InPorts = 2> <OutPorts = 1>
ST_1 : Operation 23 [1/1] (0.42ns)   --->   "%store_ln376 = store i11 %j_2, i11 %j" [D:/Repos/_DP/DP/Vivado/KriaTester/KriaTester.runs/design_1_v_frmbuf_rd_0_0_synth_1/prj/sol/.autopilot/db/v_frmbuf_rd.cpp:376]   --->   Operation 23 'store' 'store_ln376' <Predicate = (!icmp_ln376)> <Delay = 0.42>
ST_1 : Operation 24 [1/1] (0.00ns)   --->   "%br_ln376 = br void %for.body33" [D:/Repos/_DP/DP/Vivado/KriaTester/KriaTester.runs/design_1_v_frmbuf_rd_0_0_synth_1/prj/sol/.autopilot/db/v_frmbuf_rd.cpp:376]   --->   Operation 24 'br' 'br_ln376' <Predicate = (!icmp_ln376)> <Delay = 0.00>

State 2 <SV = 1> <Delay = 2.74>
ST_2 : Operation 25 [1/1] (0.00ns)   --->   "%sof_1 = phi i1 %sof_read, void %newFuncRoot, i1 0, void %for.body33.split"   --->   Operation 25 'phi' 'sof_1' <Predicate = true> <Delay = 0.00>
ST_2 : Operation 26 [1/1] (0.00ns)   --->   "%speclooptripcount_ln0 = speclooptripcount void @_ssdm_op_SpecLoopTripCount, i64 0, i64 1920, i64 0"   --->   Operation 26 'speclooptripcount' 'speclooptripcount_ln0' <Predicate = true> <Delay = 0.00>
ST_2 : Operation 27 [1/1] (0.00ns)   --->   "%specpipeline_ln379 = specpipeline void @_ssdm_op_SpecPipeline, i32 1, i32 0, i32 0, i32 0, i32 4294967295, void @empty_25" [D:/Repos/_DP/DP/Vivado/KriaTester/KriaTester.runs/design_1_v_frmbuf_rd_0_0_synth_1/prj/sol/.autopilot/db/v_frmbuf_rd.cpp:379]   --->   Operation 27 'specpipeline' 'specpipeline_ln379' <Predicate = (!icmp_ln376)> <Delay = 0.00>
ST_2 : Operation 28 [1/1] (0.00ns)   --->   "%specloopname_ln376 = specloopname void @_ssdm_op_SpecLoopName, void @empty_18" [D:/Repos/_DP/DP/Vivado/KriaTester/KriaTester.runs/design_1_v_frmbuf_rd_0_0_synth_1/prj/sol/.autopilot/db/v_frmbuf_rd.cpp:376]   --->   Operation 28 'specloopname' 'specloopname_ln376' <Predicate = (!icmp_ln376)> <Delay = 0.00>
ST_2 : Operation 29 [1/1] ( I:1.83ns O:1.83ns )   --->   "%img_read = read i24 @_ssdm_op_Read.ap_fifo.volatile.i24P0A, i24 %img" [D:/Repos/_DP/DP/Vivado/KriaTester/KriaTester.runs/design_1_v_frmbuf_rd_0_0_synth_1/prj/sol/.autopilot/db/v_frmbuf_rd.cpp:400]   --->   Operation 29 'read' 'img_read' <Predicate = (!icmp_ln376)> <Delay = 1.83> <CoreInst = "FIFO_SRL">   --->   Core 80 'FIFO_SRL' <Latency = 0> <II = 1> <Delay = 1.83> <Storage> <Opcode : 'read' 'write' 'nbread' 'nbwrite'> <Ports = 0> <Width = 24> <Depth = 2> <FIFO>
ST_2 : Operation 30 [1/1] (0.00ns)   --->   "%pix = trunc i24 %img_read" [D:/Repos/_DP/DP/Vivado/KriaTester/KriaTester.runs/design_1_v_frmbuf_rd_0_0_synth_1/prj/sol/.autopilot/db/v_frmbuf_rd.cpp:400]   --->   Operation 30 'trunc' 'pix' <Predicate = (!icmp_ln376)> <Delay = 0.00>
ST_2 : Operation 31 [1/1] (0.00ns)   --->   "%pix_1 = partselect i8 @_ssdm_op_PartSelect.i8.i24.i32.i32, i24 %img_read, i32 8, i32 15" [D:/Repos/_DP/DP/Vivado/KriaTester/KriaTester.runs/design_1_v_frmbuf_rd_0_0_synth_1/prj/sol/.autopilot/db/v_frmbuf_rd.cpp:400]   --->   Operation 31 'partselect' 'pix_1' <Predicate = (!icmp_ln376)> <Delay = 0.00>
ST_2 : Operation 32 [1/1] (0.00ns)   --->   "%pix_2 = partselect i8 @_ssdm_op_PartSelect.i8.i24.i32.i32, i24 %img_read, i32 16, i32 23" [D:/Repos/_DP/DP/Vivado/KriaTester/KriaTester.runs/design_1_v_frmbuf_rd_0_0_synth_1/prj/sol/.autopilot/db/v_frmbuf_rd.cpp:400]   --->   Operation 32 'partselect' 'pix_2' <Predicate = (!icmp_ln376)> <Delay = 0.00>
ST_2 : Operation 33 [1/1] (0.42ns)   --->   "%tmp_4 = sparsemux i8 @_ssdm_op_SparseMux.ap_auto.3i8.i8.i2, i2 0, i8 %pix, i2 1, i8 %pix_1, i2 2, i8 %pix_2, i8 0, i2 %tmp_3" [D:/Repos/_DP/DP/Vivado/KriaTester/KriaTester.runs/design_1_v_frmbuf_rd_0_0_synth_1/prj/sol/.autopilot/db/v_frmbuf_rd.cpp:409]   --->   Operation 33 'sparsemux' 'tmp_4' <Predicate = (!icmp_ln376)> <Delay = 0.42> <CoreInst = "OneHotSparseMux_HasDef">   --->   Core 152 'OneHotSparseMux_HasDef' <Latency = 0> <II = 1> <Delay = 0.42> <FuncUnit> <Opcode : 'sparsemux'> <InPorts = 2> <OutPorts = 1>
ST_2 : Operation 34 [1/1] (0.42ns)   --->   "%tmp_5 = sparsemux i8 @_ssdm_op_SparseMux.ap_auto.3i8.i8.i2, i2 0, i8 %pix, i2 1, i8 %pix_1, i2 2, i8 %pix_2, i8 0, i2 %tmp_2" [D:/Repos/_DP/DP/Vivado/KriaTester/KriaTester.runs/design_1_v_frmbuf_rd_0_0_synth_1/prj/sol/.autopilot/db/v_frmbuf_rd.cpp:409]   --->   Operation 34 'sparsemux' 'tmp_5' <Predicate = (!icmp_ln376)> <Delay = 0.42> <CoreInst = "OneHotSparseMux_HasDef">   --->   Core 152 'OneHotSparseMux_HasDef' <Latency = 0> <II = 1> <Delay = 0.42> <FuncUnit> <Opcode : 'sparsemux'> <InPorts = 2> <OutPorts = 1>
ST_2 : Operation 35 [1/1] (0.42ns)   --->   "%tmp_6 = sparsemux i8 @_ssdm_op_SparseMux.ap_auto.3i8.i8.i2, i2 0, i8 %pix, i2 1, i8 %pix_1, i2 2, i8 %pix_2, i8 0, i2 %tmp" [D:/Repos/_DP/DP/Vivado/KriaTester/KriaTester.runs/design_1_v_frmbuf_rd_0_0_synth_1/prj/sol/.autopilot/db/v_frmbuf_rd.cpp:409]   --->   Operation 35 'sparsemux' 'tmp_6' <Predicate = (!icmp_ln376)> <Delay = 0.42> <CoreInst = "OneHotSparseMux_HasDef">   --->   Core 152 'OneHotSparseMux_HasDef' <Latency = 0> <II = 1> <Delay = 0.42> <FuncUnit> <Opcode : 'sparsemux'> <InPorts = 2> <OutPorts = 1>
ST_2 : Operation 36 [1/1] (0.00ns)   --->   "%tmp_7 = bitconcatenate i24 @_ssdm_op_BitConcatenate.i24.i8.i8.i8, i8 %tmp_6, i8 %tmp_5, i8 %tmp_4" [D:/Repos/_DP/DP/Vivado/KriaTester/KriaTester.runs/design_1_v_frmbuf_rd_0_0_synth_1/prj/sol/.autopilot/db/v_frmbuf_rd.cpp:409]   --->   Operation 36 'bitconcatenate' 'tmp_7' <Predicate = (!icmp_ln376)> <Delay = 0.00>
ST_2 : Operation 37 [1/1] ( I:0.47ns O:0.47ns )   --->   "%write_ln414 = write void @_ssdm_op_Write.axis.volatile.i24P0A.i3P0A.i3P0A.i1P0A.i1P0A.i1P0A.i1P0A, i24 %m_axis_video_V_data_V, i3 %m_axis_video_V_keep_V, i3 %m_axis_video_V_strb_V, i1 %m_axis_video_V_user_V, i1 %m_axis_video_V_last_V, i1 %m_axis_video_V_id_V, i1 %m_axis_video_V_dest_V, i24 %tmp_7, i3 7, i3 7, i1 %sof_1, i1 %icmp_ln392, i1 0, i1 0" [D:/Repos/_DP/DP/Vivado/KriaTester/KriaTester.runs/design_1_v_frmbuf_rd_0_0_synth_1/prj/sol/.autopilot/db/v_frmbuf_rd.cpp:414]   --->   Operation 37 'write' 'write_ln414' <Predicate = (!icmp_ln376)> <Delay = 0.47> <CoreInst = "regslice">   --->   Core 147 'regslice' <Latency = 0> <II = 1> <Delay = 0.62> <Adapter> <Opcode : 'read' 'write'>
ST_2 : Operation 38 [1/1] (0.42ns)   --->   "%ret_ln0 = ret"   --->   Operation 38 'ret' 'ret_ln0' <Predicate = (icmp_ln376)> <Delay = 0.42>


============================================================
+ Verbose Summary: Binding
============================================================
STG Binding: 
---------------- STG Properties BEGIN ----------------
- Is combinational: 0
- Is one-state seq: 0
- Is datapath-only: 0
- Is pipelined: 0
- Is top level: 0
Port [ Return ] is wired: 1; IO mode=ap_ctrl_hs:ce=0
Port [ sof]:  wired=1; compound=0; hidden=0; nouse=0; global=0; static=0; extern=0; dir=0; type=0; pingpong=0; private_global=0; IO mode=ap_none:ce=0
Port [ cols]:  wired=1; compound=0; hidden=0; nouse=0; global=0; static=0; extern=0; dir=0; type=0; pingpong=0; private_global=0; IO mode=ap_none:ce=0
Port [ add_ln392]:  wired=1; compound=0; hidden=0; nouse=0; global=0; static=0; extern=0; dir=0; type=0; pingpong=0; private_global=0; IO mode=ap_none:ce=0
Port [ img]:  wired=1; compound=1; hidden=0; nouse=0; global=0; static=0; extern=0; dir=0; type=3; pingpong=0; private_global=0; IO mode=ap_fifo:ce=0
Port [ empty_53]:  wired=1; compound=0; hidden=0; nouse=0; global=0; static=0; extern=0; dir=0; type=0; pingpong=0; private_global=0; IO mode=ap_none:ce=0
Port [ empty_54]:  wired=1; compound=0; hidden=0; nouse=0; global=0; static=0; extern=0; dir=0; type=0; pingpong=0; private_global=0; IO mode=ap_none:ce=0
Port [ empty]:  wired=1; compound=0; hidden=0; nouse=0; global=0; static=0; extern=0; dir=0; type=0; pingpong=0; private_global=0; IO mode=ap_none:ce=0
Port [ m_axis_video_V_data_V]:  wired=1; compound=1; hidden=0; nouse=0; global=0; static=0; extern=0; dir=1; type=0; pingpong=0; private_global=0; IO mode=axis:ce=0
Port [ m_axis_video_V_keep_V]:  wired=1; compound=1; hidden=0; nouse=0; global=0; static=0; extern=0; dir=1; type=0; pingpong=0; private_global=0; IO mode=axis:ce=0
Port [ m_axis_video_V_strb_V]:  wired=1; compound=1; hidden=0; nouse=0; global=0; static=0; extern=0; dir=1; type=0; pingpong=0; private_global=0; IO mode=axis:ce=0
Port [ m_axis_video_V_user_V]:  wired=1; compound=1; hidden=0; nouse=0; global=0; static=0; extern=0; dir=1; type=0; pingpong=0; private_global=0; IO mode=axis:ce=0
Port [ m_axis_video_V_last_V]:  wired=1; compound=1; hidden=0; nouse=0; global=0; static=0; extern=0; dir=1; type=0; pingpong=0; private_global=0; IO mode=axis:ce=0
Port [ m_axis_video_V_id_V]:  wired=1; compound=1; hidden=0; nouse=0; global=0; static=0; extern=0; dir=1; type=0; pingpong=0; private_global=0; IO mode=axis:ce=0
Port [ m_axis_video_V_dest_V]:  wired=1; compound=1; hidden=0; nouse=0; global=0; static=0; extern=0; dir=1; type=0; pingpong=0; private_global=0; IO mode=axis:ce=0
---------------- STG Properties END ------------------

---------------- Datapath Model BEGIN ----------------

<LifeTime>
<method=bitvector/>
j                       (alloca             ) [ 010]
specaxissidechannel_ln0 (specaxissidechannel) [ 000]
specinterface_ln0       (specinterface      ) [ 000]
specinterface_ln0       (specinterface      ) [ 000]
tmp                     (read               ) [ 011]
tmp_2                   (read               ) [ 011]
tmp_3                   (read               ) [ 011]
add_ln392_read          (read               ) [ 000]
cols_read               (read               ) [ 000]
sof_read                (read               ) [ 011]
store_ln376             (store              ) [ 000]
br_ln376                (br                 ) [ 011]
j_1                     (load               ) [ 000]
icmp_ln376              (icmp               ) [ 011]
j_2                     (add                ) [ 000]
br_ln376                (br                 ) [ 000]
zext_ln376              (zext               ) [ 000]
icmp_ln392              (icmp               ) [ 011]
store_ln376             (store              ) [ 000]
br_ln376                (br                 ) [ 011]
sof_1                   (phi                ) [ 011]
speclooptripcount_ln0   (speclooptripcount  ) [ 000]
specpipeline_ln379      (specpipeline       ) [ 000]
specloopname_ln376      (specloopname       ) [ 000]
img_read                (read               ) [ 000]
pix                     (trunc              ) [ 000]
pix_1                   (partselect         ) [ 000]
pix_2                   (partselect         ) [ 000]
tmp_4                   (sparsemux          ) [ 000]
tmp_5                   (sparsemux          ) [ 000]
tmp_6                   (sparsemux          ) [ 000]
tmp_7                   (bitconcatenate     ) [ 000]
write_ln414             (write              ) [ 000]
ret_ln0                 (ret                ) [ 000]
</LifeTime>

<model>

<comp_list>
<comp id="0" class="1000" name="sof">
<pin_list>
<pin id="1" dir="1" index="0" bw="1" slack="0"/>
</pin_list>
<bind>
<StgValue><ssdm name="sof"/></StgValue>
</bind>
</comp>

<comp id="2" class="1000" name="cols">
<pin_list>
<pin id="3" dir="1" index="0" bw="1" slack="0"/>
</pin_list>
<bind>
<StgValue><ssdm name="cols"/></StgValue>
</bind>
</comp>

<comp id="4" class="1000" name="add_ln392">
<pin_list>
<pin id="5" dir="1" index="0" bw="1" slack="0"/>
</pin_list>
<bind>
<StgValue><ssdm name="add_ln392"/></StgValue>
</bind>
</comp>

<comp id="6" class="1000" name="img">
<pin_list>
<pin id="7" dir="1" index="0" bw="1" slack="0"/>
</pin_list>
<bind>
<StgValue><ssdm name="img"/></StgValue>
</bind>
</comp>

<comp id="8" class="1000" name="empty_53">
<pin_list>
<pin id="9" dir="1" index="0" bw="1" slack="0"/>
</pin_list>
<bind>
<StgValue><ssdm name="empty_53"/></StgValue>
</bind>
</comp>

<comp id="10" class="1000" name="empty_54">
<pin_list>
<pin id="11" dir="1" index="0" bw="1" slack="0"/>
</pin_list>
<bind>
<StgValue><ssdm name="empty_54"/></StgValue>
</bind>
</comp>

<comp id="12" class="1000" name="empty">
<pin_list>
<pin id="13" dir="1" index="0" bw="1" slack="0"/>
</pin_list>
<bind>
<StgValue><ssdm name="empty"/></StgValue>
</bind>
</comp>

<comp id="14" class="1000" name="m_axis_video_V_data_V">
<pin_list>
<pin id="15" dir="1" index="0" bw="1" slack="0"/>
</pin_list>
<bind>
<StgValue><ssdm name="m_axis_video_V_data_V"/></StgValue>
</bind>
</comp>

<comp id="16" class="1000" name="m_axis_video_V_keep_V">
<pin_list>
<pin id="17" dir="1" index="0" bw="1" slack="0"/>
</pin_list>
<bind>
<StgValue><ssdm name="m_axis_video_V_keep_V"/></StgValue>
</bind>
</comp>

<comp id="18" class="1000" name="m_axis_video_V_strb_V">
<pin_list>
<pin id="19" dir="1" index="0" bw="1" slack="0"/>
</pin_list>
<bind>
<StgValue><ssdm name="m_axis_video_V_strb_V"/></StgValue>
</bind>
</comp>

<comp id="20" class="1000" name="m_axis_video_V_user_V">
<pin_list>
<pin id="21" dir="1" index="0" bw="1" slack="0"/>
</pin_list>
<bind>
<StgValue><ssdm name="m_axis_video_V_user_V"/></StgValue>
</bind>
</comp>

<comp id="22" class="1000" name="m_axis_video_V_last_V">
<pin_list>
<pin id="23" dir="1" index="0" bw="1" slack="0"/>
</pin_list>
<bind>
<StgValue><ssdm name="m_axis_video_V_last_V"/></StgValue>
</bind>
</comp>

<comp id="24" class="1000" name="m_axis_video_V_id_V">
<pin_list>
<pin id="25" dir="1" index="0" bw="1" slack="0"/>
</pin_list>
<bind>
<StgValue><ssdm name="m_axis_video_V_id_V"/></StgValue>
</bind>
</comp>

<comp id="26" class="1000" name="m_axis_video_V_dest_V">
<pin_list>
<pin id="27" dir="1" index="0" bw="1" slack="0"/>
</pin_list>
<bind>
<StgValue><ssdm name="m_axis_video_V_dest_V"/></StgValue>
</bind>
</comp>

<comp id="28" class="1001" name="const_28">
<pin_list>
<pin id="29" dir="1" index="0" bw="1" slack="0"/>
</pin_list>
<bind>
<StgValue><ssdm name=""/></StgValue>
</bind>
</comp>

<comp id="30" class="1001" name="const_30">
<pin_list>
<pin id="31" dir="1" index="0" bw="1" slack="2147483647"/>
</pin_list>
<bind>
<StgValue><ssdm name="_ssdm_op_SpecAXISSideChannel"/></StgValue>
</bind>
</comp>

<comp id="32" class="1001" name="const_32">
<pin_list>
<pin id="33" dir="1" index="0" bw="1" slack="2147483647"/>
</pin_list>
<bind>
<StgValue><ssdm name="empty_10"/></StgValue>
</bind>
</comp>

<comp id="34" class="1001" name="const_34">
<pin_list>
<pin id="35" dir="1" index="0" bw="1" slack="2147483647"/>
</pin_list>
<bind>
<StgValue><ssdm name="_ssdm_op_SpecInterface"/></StgValue>
</bind>
</comp>

<comp id="36" class="1001" name="const_36">
<pin_list>
<pin id="37" dir="1" index="0" bw="1" slack="2147483647"/>
</pin_list>
<bind>
<StgValue><ssdm name="empty_8"/></StgValue>
</bind>
</comp>

<comp id="38" class="1001" name="const_38">
<pin_list>
<pin id="39" dir="1" index="0" bw="1" slack="2147483647"/>
</pin_list>
<bind>
<StgValue><ssdm name=""/></StgValue>
</bind>
</comp>

<comp id="40" class="1001" name="const_40">
<pin_list>
<pin id="41" dir="1" index="0" bw="1" slack="2147483647"/>
</pin_list>
<bind>
<StgValue><ssdm name="empty_9"/></StgValue>
</bind>
</comp>

<comp id="42" class="1001" name="const_42">
<pin_list>
<pin id="43" dir="1" index="0" bw="1" slack="2147483647"/>
</pin_list>
<bind>
<StgValue><ssdm name="empty_25"/></StgValue>
</bind>
</comp>

<comp id="44" class="1001" name="const_44">
<pin_list>
<pin id="45" dir="1" index="0" bw="1" slack="2147483647"/>
</pin_list>
<bind>
<StgValue><ssdm name=""/></StgValue>
</bind>
</comp>

<comp id="46" class="1001" name="const_46">
<pin_list>
<pin id="47" dir="1" index="0" bw="1" slack="2147483647"/>
</pin_list>
<bind>
<StgValue><ssdm name="empty_29"/></StgValue>
</bind>
</comp>

<comp id="48" class="1001" name="const_48">
<pin_list>
<pin id="49" dir="1" index="0" bw="1" slack="0"/>
</pin_list>
<bind>
<StgValue><ssdm name="_ssdm_op_Read.ap_auto.i2"/></StgValue>
</bind>
</comp>

<comp id="50" class="1001" name="const_50">
<pin_list>
<pin id="51" dir="1" index="0" bw="1" slack="0"/>
</pin_list>
<bind>
<StgValue><ssdm name="_ssdm_op_Read.ap_auto.i12"/></StgValue>
</bind>
</comp>

<comp id="52" class="1001" name="const_52">
<pin_list>
<pin id="53" dir="1" index="0" bw="1" slack="0"/>
</pin_list>
<bind>
<StgValue><ssdm name="_ssdm_op_Read.ap_auto.i11"/></StgValue>
</bind>
</comp>

<comp id="54" class="1001" name="const_54">
<pin_list>
<pin id="55" dir="1" index="0" bw="1" slack="0"/>
</pin_list>
<bind>
<StgValue><ssdm name="_ssdm_op_Read.ap_auto.i1"/></StgValue>
</bind>
</comp>

<comp id="56" class="1001" name="const_56">
<pin_list>
<pin id="57" dir="1" index="0" bw="1" slack="0"/>
</pin_list>
<bind>
<StgValue><ssdm name=""/></StgValue>
</bind>
</comp>

<comp id="58" class="1001" name="const_58">
<pin_list>
<pin id="59" dir="1" index="0" bw="1" slack="0"/>
</pin_list>
<bind>
<StgValue><ssdm name=""/></StgValue>
</bind>
</comp>

<comp id="60" class="1001" name="const_60">
<pin_list>
<pin id="61" dir="1" index="0" bw="1" slack="0"/>
</pin_list>
<bind>
<StgValue><ssdm name=""/></StgValue>
</bind>
</comp>

<comp id="62" class="1001" name="const_62">
<pin_list>
<pin id="63" dir="1" index="0" bw="1" slack="2147483647"/>
</pin_list>
<bind>
<StgValue><ssdm name="_ssdm_op_SpecLoopTripCount"/></StgValue>
</bind>
</comp>

<comp id="64" class="1001" name="const_64">
<pin_list>
<pin id="65" dir="1" index="0" bw="1" slack="2147483647"/>
</pin_list>
<bind>
<StgValue><ssdm name=""/></StgValue>
</bind>
</comp>

<comp id="66" class="1001" name="const_66">
<pin_list>
<pin id="67" dir="1" index="0" bw="1" slack="2147483647"/>
</pin_list>
<bind>
<StgValue><ssdm name=""/></StgValue>
</bind>
</comp>

<comp id="68" class="1001" name="const_68">
<pin_list>
<pin id="69" dir="1" index="0" bw="1" slack="2147483647"/>
</pin_list>
<bind>
<StgValue><ssdm name="_ssdm_op_SpecPipeline"/></StgValue>
</bind>
</comp>

<comp id="70" class="1001" name="const_70">
<pin_list>
<pin id="71" dir="1" index="0" bw="1" slack="2147483647"/>
</pin_list>
<bind>
<StgValue><ssdm name="_ssdm_op_SpecLoopName"/></StgValue>
</bind>
</comp>

<comp id="72" class="1001" name="const_72">
<pin_list>
<pin id="73" dir="1" index="0" bw="1" slack="2147483647"/>
</pin_list>
<bind>
<StgValue><ssdm name="empty_18"/></StgValue>
</bind>
</comp>

<comp id="74" class="1001" name="const_74">
<pin_list>
<pin id="75" dir="1" index="0" bw="1" slack="0"/>
</pin_list>
<bind>
<StgValue><ssdm name="_ssdm_op_Read.ap_fifo.volatile.i24P0A"/></StgValue>
</bind>
</comp>

<comp id="76" class="1001" name="const_76">
<pin_list>
<pin id="77" dir="1" index="0" bw="1" slack="0"/>
</pin_list>
<bind>
<StgValue><ssdm name="_ssdm_op_PartSelect.i8.i24.i32.i32"/></StgValue>
</bind>
</comp>

<comp id="78" class="1001" name="const_78">
<pin_list>
<pin id="79" dir="1" index="0" bw="1" slack="0"/>
</pin_list>
<bind>
<StgValue><ssdm name=""/></StgValue>
</bind>
</comp>

<comp id="80" class="1001" name="const_80">
<pin_list>
<pin id="81" dir="1" index="0" bw="1" slack="0"/>
</pin_list>
<bind>
<StgValue><ssdm name=""/></StgValue>
</bind>
</comp>

<comp id="82" class="1001" name="const_82">
<pin_list>
<pin id="83" dir="1" index="0" bw="1" slack="0"/>
</pin_list>
<bind>
<StgValue><ssdm name=""/></StgValue>
</bind>
</comp>

<comp id="84" class="1001" name="const_84">
<pin_list>
<pin id="85" dir="1" index="0" bw="1" slack="0"/>
</pin_list>
<bind>
<StgValue><ssdm name=""/></StgValue>
</bind>
</comp>

<comp id="86" class="1001" name="const_86">
<pin_list>
<pin id="87" dir="1" index="0" bw="1" slack="0"/>
</pin_list>
<bind>
<StgValue><ssdm name="_ssdm_op_SparseMux.ap_auto.3i8.i8.i2"/></StgValue>
</bind>
</comp>

<comp id="88" class="1001" name="const_88">
<pin_list>
<pin id="89" dir="1" index="0" bw="1" slack="0"/>
</pin_list>
<bind>
<StgValue><ssdm name=""/></StgValue>
</bind>
</comp>

<comp id="90" class="1001" name="const_90">
<pin_list>
<pin id="91" dir="1" index="0" bw="1" slack="0"/>
</pin_list>
<bind>
<StgValue><ssdm name=""/></StgValue>
</bind>
</comp>

<comp id="92" class="1001" name="const_92">
<pin_list>
<pin id="93" dir="1" index="0" bw="1" slack="0"/>
</pin_list>
<bind>
<StgValue><ssdm name=""/></StgValue>
</bind>
</comp>

<comp id="94" class="1001" name="const_94">
<pin_list>
<pin id="95" dir="1" index="0" bw="1" slack="0"/>
</pin_list>
<bind>
<StgValue><ssdm name=""/></StgValue>
</bind>
</comp>

<comp id="96" class="1001" name="const_96">
<pin_list>
<pin id="97" dir="1" index="0" bw="1" slack="0"/>
</pin_list>
<bind>
<StgValue><ssdm name="_ssdm_op_BitConcatenate.i24.i8.i8.i8"/></StgValue>
</bind>
</comp>

<comp id="98" class="1001" name="const_98">
<pin_list>
<pin id="99" dir="1" index="0" bw="1" slack="0"/>
</pin_list>
<bind>
<StgValue><ssdm name="_ssdm_op_Write.axis.volatile.i24P0A.i3P0A.i3P0A.i1P0A.i1P0A.i1P0A.i1P0A"/></StgValue>
</bind>
</comp>

<comp id="100" class="1001" name="const_100">
<pin_list>
<pin id="101" dir="1" index="0" bw="1" slack="0"/>
</pin_list>
<bind>
<StgValue><ssdm name=""/></StgValue>
</bind>
</comp>

<comp id="102" class="1004" name="j_fu_102">
<pin_list>
<pin id="103" dir="0" index="0" bw="1" slack="0"/>
<pin id="104" dir="1" index="1" bw="11" slack="0"/>
</pin_list>
<bind>
<opcode="alloca(26) " fcode="alloca"/>
<opset="j/1 "/>
</bind>
</comp>

<comp id="106" class="1004" name="tmp_read_fu_106">
<pin_list>
<pin id="107" dir="0" index="0" bw="2" slack="0"/>
<pin id="108" dir="0" index="1" bw="2" slack="0"/>
<pin id="109" dir="1" index="2" bw="2" slack="1"/>
</pin_list>
<bind>
<opcode="read(1150) " fcode="read"/>
<opset="tmp/1 "/>
</bind>
</comp>

<comp id="112" class="1004" name="tmp_2_read_fu_112">
<pin_list>
<pin id="113" dir="0" index="0" bw="2" slack="0"/>
<pin id="114" dir="0" index="1" bw="2" slack="0"/>
<pin id="115" dir="1" index="2" bw="2" slack="1"/>
</pin_list>
<bind>
<opcode="read(1150) " fcode="read"/>
<opset="tmp_2/1 "/>
</bind>
</comp>

<comp id="118" class="1004" name="tmp_3_read_fu_118">
<pin_list>
<pin id="119" dir="0" index="0" bw="2" slack="0"/>
<pin id="120" dir="0" index="1" bw="2" slack="0"/>
<pin id="121" dir="1" index="2" bw="2" slack="1"/>
</pin_list>
<bind>
<opcode="read(1150) " fcode="read"/>
<opset="tmp_3/1 "/>
</bind>
</comp>

<comp id="124" class="1004" name="add_ln392_read_read_fu_124">
<pin_list>
<pin id="125" dir="0" index="0" bw="12" slack="0"/>
<pin id="126" dir="0" index="1" bw="12" slack="0"/>
<pin id="127" dir="1" index="2" bw="12" slack="0"/>
</pin_list>
<bind>
<opcode="read(1150) " fcode="read"/>
<opset="add_ln392_read/1 "/>
</bind>
</comp>

<comp id="130" class="1004" name="cols_read_read_fu_130">
<pin_list>
<pin id="131" dir="0" index="0" bw="11" slack="0"/>
<pin id="132" dir="0" index="1" bw="11" slack="0"/>
<pin id="133" dir="1" index="2" bw="11" slack="0"/>
</pin_list>
<bind>
<opcode="read(1150) " fcode="read"/>
<opset="cols_read/1 "/>
</bind>
</comp>

<comp id="136" class="1004" name="sof_read_read_fu_136">
<pin_list>
<pin id="137" dir="0" index="0" bw="1" slack="0"/>
<pin id="138" dir="0" index="1" bw="1" slack="0"/>
<pin id="139" dir="1" index="2" bw="1" slack="1"/>
</pin_list>
<bind>
<opcode="read(1150) " fcode="read"/>
<opset="sof_read/1 "/>
</bind>
</comp>

<comp id="142" class="1004" name="img_read_read_fu_142">
<pin_list>
<pin id="143" dir="0" index="0" bw="24" slack="0"/>
<pin id="144" dir="0" index="1" bw="24" slack="0"/>
<pin id="145" dir="1" index="2" bw="24" slack="0"/>
</pin_list>
<bind>
<opcode="read(1150) " fcode="read"/>
<opset="img_read/2 "/>
</bind>
</comp>

<comp id="148" class="1004" name="write_ln414_write_fu_148">
<pin_list>
<pin id="149" dir="0" index="0" bw="0" slack="0"/>
<pin id="150" dir="0" index="1" bw="24" slack="0"/>
<pin id="151" dir="0" index="2" bw="3" slack="0"/>
<pin id="152" dir="0" index="3" bw="3" slack="0"/>
<pin id="153" dir="0" index="4" bw="1" slack="0"/>
<pin id="154" dir="0" index="5" bw="1" slack="0"/>
<pin id="155" dir="0" index="6" bw="1" slack="0"/>
<pin id="156" dir="0" index="7" bw="1" slack="0"/>
<pin id="157" dir="0" index="8" bw="24" slack="0"/>
<pin id="158" dir="0" index="9" bw="1" slack="0"/>
<pin id="159" dir="0" index="10" bw="1" slack="0"/>
<pin id="160" dir="0" index="11" bw="1" slack="0"/>
<pin id="161" dir="0" index="12" bw="1" slack="1"/>
<pin id="162" dir="0" index="13" bw="1" slack="0"/>
<pin id="163" dir="0" index="14" bw="1" slack="0"/>
<pin id="164" dir="1" index="15" bw="0" slack="2147483647"/>
</pin_list>
<bind>
<opcode="write(1151) " fcode="write"/>
<opset="write_ln414/2 "/>
</bind>
</comp>

<comp id="177" class="1005" name="sof_1_reg_177">
<pin_list>
<pin id="178" dir="0" index="0" bw="1" slack="1"/>
<pin id="179" dir="1" index="1" bw="1" slack="1"/>
</pin_list>
<bind>
<opset="sof_1 (phireg) "/>
</bind>
</comp>

<comp id="181" class="1004" name="sof_1_phi_fu_181">
<pin_list>
<pin id="182" dir="0" index="0" bw="1" slack="1"/>
<pin id="183" dir="0" index="1" bw="0" slack="2147483647"/>
<pin id="184" dir="0" index="2" bw="1" slack="1"/>
<pin id="185" dir="0" index="3" bw="0" slack="2147483647"/>
<pin id="186" dir="1" index="4" bw="1" slack="0"/>
</pin_list>
<bind>
<opcode="phi(47) " fcode="phi"/>
<opset="sof_1/2 "/>
</bind>
</comp>

<comp id="189" class="1004" name="store_ln376_store_fu_189">
<pin_list>
<pin id="190" dir="0" index="0" bw="1" slack="0"/>
<pin id="191" dir="0" index="1" bw="11" slack="0"/>
<pin id="192" dir="1" index="2" bw="0" slack="2147483647"/>
</pin_list>
<bind>
<opcode="store(28) " fcode="store"/>
<opset="store_ln376/1 "/>
</bind>
</comp>

<comp id="194" class="1004" name="j_1_load_fu_194">
<pin_list>
<pin id="195" dir="0" index="0" bw="11" slack="0"/>
<pin id="196" dir="1" index="1" bw="11" slack="0"/>
</pin_list>
<bind>
<opcode="load(27) " fcode="load"/>
<opset="j_1/1 "/>
</bind>
</comp>

<comp id="197" class="1004" name="icmp_ln376_fu_197">
<pin_list>
<pin id="198" dir="0" index="0" bw="11" slack="0"/>
<pin id="199" dir="0" index="1" bw="11" slack="0"/>
<pin id="200" dir="1" index="2" bw="1" slack="1"/>
</pin_list>
<bind>
<opcode="icmp(45) " fcode="icmp"/>
<opset="icmp_ln376/1 "/>
</bind>
</comp>

<comp id="203" class="1004" name="j_2_fu_203">
<pin_list>
<pin id="204" dir="0" index="0" bw="11" slack="0"/>
<pin id="205" dir="0" index="1" bw="1" slack="0"/>
<pin id="206" dir="1" index="2" bw="11" slack="0"/>
</pin_list>
<bind>
<opcode="add(8) " fcode="add"/>
<opset="j_2/1 "/>
</bind>
</comp>

<comp id="209" class="1004" name="zext_ln376_fu_209">
<pin_list>
<pin id="210" dir="0" index="0" bw="11" slack="0"/>
<pin id="211" dir="1" index="1" bw="12" slack="0"/>
</pin_list>
<bind>
<opcode="zext(34) " fcode="zext"/>
<opset="zext_ln376/1 "/>
</bind>
</comp>

<comp id="213" class="1004" name="icmp_ln392_fu_213">
<pin_list>
<pin id="214" dir="0" index="0" bw="12" slack="0"/>
<pin id="215" dir="0" index="1" bw="12" slack="0"/>
<pin id="216" dir="1" index="2" bw="1" slack="1"/>
</pin_list>
<bind>
<opcode="icmp(45) " fcode="icmp"/>
<opset="icmp_ln392/1 "/>
</bind>
</comp>

<comp id="219" class="1004" name="store_ln376_store_fu_219">
<pin_list>
<pin id="220" dir="0" index="0" bw="11" slack="0"/>
<pin id="221" dir="0" index="1" bw="11" slack="0"/>
<pin id="222" dir="1" index="2" bw="0" slack="2147483647"/>
</pin_list>
<bind>
<opcode="store(28) " fcode="store"/>
<opset="store_ln376/1 "/>
</bind>
</comp>

<comp id="224" class="1004" name="pix_fu_224">
<pin_list>
<pin id="225" dir="0" index="0" bw="24" slack="0"/>
<pin id="226" dir="1" index="1" bw="8" slack="0"/>
</pin_list>
<bind>
<opcode="trunc(33) " fcode="trunc"/>
<opset="pix/2 "/>
</bind>
</comp>

<comp id="228" class="1004" name="pix_1_fu_228">
<pin_list>
<pin id="229" dir="0" index="0" bw="8" slack="0"/>
<pin id="230" dir="0" index="1" bw="24" slack="0"/>
<pin id="231" dir="0" index="2" bw="5" slack="0"/>
<pin id="232" dir="0" index="3" bw="5" slack="0"/>
<pin id="233" dir="1" index="4" bw="8" slack="0"/>
</pin_list>
<bind>
<opcode="partselect(1002) " fcode="partselect"/>
<opset="pix_1/2 "/>
</bind>
</comp>

<comp id="238" class="1004" name="pix_2_fu_238">
<pin_list>
<pin id="239" dir="0" index="0" bw="8" slack="0"/>
<pin id="240" dir="0" index="1" bw="24" slack="0"/>
<pin id="241" dir="0" index="2" bw="6" slack="0"/>
<pin id="242" dir="0" index="3" bw="6" slack="0"/>
<pin id="243" dir="1" index="4" bw="8" slack="0"/>
</pin_list>
<bind>
<opcode="partselect(1002) " fcode="partselect"/>
<opset="pix_2/2 "/>
</bind>
</comp>

<comp id="248" class="1004" name="tmp_4_fu_248">
<pin_list>
<pin id="249" dir="0" index="0" bw="8" slack="0"/>
<pin id="250" dir="0" index="1" bw="2" slack="0"/>
<pin id="251" dir="0" index="2" bw="8" slack="0"/>
<pin id="252" dir="0" index="3" bw="2" slack="0"/>
<pin id="253" dir="0" index="4" bw="8" slack="0"/>
<pin id="254" dir="0" index="5" bw="2" slack="0"/>
<pin id="255" dir="0" index="6" bw="8" slack="0"/>
<pin id="256" dir="0" index="7" bw="8" slack="0"/>
<pin id="257" dir="0" index="8" bw="2" slack="1"/>
<pin id="258" dir="1" index="9" bw="8" slack="0"/>
</pin_list>
<bind>
<opcode="sparsemux(1197) " fcode="sparsemux"/>
<opset="tmp_4/2 "/>
</bind>
</comp>

<comp id="267" class="1004" name="tmp_5_fu_267">
<pin_list>
<pin id="268" dir="0" index="0" bw="8" slack="0"/>
<pin id="269" dir="0" index="1" bw="2" slack="0"/>
<pin id="270" dir="0" index="2" bw="8" slack="0"/>
<pin id="271" dir="0" index="3" bw="2" slack="0"/>
<pin id="272" dir="0" index="4" bw="8" slack="0"/>
<pin id="273" dir="0" index="5" bw="2" slack="0"/>
<pin id="274" dir="0" index="6" bw="8" slack="0"/>
<pin id="275" dir="0" index="7" bw="8" slack="0"/>
<pin id="276" dir="0" index="8" bw="2" slack="1"/>
<pin id="277" dir="1" index="9" bw="8" slack="0"/>
</pin_list>
<bind>
<opcode="sparsemux(1197) " fcode="sparsemux"/>
<opset="tmp_5/2 "/>
</bind>
</comp>

<comp id="286" class="1004" name="tmp_6_fu_286">
<pin_list>
<pin id="287" dir="0" index="0" bw="8" slack="0"/>
<pin id="288" dir="0" index="1" bw="2" slack="0"/>
<pin id="289" dir="0" index="2" bw="8" slack="0"/>
<pin id="290" dir="0" index="3" bw="2" slack="0"/>
<pin id="291" dir="0" index="4" bw="8" slack="0"/>
<pin id="292" dir="0" index="5" bw="2" slack="0"/>
<pin id="293" dir="0" index="6" bw="8" slack="0"/>
<pin id="294" dir="0" index="7" bw="8" slack="0"/>
<pin id="295" dir="0" index="8" bw="2" slack="1"/>
<pin id="296" dir="1" index="9" bw="8" slack="0"/>
</pin_list>
<bind>
<opcode="sparsemux(1197) " fcode="sparsemux"/>
<opset="tmp_6/2 "/>
</bind>
</comp>

<comp id="305" class="1004" name="tmp_7_fu_305">
<pin_list>
<pin id="306" dir="0" index="0" bw="24" slack="0"/>
<pin id="307" dir="0" index="1" bw="8" slack="0"/>
<pin id="308" dir="0" index="2" bw="8" slack="0"/>
<pin id="309" dir="0" index="3" bw="8" slack="0"/>
<pin id="310" dir="1" index="4" bw="24" slack="0"/>
</pin_list>
<bind>
<opcode="bitconcatenate(1004) " fcode="bitconcatenate"/>
<opset="tmp_7/2 "/>
</bind>
</comp>

<comp id="316" class="1005" name="j_reg_316">
<pin_list>
<pin id="317" dir="0" index="0" bw="11" slack="0"/>
<pin id="318" dir="1" index="1" bw="11" slack="0"/>
</pin_list>
<bind>
<opset="j "/>
</bind>
</comp>

<comp id="323" class="1005" name="tmp_reg_323">
<pin_list>
<pin id="324" dir="0" index="0" bw="2" slack="1"/>
<pin id="325" dir="1" index="1" bw="2" slack="1"/>
</pin_list>
<bind>
<opset="tmp "/>
</bind>
</comp>

<comp id="328" class="1005" name="tmp_2_reg_328">
<pin_list>
<pin id="329" dir="0" index="0" bw="2" slack="1"/>
<pin id="330" dir="1" index="1" bw="2" slack="1"/>
</pin_list>
<bind>
<opset="tmp_2 "/>
</bind>
</comp>

<comp id="333" class="1005" name="tmp_3_reg_333">
<pin_list>
<pin id="334" dir="0" index="0" bw="2" slack="1"/>
<pin id="335" dir="1" index="1" bw="2" slack="1"/>
</pin_list>
<bind>
<opset="tmp_3 "/>
</bind>
</comp>

<comp id="338" class="1005" name="sof_read_reg_338">
<pin_list>
<pin id="339" dir="0" index="0" bw="1" slack="1"/>
<pin id="340" dir="1" index="1" bw="1" slack="1"/>
</pin_list>
<bind>
<opset="sof_read "/>
</bind>
</comp>

<comp id="343" class="1005" name="icmp_ln376_reg_343">
<pin_list>
<pin id="344" dir="0" index="0" bw="1" slack="1"/>
<pin id="345" dir="1" index="1" bw="1" slack="2147483647"/>
</pin_list>
<bind>
<opset="icmp_ln376 "/>
</bind>
</comp>

<comp id="347" class="1005" name="icmp_ln392_reg_347">
<pin_list>
<pin id="348" dir="0" index="0" bw="1" slack="1"/>
<pin id="349" dir="1" index="1" bw="1" slack="1"/>
</pin_list>
<bind>
<opset="icmp_ln392 "/>
</bind>
</comp>

</comp_list>

<net_list>
<net id="105"><net_src comp="28" pin="0"/><net_sink comp="102" pin=0"/></net>

<net id="110"><net_src comp="48" pin="0"/><net_sink comp="106" pin=0"/></net>

<net id="111"><net_src comp="12" pin="0"/><net_sink comp="106" pin=1"/></net>

<net id="116"><net_src comp="48" pin="0"/><net_sink comp="112" pin=0"/></net>

<net id="117"><net_src comp="10" pin="0"/><net_sink comp="112" pin=1"/></net>

<net id="122"><net_src comp="48" pin="0"/><net_sink comp="118" pin=0"/></net>

<net id="123"><net_src comp="8" pin="0"/><net_sink comp="118" pin=1"/></net>

<net id="128"><net_src comp="50" pin="0"/><net_sink comp="124" pin=0"/></net>

<net id="129"><net_src comp="4" pin="0"/><net_sink comp="124" pin=1"/></net>

<net id="134"><net_src comp="52" pin="0"/><net_sink comp="130" pin=0"/></net>

<net id="135"><net_src comp="2" pin="0"/><net_sink comp="130" pin=1"/></net>

<net id="140"><net_src comp="54" pin="0"/><net_sink comp="136" pin=0"/></net>

<net id="141"><net_src comp="0" pin="0"/><net_sink comp="136" pin=1"/></net>

<net id="146"><net_src comp="74" pin="0"/><net_sink comp="142" pin=0"/></net>

<net id="147"><net_src comp="6" pin="0"/><net_sink comp="142" pin=1"/></net>

<net id="165"><net_src comp="98" pin="0"/><net_sink comp="148" pin=0"/></net>

<net id="166"><net_src comp="14" pin="0"/><net_sink comp="148" pin=1"/></net>

<net id="167"><net_src comp="16" pin="0"/><net_sink comp="148" pin=2"/></net>

<net id="168"><net_src comp="18" pin="0"/><net_sink comp="148" pin=3"/></net>

<net id="169"><net_src comp="20" pin="0"/><net_sink comp="148" pin=4"/></net>

<net id="170"><net_src comp="22" pin="0"/><net_sink comp="148" pin=5"/></net>

<net id="171"><net_src comp="24" pin="0"/><net_sink comp="148" pin=6"/></net>

<net id="172"><net_src comp="26" pin="0"/><net_sink comp="148" pin=7"/></net>

<net id="173"><net_src comp="100" pin="0"/><net_sink comp="148" pin=9"/></net>

<net id="174"><net_src comp="100" pin="0"/><net_sink comp="148" pin=10"/></net>

<net id="175"><net_src comp="60" pin="0"/><net_sink comp="148" pin=13"/></net>

<net id="176"><net_src comp="60" pin="0"/><net_sink comp="148" pin=14"/></net>

<net id="180"><net_src comp="60" pin="0"/><net_sink comp="177" pin=0"/></net>

<net id="187"><net_src comp="177" pin="1"/><net_sink comp="181" pin=2"/></net>

<net id="188"><net_src comp="181" pin="4"/><net_sink comp="148" pin=11"/></net>

<net id="193"><net_src comp="56" pin="0"/><net_sink comp="189" pin=0"/></net>

<net id="201"><net_src comp="194" pin="1"/><net_sink comp="197" pin=0"/></net>

<net id="202"><net_src comp="130" pin="2"/><net_sink comp="197" pin=1"/></net>

<net id="207"><net_src comp="194" pin="1"/><net_sink comp="203" pin=0"/></net>

<net id="208"><net_src comp="58" pin="0"/><net_sink comp="203" pin=1"/></net>

<net id="212"><net_src comp="194" pin="1"/><net_sink comp="209" pin=0"/></net>

<net id="217"><net_src comp="209" pin="1"/><net_sink comp="213" pin=0"/></net>

<net id="218"><net_src comp="124" pin="2"/><net_sink comp="213" pin=1"/></net>

<net id="223"><net_src comp="203" pin="2"/><net_sink comp="219" pin=0"/></net>

<net id="227"><net_src comp="142" pin="2"/><net_sink comp="224" pin=0"/></net>

<net id="234"><net_src comp="76" pin="0"/><net_sink comp="228" pin=0"/></net>

<net id="235"><net_src comp="142" pin="2"/><net_sink comp="228" pin=1"/></net>

<net id="236"><net_src comp="78" pin="0"/><net_sink comp="228" pin=2"/></net>

<net id="237"><net_src comp="80" pin="0"/><net_sink comp="228" pin=3"/></net>

<net id="244"><net_src comp="76" pin="0"/><net_sink comp="238" pin=0"/></net>

<net id="245"><net_src comp="142" pin="2"/><net_sink comp="238" pin=1"/></net>

<net id="246"><net_src comp="82" pin="0"/><net_sink comp="238" pin=2"/></net>

<net id="247"><net_src comp="84" pin="0"/><net_sink comp="238" pin=3"/></net>

<net id="259"><net_src comp="86" pin="0"/><net_sink comp="248" pin=0"/></net>

<net id="260"><net_src comp="88" pin="0"/><net_sink comp="248" pin=1"/></net>

<net id="261"><net_src comp="224" pin="1"/><net_sink comp="248" pin=2"/></net>

<net id="262"><net_src comp="90" pin="0"/><net_sink comp="248" pin=3"/></net>

<net id="263"><net_src comp="228" pin="4"/><net_sink comp="248" pin=4"/></net>

<net id="264"><net_src comp="92" pin="0"/><net_sink comp="248" pin=5"/></net>

<net id="265"><net_src comp="238" pin="4"/><net_sink comp="248" pin=6"/></net>

<net id="266"><net_src comp="94" pin="0"/><net_sink comp="248" pin=7"/></net>

<net id="278"><net_src comp="86" pin="0"/><net_sink comp="267" pin=0"/></net>

<net id="279"><net_src comp="88" pin="0"/><net_sink comp="267" pin=1"/></net>

<net id="280"><net_src comp="224" pin="1"/><net_sink comp="267" pin=2"/></net>

<net id="281"><net_src comp="90" pin="0"/><net_sink comp="267" pin=3"/></net>

<net id="282"><net_src comp="228" pin="4"/><net_sink comp="267" pin=4"/></net>

<net id="283"><net_src comp="92" pin="0"/><net_sink comp="267" pin=5"/></net>

<net id="284"><net_src comp="238" pin="4"/><net_sink comp="267" pin=6"/></net>

<net id="285"><net_src comp="94" pin="0"/><net_sink comp="267" pin=7"/></net>

<net id="297"><net_src comp="86" pin="0"/><net_sink comp="286" pin=0"/></net>

<net id="298"><net_src comp="88" pin="0"/><net_sink comp="286" pin=1"/></net>

<net id="299"><net_src comp="224" pin="1"/><net_sink comp="286" pin=2"/></net>

<net id="300"><net_src comp="90" pin="0"/><net_sink comp="286" pin=3"/></net>

<net id="301"><net_src comp="228" pin="4"/><net_sink comp="286" pin=4"/></net>

<net id="302"><net_src comp="92" pin="0"/><net_sink comp="286" pin=5"/></net>

<net id="303"><net_src comp="238" pin="4"/><net_sink comp="286" pin=6"/></net>

<net id="304"><net_src comp="94" pin="0"/><net_sink comp="286" pin=7"/></net>

<net id="311"><net_src comp="96" pin="0"/><net_sink comp="305" pin=0"/></net>

<net id="312"><net_src comp="286" pin="9"/><net_sink comp="305" pin=1"/></net>

<net id="313"><net_src comp="267" pin="9"/><net_sink comp="305" pin=2"/></net>

<net id="314"><net_src comp="248" pin="9"/><net_sink comp="305" pin=3"/></net>

<net id="315"><net_src comp="305" pin="4"/><net_sink comp="148" pin=8"/></net>

<net id="319"><net_src comp="102" pin="1"/><net_sink comp="316" pin=0"/></net>

<net id="320"><net_src comp="316" pin="1"/><net_sink comp="189" pin=1"/></net>

<net id="321"><net_src comp="316" pin="1"/><net_sink comp="194" pin=0"/></net>

<net id="322"><net_src comp="316" pin="1"/><net_sink comp="219" pin=1"/></net>

<net id="326"><net_src comp="106" pin="2"/><net_sink comp="323" pin=0"/></net>

<net id="327"><net_src comp="323" pin="1"/><net_sink comp="286" pin=8"/></net>

<net id="331"><net_src comp="112" pin="2"/><net_sink comp="328" pin=0"/></net>

<net id="332"><net_src comp="328" pin="1"/><net_sink comp="267" pin=8"/></net>

<net id="336"><net_src comp="118" pin="2"/><net_sink comp="333" pin=0"/></net>

<net id="337"><net_src comp="333" pin="1"/><net_sink comp="248" pin=8"/></net>

<net id="341"><net_src comp="136" pin="2"/><net_sink comp="338" pin=0"/></net>

<net id="342"><net_src comp="338" pin="1"/><net_sink comp="181" pin=0"/></net>

<net id="346"><net_src comp="197" pin="2"/><net_sink comp="343" pin=0"/></net>

<net id="350"><net_src comp="213" pin="2"/><net_sink comp="347" pin=0"/></net>

<net id="351"><net_src comp="347" pin="1"/><net_sink comp="148" pin=12"/></net>

</net_list>

</model> 
---------------- Datapath Model END ------------------

* FSMD analyzer results:
  - Output states:
	Port: img | {}
	Port: m_axis_video_V_data_V | {2 }
	Port: m_axis_video_V_keep_V | {2 }
	Port: m_axis_video_V_strb_V | {2 }
	Port: m_axis_video_V_user_V | {2 }
	Port: m_axis_video_V_last_V | {2 }
	Port: m_axis_video_V_id_V | {2 }
	Port: m_axis_video_V_dest_V | {2 }
 - Input state : 
	Port: MultiPixStream2AXIvideo_Pipeline_VITIS_LOOP_376_3 : sof | {1 }
	Port: MultiPixStream2AXIvideo_Pipeline_VITIS_LOOP_376_3 : cols | {1 }
	Port: MultiPixStream2AXIvideo_Pipeline_VITIS_LOOP_376_3 : add_ln392 | {1 }
	Port: MultiPixStream2AXIvideo_Pipeline_VITIS_LOOP_376_3 : img | {2 }
	Port: MultiPixStream2AXIvideo_Pipeline_VITIS_LOOP_376_3 : empty_53 | {1 }
	Port: MultiPixStream2AXIvideo_Pipeline_VITIS_LOOP_376_3 : empty_54 | {1 }
	Port: MultiPixStream2AXIvideo_Pipeline_VITIS_LOOP_376_3 : empty | {1 }
	Port: MultiPixStream2AXIvideo_Pipeline_VITIS_LOOP_376_3 : m_axis_video_V_data_V | {}
	Port: MultiPixStream2AXIvideo_Pipeline_VITIS_LOOP_376_3 : m_axis_video_V_keep_V | {}
	Port: MultiPixStream2AXIvideo_Pipeline_VITIS_LOOP_376_3 : m_axis_video_V_strb_V | {}
	Port: MultiPixStream2AXIvideo_Pipeline_VITIS_LOOP_376_3 : m_axis_video_V_user_V | {}
	Port: MultiPixStream2AXIvideo_Pipeline_VITIS_LOOP_376_3 : m_axis_video_V_last_V | {}
	Port: MultiPixStream2AXIvideo_Pipeline_VITIS_LOOP_376_3 : m_axis_video_V_id_V | {}
	Port: MultiPixStream2AXIvideo_Pipeline_VITIS_LOOP_376_3 : m_axis_video_V_dest_V | {}
  - Chain level:
	State 1
		store_ln376 : 1
		j_1 : 1
		icmp_ln376 : 2
		j_2 : 2
		br_ln376 : 3
		zext_ln376 : 2
		icmp_ln392 : 3
		store_ln376 : 3
	State 2
		tmp_4 : 1
		tmp_5 : 1
		tmp_6 : 1
		tmp_7 : 2
		write_ln414 : 3


============================================================
+ Verbose Summary: Datapath Resource usage 
============================================================

* Functional unit list:
|----------|----------------------------|---------|---------|
| Operation|       Functional Unit      |    FF   |   LUT   |
|----------|----------------------------|---------|---------|
|   icmp   |      icmp_ln376_fu_197     |    0    |    18   |
|          |      icmp_ln392_fu_213     |    0    |    19   |
|----------|----------------------------|---------|---------|
|          |        tmp_4_fu_248        |    0    |    9    |
| sparsemux|        tmp_5_fu_267        |    0    |    9    |
|          |        tmp_6_fu_286        |    0    |    9    |
|----------|----------------------------|---------|---------|
|    add   |         j_2_fu_203         |    0    |    18   |
|----------|----------------------------|---------|---------|
|          |       tmp_read_fu_106      |    0    |    0    |
|          |      tmp_2_read_fu_112     |    0    |    0    |
|          |      tmp_3_read_fu_118     |    0    |    0    |
|   read   | add_ln392_read_read_fu_124 |    0    |    0    |
|          |    cols_read_read_fu_130   |    0    |    0    |
|          |    sof_read_read_fu_136    |    0    |    0    |
|          |    img_read_read_fu_142    |    0    |    0    |
|----------|----------------------------|---------|---------|
|   write  |  write_ln414_write_fu_148  |    0    |    0    |
|----------|----------------------------|---------|---------|
|   zext   |      zext_ln376_fu_209     |    0    |    0    |
|----------|----------------------------|---------|---------|
|   trunc  |         pix_fu_224         |    0    |    0    |
|----------|----------------------------|---------|---------|
|partselect|        pix_1_fu_228        |    0    |    0    |
|          |        pix_2_fu_238        |    0    |    0    |
|----------|----------------------------|---------|---------|
|bitconcatenate|        tmp_7_fu_305        |    0    |    0    |
|----------|----------------------------|---------|---------|
|   Total  |                            |    0    |    82   |
|----------|----------------------------|---------|---------|

Memories:
N/A

* Register list:
+------------------+--------+
|                  |   FF   |
+------------------+--------+
|icmp_ln376_reg_343|    1   |
|icmp_ln392_reg_347|    1   |
|     j_reg_316    |   11   |
|   sof_1_reg_177  |    1   |
| sof_read_reg_338 |    1   |
|   tmp_2_reg_328  |    2   |
|   tmp_3_reg_333  |    2   |
|    tmp_reg_323   |    2   |
+------------------+--------+
|       Total      |   21   |
+------------------+--------+

* Multiplexer (MUX) list: 
|--------|------|------|------|--------|
|  Comp  |  Pin | Size |  BW  | S x BW |
|--------|------|------|------|--------|
|  Total |      |      |      |    0   |
|--------|------|------|------|--------|



* Summary:
+-----------+--------+--------+
|           |   FF   |   LUT  |
+-----------+--------+--------+
|  Function |    0   |   82   |
|   Memory  |    -   |    -   |
|Multiplexer|    -   |    -   |
|  Register |   21   |    -   |
+-----------+--------+--------+
|   Total   |   21   |   82   |
+-----------+--------+--------+
