

================================================================
== Synthesis Summary Report of 'hls_histogram_gray'
================================================================
+ General Information: 
    * Date:           Fri Apr 10 08:56:59 2026
    * Version:        2025.2 (Build 6295257 on Nov 14 2025)
    * Project:        hls_histogram
    * Solution:       hls (Vivado IP Flow Target)
    * Product family: zynquplus
    * Target device:  xck26-sfvc784-2LV-c
    

* Performance & Resource Estimates: 
+------------------------------------------------+------+---------------+----------+---------+------+----------+---------+-----------+------+--------+---------+-----------+-----------+-----+
|                     Modules                    | Issue|               | Iteration|         | Trip |          |       Latency       |      |        |         |           |           |     |
|                     & Loops                    | Type | Violation Type|  Latency | Interval| Count| Pipelined| (cycles)|    (ns)   | Slack|  BRAM  |   DSP   |     FF    |    LUT    | URAM|
+------------------------------------------------+------+---------------+----------+---------+------+----------+---------+-----------+------+--------+---------+-----------+-----------+-----+
|+ hls_histogram_gray                            |     -|              -|         -|        -|     -|        no|        -|          -|  0.51|  4 (1%)|  3 (~0%)|  350 (~0%)|  799 (~0%)|    -|
| + hls_histogram_gray_Pipeline_VITIS_LOOP_22_1  |     -|              -|         -|        -|     -|       yes|      258|  2.580e+03|  4.86|       -|        -|   11 (~0%)|   60 (~0%)|    -|
|  o VITIS_LOOP_22_1                             |     -|              -|         1|        1|   256|       yes|      256|  2.560e+03|  7.30|       -|        -|          -|          -|    -|
| + hls_histogram_gray_Pipeline_VITIS_LOOP_36_2  |     -|              -|         -|        -|     -|       yes|        -|          -|  2.86|       -|        -|   81 (~0%)|  240 (~0%)|    -|
|  o VITIS_LOOP_36_2                             |     -|              -|         3|        1|     -|       yes|        -|          -|  7.30|       -|        -|          -|          -|    -|
| + hls_histogram_gray_Pipeline_VITIS_LOOP_77_3  |     -|              -|         -|        -|     -|       yes|      259|  2.590e+03|  5.64|       -|        -|   23 (~0%)|   71 (~0%)|    -|
|  o VITIS_LOOP_77_3                             |     -|              -|         3|        1|   256|       yes|      257|  2.570e+03|  7.30|       -|        -|          -|          -|    -|
+------------------------------------------------+------+---------------+----------+---------+------+----------+---------+-----------+------+--------+---------+-----------+-----------+-----+
    Name Prefix: '+' for module, 'o' for loop, '*' for dataflow


================================================================
== HW Interfaces
================================================================
* S_AXILITE Interfaces
+---------------+------------+---------------+--------+----------+-------------------+
| Interface     | Data Width | Address Width | Offset | Register | Resource Estimate |
+---------------+------------+---------------+--------+----------+-------------------+
| s_axi_control | 32         | 11            | 1024   | 0        | BRAM=2            |
+---------------+------------+---------------+--------+----------+-------------------+

* S_AXILITE Registers
+---------------+----------+--------+-------+--------+----------------------------------+----------------------------------------------------------------------+
| Interface     | Register | Offset | Width | Access | Description                      | Bit Fields                                                           |
+---------------+----------+--------+-------+--------+----------------------------------+----------------------------------------------------------------------+
| s_axi_control | CTRL     | 0x00   | 32    | RW     | Control signals                  | 0=AP_START 1=AP_DONE 2=AP_IDLE 3=AP_READY 7=AUTO_RESTART 9=INTERRUPT |
| s_axi_control | GIER     | 0x04   | 32    | RW     | Global Interrupt Enable Register | 0=Enable                                                             |
| s_axi_control | IP_IER   | 0x08   | 32    | RW     | IP Interrupt Enable Register     | 0=CHAN0_INT_EN 1=CHAN1_INT_EN                                        |
| s_axi_control | IP_ISR   | 0x0c   | 32    | RW     | IP Interrupt Status Register     | 0=CHAN0_INT_ST 1=CHAN1_INT_ST                                        |
| s_axi_control | width    | 0x10   | 32    | W      | Data signal of width             |                                                                      |
| s_axi_control | height   | 0x18   | 32    | W      | Data signal of height            |                                                                      |
+---------------+----------+--------+-------+--------+----------------------------------+----------------------------------------------------------------------+

* AXIS
+-----------+-----------+---------------+-------+--------+--------+
| Interface | Direction | Register Mode | TDATA | TREADY | TVALID |
+-----------+-----------+---------------+-------+--------+--------+
| stream_in | in        | both          | 24    | 1      | 1      |
+-----------+-----------+---------------+-------+--------+--------+

* TOP LEVEL CONTROL
+-----------+------------+-----------+
| Interface | Type       | Ports     |
+-----------+------------+-----------+
| ap_clk    | clock      | ap_clk    |
| ap_rst_n  | reset      | ap_rst_n  |
| interrupt | interrupt  | interrupt |
| ap_ctrl   | ap_ctrl_hs |           |
+-----------+------------+-----------+


================================================================
== SW I/O Information
================================================================
* Top Function Arguments
+-----------+-----------+--------------------------------------------------+
| Argument  | Direction | Datatype                                         |
+-----------+-----------+--------------------------------------------------+
| stream_in | in        | stream<axi_stream_video<color_pixel<1, 8> >, 0>& |
| hist_out  | out       | ap_uint<32>*                                     |
| width     | in        | ap_uint<32>                                      |
| height    | in        | ap_uint<32>                                      |
+-----------+-----------+--------------------------------------------------+

* SW-to-HW Mapping
+-----------+---------------+-----------+--------------------------------------+
| Argument  | HW Interface  | HW Type   | HW Info                              |
+-----------+---------------+-----------+--------------------------------------+
| stream_in | stream_in     | interface |                                      |
| hist_out  | s_axi_control | memory    | name=hist_out offset=1024 range=1024 |
| width     | s_axi_control | register  | name=width offset=0x10 range=32      |
| height    | s_axi_control | register  | name=height offset=0x18 range=32     |
+-----------+---------------+-----------+--------------------------------------+


================================================================
== Bind Op Report
================================================================
+------------------------------------------------+-----+--------+---------------+-------+--------+---------+
| Name                                           | DSP | Pragma | Variable      | Op    | Impl   | Latency |
+------------------------------------------------+-----+--------+---------------+-------+--------+---------+
| + hls_histogram_gray                           | 3   |        |               |       |        |         |
|   mul_32s_32s_32_1_1_U9                        | 3   |        | total_pixels  | mul   | auto   | 0       |
|   icmp_ln36_fu_132_p2                          |     |        | icmp_ln36     | seteq | auto   | 0       |
|  + hls_histogram_gray_Pipeline_VITIS_LOOP_22_1 | 0   |        |               |       |        |         |
|    icmp_ln22_fu_64_p2                          |     |        | icmp_ln22     | seteq | auto   | 0       |
|    add_ln22_fu_70_p2                           |     |        | add_ln22      | add   | fabric | 0       |
|  + hls_histogram_gray_Pipeline_VITIS_LOOP_36_2 | 0   |        |               |       |        |         |
|    icmp_ln36_fu_148_p2                         |     |        | icmp_ln36     | seteq | auto   | 0       |
|    i_2_fu_154_p2                               |     |        | i_2           | add   | fabric | 0       |
|    icmp_ln47_fu_173_p2                         |     |        | icmp_ln47     | setne | auto   | 0       |
|    or_ln47_fu_179_p2                           |     |        | or_ln47       | or    | auto   | 0       |
|    current_count_fu_212_p2                     |     |        | current_count | add   | fabric | 0       |
|  + hls_histogram_gray_Pipeline_VITIS_LOOP_77_3 | 0   |        |               |       |        |         |
|    icmp_ln77_fu_87_p2                          |     |        | icmp_ln77     | seteq | auto   | 0       |
|    add_ln77_fu_93_p2                           |     |        | add_ln77      | add   | fabric | 0       |
+------------------------------------------------+-----+--------+---------------+-------+--------+---------+


================================================================
== Storage Report
================================================================
+----------------------+---------------+-----------+------+------+--------+------------+------+---------+------------------+
| Name                 | Usage         | Type      | BRAM | URAM | Pragma | Variable   | Impl | Latency | Bitwidth, Depth, |
|                      |               |           |      |      |        |            |      |         | Banks            |
+----------------------+---------------+-----------+------+------+--------+------------+------+---------+------------------+
| + hls_histogram_gray |               |           | 4    | 0    |        |            |      |         |                  |
|   control_s_axi_U    | interface     | s_axilite | 2    |      |        |            |      |         |                  |
|   local_hist_U       | ram_t2p array |           | 2    |      | yes    | local_hist | bram | 1       | 32, 256, 1       |
+----------------------+---------------+-----------+------+------+--------+------------+------+---------+------------------+


================================================================
== Pragma Report
================================================================
* Valid Pragma Syntax
+--------------+--------------------------------------------------+--------------------------------------------------------------------------+
| Type         | Options                                          | Location                                                                 |
+--------------+--------------------------------------------------+--------------------------------------------------------------------------+
| INTERFACE    | axis port = stream_in                            | in hls_histogram_gray (hls_histogram.cpp:12)                             |
| INTERFACE    | s_axilite port = hist_out bundle = control       | in hls_histogram_gray (hls_histogram.cpp:13)                             |
| INTERFACE    | s_axilite port = width bundle = control          | in hls_histogram_gray (hls_histogram.cpp:14)                             |
| INTERFACE    | s_axilite port = height bundle = control         | in hls_histogram_gray (hls_histogram.cpp:15)                             |
| INTERFACE    | s_axilite port = return bundle = control         | in hls_histogram_gray (hls_histogram.cpp:16)                             |
| BIND_STORAGE | variable = local_hist type = ram_t2p impl = bram | in histogram_core (hls_histogram.hpp:19)                                 |
| PIPELINE     | II = 1                                           | in histogram_core (hls_histogram.hpp:24)                                 |
| PIPELINE     | II = 1                                           | in histogram_core (hls_histogram.hpp:38)                                 |
| PIPELINE     | II = 1                                           | in histogram_core (hls_histogram.hpp:79)                                 |
| INLINE       |                                                  | in color_pixel<num_channels, pixel_width> (hls_video_types.hpp:43)       |
| UNROLL       |                                                  | in color_pixel<num_channels, pixel_width> (hls_video_types.hpp:45)       |
| INLINE       |                                                  | in color_pixel<num_channels, pixel_width> (hls_video_types.hpp:57)       |
| UNROLL       |                                                  | in color_pixel<num_channels, pixel_width> (hls_video_types.hpp:59)       |
| INLINE       |                                                  | in color_pixel<num_channels, pixel_width> (hls_video_types.hpp:72)       |
| UNROLL       |                                                  | in color_pixel<num_channels, pixel_width> (hls_video_types.hpp:75)       |
| INLINE       |                                                  | in operator ap_uint<num_channels * pixel_width> (hls_video_types.hpp:87) |
| UNROLL       |                                                  | in operator ap_uint<num_channels * pixel_width> (hls_video_types.hpp:90) |
| INLINE       |                                                  | in operator unsigned int (hls_video_types.hpp:102)                       |
+--------------+--------------------------------------------------+--------------------------------------------------------------------------+


