Copyright 1986-2022 Xilinx, Inc. All Rights Reserved. Copyright 2022-2025 Advanced Micro Devices, Inc. All Rights Reserved.
-------------------------------------------------------------------------------------------------------------------------------------------------
| Tool Version     : Vivado v.2025.2 (win64) Build 6299465 Fri Nov 14 19:35:11 GMT 2025
| Date             : Sun Apr 12 21:24:54 2026
| Host             : N166A running 64-bit major release  (build 9200)
| Command          : report_power -file hsv_2_rgb_power_routed.rpt -pb hsv_2_rgb_power_summary_routed.pb -rpx hsv_2_rgb_power_routed.rpx
| Design           : hsv_2_rgb
| Device           : xck26-sfvc784-2LV-c
| Design State     : routed
| Grade            : commercial
| Process          : typical
| Characterization : Production
-------------------------------------------------------------------------------------------------------------------------------------------------

Power Report

Table of Contents
-----------------
1. Summary
1.1 On-Chip Components
1.2 Power Supply Summary
1.3 Confidence Level
2. Settings
2.1 Environment
2.2 Clock Constraints
3. Detailed Reports
3.1 By Hierarchy

1. Summary
----------

+--------------------------+----------------------------------+
| Total On-Chip Power (W)  | 29.168 (Junction temp exceeded!) |
| Design Power Budget (W)  | Unspecified*                     |
| Power Budget Margin (W)  | NA                               |
| Dynamic (W)              | 28.312                           |
| Device Static (W)        | 0.856                            |
| Effective TJA (C/W)      | 2.3                              |
| Max Ambient (C)          | 17.3                             |
| Junction Temperature (C) | 92.7                             |
| Confidence Level         | Low                              |
| Setting File             | ---                              |
| Simulation Activity File | ---                              |
| Design Nets Matched      | NA                               |
+--------------------------+----------------------------------+
* Specify Design Power Budget using, set_operating_conditions -design_power_budget <value in Watts>


1.1 On-Chip Components
----------------------

+-------------------------+-----------+----------+-----------+-----------------+
| On-Chip                 | Power (W) | Used     | Available | Utilization (%) |
+-------------------------+-----------+----------+-----------+-----------------+
| CLB Logic               |     1.896 |      695 |       --- |             --- |
|   LUT as Logic          |     1.686 |      375 |    117120 |            0.32 |
|   CARRY8                |     0.110 |       32 |     14640 |            0.22 |
|   Register              |     0.082 |      181 |    234240 |            0.08 |
|   LUT as Shift Register |     0.018 |        6 |     57600 |            0.01 |
|   BUFG                  |    <0.001 |        1 |        32 |            3.13 |
|   Others                |     0.000 |        4 |       --- |             --- |
|   F7/F8 Muxes           |     0.000 |        1 |    117120 |           <0.01 |
| Signals                 |     1.888 |      609 |       --- |             --- |
| DSPs                    |     0.050 |        2 |      1248 |            0.16 |
| I/O                     |    24.478 |       58 |       189 |           30.69 |
| Static Power            |     0.856 |          |           |                 |
| Total                   |    29.168 |          |           |                 |
+-------------------------+-----------+----------+-----------+-----------------+


1.2 Power Supply Summary
------------------------

+------------------+-------------+-----------+-------------+------------+-------------+-------------+------------+
| Source           | Voltage (V) | Total (A) | Dynamic (A) | Static (A) | Powerup (A) | Budget (A)  | Margin (A) |
+------------------+-------------+-----------+-------------+------------+-------------+-------------+------------+
| Vccint           |       0.720 |     6.074 |       5.325 |      0.750 |       NA    | Unspecified | NA         |
| Vccint_io        |       0.850 |     1.094 |       1.030 |      0.064 |       NA    | Unspecified | NA         |
| Vccbram          |       0.850 |     0.011 |       0.000 |      0.011 |       NA    | Unspecified | NA         |
| Vccaux           |       1.800 |     0.101 |       0.000 |      0.101 |       NA    | Unspecified | NA         |
| Vccaux_io        |       1.800 |     2.897 |       2.865 |      0.032 |       NA    | Unspecified | NA         |
| Vcco33           |       3.300 |     0.000 |       0.000 |      0.000 |       NA    | Unspecified | NA         |
| Vcco25           |       2.500 |     0.000 |       0.000 |      0.000 |       NA    | Unspecified | NA         |
| Vcco18           |       1.800 |    10.248 |      10.248 |      0.000 |       NA    | Unspecified | NA         |
| Vcco15           |       1.500 |     0.000 |       0.000 |      0.000 |       NA    | Unspecified | NA         |
| Vcco135          |       1.350 |     0.000 |       0.000 |      0.000 |       NA    | Unspecified | NA         |
| Vcco12           |       1.200 |     0.000 |       0.000 |      0.000 |       NA    | Unspecified | NA         |
| Vcco10           |       1.000 |     0.000 |       0.000 |      0.000 |       NA    | Unspecified | NA         |
| Vccadc           |       1.800 |     0.008 |       0.000 |      0.008 |       NA    | Unspecified | NA         |
| VCC_PSINTFP      |       0.850 |     0.000 |       0.000 |      0.000 |       NA    | Unspecified | NA         |
| VCC_PSINTLP      |       0.850 |     0.000 |       0.000 |      0.000 |       NA    | Unspecified | NA         |
| VPS_MGTRAVCC     |       0.850 |     0.000 |       0.000 |      0.000 |       NA    | Unspecified | NA         |
| VCC_PSINTFP_DDR  |       0.850 |     0.000 |       0.000 |      0.000 |       NA    | Unspecified | NA         |
| VCC_PSPLL        |       1.200 |     0.000 |       0.000 |      0.000 |       NA    | Unspecified | NA         |
| VPS_MGTRAVTT     |       1.800 |     0.000 |       0.000 |      0.000 |       NA    | Unspecified | NA         |
| VCCO_PSDDR_504   |       1.200 |     0.000 |       0.000 |      0.000 |       NA    | Unspecified | NA         |
| VCC_PSAUX        |       1.800 |     0.000 |       0.000 |      0.000 |       NA    | Unspecified | NA         |
| VCC_PSBATT       |       1.200 |     0.000 |       0.000 |      0.000 |       NA    | Unspecified | NA         |
| VCC_PSDDR_PLL    |       1.800 |     0.000 |       0.000 |      0.000 |       NA    | Unspecified | NA         |
| VCCO_PSIO0_500   |       3.300 |     0.000 |       0.000 |      0.000 |       NA    | Unspecified | NA         |
| VCCO_PSIO1_501   |       3.300 |     0.000 |       0.000 |      0.000 |       NA    | Unspecified | NA         |
| VCCO_PSIO2_502   |       3.300 |     0.000 |       0.000 |      0.000 |       NA    | Unspecified | NA         |
| VCCO_PSIO3_503   |       3.300 |     0.000 |       0.000 |      0.000 |       NA    | Unspecified | NA         |
| VCC_PSADC        |       1.800 |     0.000 |       0.000 |      0.000 |       NA    | Unspecified | NA         |
| VMGTAVCC (GTH)   |       0.900 |     0.000 |       0.000 |      0.000 |       NA    | Unspecified | NA         |
| VMGTAVTT (GTH)   |       1.200 |     0.000 |       0.000 |      0.000 |       NA    | Unspecified | NA         |
| VMGTVCCAUX (GTH) |       1.800 |     0.000 |       0.000 |      0.000 |       NA    | Unspecified | NA         |
+------------------+-------------+-----------+-------------+------------+-------------+-------------+------------+


1.3 Confidence Level
--------------------

+-----------------------------+------------+--------------------------------------------------------+--------------------------------------------------------------------------------------------------------------------+
| User Input Data             | Confidence | Details                                                | Action                                                                                                             |
+-----------------------------+------------+--------------------------------------------------------+--------------------------------------------------------------------------------------------------------------------+
| Design implementation state | High       | Design is routed                                       |                                                                                                                    |
| Clock nodes activity        | Low        | User specified less than 75% of clocks                 | Provide missing clock activity with a constraint file, simulation results or by editing the "By Clock Domain" view |
| I/O nodes activity          | Low        | More than 75% of inputs are missing user specification | Provide missing input activity with simulation results or by editing the "By Resource Type -> I/Os" view           |
| Internal nodes activity     | Medium     | User specified less than 25% of internal nodes         | Provide missing internal nodes activity with simulation results or by editing the "By Resource Type" views         |
| Device models               | High       | Device models are Production                           |                                                                                                                    |
|                             |            |                                                        |                                                                                                                    |
| Overall confidence level    | Low        |                                                        |                                                                                                                    |
+-----------------------------+------------+--------------------------------------------------------+--------------------------------------------------------------------------------------------------------------------+


2. Settings
-----------

2.1 Environment
---------------

+-----------------------+--------------------------+
| Ambient Temp (C)      | 25.0                     |
| ThetaJA (C/W)         | 2.3                      |
| Airflow (LFM)         | 250                      |
| Heat Sink             | medium (Medium Profile)  |
| ThetaSA (C/W)         | 5.5                      |
| Board Selection       | medium (10"x10")         |
| # of Board Layers     | 12to15 (12 to 15 Layers) |
| Board Temperature (C) | 25.0                     |
+-----------------------+--------------------------+


2.2 Clock Constraints
---------------------

+-------+--------+-----------------+
| Clock | Domain | Constraint (ns) |
+-------+--------+-----------------+


3. Detailed Reports
-------------------

3.1 By Hierarchy
----------------

+------------------------------+-----------+
| Name                         | Power (W) |
+------------------------------+-----------+
| hsv_2_rgb                    |    28.312 |
|   clk_IBUF_inst              |     0.005 |
|   m_axis_tready_IBUF_inst    |     0.008 |
|   s_axis_tdata_IBUF[0]_inst  |     0.006 |
|   s_axis_tdata_IBUF[10]_inst |     0.008 |
|   s_axis_tdata_IBUF[11]_inst |     0.007 |
|   s_axis_tdata_IBUF[12]_inst |     0.007 |
|   s_axis_tdata_IBUF[13]_inst |     0.007 |
|   s_axis_tdata_IBUF[14]_inst |     0.007 |
|   s_axis_tdata_IBUF[15]_inst |     0.007 |
|   s_axis_tdata_IBUF[16]_inst |     0.013 |
|   s_axis_tdata_IBUF[17]_inst |     0.010 |
|   s_axis_tdata_IBUF[18]_inst |     0.009 |
|   s_axis_tdata_IBUF[19]_inst |     0.009 |
|   s_axis_tdata_IBUF[1]_inst  |     0.006 |
|   s_axis_tdata_IBUF[20]_inst |     0.010 |
|   s_axis_tdata_IBUF[21]_inst |     0.010 |
|   s_axis_tdata_IBUF[22]_inst |     0.010 |
|   s_axis_tdata_IBUF[23]_inst |     0.008 |
|   s_axis_tdata_IBUF[2]_inst  |     0.006 |
|   s_axis_tdata_IBUF[3]_inst  |     0.006 |
|   s_axis_tdata_IBUF[4]_inst  |     0.007 |
|   s_axis_tdata_IBUF[5]_inst  |     0.007 |
|   s_axis_tdata_IBUF[6]_inst  |     0.007 |
|   s_axis_tdata_IBUF[7]_inst  |     0.007 |
|   s_axis_tdata_IBUF[8]_inst  |     0.006 |
|   s_axis_tdata_IBUF[9]_inst  |     0.006 |
|   s_axis_tlast_IBUF_inst     |     0.009 |
|   s_axis_tuser_IBUF[0]_inst  |     0.008 |
|   s_axis_tvalid_IBUF_inst    |     0.009 |
+------------------------------+-----------+


