Copyright 1986-2022 Xilinx, Inc. All Rights Reserved. Copyright 2022-2025 Advanced Micro Devices, Inc. All Rights Reserved.
---------------------------------------------------------------------------------------------------------------------------------------------
| Tool Version : Vivado v.2025.2 (win64) Build 6299465 Fri Nov 14 19:35:11 GMT 2025
| Date         : Sun Apr 12 21:21:15 2026
| Host         : N166A running 64-bit major release  (build 9200)
| Command      : report_drc -file hsv_2_rgb_drc_opted.rpt -pb hsv_2_rgb_drc_opted.pb -rpx hsv_2_rgb_drc_opted.rpx
| Design       : hsv_2_rgb
| Device       : xck26-sfvc784-2LV-c
| Speed File   : -2LV
| Design State : Synthesized
---------------------------------------------------------------------------------------------------------------------------------------------

Report DRC

Table of Contents
-----------------
1. REPORT SUMMARY
2. REPORT DETAILS

1. REPORT SUMMARY
-----------------
            Netlist: netlist
          Floorplan: design_1
      Design limits: <entire design considered>
           Ruledeck: default
             Max checks: <unlimited>
             Checks found: 7
+--------+------------------+----------------------------+--------+
| Rule   | Severity         | Description                | Checks |
+--------+------------------+----------------------------+--------+
| NSTD-1 | Critical Warning | Unspecified I/O Standard   | 1      |
| UCIO-1 | Critical Warning | Unconstrained Logical Port | 1      |
| DPIP-2 | Warning          | Input pipelining           | 3      |
| DPOP-3 | Warning          | PREG Output pipelining     | 1      |
| DPOP-4 | Warning          | MREG Output pipelining     | 1      |
+--------+------------------+----------------------------+--------+

2. REPORT DETAILS
-----------------
NSTD-1#1 Critical Warning
Unspecified I/O Standard  
58 out of 58 logical ports use I/O standard (IOSTANDARD) value 'DEFAULT', instead of a user assigned specific value. This may cause I/O contention or incompatibility with the board power or connectivity affecting performance, signal integrity or in extreme cases cause damage to the device or the components to which it is connected. To correct this violation, specify all I/O standards. This design will fail to generate a bitstream unless all logical ports have a user specified I/O standard value defined. To allow bitstream creation with unspecified I/O standard values (not recommended), use this command: set_property SEVERITY {Warning} [get_drc_checks NSTD-1].  NOTE: When using the Vivado Runs infrastructure (e.g. launch_runs Tcl command), add this command to a .tcl file and add that file as a pre-hook for write_bitstream step for the implementation run. Problem ports: clk, m_axis_tdata[23:0], m_axis_tlast, m_axis_tready, m_axis_tuser[0],
m_axis_tvalid, rst, s_axis_tdata[23:0], s_axis_tlast, s_axis_tready,
s_axis_tuser[0], s_axis_tvalid.
Related violations: <none>

UCIO-1#1 Critical Warning
Unconstrained Logical Port  
58 out of 58 logical ports have no user assigned specific location constraint (LOC). This may cause I/O contention or incompatibility with the board power or connectivity affecting performance, signal integrity or in extreme cases cause damage to the device or the components to which it is connected. To correct this violation, specify all pin locations. This design will fail to generate a bitstream unless all logical ports have a user specified site LOC constraint defined.  To allow bitstream creation with unspecified pin locations (not recommended), use this command: set_property SEVERITY {Warning} [get_drc_checks UCIO-1].  NOTE: When using the Vivado Runs infrastructure (e.g. launch_runs Tcl command), add this command to a .tcl file and add that file as a pre-hook for write_bitstream step for the implementation run.  Problem ports: clk, m_axis_tdata[23:0], m_axis_tlast, m_axis_tready, m_axis_tuser[0],
m_axis_tvalid, rst, s_axis_tdata[23:0], s_axis_tlast, s_axis_tready,
s_axis_tuser[0], s_axis_tvalid.
Related violations: <none>

DPIP-2#1 Warning
Input pipelining  
DSP div_maxval0 input div_maxval0/B[17:0] is not pipelined. Pipelining DSP48 input will improve performance.
Related violations: <none>

DPIP-2#2 Warning
Input pipelining  
DSP div_maxval0 input div_maxval0/C[47:0] is not pipelined. Pipelining DSP48 input will improve performance.
Related violations: <none>

DPIP-2#3 Warning
Input pipelining  
DSP f4_v_inv_snf_mult_reg input f4_v_inv_snf_mult_reg/B[17:0] is not pipelined. Pipelining DSP48 input will improve performance.
Related violations: <none>

DPOP-3#1 Warning
PREG Output pipelining  
DSP div_maxval0 output div_maxval0/P[47:0] is not pipelined (PREG=0). Pipelining the DSP48 output will improve performance and often saves power so it is suggested whenever possible to fully pipeline this function.  If this DSP48 function was inferred, it is suggested to describe an additional register stage after this function.  If the DSP48 was instantiated in the design, it is suggested to set the PREG attribute to 1.
Related violations: <none>

DPOP-4#1 Warning
MREG Output pipelining  
DSP f4_v_inv_snf_mult_reg multiplier stage f4_v_inv_snf_mult_reg/P[47:0] is not pipelined (MREG=0). Pipelining the multiplier function will improve performance and will save significant power so it is suggested whenever possible to fully pipeline this function.  If this multiplier was inferred, it is suggested to describe an additional register stage after this function.  If there is no registered adder/accumulator following the multiply function, two pipeline stages are suggested to allow both the MREG and PREG registers to be used.  If the DSP48 was instantiated in the design, it is suggested to set both the MREG and PREG attributes to 1 when performing multiply functions.
Related violations: <none>


