Copyright 1986-2022 Xilinx, Inc. All Rights Reserved. Copyright 2022-2025 Advanced Micro Devices, Inc. All Rights Reserved.
--------------------------------------------------------------------------------------------------------------------------------------------------------------------------------------------------------------------------------------------
| Tool Version      : Vivado v.2025.2 (win64) Build 6299465 Fri Nov 14 19:35:11 GMT 2025
| Date              : Sun Apr 12 21:24:36 2026
| Host              : N166A running 64-bit major release  (build 9200)
| Command           : report_timing_summary -max_paths 10 -routable_nets -report_unconstrained -file hsv_2_rgb_timing_summary_routed.rpt -pb hsv_2_rgb_timing_summary_routed.pb -rpx hsv_2_rgb_timing_summary_routed.rpx -warn_on_violation
| Design            : hsv_2_rgb
| Device            : xck26-sfvc784
| Speed File        : -2LV  PRODUCTION 1.30 05-15-2022
| Design State      : Routed
| Temperature Grade : C
--------------------------------------------------------------------------------------------------------------------------------------------------------------------------------------------------------------------------------------------

Timing Summary Report

------------------------------------------------------------------------------------------------
| Timer Settings
| --------------
------------------------------------------------------------------------------------------------

  Enable Multi Corner Analysis               :  Yes
  Enable Pessimism Removal                   :  Yes
  Pessimism Removal Resolution               :  Nearest Common Node
  Enable Input Delay Default Clock           :  No
  Enable Preset / Clear Arcs                 :  No
  Disable Flight Delays                      :  No
  Ignore I/O Paths                           :  No
  Timing Early Launch at Borrowing Latches   :  No
  Borrow Time for Max Delay Exceptions       :  Yes
  Merge Timing Exceptions                    :  Yes
  Inter-SLR Compensation                     :  Conservative

  Corner  Analyze    Analyze    
  Name    Max Paths  Min Paths  
  ------  ---------  ---------  
  Slow    Yes        Yes        
  Fast    Yes        Yes        


------------------------------------------------------------------------------------------------
| Report Methodology
| ------------------
------------------------------------------------------------------------------------------------

Rule       Severity          Description                  Violations  
---------  ----------------  ---------------------------  ----------  
TIMING-17  Critical Warning  Non-clocked sequential cell  191         

Note: This report is based on the most recent report_methodology run and may not be up-to-date. Run report_methodology on the current design for the latest report.



check_timing report

Table of Contents
-----------------
1. checking no_clock (191)
2. checking constant_clock (0)
3. checking pulse_width_clock (0)
4. checking unconstrained_internal_endpoints (555)
5. checking no_input_delay (29)
6. checking no_output_delay (28)
7. checking multiple_clock (0)
8. checking generated_clocks (0)
9. checking loops (0)
10. checking partial_input_delay (0)
11. checking partial_output_delay (0)
12. checking latch_loops (0)

1. checking no_clock (191)
--------------------------
 There are 191 register/latch pins with no clock driven by root clock pin: clk (HIGH)


2. checking constant_clock (0)
------------------------------
 There are 0 register/latch pins with constant_clock.


3. checking pulse_width_clock (0)
---------------------------------
 There are 0 register/latch pins which need pulse_width check


4. checking unconstrained_internal_endpoints (555)
--------------------------------------------------
 There are 555 pins that are not constrained for maximum delay. (HIGH)

 There are 0 pins that are not constrained for maximum delay due to constant clock.


5. checking no_input_delay (29)
-------------------------------
 There are 29 input ports with no input delay specified. (HIGH)

 There are 0 input ports with no input delay but user has a false path constraint.


6. checking no_output_delay (28)
--------------------------------
 There are 28 ports with no output delay specified. (HIGH)

 There are 0 ports with no output delay but user has a false path constraint

 There are 0 ports with no output delay but with a timing clock defined on it or propagating through it


7. checking multiple_clock (0)
------------------------------
 There are 0 register/latch pins with multiple clocks.


8. checking generated_clocks (0)
--------------------------------
 There are 0 generated clocks that are not connected to a clock source.


9. checking loops (0)
---------------------
 There are 0 combinational loops in the design.


10. checking partial_input_delay (0)
------------------------------------
 There are 0 input ports with partial input delay specified.


11. checking partial_output_delay (0)
-------------------------------------
 There are 0 ports with partial output delay specified.


12. checking latch_loops (0)
----------------------------
 There are 0 combinational latch loops in the design through latch input



------------------------------------------------------------------------------------------------
| Design Timing Summary
| ---------------------
------------------------------------------------------------------------------------------------

    WNS(ns)      TNS(ns)  TNS Failing Endpoints  TNS Total Endpoints      WHS(ns)      THS(ns)  THS Failing Endpoints  THS Total Endpoints     WPWS(ns)     TPWS(ns)  TPWS Failing Endpoints  TPWS Total Endpoints  
    -------      -------  ---------------------  -------------------      -------      -------  ---------------------  -------------------     --------     --------  ----------------------  --------------------  
        inf        0.000                      0                  401          inf        0.000                      0                  401           NA           NA                      NA                    NA  


There are no user specified timing constraints.


------------------------------------------------------------------------------------------------
| Clock Summary
| -------------
------------------------------------------------------------------------------------------------


------------------------------------------------------------------------------------------------
| Intra Clock Table
| -----------------
------------------------------------------------------------------------------------------------

Clock             WNS(ns)      TNS(ns)  TNS Failing Endpoints  TNS Total Endpoints      WHS(ns)      THS(ns)  THS Failing Endpoints  THS Total Endpoints     WPWS(ns)     TPWS(ns)  TPWS Failing Endpoints  TPWS Total Endpoints  
-----             -------      -------  ---------------------  -------------------      -------      -------  ---------------------  -------------------     --------     --------  ----------------------  --------------------  


------------------------------------------------------------------------------------------------
| Inter Clock Table
| -----------------
------------------------------------------------------------------------------------------------

From Clock    To Clock          WNS(ns)      TNS(ns)  TNS Failing Endpoints  TNS Total Endpoints      WHS(ns)      THS(ns)  THS Failing Endpoints  THS Total Endpoints  
----------    --------          -------      -------  ---------------------  -------------------      -------      -------  ---------------------  -------------------  


------------------------------------------------------------------------------------------------
| Other Path Groups Table
| -----------------------
------------------------------------------------------------------------------------------------

Path Group    From Clock    To Clock          WNS(ns)      TNS(ns)  TNS Failing Endpoints  TNS Total Endpoints      WHS(ns)      THS(ns)  THS Failing Endpoints  THS Total Endpoints  
----------    ----------    --------          -------      -------  ---------------------  -------------------      -------      -------  ---------------------  -------------------  


------------------------------------------------------------------------------------------------
| User Ignored Path Table
| -----------------------
------------------------------------------------------------------------------------------------

Path Group    From Clock    To Clock    
----------    ----------    --------    


------------------------------------------------------------------------------------------------
| Unconstrained Path Table
| ------------------------
------------------------------------------------------------------------------------------------

Path Group    From Clock    To Clock    
----------    ----------    --------    
(none)                                    


------------------------------------------------------------------------------------------------
| Timing Details
| --------------
------------------------------------------------------------------------------------------------


--------------------------------------------------------------------------------------
Path Group:  (none)
From Clock:  
  To Clock:  

Max Delay           401 Endpoints
Min Delay           401 Endpoints
--------------------------------------------------------------------------------------


Max Delay Paths
--------------------------------------------------------------------------------------
Slack:                    inf
  Source:                 f3_s_f_reg[2]/C
                            (rising edge-triggered cell FDRE)
  Destination:            f4_v_inv_sf_mult_reg[15]/D
  Path Group:             (none)
  Path Type:              Max at Slow Process Corner
  Data Path Delay:        4.601ns  (logic 1.433ns (31.147%)  route 3.168ns (68.853%))
  Logic Levels:           8  (CARRY8=3 FDRE=1 LUT2=1 LUT4=2 LUT6=1)

    Location             Delay type                Incr(ns)  Path(ns)    Netlist Resource(s)
  -------------------------------------------------------------------    -------------------
    SLICE_X24Y186        FDRE                         0.000     0.000 r  f3_s_f_reg[2]/C
    SLICE_X24Y186        FDRE (Prop_CFF_SLICEM_C_Q)
                                                      0.116     0.116 r  f3_s_f_reg[2]/Q
                         net (fo=16, routed)          0.940     1.056    f3_s_f[2]
    SLICE_X22Y188        LUT2 (Prop_F5LUT_SLICEL_I0_O)
                                                      0.162     1.218 r  f4_v_inv_sf_mult[2]_i_18/O
                         net (fo=1, routed)           0.814     2.032    f4_v_inv_sf_mult[2]_i_18_n_0
    SLICE_X24Y187        LUT6 (Prop_G6LUT_SLICEM_I3_O)
                                                      0.226     2.258 r  f4_v_inv_sf_mult[2]_i_10/O
                         net (fo=1, routed)           0.021     2.279    f4_v_inv_sf_mult[2]_i_10_n_0
    SLICE_X24Y187        CARRY8 (Prop_CARRY8_SLICEM_S[6]_CO[7])
                                                      0.175     2.454 r  f4_v_inv_sf_mult_reg[2]_i_1/CO[7]
                         net (fo=1, routed)           0.030     2.484    f4_v_inv_sf_mult_reg[2]_i_1_n_0
    SLICE_X24Y188        CARRY8 (Prop_CARRY8_SLICEM_CI_O[1])
                                                      0.106     2.590 r  f4_v_inv_sf_mult_reg[15]_i_27/O[1]
                         net (fo=2, routed)           0.603     3.193    f4_v_inv_sf_mult_reg[15]_i_27_n_14
    SLICE_X22Y188        LUT4 (Prop_H5LUT_SLICEL_I1_O)
                                                      0.132     3.325 r  f4_v_inv_sf_mult[15]_i_16/O
                         net (fo=3, routed)           0.619     3.944    f4_v_inv_sf_mult[15]_i_16_n_0
    SLICE_X23Y189        LUT4 (Prop_H6LUT_SLICEL_I3_O)
                                                      0.227     4.171 r  f4_v_inv_sf_mult[15]_i_5/O
                         net (fo=1, routed)           0.109     4.280    f4_v_inv_sf_mult[15]_i_5_n_0
    SLICE_X23Y189        CARRY8 (Prop_CARRY8_SLICEL_DI[0]_O[4])
                                                      0.289     4.569 r  f4_v_inv_sf_mult_reg[15]_i_1/O[4]
                         net (fo=1, routed)           0.032     4.601    f4_v_inv_sf_mult0[15]
    SLICE_X23Y189        FDRE                                         r  f4_v_inv_sf_mult_reg[15]/D
  -------------------------------------------------------------------    -------------------

Slack:                    inf
  Source:                 f3_s_f_reg[2]/C
                            (rising edge-triggered cell FDRE)
  Destination:            f4_v_inv_sf_mult_reg[14]/D
  Path Group:             (none)
  Path Type:              Max at Slow Process Corner
  Data Path Delay:        4.483ns  (logic 1.313ns (29.290%)  route 3.170ns (70.710%))
  Logic Levels:           8  (CARRY8=3 FDRE=1 LUT2=1 LUT4=2 LUT6=1)

    Location             Delay type                Incr(ns)  Path(ns)    Netlist Resource(s)
  -------------------------------------------------------------------    -------------------
    SLICE_X24Y186        FDRE                         0.000     0.000 r  f3_s_f_reg[2]/C
    SLICE_X24Y186        FDRE (Prop_CFF_SLICEM_C_Q)
                                                      0.116     0.116 r  f3_s_f_reg[2]/Q
                         net (fo=16, routed)          0.940     1.056    f3_s_f[2]
    SLICE_X22Y188        LUT2 (Prop_F5LUT_SLICEL_I0_O)
                                                      0.162     1.218 r  f4_v_inv_sf_mult[2]_i_18/O
                         net (fo=1, routed)           0.814     2.032    f4_v_inv_sf_mult[2]_i_18_n_0
    SLICE_X24Y187        LUT6 (Prop_G6LUT_SLICEM_I3_O)
                                                      0.226     2.258 r  f4_v_inv_sf_mult[2]_i_10/O
                         net (fo=1, routed)           0.021     2.279    f4_v_inv_sf_mult[2]_i_10_n_0
    SLICE_X24Y187        CARRY8 (Prop_CARRY8_SLICEM_S[6]_CO[7])
                                                      0.175     2.454 r  f4_v_inv_sf_mult_reg[2]_i_1/CO[7]
                         net (fo=1, routed)           0.030     2.484    f4_v_inv_sf_mult_reg[2]_i_1_n_0
    SLICE_X24Y188        CARRY8 (Prop_CARRY8_SLICEM_CI_O[1])
                                                      0.106     2.590 r  f4_v_inv_sf_mult_reg[15]_i_27/O[1]
                         net (fo=2, routed)           0.603     3.193    f4_v_inv_sf_mult_reg[15]_i_27_n_14
    SLICE_X22Y188        LUT4 (Prop_H5LUT_SLICEL_I1_O)
                                                      0.132     3.325 r  f4_v_inv_sf_mult[15]_i_16/O
                         net (fo=3, routed)           0.619     3.944    f4_v_inv_sf_mult[15]_i_16_n_0
    SLICE_X23Y189        LUT4 (Prop_H6LUT_SLICEL_I3_O)
                                                      0.227     4.171 r  f4_v_inv_sf_mult[15]_i_5/O
                         net (fo=1, routed)           0.109     4.280    f4_v_inv_sf_mult[15]_i_5_n_0
    SLICE_X23Y189        CARRY8 (Prop_CARRY8_SLICEL_DI[0]_O[3])
                                                      0.169     4.449 r  f4_v_inv_sf_mult_reg[15]_i_1/O[3]
                         net (fo=1, routed)           0.034     4.483    f4_v_inv_sf_mult0[14]
    SLICE_X23Y189        FDRE                                         r  f4_v_inv_sf_mult_reg[14]/D
  -------------------------------------------------------------------    -------------------

Slack:                    inf
  Source:                 f3_s_f_reg[2]/C
                            (rising edge-triggered cell FDRE)
  Destination:            f4_v_inv_sf_mult_reg[13]/D
  Path Group:             (none)
  Path Type:              Max at Slow Process Corner
  Data Path Delay:        4.470ns  (logic 1.300ns (29.084%)  route 3.170ns (70.916%))
  Logic Levels:           8  (CARRY8=3 FDRE=1 LUT2=1 LUT4=2 LUT6=1)

    Location             Delay type                Incr(ns)  Path(ns)    Netlist Resource(s)
  -------------------------------------------------------------------    -------------------
    SLICE_X24Y186        FDRE                         0.000     0.000 r  f3_s_f_reg[2]/C
    SLICE_X24Y186        FDRE (Prop_CFF_SLICEM_C_Q)
                                                      0.116     0.116 r  f3_s_f_reg[2]/Q
                         net (fo=16, routed)          0.940     1.056    f3_s_f[2]
    SLICE_X22Y188        LUT2 (Prop_F5LUT_SLICEL_I0_O)
                                                      0.162     1.218 r  f4_v_inv_sf_mult[2]_i_18/O
                         net (fo=1, routed)           0.814     2.032    f4_v_inv_sf_mult[2]_i_18_n_0
    SLICE_X24Y187        LUT6 (Prop_G6LUT_SLICEM_I3_O)
                                                      0.226     2.258 r  f4_v_inv_sf_mult[2]_i_10/O
                         net (fo=1, routed)           0.021     2.279    f4_v_inv_sf_mult[2]_i_10_n_0
    SLICE_X24Y187        CARRY8 (Prop_CARRY8_SLICEM_S[6]_CO[7])
                                                      0.175     2.454 r  f4_v_inv_sf_mult_reg[2]_i_1/CO[7]
                         net (fo=1, routed)           0.030     2.484    f4_v_inv_sf_mult_reg[2]_i_1_n_0
    SLICE_X24Y188        CARRY8 (Prop_CARRY8_SLICEM_CI_O[1])
                                                      0.106     2.590 r  f4_v_inv_sf_mult_reg[15]_i_27/O[1]
                         net (fo=2, routed)           0.603     3.193    f4_v_inv_sf_mult_reg[15]_i_27_n_14
    SLICE_X22Y188        LUT4 (Prop_H5LUT_SLICEL_I1_O)
                                                      0.132     3.325 r  f4_v_inv_sf_mult[15]_i_16/O
                         net (fo=3, routed)           0.619     3.944    f4_v_inv_sf_mult[15]_i_16_n_0
    SLICE_X23Y189        LUT4 (Prop_H6LUT_SLICEL_I3_O)
                                                      0.227     4.171 r  f4_v_inv_sf_mult[15]_i_5/O
                         net (fo=1, routed)           0.109     4.280    f4_v_inv_sf_mult[15]_i_5_n_0
    SLICE_X23Y189        CARRY8 (Prop_CARRY8_SLICEL_DI[0]_O[2])
                                                      0.156     4.436 r  f4_v_inv_sf_mult_reg[15]_i_1/O[2]
                         net (fo=1, routed)           0.034     4.470    f4_v_inv_sf_mult0[13]
    SLICE_X23Y189        FDRE                                         r  f4_v_inv_sf_mult_reg[13]/D
  -------------------------------------------------------------------    -------------------

Slack:                    inf
  Source:                 f3_s_f_reg[2]/C
                            (rising edge-triggered cell FDRE)
  Destination:            f4_v_inv_sf_mult_reg[12]/D
  Path Group:             (none)
  Path Type:              Max at Slow Process Corner
  Data Path Delay:        4.424ns  (logic 1.255ns (28.369%)  route 3.169ns (71.631%))
  Logic Levels:           8  (CARRY8=3 FDRE=1 LUT2=1 LUT4=2 LUT6=1)

    Location             Delay type                Incr(ns)  Path(ns)    Netlist Resource(s)
  -------------------------------------------------------------------    -------------------
    SLICE_X24Y186        FDRE                         0.000     0.000 r  f3_s_f_reg[2]/C
    SLICE_X24Y186        FDRE (Prop_CFF_SLICEM_C_Q)
                                                      0.116     0.116 r  f3_s_f_reg[2]/Q
                         net (fo=16, routed)          0.940     1.056    f3_s_f[2]
    SLICE_X22Y188        LUT2 (Prop_F5LUT_SLICEL_I0_O)
                                                      0.162     1.218 r  f4_v_inv_sf_mult[2]_i_18/O
                         net (fo=1, routed)           0.814     2.032    f4_v_inv_sf_mult[2]_i_18_n_0
    SLICE_X24Y187        LUT6 (Prop_G6LUT_SLICEM_I3_O)
                                                      0.226     2.258 r  f4_v_inv_sf_mult[2]_i_10/O
                         net (fo=1, routed)           0.021     2.279    f4_v_inv_sf_mult[2]_i_10_n_0
    SLICE_X24Y187        CARRY8 (Prop_CARRY8_SLICEM_S[6]_CO[7])
                                                      0.175     2.454 r  f4_v_inv_sf_mult_reg[2]_i_1/CO[7]
                         net (fo=1, routed)           0.030     2.484    f4_v_inv_sf_mult_reg[2]_i_1_n_0
    SLICE_X24Y188        CARRY8 (Prop_CARRY8_SLICEM_CI_O[1])
                                                      0.106     2.590 r  f4_v_inv_sf_mult_reg[15]_i_27/O[1]
                         net (fo=2, routed)           0.603     3.193    f4_v_inv_sf_mult_reg[15]_i_27_n_14
    SLICE_X22Y188        LUT4 (Prop_H5LUT_SLICEL_I1_O)
                                                      0.132     3.325 r  f4_v_inv_sf_mult[15]_i_16/O
                         net (fo=3, routed)           0.619     3.944    f4_v_inv_sf_mult[15]_i_16_n_0
    SLICE_X23Y189        LUT4 (Prop_H6LUT_SLICEL_I3_O)
                                                      0.227     4.171 r  f4_v_inv_sf_mult[15]_i_5/O
                         net (fo=1, routed)           0.109     4.280    f4_v_inv_sf_mult[15]_i_5_n_0
    SLICE_X23Y189        CARRY8 (Prop_CARRY8_SLICEL_DI[0]_O[1])
                                                      0.111     4.391 r  f4_v_inv_sf_mult_reg[15]_i_1/O[1]
                         net (fo=1, routed)           0.033     4.424    f4_v_inv_sf_mult0[12]
    SLICE_X23Y189        FDRE                                         r  f4_v_inv_sf_mult_reg[12]/D
  -------------------------------------------------------------------    -------------------

Slack:                    inf
  Source:                 f3_s_f_reg[2]/C
                            (rising edge-triggered cell FDRE)
  Destination:            f4_v_inv_sf_mult_reg[11]/D
  Path Group:             (none)
  Path Type:              Max at Slow Process Corner
  Data Path Delay:        4.343ns  (logic 1.322ns (30.437%)  route 3.021ns (69.563%))
  Logic Levels:           9  (CARRY8=4 FDRE=1 LUT2=1 LUT4=1 LUT6=2)

    Location             Delay type                Incr(ns)  Path(ns)    Netlist Resource(s)
  -------------------------------------------------------------------    -------------------
    SLICE_X24Y186        FDRE                         0.000     0.000 r  f3_s_f_reg[2]/C
    SLICE_X24Y186        FDRE (Prop_CFF_SLICEM_C_Q)
                                                      0.116     0.116 r  f3_s_f_reg[2]/Q
                         net (fo=16, routed)          0.940     1.056    f3_s_f[2]
    SLICE_X22Y188        LUT2 (Prop_F5LUT_SLICEL_I0_O)
                                                      0.162     1.218 r  f4_v_inv_sf_mult[2]_i_18/O
                         net (fo=1, routed)           0.814     2.032    f4_v_inv_sf_mult[2]_i_18_n_0
    SLICE_X24Y187        LUT6 (Prop_G6LUT_SLICEM_I3_O)
                                                      0.226     2.258 r  f4_v_inv_sf_mult[2]_i_10/O
                         net (fo=1, routed)           0.021     2.279    f4_v_inv_sf_mult[2]_i_10_n_0
    SLICE_X24Y187        CARRY8 (Prop_CARRY8_SLICEM_S[6]_CO[7])
                                                      0.175     2.454 r  f4_v_inv_sf_mult_reg[2]_i_1/CO[7]
                         net (fo=1, routed)           0.030     2.484    f4_v_inv_sf_mult_reg[2]_i_1_n_0
    SLICE_X24Y188        CARRY8 (Prop_CARRY8_SLICEM_CI_O[0])
                                                      0.078     2.562 r  f4_v_inv_sf_mult_reg[15]_i_27/O[0]
                         net (fo=2, routed)           0.454     3.016    f4_v_inv_sf_mult_reg[15]_i_27_n_15
    SLICE_X22Y188        LUT4 (Prop_G5LUT_SLICEL_I3_O)
                                                      0.090     3.106 r  f4_v_inv_sf_mult[10]_i_17/O
                         net (fo=4, routed)           0.689     3.794    f4_v_inv_sf_mult[10]_i_17_n_0
    SLICE_X23Y188        LUT6 (Prop_G6LUT_SLICEL_I1_O)
                                                      0.226     4.020 r  f4_v_inv_sf_mult[10]_i_8/O
                         net (fo=1, routed)           0.012     4.032    f4_v_inv_sf_mult[10]_i_8_n_0
    SLICE_X23Y188        CARRY8 (Prop_CARRY8_SLICEL_S[6]_CO[7])
                                                      0.171     4.203 r  f4_v_inv_sf_mult_reg[10]_i_1/CO[7]
                         net (fo=1, routed)           0.030     4.233    f4_v_inv_sf_mult_reg[10]_i_1_n_0
    SLICE_X23Y189        CARRY8 (Prop_CARRY8_SLICEL_CI_O[0])
                                                      0.078     4.311 r  f4_v_inv_sf_mult_reg[15]_i_1/O[0]
                         net (fo=1, routed)           0.032     4.343    f4_v_inv_sf_mult0[11]
    SLICE_X23Y189        FDRE                                         r  f4_v_inv_sf_mult_reg[11]/D
  -------------------------------------------------------------------    -------------------

Slack:                    inf
  Source:                 f3_s_f_reg[2]/C
                            (rising edge-triggered cell FDRE)
  Destination:            f4_v_inv_sf_mult_reg[10]/D
  Path Group:             (none)
  Path Type:              Max at Slow Process Corner
  Data Path Delay:        4.182ns  (logic 1.189ns (28.429%)  route 2.993ns (71.571%))
  Logic Levels:           8  (CARRY8=3 FDRE=1 LUT2=1 LUT4=1 LUT6=2)

    Location             Delay type                Incr(ns)  Path(ns)    Netlist Resource(s)
  -------------------------------------------------------------------    -------------------
    SLICE_X24Y186        FDRE                         0.000     0.000 r  f3_s_f_reg[2]/C
    SLICE_X24Y186        FDRE (Prop_CFF_SLICEM_C_Q)
                                                      0.116     0.116 r  f3_s_f_reg[2]/Q
                         net (fo=16, routed)          0.940     1.056    f3_s_f[2]
    SLICE_X22Y188        LUT2 (Prop_F5LUT_SLICEL_I0_O)
                                                      0.162     1.218 r  f4_v_inv_sf_mult[2]_i_18/O
                         net (fo=1, routed)           0.814     2.032    f4_v_inv_sf_mult[2]_i_18_n_0
    SLICE_X24Y187        LUT6 (Prop_G6LUT_SLICEM_I3_O)
                                                      0.226     2.258 r  f4_v_inv_sf_mult[2]_i_10/O
                         net (fo=1, routed)           0.021     2.279    f4_v_inv_sf_mult[2]_i_10_n_0
    SLICE_X24Y187        CARRY8 (Prop_CARRY8_SLICEM_S[6]_CO[7])
                                                      0.175     2.454 r  f4_v_inv_sf_mult_reg[2]_i_1/CO[7]
                         net (fo=1, routed)           0.030     2.484    f4_v_inv_sf_mult_reg[2]_i_1_n_0
    SLICE_X24Y188        CARRY8 (Prop_CARRY8_SLICEM_CI_O[0])
                                                      0.078     2.562 r  f4_v_inv_sf_mult_reg[15]_i_27/O[0]
                         net (fo=2, routed)           0.454     3.016    f4_v_inv_sf_mult_reg[15]_i_27_n_15
    SLICE_X22Y188        LUT4 (Prop_G5LUT_SLICEL_I3_O)
                                                      0.090     3.106 r  f4_v_inv_sf_mult[10]_i_17/O
                         net (fo=4, routed)           0.689     3.794    f4_v_inv_sf_mult[10]_i_17_n_0
    SLICE_X23Y188        LUT6 (Prop_G6LUT_SLICEL_I1_O)
                                                      0.226     4.020 r  f4_v_inv_sf_mult[10]_i_8/O
                         net (fo=1, routed)           0.012     4.032    f4_v_inv_sf_mult[10]_i_8_n_0
    SLICE_X23Y188        CARRY8 (Prop_CARRY8_SLICEL_S[6]_O[7])
                                                      0.116     4.148 r  f4_v_inv_sf_mult_reg[10]_i_1/O[7]
                         net (fo=1, routed)           0.034     4.182    f4_v_inv_sf_mult0[10]
    SLICE_X23Y188        FDRE                                         r  f4_v_inv_sf_mult_reg[10]/D
  -------------------------------------------------------------------    -------------------

Slack:                    inf
  Source:                 f3_s_f_reg[2]/C
                            (rising edge-triggered cell FDRE)
  Destination:            f4_v_inv_sf_mult_reg[9]/D
  Path Group:             (none)
  Path Type:              Max at Slow Process Corner
  Data Path Delay:        4.165ns  (logic 1.043ns (25.040%)  route 3.122ns (74.960%))
  Logic Levels:           8  (CARRY8=3 FDRE=1 LUT2=1 LUT4=1 LUT6=2)

    Location             Delay type                Incr(ns)  Path(ns)    Netlist Resource(s)
  -------------------------------------------------------------------    -------------------
    SLICE_X24Y186        FDRE                         0.000     0.000 r  f3_s_f_reg[2]/C
    SLICE_X24Y186        FDRE (Prop_CFF_SLICEM_C_Q)
                                                      0.116     0.116 r  f3_s_f_reg[2]/Q
                         net (fo=16, routed)          0.940     1.056    f3_s_f[2]
    SLICE_X22Y188        LUT2 (Prop_F5LUT_SLICEL_I0_O)
                                                      0.162     1.218 r  f4_v_inv_sf_mult[2]_i_18/O
                         net (fo=1, routed)           0.814     2.032    f4_v_inv_sf_mult[2]_i_18_n_0
    SLICE_X24Y187        LUT6 (Prop_G6LUT_SLICEM_I3_O)
                                                      0.226     2.258 r  f4_v_inv_sf_mult[2]_i_10/O
                         net (fo=1, routed)           0.021     2.279    f4_v_inv_sf_mult[2]_i_10_n_0
    SLICE_X24Y187        CARRY8 (Prop_CARRY8_SLICEM_S[6]_CO[7])
                                                      0.175     2.454 r  f4_v_inv_sf_mult_reg[2]_i_1/CO[7]
                         net (fo=1, routed)           0.030     2.484    f4_v_inv_sf_mult_reg[2]_i_1_n_0
    SLICE_X24Y188        CARRY8 (Prop_CARRY8_SLICEM_CI_O[0])
                                                      0.078     2.562 r  f4_v_inv_sf_mult_reg[15]_i_27/O[0]
                         net (fo=2, routed)           0.454     3.016    f4_v_inv_sf_mult_reg[15]_i_27_n_15
    SLICE_X22Y188        LUT4 (Prop_G5LUT_SLICEL_I3_O)
                                                      0.090     3.106 r  f4_v_inv_sf_mult[10]_i_17/O
                         net (fo=4, routed)           0.657     3.762    f4_v_inv_sf_mult[10]_i_17_n_0
    SLICE_X23Y187        LUT6 (Prop_H6LUT_SLICEL_I0_O)
                                                      0.058     3.820 r  f4_v_inv_sf_mult[10]_i_4/O
                         net (fo=1, routed)           0.173     3.993    f4_v_inv_sf_mult[10]_i_4_n_0
    SLICE_X23Y188        CARRY8 (Prop_CARRY8_SLICEL_DI[5]_O[6])
                                                      0.138     4.131 r  f4_v_inv_sf_mult_reg[10]_i_1/O[6]
                         net (fo=1, routed)           0.034     4.165    f4_v_inv_sf_mult0[9]
    SLICE_X23Y188        FDRE                                         r  f4_v_inv_sf_mult_reg[9]/D
  -------------------------------------------------------------------    -------------------

Slack:                    inf
  Source:                 rst
                            (input port)
  Destination:            f5_r_reg[0]/CE
  Path Group:             (none)
  Path Type:              Max at Slow Process Corner
  Data Path Delay:        4.036ns  (logic 0.686ns (16.997%)  route 3.350ns (83.003%))
  Logic Levels:           3  (IBUFCTRL=1 INBUF=1 LUT3=1)

    Location             Delay type                Incr(ns)  Path(ns)    Netlist Resource(s)
  -------------------------------------------------------------------    -------------------
    K1                                                0.000     0.000 r  rst (IN)
                         net (fo=0)                   0.000     0.000    rst_IBUF_inst/I
    K1                   INBUF (Prop_INBUF_HPIOB_S_PAD_O)
                                                      0.533     0.533 r  rst_IBUF_inst/INBUF_INST/O
                         net (fo=1, routed)           0.000     0.533    rst_IBUF_inst/OUT
    K1                   IBUFCTRL (Prop_IBUFCTRL_HPIOB_S_I_O)
                                                      0.000     0.533 r  rst_IBUF_inst/IBUFCTRL_INST/O
                         net (fo=7, routed)           1.224     1.757    rst_IBUF
    SLICE_X23Y160        LUT3 (Prop_H6LUT_SLICEL_I0_O)
                                                      0.153     1.910 r  f1_s[7]_i_1/O
                         net (fo=183, routed)         2.126     4.036    f1_v[0]
    SLICE_X21Y192        FDRE                                         r  f5_r_reg[0]/CE
  -------------------------------------------------------------------    -------------------

Slack:                    inf
  Source:                 rst
                            (input port)
  Destination:            f5_b_reg[4]/CE
  Path Group:             (none)
  Path Type:              Max at Slow Process Corner
  Data Path Delay:        4.031ns  (logic 0.686ns (17.019%)  route 3.345ns (82.981%))
  Logic Levels:           3  (IBUFCTRL=1 INBUF=1 LUT3=1)

    Location             Delay type                Incr(ns)  Path(ns)    Netlist Resource(s)
  -------------------------------------------------------------------    -------------------
    K1                                                0.000     0.000 r  rst (IN)
                         net (fo=0)                   0.000     0.000    rst_IBUF_inst/I
    K1                   INBUF (Prop_INBUF_HPIOB_S_PAD_O)
                                                      0.533     0.533 r  rst_IBUF_inst/INBUF_INST/O
                         net (fo=1, routed)           0.000     0.533    rst_IBUF_inst/OUT
    K1                   IBUFCTRL (Prop_IBUFCTRL_HPIOB_S_I_O)
                                                      0.000     0.533 r  rst_IBUF_inst/IBUFCTRL_INST/O
                         net (fo=7, routed)           1.224     1.757    rst_IBUF
    SLICE_X23Y160        LUT3 (Prop_H6LUT_SLICEL_I0_O)
                                                      0.153     1.910 r  f1_s[7]_i_1/O
                         net (fo=183, routed)         2.121     4.031    f1_v[0]
    SLICE_X22Y192        FDRE                                         r  f5_b_reg[4]/CE
  -------------------------------------------------------------------    -------------------

Slack:                    inf
  Source:                 rst
                            (input port)
  Destination:            f5_g_reg[4]/CE
  Path Group:             (none)
  Path Type:              Max at Slow Process Corner
  Data Path Delay:        4.031ns  (logic 0.686ns (17.019%)  route 3.345ns (82.981%))
  Logic Levels:           3  (IBUFCTRL=1 INBUF=1 LUT3=1)

    Location             Delay type                Incr(ns)  Path(ns)    Netlist Resource(s)
  -------------------------------------------------------------------    -------------------
    K1                                                0.000     0.000 r  rst (IN)
                         net (fo=0)                   0.000     0.000    rst_IBUF_inst/I
    K1                   INBUF (Prop_INBUF_HPIOB_S_PAD_O)
                                                      0.533     0.533 r  rst_IBUF_inst/INBUF_INST/O
                         net (fo=1, routed)           0.000     0.533    rst_IBUF_inst/OUT
    K1                   IBUFCTRL (Prop_IBUFCTRL_HPIOB_S_I_O)
                                                      0.000     0.533 r  rst_IBUF_inst/IBUFCTRL_INST/O
                         net (fo=7, routed)           1.224     1.757    rst_IBUF
    SLICE_X23Y160        LUT3 (Prop_H6LUT_SLICEL_I0_O)
                                                      0.153     1.910 r  f1_s[7]_i_1/O
                         net (fo=183, routed)         2.121     4.031    f1_v[0]
    SLICE_X22Y192        FDRE                                         r  f5_g_reg[4]/CE
  -------------------------------------------------------------------    -------------------





Min Delay Paths
--------------------------------------------------------------------------------------
Slack:                    inf
  Source:                 f1_valid_reg_r/C
                            (rising edge-triggered cell FDRE)
  Destination:            f2_valid_reg_r/D
  Path Group:             (none)
  Path Type:              Min at Fast Process Corner
  Data Path Delay:        0.148ns  (logic 0.084ns (56.757%)  route 0.064ns (43.243%))
  Logic Levels:           1  (FDRE=1)

    Location             Delay type                Incr(ns)  Path(ns)    Netlist Resource(s)
  -------------------------------------------------------------------    -------------------
    SLICE_X23Y160        FDRE                         0.000     0.000 r  f1_valid_reg_r/C
    SLICE_X23Y160        FDRE (Prop_EFF_SLICEL_C_Q)
                                                      0.084     0.084 r  f1_valid_reg_r/Q
                         net (fo=1, routed)           0.064     0.148    f1_valid_reg_r_n_0
    SLICE_X23Y160        FDRE                                         r  f2_valid_reg_r/D
  -------------------------------------------------------------------    -------------------

Slack:                    inf
  Source:                 f2_v_reg[0]/C
                            (rising edge-triggered cell FDRE)
  Destination:            f3_v_reg[0]/D
  Path Group:             (none)
  Path Type:              Min at Fast Process Corner
  Data Path Delay:        0.148ns  (logic 0.084ns (56.757%)  route 0.064ns (43.243%))
  Logic Levels:           1  (FDRE=1)

    Location             Delay type                Incr(ns)  Path(ns)    Netlist Resource(s)
  -------------------------------------------------------------------    -------------------
    SLICE_X27Y189        FDRE                         0.000     0.000 r  f2_v_reg[0]/C
    SLICE_X27Y189        FDRE (Prop_EFF_SLICEL_C_Q)
                                                      0.084     0.084 r  f2_v_reg[0]/Q
                         net (fo=1, routed)           0.064     0.148    f2_v[0]
    SLICE_X27Y189        FDRE                                         r  f3_v_reg[0]/D
  -------------------------------------------------------------------    -------------------

Slack:                    inf
  Source:                 f2_v_reg[6]/C
                            (rising edge-triggered cell FDRE)
  Destination:            f3_v_reg[6]/D
  Path Group:             (none)
  Path Type:              Min at Fast Process Corner
  Data Path Delay:        0.156ns  (logic 0.084ns (53.846%)  route 0.072ns (46.154%))
  Logic Levels:           1  (FDRE=1)

    Location             Delay type                Incr(ns)  Path(ns)    Netlist Resource(s)
  -------------------------------------------------------------------    -------------------
    SLICE_X22Y188        FDRE                         0.000     0.000 r  f2_v_reg[6]/C
    SLICE_X22Y188        FDRE (Prop_EFF_SLICEL_C_Q)
                                                      0.084     0.084 r  f2_v_reg[6]/Q
                         net (fo=1, routed)           0.072     0.156    f2_v[6]
    SLICE_X22Y188        FDRE                                         r  f3_v_reg[6]/D
  -------------------------------------------------------------------    -------------------

Slack:                    inf
  Source:                 f2_v_reg[2]/C
                            (rising edge-triggered cell FDRE)
  Destination:            f3_v_reg[2]/D
  Path Group:             (none)
  Path Type:              Min at Fast Process Corner
  Data Path Delay:        0.162ns  (logic 0.083ns (51.235%)  route 0.079ns (48.765%))
  Logic Levels:           1  (FDRE=1)

    Location             Delay type                Incr(ns)  Path(ns)    Netlist Resource(s)
  -------------------------------------------------------------------    -------------------
    SLICE_X23Y183        FDRE                         0.000     0.000 r  f2_v_reg[2]/C
    SLICE_X23Y183        FDRE (Prop_FFF_SLICEL_C_Q)
                                                      0.083     0.083 r  f2_v_reg[2]/Q
                         net (fo=1, routed)           0.079     0.162    f2_v[2]
    SLICE_X23Y183        FDRE                                         r  f3_v_reg[2]/D
  -------------------------------------------------------------------    -------------------

Slack:                    inf
  Source:                 f3_valid_reg_r/C
                            (rising edge-triggered cell FDRE)
  Destination:            f4_valid_reg_r/D
  Path Group:             (none)
  Path Type:              Min at Fast Process Corner
  Data Path Delay:        0.162ns  (logic 0.083ns (51.235%)  route 0.079ns (48.765%))
  Logic Levels:           1  (FDRE=1)

    Location             Delay type                Incr(ns)  Path(ns)    Netlist Resource(s)
  -------------------------------------------------------------------    -------------------
    SLICE_X23Y160        FDRE                         0.000     0.000 r  f3_valid_reg_r/C
    SLICE_X23Y160        FDRE (Prop_FFF_SLICEL_C_Q)
                                                      0.083     0.083 r  f3_valid_reg_r/Q
                         net (fo=1, routed)           0.079     0.162    f3_valid_reg_r_n_0
    SLICE_X23Y160        FDRE                                         r  f4_valid_reg_r/D
  -------------------------------------------------------------------    -------------------

Slack:                    inf
  Source:                 f1_v_reg[5]/C
                            (rising edge-triggered cell FDRE)
  Destination:            f2_v_reg[5]/D
  Path Group:             (none)
  Path Type:              Min at Fast Process Corner
  Data Path Delay:        0.164ns  (logic 0.084ns (51.177%)  route 0.080ns (48.823%))
  Logic Levels:           1  (FDRE=1)

    Location             Delay type                Incr(ns)  Path(ns)    Netlist Resource(s)
  -------------------------------------------------------------------    -------------------
    SLICE_X23Y180        FDRE                         0.000     0.000 r  f1_v_reg[5]/C
    SLICE_X23Y180        FDRE (Prop_EFF_SLICEL_C_Q)
                                                      0.084     0.084 r  f1_v_reg[5]/Q
                         net (fo=22, routed)          0.080     0.164    f1_v_reg_n_0_[5]
    SLICE_X23Y183        FDRE                                         r  f2_v_reg[5]/D
  -------------------------------------------------------------------    -------------------

Slack:                    inf
  Source:                 f2_v_reg[3]/C
                            (rising edge-triggered cell FDRE)
  Destination:            f3_v_reg[3]/D
  Path Group:             (none)
  Path Type:              Min at Fast Process Corner
  Data Path Delay:        0.167ns  (logic 0.085ns (50.898%)  route 0.082ns (49.102%))
  Logic Levels:           1  (FDRE=1)

    Location             Delay type                Incr(ns)  Path(ns)    Netlist Resource(s)
  -------------------------------------------------------------------    -------------------
    SLICE_X23Y183        FDRE                         0.000     0.000 r  f2_v_reg[3]/C
    SLICE_X23Y183        FDRE (Prop_FFF2_SLICEL_C_Q)
                                                      0.085     0.085 r  f2_v_reg[3]/Q
                         net (fo=1, routed)           0.082     0.167    f2_v[3]
    SLICE_X23Y183        FDRE                                         r  f3_v_reg[3]/D
  -------------------------------------------------------------------    -------------------

Slack:                    inf
  Source:                 f4_p_reg[3]/C
                            (rising edge-triggered cell FDRE)
  Destination:            f5_b_reg[3]/D
  Path Group:             (none)
  Path Type:              Min at Fast Process Corner
  Data Path Delay:        0.175ns  (logic 0.106ns (60.692%)  route 0.069ns (39.308%))
  Logic Levels:           2  (FDRE=1 LUT6=1)

    Location             Delay type                Incr(ns)  Path(ns)    Netlist Resource(s)
  -------------------------------------------------------------------    -------------------
    SLICE_X23Y192        FDRE                         0.000     0.000 r  f4_p_reg[3]/C
    SLICE_X23Y192        FDRE (Prop_EFF2_SLICEL_C_Q)
                                                      0.085     0.085 r  f4_p_reg[3]/Q
                         net (fo=3, routed)           0.051     0.136    f4_p[3]
    SLICE_X23Y193        LUT6 (Prop_D6LUT_SLICEL_I5_O)
                                                      0.021     0.157 r  f5_b[3]_i_1/O
                         net (fo=1, routed)           0.018     0.175    f5_b[3]
    SLICE_X23Y193        FDRE                                         r  f5_b_reg[3]/D
  -------------------------------------------------------------------    -------------------

Slack:                    inf
  Source:                 f4_p_reg[3]/C
                            (rising edge-triggered cell FDRE)
  Destination:            f5_r_reg[3]/D
  Path Group:             (none)
  Path Type:              Min at Fast Process Corner
  Data Path Delay:        0.175ns  (logic 0.106ns (60.692%)  route 0.069ns (39.308%))
  Logic Levels:           2  (FDRE=1 LUT6=1)

    Location             Delay type                Incr(ns)  Path(ns)    Netlist Resource(s)
  -------------------------------------------------------------------    -------------------
    SLICE_X23Y192        FDRE                         0.000     0.000 r  f4_p_reg[3]/C
    SLICE_X23Y192        FDRE (Prop_EFF2_SLICEL_C_Q)
                                                      0.085     0.085 r  f4_p_reg[3]/Q
                         net (fo=3, routed)           0.051     0.136    f4_p[3]
    SLICE_X23Y193        LUT6 (Prop_A6LUT_SLICEL_I3_O)
                                                      0.021     0.157 r  f5_r[3]_i_1/O
                         net (fo=1, routed)           0.018     0.175    f5_r[3]
    SLICE_X23Y193        FDRE                                         r  f5_r_reg[3]/D
  -------------------------------------------------------------------    -------------------

Slack:                    inf
  Source:                 f4_p_reg[1]/C
                            (rising edge-triggered cell FDRE)
  Destination:            f5_b_reg[1]/D
  Path Group:             (none)
  Path Type:              Min at Fast Process Corner
  Data Path Delay:        0.175ns  (logic 0.105ns (59.888%)  route 0.070ns (40.112%))
  Logic Levels:           2  (FDRE=1 LUT6=1)

    Location             Delay type                Incr(ns)  Path(ns)    Netlist Resource(s)
  -------------------------------------------------------------------    -------------------
    SLICE_X22Y191        FDRE                         0.000     0.000 r  f4_p_reg[1]/C
    SLICE_X22Y191        FDRE (Prop_EFF_SLICEL_C_Q)
                                                      0.084     0.084 r  f4_p_reg[1]/Q
                         net (fo=3, routed)           0.052     0.136    f4_p[1]
    SLICE_X22Y191        LUT6 (Prop_D6LUT_SLICEL_I5_O)
                                                      0.021     0.157 r  f5_b[1]_i_1/O
                         net (fo=1, routed)           0.018     0.175    f5_b[1]
    SLICE_X22Y191        FDRE                                         r  f5_b_reg[1]/D
  -------------------------------------------------------------------    -------------------





