================================================================
== Design Size Report
================================================================

* Total Instructions per Compilation Phase
+---------------+----------------------------+--------------+----------------------------------------------------------------------------------------+
| Phase         | Step                       | Instructions | Description                                                                            |
+---------------+----------------------------+--------------+----------------------------------------------------------------------------------------+
| Compile/Link  |                            | 3,609        | After all functions are compiled and linked into a single design                       |
|               |                            |              |                                                                                        |
| Unroll/Inline |                            |              | After user unroll and inline pragmas are applied                                       |
|               | (1) unroll                 |   815        | user unroll pragmas are applied                                                        |
|               | (2) simplification         |   534        | simplification of applied user unroll pragmas                                          |
|               | (3) inline                 |   516        | user inline pragmas are applied                                                        |
|               | (4) simplification         |   482        | simplification of applied user inline pragmas                                          |
|               |                            |              |                                                                                        |
| Array/Struct  |                            |              | After user array partition and struct aggregate/disaggregate pragmas are applied       |
|               | (1) array partition        | 1,065        | user array partition pragmas are applied                                               |
|               | (2) simplification         |   453        | simplification of applied user array partition & struct aggregate/disaggregate pragmas |
|               | (3) aggregate/disaggregate |   453        | user struct aggregate/disaggregate pragmas are applied                                 |
|               | (4) array reshape          |   453        | apply array reshape pragmas                                                            |
|               | (5) access patterns        |   454        | array access pattern optmizations                                                      |
|               |                            |              |                                                                                        |
| Performance   |                            |              | After transformations are applied to meet performance pragma targets                   |
|               | (1) loop simplification    |   429        | loop and instruction simplification                                                    |
|               | (2) parallelization        |   429        | loops are unrolled or pipelined to meet performance targets                            |
|               | (3) array partition        |   428        | arrays are partitioned to meet performance targets                                     |
|               | (4) simplification         |   428        | simplification of design after performance transformations                             |
|               |                            |              |                                                                                        |
| HW Transforms |                            |              | After hardware transfomations                                                          |
|               | (1) lowering               |   485        | initial conversion to HW specific instructions                                         |
|               | (2) optimizations          |   497        | high level synthesis optimizations                                                     |
+---------------+----------------------------+--------------+----------------------------------------------------------------------------------------+

* Instructions per Function for each Compilation Phase
+---------------------+-----------------------+--------------+---------------+--------------+-------------+---------------+
| Function            | Location              | Compile/Link | Unroll/Inline | Array/Struct | Performance | HW Transforms |
+---------------------+-----------------------+--------------+---------------+--------------+-------------+---------------+
| + hls_filter_2d     | hls_filter_2d.cpp:7   | 3,609        | 482           | 454          | 428         | 497           |
|    operator ap_uint | hls_filter_2d.hpp:102 |   83         |               |              |             |               |
|  + axi_stream_video | hls_filter_2d.hpp:46  |   44         |               |              |             |               |
|     color_pixel     | hls_filter_2d.hpp:62  |   39         |               |              |             |               |
|    color_pixel      | hls_filter_2d.hpp:74  |   77         |               |              |             |               |
+---------------------+-----------------------+--------------+---------------+--------------+-------------+---------------+

* Design Size Message Settings
+---------------------------------------------+--------+------------------------------------------------------------------+
| Message Setting                             | Value  | Description                                                      |
+---------------------------------------------+--------+------------------------------------------------------------------+
| config_compile -design_size_maximum_warning | 100000 | Show a warning when total design instructions exceeds this value |
+---------------------------------------------+--------+------------------------------------------------------------------+


