================================================================
== Vivado Place & Route Results
================================================================
+ General Information:
    * Date:            Thu Apr 02 16:16:41 +0200 2026
    * Version:         2025.2 (Build 6295257 on Nov 14 2025)
    * Project:         hls_threshold
    * Solution:        hls (Vivado IP Flow Target)
    * Product family:  zynquplus
    * Target device:   xck26-sfvc784-2LV-c


================================================================
== Run Constraints & Options
================================================================
+ Design Constraints & Options:
    * Place & Route target clock:  10 ns
    * C-Synthesis target clock:    10 ns
    * C-Synthesis uncertainty:     27%

+ RTL Synthesis Options:
    * config_export -vivado_synth_strategy:     default
    * config_export -vivado_synth_design_args:  -directive sdx_optimization_effort_high

+ Place & Route Options:
    * config_export -vivado_impl_strategy:  default
    * config_export -vivado_phys_opt:       auto

+ Reporting Options:
    * config_export -vivado_report_level:      2
    * config_export -vivado_max_timing_paths:  10


================================================================
== Place & Route Resource Summary
================================================================
LUT:              220
FF:               255
DSP:              3
BRAM:             0
URAM:             0
SRL:              0


================================================================
== Place & Route Timing Summary
================================================================
* Timing was met
+----------------+-------------+
| Timing         | Period (ns) |
+----------------+-------------+
| Target         | 10.000      |
| Post-Synthesis | 2.891       |
| Post-Route     | 3.228       |
+----------------+-------------+


================================================================
== Place & Route Resources
================================================================
+---------------------------------------------------------+-----+----+-----+------+------+-----+--------+------+---------+----------+--------+
| Name                                                    | LUT | FF | DSP | BRAM | URAM | SRL | Pragma | Impl | Latency | Variable | Source |
+---------------------------------------------------------+-----+----+-----+------+------+-----+--------+------+---------+----------+--------+
| U0                                                      |     |    |     |      |      |     |        |      |         |          |        |
|   control_s_axi_U                                       |     |    |     |      |      |     |        |      |         |          |        |
|   grp_hls_threshold_gray_Pipeline_VITIS_LOOP_24_1_fu_78 |     |    |     |      |      |     |        |      |         |          |        |
|     flow_control_loop_pipe_sequential_init_U            |     |    |     |      |      |     |        |      |         |          |        |
|   mul_32s_32s_32_1_1_U6                                 |     |    |     |      |      |     |        |      |         |          |        |
|   regslice_both_m_axis_video_U                          |     |    |     |      |      |     |        |      |         |          |        |
|   regslice_both_s_axis_video_U                          |     |    |     |      |      |     |        |      |         |          |        |
+---------------------------------------------------------+-----+----+-----+------+------+-----+--------+------+---------+----------+--------+


================================================================
== Place & Route Fail Fast
================================================================
+-----------------------------------------------------------+-----------+--------+--------+
| Criteria                                                  | Guideline | Actual | Status |
+-----------------------------------------------------------+-----------+--------+--------+
| LUT                                                       | 70%       | 0.19%  | OK     |
| FD                                                        | 50%       | 0.11%  | OK     |
| LUTRAM+SRL                                                | 25%       | 0.00%  | OK     |
| CARRY8                                                    | 25%       | 0.06%  | OK     |
| MUXF7                                                     | 15%       | 0.01%  | OK     |
| DSP                                                       | 80%       | 0.24%  | OK     |
| RAMB/FIFO                                                 | 80%       | 0.00%  | OK     |
| URAM                                                      | 80%       | 0.00%  | OK     |
| DSP+RAMB+URAM (Avg)                                       | 70%       | 0.24%  | OK     |
| BUFGCE* + BUFGCTRL                                        | 24        | 0      | OK     |
| DONT_TOUCH (cells/nets)                                   | 0         | 0      | OK     |
| MARK_DEBUG (nets)                                         | 0         | 0      | OK     |
| Control Sets                                              | 2196      | 18     | OK     |
| Average Fanout for modules > 100k cells                   | 4         | 1.01   | OK     |
| Max Average Fanout for modules > 100k cells               | 4         | 0      | OK     |
| Non-FD high fanout nets > 10k loads                       | 0         | 0      | OK     |
+-----------------------------------------------------------+-----------+--------+--------+
| TIMING-6 (No common primary clock between related clocks) | 0         | 0      | OK     |
| TIMING-7 (No common node between related clocks)          | 0         | 0      | OK     |
| TIMING-8 (No common period between related clocks)        | 0         | 0      | OK     |
| TIMING-14 (LUT on the clock tree)                         | 0         | 0      | OK     |
| TIMING-35 (No common node in paths with the same clock)   | 0         | 0      | OK     |
+-----------------------------------------------------------+-----------+--------+--------+
| Number of paths above max LUT budgeting (0.391ns)         | 0         | 0      | OK     |
| Number of paths above max Net budgeting (0.263ns)         | 0         | 0      | OK     |
+-----------------------------------------------------------+-----------+--------+--------+


================================================================
== Place & Route Timing Paths
================================================================
* Timing was met
+-------+-------+----------------------------------------------+--------------------------------------------------------------------------+--------------+------------+----------------+----------------+--------------+
| Path  | SLACK | STARTPOINT PIN                               | ENDPOINT PIN                                                             | LOGIC LEVELS | MAX FANOUT | DATAPATH DELAY | DATAPATH LOGIC | DATAPATH NET |
|       |       |                                              |                                                                          |              |            |                |          DELAY |        DELAY |
+-------+-------+----------------------------------------------+--------------------------------------------------------------------------+--------------+------------+----------------+----------------+--------------+
| Path1 | 6.772 | total_pixels_reg_108_reg/DSP_OUTPUT_INST/CLK | grp_hls_threshold_gray_Pipeline_VITIS_LOOP_24_1_fu_78/i_fu_58_reg[29]/CE |            7 |         32 |          3.066 |          1.371 |        1.695 |
| Path2 | 6.772 | total_pixels_reg_108_reg/DSP_OUTPUT_INST/CLK | grp_hls_threshold_gray_Pipeline_VITIS_LOOP_24_1_fu_78/i_fu_58_reg[30]/CE |            7 |         32 |          3.066 |          1.371 |        1.695 |
| Path3 | 6.772 | total_pixels_reg_108_reg/DSP_OUTPUT_INST/CLK | grp_hls_threshold_gray_Pipeline_VITIS_LOOP_24_1_fu_78/i_fu_58_reg[31]/CE |            7 |         32 |          3.066 |          1.371 |        1.695 |
| Path4 | 6.816 | total_pixels_reg_108_reg/DSP_OUTPUT_INST/CLK | grp_hls_threshold_gray_Pipeline_VITIS_LOOP_24_1_fu_78/i_fu_58_reg[21]/CE |            7 |         32 |          3.021 |          1.371 |        1.650 |
| Path5 | 6.816 | total_pixels_reg_108_reg/DSP_OUTPUT_INST/CLK | grp_hls_threshold_gray_Pipeline_VITIS_LOOP_24_1_fu_78/i_fu_58_reg[22]/CE |            7 |         32 |          3.021 |          1.371 |        1.650 |
+-------+-------+----------------------------------------------+--------------------------------------------------------------------------+--------------+------------+----------------+----------------+--------------+

    +--------------------------------------------------------------------------------------------------------------------------+------------------------+
    | Path1 Cells                                                                                                              | Primitive Type         |
    +--------------------------------------------------------------------------------------------------------------------------+------------------------+
    | total_pixels_reg_108_reg/DSP_OUTPUT_INST                                                                                 | ARITHMETIC.DSP.DSP48E2 |
    | mul_32s_32s_32_1_1_U6/tmp_product_carry_i_4                                                                              | CLB.LUT.LUT2           |
    | mul_32s_32s_32_1_1_U6/tmp_product_carry                                                                                  | CLB.CARRY.CARRY8       |
    | mul_32s_32s_32_1_1_U6/tmp_product_carry__0                                                                               | CLB.CARRY.CARRY8       |
    | grp_hls_threshold_gray_Pipeline_VITIS_LOOP_24_1_fu_78/flow_control_loop_pipe_sequential_init_U/ap_done_reg6_carry__0_i_5 | CLB.LUT.LUT6           |
    | grp_hls_threshold_gray_Pipeline_VITIS_LOOP_24_1_fu_78/flow_control_loop_pipe_sequential_init_U/ap_done_reg6_carry__0_i_3 | CLB.LUT.LUT5           |
    | grp_hls_threshold_gray_Pipeline_VITIS_LOOP_24_1_fu_78/ap_done_reg6_carry__0                                              | CLB.CARRY.CARRY8       |
    | grp_hls_threshold_gray_Pipeline_VITIS_LOOP_24_1_fu_78/flow_control_loop_pipe_sequential_init_U/i_fu_58[31]_i_2           | CLB.LUT.LUT3           |
    | grp_hls_threshold_gray_Pipeline_VITIS_LOOP_24_1_fu_78/i_fu_58_reg[29]                                                    | REGISTER.SDR.FDRE      |
    +--------------------------------------------------------------------------------------------------------------------------+------------------------+

    +--------------------------------------------------------------------------------------------------------------------------+------------------------+
    | Path2 Cells                                                                                                              | Primitive Type         |
    +--------------------------------------------------------------------------------------------------------------------------+------------------------+
    | total_pixels_reg_108_reg/DSP_OUTPUT_INST                                                                                 | ARITHMETIC.DSP.DSP48E2 |
    | mul_32s_32s_32_1_1_U6/tmp_product_carry_i_4                                                                              | CLB.LUT.LUT2           |
    | mul_32s_32s_32_1_1_U6/tmp_product_carry                                                                                  | CLB.CARRY.CARRY8       |
    | mul_32s_32s_32_1_1_U6/tmp_product_carry__0                                                                               | CLB.CARRY.CARRY8       |
    | grp_hls_threshold_gray_Pipeline_VITIS_LOOP_24_1_fu_78/flow_control_loop_pipe_sequential_init_U/ap_done_reg6_carry__0_i_5 | CLB.LUT.LUT6           |
    | grp_hls_threshold_gray_Pipeline_VITIS_LOOP_24_1_fu_78/flow_control_loop_pipe_sequential_init_U/ap_done_reg6_carry__0_i_3 | CLB.LUT.LUT5           |
    | grp_hls_threshold_gray_Pipeline_VITIS_LOOP_24_1_fu_78/ap_done_reg6_carry__0                                              | CLB.CARRY.CARRY8       |
    | grp_hls_threshold_gray_Pipeline_VITIS_LOOP_24_1_fu_78/flow_control_loop_pipe_sequential_init_U/i_fu_58[31]_i_2           | CLB.LUT.LUT3           |
    | grp_hls_threshold_gray_Pipeline_VITIS_LOOP_24_1_fu_78/i_fu_58_reg[30]                                                    | REGISTER.SDR.FDRE      |
    +--------------------------------------------------------------------------------------------------------------------------+------------------------+

    +--------------------------------------------------------------------------------------------------------------------------+------------------------+
    | Path3 Cells                                                                                                              | Primitive Type         |
    +--------------------------------------------------------------------------------------------------------------------------+------------------------+
    | total_pixels_reg_108_reg/DSP_OUTPUT_INST                                                                                 | ARITHMETIC.DSP.DSP48E2 |
    | mul_32s_32s_32_1_1_U6/tmp_product_carry_i_4                                                                              | CLB.LUT.LUT2           |
    | mul_32s_32s_32_1_1_U6/tmp_product_carry                                                                                  | CLB.CARRY.CARRY8       |
    | mul_32s_32s_32_1_1_U6/tmp_product_carry__0                                                                               | CLB.CARRY.CARRY8       |
    | grp_hls_threshold_gray_Pipeline_VITIS_LOOP_24_1_fu_78/flow_control_loop_pipe_sequential_init_U/ap_done_reg6_carry__0_i_5 | CLB.LUT.LUT6           |
    | grp_hls_threshold_gray_Pipeline_VITIS_LOOP_24_1_fu_78/flow_control_loop_pipe_sequential_init_U/ap_done_reg6_carry__0_i_3 | CLB.LUT.LUT5           |
    | grp_hls_threshold_gray_Pipeline_VITIS_LOOP_24_1_fu_78/ap_done_reg6_carry__0                                              | CLB.CARRY.CARRY8       |
    | grp_hls_threshold_gray_Pipeline_VITIS_LOOP_24_1_fu_78/flow_control_loop_pipe_sequential_init_U/i_fu_58[31]_i_2           | CLB.LUT.LUT3           |
    | grp_hls_threshold_gray_Pipeline_VITIS_LOOP_24_1_fu_78/i_fu_58_reg[31]                                                    | REGISTER.SDR.FDRE      |
    +--------------------------------------------------------------------------------------------------------------------------+------------------------+

    +--------------------------------------------------------------------------------------------------------------------------+------------------------+
    | Path4 Cells                                                                                                              | Primitive Type         |
    +--------------------------------------------------------------------------------------------------------------------------+------------------------+
    | total_pixels_reg_108_reg/DSP_OUTPUT_INST                                                                                 | ARITHMETIC.DSP.DSP48E2 |
    | mul_32s_32s_32_1_1_U6/tmp_product_carry_i_4                                                                              | CLB.LUT.LUT2           |
    | mul_32s_32s_32_1_1_U6/tmp_product_carry                                                                                  | CLB.CARRY.CARRY8       |
    | mul_32s_32s_32_1_1_U6/tmp_product_carry__0                                                                               | CLB.CARRY.CARRY8       |
    | grp_hls_threshold_gray_Pipeline_VITIS_LOOP_24_1_fu_78/flow_control_loop_pipe_sequential_init_U/ap_done_reg6_carry__0_i_5 | CLB.LUT.LUT6           |
    | grp_hls_threshold_gray_Pipeline_VITIS_LOOP_24_1_fu_78/flow_control_loop_pipe_sequential_init_U/ap_done_reg6_carry__0_i_3 | CLB.LUT.LUT5           |
    | grp_hls_threshold_gray_Pipeline_VITIS_LOOP_24_1_fu_78/ap_done_reg6_carry__0                                              | CLB.CARRY.CARRY8       |
    | grp_hls_threshold_gray_Pipeline_VITIS_LOOP_24_1_fu_78/flow_control_loop_pipe_sequential_init_U/i_fu_58[31]_i_2           | CLB.LUT.LUT3           |
    | grp_hls_threshold_gray_Pipeline_VITIS_LOOP_24_1_fu_78/i_fu_58_reg[21]                                                    | REGISTER.SDR.FDRE      |
    +--------------------------------------------------------------------------------------------------------------------------+------------------------+

    +--------------------------------------------------------------------------------------------------------------------------+------------------------+
    | Path5 Cells                                                                                                              | Primitive Type         |
    +--------------------------------------------------------------------------------------------------------------------------+------------------------+
    | total_pixels_reg_108_reg/DSP_OUTPUT_INST                                                                                 | ARITHMETIC.DSP.DSP48E2 |
    | mul_32s_32s_32_1_1_U6/tmp_product_carry_i_4                                                                              | CLB.LUT.LUT2           |
    | mul_32s_32s_32_1_1_U6/tmp_product_carry                                                                                  | CLB.CARRY.CARRY8       |
    | mul_32s_32s_32_1_1_U6/tmp_product_carry__0                                                                               | CLB.CARRY.CARRY8       |
    | grp_hls_threshold_gray_Pipeline_VITIS_LOOP_24_1_fu_78/flow_control_loop_pipe_sequential_init_U/ap_done_reg6_carry__0_i_5 | CLB.LUT.LUT6           |
    | grp_hls_threshold_gray_Pipeline_VITIS_LOOP_24_1_fu_78/flow_control_loop_pipe_sequential_init_U/ap_done_reg6_carry__0_i_3 | CLB.LUT.LUT5           |
    | grp_hls_threshold_gray_Pipeline_VITIS_LOOP_24_1_fu_78/ap_done_reg6_carry__0                                              | CLB.CARRY.CARRY8       |
    | grp_hls_threshold_gray_Pipeline_VITIS_LOOP_24_1_fu_78/flow_control_loop_pipe_sequential_init_U/i_fu_58[31]_i_2           | CLB.LUT.LUT3           |
    | grp_hls_threshold_gray_Pipeline_VITIS_LOOP_24_1_fu_78/i_fu_58_reg[22]                                                    | REGISTER.SDR.FDRE      |
    +--------------------------------------------------------------------------------------------------------------------------+------------------------+


================================================================
== Place & Route Vivado Reports
================================================================
+--------------------------+-------------------------------------------------------------------------+
| Report Type              | Report Location                                                         |
+--------------------------+-------------------------------------------------------------------------+
| design_analysis          | impl/vhdl/report/hls_threshold_gray_design_analysis_routed.rpt          |
| failfast                 | impl/vhdl/report/hls_threshold_gray_failfast_routed.rpt                 |
| power                    | impl/vhdl/report/hls_threshold_gray_power_routed.rpt                    |
| status                   | impl/vhdl/report/hls_threshold_gray_status_routed.rpt                   |
| timing                   | impl/vhdl/report/hls_threshold_gray_timing_routed.rpt                   |
| timing_paths             | impl/vhdl/report/hls_threshold_gray_timing_paths_routed.rpt             |
| utilization              | impl/vhdl/report/hls_threshold_gray_utilization_routed.rpt              |
| utilization_hierarchical | impl/vhdl/report/hls_threshold_gray_utilization_hierarchical_routed.rpt |
+--------------------------+-------------------------------------------------------------------------+


