================================================================
== Vivado RTL Synthesis Results
================================================================
+ General Information:
    * Date:            Thu Apr 02 16:16:42 +0200 2026
    * Version:         2025.2 (Build 6295257 on Nov 14 2025)
    * Project:         hls_threshold
    * Solution:        hls (Vivado IP Flow Target)
    * Product family:  zynquplus
    * Target device:   xck26-sfvc784-2LV-c


================================================================
== Run Constraints & Options
================================================================
+ Design Constraints & Options:
    * RTL Synthesis target clock:  10 ns
    * C-Synthesis target clock:    10 ns
    * C-Synthesis uncertainty:     27%

+ RTL Synthesis Options:
    * config_export -vivado_synth_strategy:     default
    * config_export -vivado_synth_design_args:  -directive sdx_optimization_effort_high

+ Reporting Options:
    * config_export -vivado_report_level:      2
    * config_export -vivado_max_timing_paths:  10


================================================================
== RTL Synthesis Resource Summary
================================================================
LUT:              224
FF:               255
DSP:              3
BRAM:             0
URAM:             0
SRL:              0


================================================================
== RTL Synthesis Timing Summary
================================================================
* Timing was met
+----------------+-------------+
| Timing         | Period (ns) |
+----------------+-------------+
| Target         | 10.000      |
| Post-Synthesis | 2.891       |
+----------------+-------------+


================================================================
== RTL Synthesis Resources
================================================================
+---------------------------------------------------------+-----+----+-----+------+------+-----+--------+------+---------+----------+--------+
| Name                                                    | LUT | FF | DSP | BRAM | URAM | SRL | Pragma | Impl | Latency | Variable | Source |
+---------------------------------------------------------+-----+----+-----+------+------+-----+--------+------+---------+----------+--------+
| U0                                                      |     |    |     |      |      |     |        |      |         |          |        |
|   control_s_axi_U                                       |     |    |     |      |      |     |        |      |         |          |        |
|   grp_hls_threshold_gray_Pipeline_VITIS_LOOP_24_1_fu_78 |     |    |     |      |      |     |        |      |         |          |        |
|     flow_control_loop_pipe_sequential_init_U            |     |    |     |      |      |     |        |      |         |          |        |
|   mul_32s_32s_32_1_1_U6                                 |     |    |     |      |      |     |        |      |         |          |        |
|   regslice_both_m_axis_video_U                          |     |    |     |      |      |     |        |      |         |          |        |
|   regslice_both_s_axis_video_U                          |     |    |     |      |      |     |        |      |         |          |        |
+---------------------------------------------------------+-----+----+-----+------+------+-----+--------+------+---------+----------+--------+


================================================================
== RTL Synthesis Fail Fast
================================================================
+-----------------------------------------------------------+-----------+--------+--------+
| Criteria                                                  | Guideline | Actual | Status |
+-----------------------------------------------------------+-----------+--------+--------+
| LUT                                                       | 70%       | 0.19%  | OK     |
| FD                                                        | 50%       | 0.11%  | OK     |
| LUTRAM+SRL                                                | 25%       | 0.00%  | OK     |
| CARRY8                                                    | 25%       | 0.06%  | OK     |
| MUXF7                                                     | 15%       | 0.01%  | OK     |
| DSP                                                       | 80%       | 0.24%  | OK     |
| RAMB/FIFO                                                 | 80%       | 0.00%  | OK     |
| URAM                                                      | 80%       | 0.00%  | OK     |
| DSP+RAMB+URAM (Avg)                                       | 70%       | 0.24%  | OK     |
| BUFGCE* + BUFGCTRL                                        | 24        | 0      | OK     |
| DONT_TOUCH (cells/nets)                                   | 0         | 0      | OK     |
| MARK_DEBUG (nets)                                         | 0         | 0      | OK     |
| Control Sets                                              | 2196      | 18     | OK     |
| Average Fanout for modules > 100k cells                   | 4         | 1.14   | OK     |
| Max Average Fanout for modules > 100k cells               | 4         | 0      | OK     |
| Non-FD high fanout nets > 10k loads                       | 0         | 0      | OK     |
+-----------------------------------------------------------+-----------+--------+--------+
| TIMING-6 (No common primary clock between related clocks) | 0         | 0      | OK     |
| TIMING-7 (No common node between related clocks)          | 0         | 0      | OK     |
| TIMING-8 (No common period between related clocks)        | 0         | 0      | OK     |
| TIMING-14 (LUT on the clock tree)                         | 0         | 0      | OK     |
| TIMING-35 (No common node in paths with the same clock)   | 0         | 0      | OK     |
+-----------------------------------------------------------+-----------+--------+--------+
| Number of paths above max LUT budgeting (0.391ns)         | 0         | 0      | OK     |
| Number of paths above max Net budgeting (0.263ns)         | 0         | 0      | OK     |
+-----------------------------------------------------------+-----------+--------+--------+


================================================================
== RTL Synthesis Timing Paths
================================================================
* Timing was met
+-------+-------+------------------------------------------------------------+------------------------------------------------------+--------------+------------+----------------+----------------+--------------+
| Path  | SLACK | STARTPOINT PIN                                             | ENDPOINT PIN                                         | LOGIC LEVELS | MAX FANOUT | DATAPATH DELAY | DATAPATH LOGIC | DATAPATH NET |
|       |       |                                                            |                                                      |              |            |                |          DELAY |        DELAY |
+-------+-------+------------------------------------------------------------+------------------------------------------------------+--------------+------------+----------------+----------------+--------------+
| Path1 | 7.109 | mul_32s_32s_32_1_1_U6/tmp_product__0/DSP_A_B_DATA_INST/CLK | total_pixels_reg_108_reg/DSP_OUTPUT_INST/ALU_OUT[0]  |            6 |          1 |          2.848 |          2.834 |        0.014 |
| Path2 | 7.109 | mul_32s_32s_32_1_1_U6/tmp_product__0/DSP_A_B_DATA_INST/CLK | total_pixels_reg_108_reg/DSP_OUTPUT_INST/ALU_OUT[10] |            6 |          1 |          2.848 |          2.834 |        0.014 |
| Path3 | 7.109 | mul_32s_32s_32_1_1_U6/tmp_product__0/DSP_A_B_DATA_INST/CLK | total_pixels_reg_108_reg/DSP_OUTPUT_INST/ALU_OUT[11] |            6 |          1 |          2.848 |          2.834 |        0.014 |
| Path4 | 7.109 | mul_32s_32s_32_1_1_U6/tmp_product__0/DSP_A_B_DATA_INST/CLK | total_pixels_reg_108_reg/DSP_OUTPUT_INST/ALU_OUT[12] |            6 |          1 |          2.848 |          2.834 |        0.014 |
| Path5 | 7.109 | mul_32s_32s_32_1_1_U6/tmp_product__0/DSP_A_B_DATA_INST/CLK | total_pixels_reg_108_reg/DSP_OUTPUT_INST/ALU_OUT[13] |            6 |          1 |          2.848 |          2.834 |        0.014 |
+-------+-------+------------------------------------------------------------+------------------------------------------------------+--------------+------------+----------------+----------------+--------------+

    +-----------------------------------------------------------+------------------------+
    | Path1 Cells                                               | Primitive Type         |
    +-----------------------------------------------------------+------------------------+
    | mul_32s_32s_32_1_1_U6/tmp_product__0/DSP_A_B_DATA_INST    | ARITHMETIC.DSP.DSP48E2 |
    | mul_32s_32s_32_1_1_U6/tmp_product__0/DSP_PREADD_DATA_INST | ARITHMETIC.DSP.DSP48E2 |
    | mul_32s_32s_32_1_1_U6/tmp_product__0/DSP_MULTIPLIER_INST  | ARITHMETIC.DSP.DSP48E2 |
    | mul_32s_32s_32_1_1_U6/tmp_product__0/DSP_M_DATA_INST      | ARITHMETIC.DSP.DSP48E2 |
    | mul_32s_32s_32_1_1_U6/tmp_product__0/DSP_ALU_INST         | ARITHMETIC.DSP.DSP48E2 |
    | mul_32s_32s_32_1_1_U6/tmp_product__0/DSP_OUTPUT_INST      | ARITHMETIC.DSP.DSP48E2 |
    | total_pixels_reg_108_reg/DSP_ALU_INST                     | ARITHMETIC.DSP.DSP48E2 |
    | total_pixels_reg_108_reg/DSP_OUTPUT_INST                  | ARITHMETIC.DSP.DSP48E2 |
    +-----------------------------------------------------------+------------------------+

    +-----------------------------------------------------------+------------------------+
    | Path2 Cells                                               | Primitive Type         |
    +-----------------------------------------------------------+------------------------+
    | mul_32s_32s_32_1_1_U6/tmp_product__0/DSP_A_B_DATA_INST    | ARITHMETIC.DSP.DSP48E2 |
    | mul_32s_32s_32_1_1_U6/tmp_product__0/DSP_PREADD_DATA_INST | ARITHMETIC.DSP.DSP48E2 |
    | mul_32s_32s_32_1_1_U6/tmp_product__0/DSP_MULTIPLIER_INST  | ARITHMETIC.DSP.DSP48E2 |
    | mul_32s_32s_32_1_1_U6/tmp_product__0/DSP_M_DATA_INST      | ARITHMETIC.DSP.DSP48E2 |
    | mul_32s_32s_32_1_1_U6/tmp_product__0/DSP_ALU_INST         | ARITHMETIC.DSP.DSP48E2 |
    | mul_32s_32s_32_1_1_U6/tmp_product__0/DSP_OUTPUT_INST      | ARITHMETIC.DSP.DSP48E2 |
    | total_pixels_reg_108_reg/DSP_ALU_INST                     | ARITHMETIC.DSP.DSP48E2 |
    | total_pixels_reg_108_reg/DSP_OUTPUT_INST                  | ARITHMETIC.DSP.DSP48E2 |
    +-----------------------------------------------------------+------------------------+

    +-----------------------------------------------------------+------------------------+
    | Path3 Cells                                               | Primitive Type         |
    +-----------------------------------------------------------+------------------------+
    | mul_32s_32s_32_1_1_U6/tmp_product__0/DSP_A_B_DATA_INST    | ARITHMETIC.DSP.DSP48E2 |
    | mul_32s_32s_32_1_1_U6/tmp_product__0/DSP_PREADD_DATA_INST | ARITHMETIC.DSP.DSP48E2 |
    | mul_32s_32s_32_1_1_U6/tmp_product__0/DSP_MULTIPLIER_INST  | ARITHMETIC.DSP.DSP48E2 |
    | mul_32s_32s_32_1_1_U6/tmp_product__0/DSP_M_DATA_INST      | ARITHMETIC.DSP.DSP48E2 |
    | mul_32s_32s_32_1_1_U6/tmp_product__0/DSP_ALU_INST         | ARITHMETIC.DSP.DSP48E2 |
    | mul_32s_32s_32_1_1_U6/tmp_product__0/DSP_OUTPUT_INST      | ARITHMETIC.DSP.DSP48E2 |
    | total_pixels_reg_108_reg/DSP_ALU_INST                     | ARITHMETIC.DSP.DSP48E2 |
    | total_pixels_reg_108_reg/DSP_OUTPUT_INST                  | ARITHMETIC.DSP.DSP48E2 |
    +-----------------------------------------------------------+------------------------+

    +-----------------------------------------------------------+------------------------+
    | Path4 Cells                                               | Primitive Type         |
    +-----------------------------------------------------------+------------------------+
    | mul_32s_32s_32_1_1_U6/tmp_product__0/DSP_A_B_DATA_INST    | ARITHMETIC.DSP.DSP48E2 |
    | mul_32s_32s_32_1_1_U6/tmp_product__0/DSP_PREADD_DATA_INST | ARITHMETIC.DSP.DSP48E2 |
    | mul_32s_32s_32_1_1_U6/tmp_product__0/DSP_MULTIPLIER_INST  | ARITHMETIC.DSP.DSP48E2 |
    | mul_32s_32s_32_1_1_U6/tmp_product__0/DSP_M_DATA_INST      | ARITHMETIC.DSP.DSP48E2 |
    | mul_32s_32s_32_1_1_U6/tmp_product__0/DSP_ALU_INST         | ARITHMETIC.DSP.DSP48E2 |
    | mul_32s_32s_32_1_1_U6/tmp_product__0/DSP_OUTPUT_INST      | ARITHMETIC.DSP.DSP48E2 |
    | total_pixels_reg_108_reg/DSP_ALU_INST                     | ARITHMETIC.DSP.DSP48E2 |
    | total_pixels_reg_108_reg/DSP_OUTPUT_INST                  | ARITHMETIC.DSP.DSP48E2 |
    +-----------------------------------------------------------+------------------------+

    +-----------------------------------------------------------+------------------------+
    | Path5 Cells                                               | Primitive Type         |
    +-----------------------------------------------------------+------------------------+
    | mul_32s_32s_32_1_1_U6/tmp_product__0/DSP_A_B_DATA_INST    | ARITHMETIC.DSP.DSP48E2 |
    | mul_32s_32s_32_1_1_U6/tmp_product__0/DSP_PREADD_DATA_INST | ARITHMETIC.DSP.DSP48E2 |
    | mul_32s_32s_32_1_1_U6/tmp_product__0/DSP_MULTIPLIER_INST  | ARITHMETIC.DSP.DSP48E2 |
    | mul_32s_32s_32_1_1_U6/tmp_product__0/DSP_M_DATA_INST      | ARITHMETIC.DSP.DSP48E2 |
    | mul_32s_32s_32_1_1_U6/tmp_product__0/DSP_ALU_INST         | ARITHMETIC.DSP.DSP48E2 |
    | mul_32s_32s_32_1_1_U6/tmp_product__0/DSP_OUTPUT_INST      | ARITHMETIC.DSP.DSP48E2 |
    | total_pixels_reg_108_reg/DSP_ALU_INST                     | ARITHMETIC.DSP.DSP48E2 |
    | total_pixels_reg_108_reg/DSP_OUTPUT_INST                  | ARITHMETIC.DSP.DSP48E2 |
    +-----------------------------------------------------------+------------------------+


================================================================
== RTL Synthesis Vivado Reports
================================================================
+--------------------------+------------------------------------------------------------------------+
| Report Type              | Report Location                                                        |
+--------------------------+------------------------------------------------------------------------+
| design_analysis          | impl/vhdl/report/hls_threshold_gray_design_analysis_synth.rpt          |
| failfast                 | impl/vhdl/report/hls_threshold_gray_failfast_synth.rpt                 |
| power                    | impl/vhdl/report/hls_threshold_gray_power_synth.rpt                    |
| timing                   | impl/vhdl/report/hls_threshold_gray_timing_synth.rpt                   |
| timing_paths             | impl/vhdl/report/hls_threshold_gray_timing_paths_synth.rpt             |
| utilization              | impl/vhdl/report/hls_threshold_gray_utilization_synth.rpt              |
| utilization_hierarchical | impl/vhdl/report/hls_threshold_gray_utilization_hierarchical_synth.rpt |
+--------------------------+------------------------------------------------------------------------+


