Copyright 1986-2022 Xilinx, Inc. All Rights Reserved. Copyright 2022-2025 Advanced Micro Devices, Inc. All Rights Reserved.
---------------------------------------------------------------------------------------------------------------------------------------------
| Tool Version : Vivado v.2025.2 (win64) Build 6299465 Fri Nov 14 19:35:11 GMT 2025
| Date         : Tue Mar 31 12:18:26 2026
| Host         : N166A running 64-bit major release  (build 9200)
| Command      : report_utilization -hierarchical -hierarchical_depth 6 -file ./report/hls_filter_2d_utilization_hierarchical_routed.rpt
| Design       : bd_0_wrapper
| Device       : xck26-sfvc784-2LV-c
| Speed File   : -2LV
| Design State : Routed
---------------------------------------------------------------------------------------------------------------------------------------------

Utilization Design Information

Table of Contents
-----------------
1. Utilization by Hierarchy

1. Utilization by Hierarchy
---------------------------

+---------------------------------------------------------------+----------------------------------------------------------------------+------------+------------+---------+------+------+--------+--------+------+------------+
|                            Instance                           |                                Module                                | Total LUTs | Logic LUTs | LUTRAMs | SRLs |  FFs | RAMB36 | RAMB18 | URAM | DSP Blocks |
+---------------------------------------------------------------+----------------------------------------------------------------------+------------+------------+---------+------+------+--------+--------+------+------------+
| bd_0_wrapper                                                  |                                                                (top) |       1076 |       1071 |       0 |    5 | 1255 |      8 |      0 |    0 |         29 |
|   bd_0_i                                                      |                                                                 bd_0 |       1076 |       1071 |       0 |    5 | 1255 |      8 |      0 |    0 |         29 |
|     hls_inst                                                  |                                                      bd_0_hls_inst_0 |       1076 |       1071 |       0 |    5 | 1255 |      8 |      0 |    0 |         29 |
|       U0                                                      |                                        bd_0_hls_inst_0_hls_filter_2d |       1076 |       1071 |       0 |    5 | 1255 |      8 |      0 |    0 |         29 |
|         (U0)                                                  |                                        bd_0_hls_inst_0_hls_filter_2d |         58 |         58 |       0 |    0 |  275 |      0 |      0 |    0 |          2 |
|         control_s_axi_U                                       |                          bd_0_hls_inst_0_hls_filter_2d_control_s_axi |        323 |        323 |       0 |    0 |  352 |      0 |      0 |    0 |          0 |
|         grp_hls_filter_2d_Pipeline_VITIS_LOOP_50_1_fu_364     | bd_0_hls_inst_0_hls_filter_2d_hls_filter_2d_Pipeline_VITIS_LOOP_50_1 |        674 |        669 |       0 |    5 |  582 |      8 |      0 |    0 |         27 |
|           (grp_hls_filter_2d_Pipeline_VITIS_LOOP_50_1_fu_364) | bd_0_hls_inst_0_hls_filter_2d_hls_filter_2d_Pipeline_VITIS_LOOP_50_1 |        437 |        432 |       0 |    5 |  476 |      0 |      0 |    0 |          1 |
|           flow_control_loop_pipe_sequential_init_U            | bd_0_hls_inst_0_hls_filter_2d_flow_control_loop_pipe_sequential_init |         90 |         90 |       0 |    0 |    2 |      0 |      0 |    0 |          0 |
+---------------------------------------------------------------+----------------------------------------------------------------------+------------+------------+---------+------+------+--------+--------+------+------------+
* Note: The sum of lower-level cells may be larger than their parent cells total, due to cross-hierarchy LUT combining


