Copyright 1986-2022 Xilinx, Inc. All Rights Reserved. Copyright 2022-2025 Advanced Micro Devices, Inc. All Rights Reserved.
---------------------------------------------------------------------------------------------------------------------------------------------
| Tool Version : Vivado v.2025.2 (win64) Build 6299465 Fri Nov 14 19:35:11 GMT 2025
| Date         : Tue Mar 31 12:06:51 2026
| Host         : N166A running 64-bit major release  (build 9200)
| Command      : report_design_analysis -file ./report/hls_filter_2d_design_analysis_synth.rpt
| Design       : bd_0_wrapper
| Device       : xck26
| Design State : Synthesized
---------------------------------------------------------------------------------------------------------------------------------------------

Report Design Analysis

Table of Contents
-----------------
1. Setup Path Characteristics 1-1
2. Logic Level Distribution
3. Placer Final Level Congestion Reporting

1. Setup Path Characteristics 1-1
---------------------------------

+---------------------------+----------------------------------------------------------------------------------------------------------------------------------------------------------------------------------------------+
|      Characteristics      |                                                                                            Path #1                                                                                           |
+---------------------------+----------------------------------------------------------------------------------------------------------------------------------------------------------------------------------------------+
| Requirement               | 10.000                                                                                                                                                                                       |
| Path Delay                | 5.380                                                                                                                                                                                        |
| Logic Delay               | 4.355(81%)                                                                                                                                                                                   |
| Net Delay                 | 1.025(19%)                                                                                                                                                                                   |
| Clock Skew                | -0.022                                                                                                                                                                                       |
| Slack                     | 4.577                                                                                                                                                                                        |
| Clock Uncertainty         | 0.035                                                                                                                                                                                        |
| Clock Pair Classification | Timed                                                                                                                                                                                        |
| Clock Delay Group         | Same Clock                                                                                                                                                                                   |
| Logic Levels              | 15                                                                                                                                                                                           |
| Routes                    | NA                                                                                                                                                                                           |
| Logical Path              | DSP_OUTPUT/CLK-(2)-LUT2-(1)-CARRY8-CARRY8-LUT2-(1)-CARRY8-LUT2-(1)-CARRY8-CARRY8-DSP_A_B_DATA-(1)-DSP_PREADD_DATA-DSP_MULTIPLIER-DSP_M_DATA-DSP_ALU-DSP_OUTPUT-DSP_ALU-DSP_OUTPUT/ALU_OUT[0] |
| Start Point Clock         | ap_clk                                                                                                                                                                                       |
| End Point Clock           | ap_clk                                                                                                                                                                                       |
| DSP Block                 | Seq                                                                                                                                                                                          |
| RAM Registers             | None-None                                                                                                                                                                                    |
| IO Crossings              | 0                                                                                                                                                                                            |
| SLR Crossings             | 0                                                                                                                                                                                            |
| PBlocks                   | 0                                                                                                                                                                                            |
| High Fanout               | 2                                                                                                                                                                                            |
| ASYNC REG                 | 0                                                                                                                                                                                            |
| Dont Touch                | 0                                                                                                                                                                                            |
| Mark Debug                | 0                                                                                                                                                                                            |
| Start Point Pin Primitive | DSP_OUTPUT/CLK                                                                                                                                                                               |
| End Point Pin Primitive   | DSP_OUTPUT/ALU_OUT[0]                                                                                                                                                                        |
| Start Point Pin           | DSP_OUTPUT_INST/CLK                                                                                                                                                                          |
| End Point Pin             | DSP_OUTPUT_INST/ALU_OUT[0]                                                                                                                                                                   |
+---------------------------+----------------------------------------------------------------------------------------------------------------------------------------------------------------------------------------------+
* Bounding box calculated as % of dimensions for the target device (2818, 498)


2. Logic Level Distribution
---------------------------

+-----------------+-------------+----+----+----+----+-----+-----+---+----+----+----+----+----+
| End Point Clock | Requirement |  1 |  2 |  3 |  4 |  5  |  7  | 8 | 11 | 12 | 13 | 14 | 15 |
+-----------------+-------------+----+----+----+----+-----+-----+---+----+----+----+----+----+
| ap_clk          | 10.000ns    | 96 | 92 | 26 | 89 | 174 | 432 | 2 | 24 |  8 |  8 |  1 | 48 |
+-----------------+-------------+----+----+----+----+-----+-----+---+----+----+----+----+----+
* Columns represent the logic levels per end point clock
** Distribution is for top worst 1000 paths


3. Placer Final Level Congestion Reporting
------------------------------------------

+-----------+------+-------+--------+---------------+----------------+-----+--------+------+------+------+------+-----+-------+-----+------------+
| Direction | Type | Level | Window | Combined LUTs | Avg LUT Inputs | LUT | LUTRAM | Flop | MUXF | RAMB | URAM | DSP | CARRY | SRL | Cell Names |
+-----------+------+-------+--------+---------------+----------------+-----+--------+------+------+------+------+-----+-------+-----+------------+
* The design has not been placed, hence congestion data is not available. The command report_design_analysis -congestion should be run only after place_design has completed.


