Copyright 1986-2022 Xilinx, Inc. All Rights Reserved. Copyright 2022-2025 Advanced Micro Devices, Inc. All Rights Reserved.
--------------------------------------------------------------------------------------------------------------------------------------------------
| Tool Version      : Vivado v.2025.2 (win64) Build 6299465 Fri Nov 14 19:35:11 GMT 2025
| Date              : Tue Mar 31 12:06:39 2026
| Host              : N166A running 64-bit major release  (build 9200)
| Command           : report_timing_summary -file ./report/hls_filter_2d_timing_synth.rpt
| Design            : bd_0_wrapper
| Device            : xck26-sfvc784
| Speed File        : -2LV  PRODUCTION 1.30 05-15-2022
| Design State      : Synthesized
| Temperature Grade : C
--------------------------------------------------------------------------------------------------------------------------------------------------

Timing Summary Report

------------------------------------------------------------------------------------------------
| Timer Settings
| --------------
------------------------------------------------------------------------------------------------

  Enable Multi Corner Analysis               :  Yes
  Enable Pessimism Removal                   :  Yes
  Pessimism Removal Resolution               :  Nearest Common Node
  Enable Input Delay Default Clock           :  No
  Enable Preset / Clear Arcs                 :  No
  Disable Flight Delays                      :  No
  Ignore I/O Paths                           :  No
  Timing Early Launch at Borrowing Latches   :  No
  Borrow Time for Max Delay Exceptions       :  Yes
  Merge Timing Exceptions                    :  Yes
  Inter-SLR Compensation                     :  Conservative

  Corner  Analyze    Analyze    
  Name    Max Paths  Min Paths  
  ------  ---------  ---------  
  Slow    Yes        Yes        
  Fast    Yes        Yes        


------------------------------------------------------------------------------------------------
| Report Methodology
| ------------------
------------------------------------------------------------------------------------------------

No report available as report_methodology has not been run prior. Run report_methodology on the current design for the summary of methodology violations.



check_timing report

Table of Contents
-----------------
1. checking no_clock (0)
2. checking constant_clock (0)
3. checking pulse_width_clock (0)
4. checking unconstrained_internal_endpoints (0)
5. checking no_input_delay (68)
6. checking no_output_delay (50)
7. checking multiple_clock (0)
8. checking generated_clocks (0)
9. checking loops (0)
10. checking partial_input_delay (0)
11. checking partial_output_delay (0)
12. checking latch_loops (0)

1. checking no_clock (0)
------------------------
 There are 0 register/latch pins with no clock.


2. checking constant_clock (0)
------------------------------
 There are 0 register/latch pins with constant_clock.


3. checking pulse_width_clock (0)
---------------------------------
 There are 0 register/latch pins which need pulse_width check


4. checking unconstrained_internal_endpoints (0)
------------------------------------------------
 There are 0 pins that are not constrained for maximum delay.

 There are 0 pins that are not constrained for maximum delay due to constant clock.


5. checking no_input_delay (68)
-------------------------------
 There are 68 input ports with no input delay specified. (HIGH)

 There are 0 input ports with no input delay but user has a false path constraint.


6. checking no_output_delay (50)
--------------------------------
 There are 50 ports with no output delay specified. (HIGH)

 There are 0 ports with no output delay but user has a false path constraint

 There are 0 ports with no output delay but with a timing clock defined on it or propagating through it


7. checking multiple_clock (0)
------------------------------
 There are 0 register/latch pins with multiple clocks.


8. checking generated_clocks (0)
--------------------------------
 There are 0 generated clocks that are not connected to a clock source.


9. checking loops (0)
---------------------
 There are 0 combinational loops in the design.


10. checking partial_input_delay (0)
------------------------------------
 There are 0 input ports with partial input delay specified.


11. checking partial_output_delay (0)
-------------------------------------
 There are 0 ports with partial output delay specified.


12. checking latch_loops (0)
----------------------------
 There are 0 combinational latch loops in the design through latch input



------------------------------------------------------------------------------------------------
| Design Timing Summary
| ---------------------
------------------------------------------------------------------------------------------------

    WNS(ns)      TNS(ns)  TNS Failing Endpoints  TNS Total Endpoints      WHS(ns)      THS(ns)  THS Failing Endpoints  THS Total Endpoints     WPWS(ns)     TPWS(ns)  TPWS Failing Endpoints  TPWS Total Endpoints  
    -------      -------  ---------------------  -------------------      -------      -------  ---------------------  -------------------     --------     --------  ----------------------  --------------------  
      4.577        0.000                      0                 6009        0.084        0.000                      0                 6009        4.238        0.000                       0                  1314  


All user specified timing constraints are met.


------------------------------------------------------------------------------------------------
| Clock Summary
| -------------
------------------------------------------------------------------------------------------------

Clock   Waveform(ns)       Period(ns)      Frequency(MHz)
-----   ------------       ----------      --------------
ap_clk  {0.000 5.000}      10.000          100.000         


------------------------------------------------------------------------------------------------
| Intra Clock Table
| -----------------
------------------------------------------------------------------------------------------------

Clock             WNS(ns)      TNS(ns)  TNS Failing Endpoints  TNS Total Endpoints      WHS(ns)      THS(ns)  THS Failing Endpoints  THS Total Endpoints     WPWS(ns)     TPWS(ns)  TPWS Failing Endpoints  TPWS Total Endpoints  
-----             -------      -------  ---------------------  -------------------      -------      -------  ---------------------  -------------------     --------     --------  ----------------------  --------------------  
ap_clk              4.577        0.000                      0                 6009        0.084        0.000                      0                 6009        4.238        0.000                       0                  1314  


------------------------------------------------------------------------------------------------
| Inter Clock Table
| -----------------
------------------------------------------------------------------------------------------------

From Clock    To Clock          WNS(ns)      TNS(ns)  TNS Failing Endpoints  TNS Total Endpoints      WHS(ns)      THS(ns)  THS Failing Endpoints  THS Total Endpoints  
----------    --------          -------      -------  ---------------------  -------------------      -------      -------  ---------------------  -------------------  


------------------------------------------------------------------------------------------------
| Other Path Groups Table
| -----------------------
------------------------------------------------------------------------------------------------

Path Group    From Clock    To Clock          WNS(ns)      TNS(ns)  TNS Failing Endpoints  TNS Total Endpoints      WHS(ns)      THS(ns)  THS Failing Endpoints  THS Total Endpoints  
----------    ----------    --------          -------      -------  ---------------------  -------------------      -------      -------  ---------------------  -------------------  


------------------------------------------------------------------------------------------------
| Timing Details
| --------------
------------------------------------------------------------------------------------------------


---------------------------------------------------------------------------------------------------
From Clock:  ap_clk
  To Clock:  ap_clk

Setup :            0  Failing Endpoints,  Worst Slack        4.577ns,  Total Violation        0.000ns
Hold  :            0  Failing Endpoints,  Worst Slack        0.084ns,  Total Violation        0.000ns
PW    :            0  Failing Endpoints,  Worst Slack        4.238ns,  Total Violation        0.000ns
---------------------------------------------------------------------------------------------------


Max Delay Paths
--------------------------------------------------------------------------------------
Slack (MET) :             4.577ns  (required time - arrival time)
  Source:                 bd_0_i/hls_inst/U0/grp_hls_filter_2d_Pipeline_VITIS_LOOP_50_1_fu_364/mac_muladd_8ns_8s_17s_18_4_1_U26/hls_filter_2d_mac_muladd_8ns_8s_17s_18_4_1_DSP48_0_U/p_reg_reg/DSP_OUTPUT_INST/CLK
                            (rising edge-triggered cell DSP_OUTPUT clocked by ap_clk  {rise@0.000ns fall@5.000ns period=10.000ns})
  Destination:            bd_0_i/hls_inst/U0/grp_hls_filter_2d_Pipeline_VITIS_LOOP_50_1_fu_364/mul_ln121_reg_2916_reg/DSP_OUTPUT_INST/ALU_OUT[0]
                            (rising edge-triggered cell DSP_OUTPUT clocked by ap_clk  {rise@0.000ns fall@5.000ns period=10.000ns})
  Path Group:             ap_clk
  Path Type:              Setup (Max at Slow Process Corner)
  Requirement:            10.000ns  (ap_clk rise@10.000ns - ap_clk rise@0.000ns)
  Data Path Delay:        5.380ns  (logic 4.355ns (80.948%)  route 1.025ns (19.052%))
  Logic Levels:           15  (CARRY8=5 DSP_A_B_DATA=1 DSP_ALU=2 DSP_M_DATA=1 DSP_MULTIPLIER=1 DSP_OUTPUT=1 DSP_PREADD_DATA=1 LUT2=3)
  Clock Path Skew:        -0.022ns (DCD - SCD + CPR)
    Destination Clock Delay (DCD):    0.055ns = ( 10.055 - 10.000 ) 
    Source Clock Delay      (SCD):    0.077ns
    Clock Pessimism Removal (CPR):    0.000ns
  Clock Uncertainty:      0.035ns  ((TSJ^2 + TIJ^2)^1/2 + DJ) / 2 + PE
    Total System Jitter     (TSJ):    0.071ns
    Total Input Jitter      (TIJ):    0.000ns
    Discrete Jitter          (DJ):    0.000ns
    Phase Error              (PE):    0.000ns

    Location             Delay type                Incr(ns)  Path(ns)    Netlist Resource(s)
  -------------------------------------------------------------------    -------------------
                         (clock ap_clk rise edge)     0.000     0.000 r  
                                                      0.000     0.000 r  ap_clk (IN)
                         net (fo=1441, unset)         0.077     0.077    bd_0_i/hls_inst/U0/grp_hls_filter_2d_Pipeline_VITIS_LOOP_50_1_fu_364/mac_muladd_8ns_8s_17s_18_4_1_U26/hls_filter_2d_mac_muladd_8ns_8s_17s_18_4_1_DSP48_0_U/p_reg_reg/CLK
                         DSP_OUTPUT                                   r  bd_0_i/hls_inst/U0/grp_hls_filter_2d_Pipeline_VITIS_LOOP_50_1_fu_364/mac_muladd_8ns_8s_17s_18_4_1_U26/hls_filter_2d_mac_muladd_8ns_8s_17s_18_4_1_DSP48_0_U/p_reg_reg/DSP_OUTPUT_INST/CLK
  -------------------------------------------------------------------    -------------------
                         DSP_OUTPUT (Prop_DSP_OUTPUT_CLK_P[0])
                                                      0.270     0.347 r  bd_0_i/hls_inst/U0/grp_hls_filter_2d_Pipeline_VITIS_LOOP_50_1_fu_364/mac_muladd_8ns_8s_17s_18_4_1_U26/hls_filter_2d_mac_muladd_8ns_8s_17s_18_4_1_DSP48_0_U/p_reg_reg/DSP_OUTPUT_INST/P[0]
                         net (fo=2, unplaced)         0.258     0.605    bd_0_i/hls_inst/U0/grp_hls_filter_2d_Pipeline_VITIS_LOOP_50_1_fu_364/mac_muladd_8ns_8s_17s_18_4_1_U26_n_21
                         LUT2 (Prop_LUT2_I0_O)        0.083     0.688 r  bd_0_i/hls_inst/U0/grp_hls_filter_2d_Pipeline_VITIS_LOOP_50_1_fu_364/tmp_product_i_127/O
                         net (fo=1, unplaced)         0.025     0.713    bd_0_i/hls_inst/U0/grp_hls_filter_2d_Pipeline_VITIS_LOOP_50_1_fu_364/tmp_product_i_127_n_4
                         CARRY8 (Prop_CARRY8_S[0]_CO[7])
                                                      0.289     1.002 r  bd_0_i/hls_inst/U0/grp_hls_filter_2d_Pipeline_VITIS_LOOP_50_1_fu_364/tmp_product_i_86/CO[7]
                         net (fo=1, unplaced)         0.006     1.008    bd_0_i/hls_inst/U0/grp_hls_filter_2d_Pipeline_VITIS_LOOP_50_1_fu_364/tmp_product_i_86_n_4
                         CARRY8 (Prop_CARRY8_CI_O[1])
                                                      0.106     1.114 r  bd_0_i/hls_inst/U0/grp_hls_filter_2d_Pipeline_VITIS_LOOP_50_1_fu_364/tmp_product_i_68/O[1]
                         net (fo=1, unplaced)         0.209     1.323    bd_0_i/hls_inst/U0/grp_hls_filter_2d_Pipeline_VITIS_LOOP_50_1_fu_364/RESIZE[9]
                         LUT2 (Prop_LUT2_I1_O)        0.057     1.380 r  bd_0_i/hls_inst/U0/grp_hls_filter_2d_Pipeline_VITIS_LOOP_50_1_fu_364/tmp_product_i_39/O
                         net (fo=1, unplaced)         0.030     1.410    bd_0_i/hls_inst/U0/grp_hls_filter_2d_Pipeline_VITIS_LOOP_50_1_fu_364/tmp_product_i_39_n_4
                         CARRY8 (Prop_CARRY8_S[1]_O[5])
                                                      0.333     1.743 r  bd_0_i/hls_inst/U0/grp_hls_filter_2d_Pipeline_VITIS_LOOP_50_1_fu_364/tmp_product_i_9/O[5]
                         net (fo=2, unplaced)         0.155     1.898    bd_0_i/hls_inst/U0/grp_hls_filter_2d_Pipeline_VITIS_LOOP_50_1_fu_364/RESIZE0_in[13]
                         LUT2 (Prop_LUT2_I0_O)        0.080     1.978 r  bd_0_i/hls_inst/U0/grp_hls_filter_2d_Pipeline_VITIS_LOOP_50_1_fu_364/tmp_product_i_12/O
                         net (fo=1, unplaced)         0.037     2.015    bd_0_i/hls_inst/U0/grp_hls_filter_2d_Pipeline_VITIS_LOOP_50_1_fu_364/tmp_product_i_12_n_4
                         CARRY8 (Prop_CARRY8_S[5]_CO[7])
                                                      0.246     2.261 r  bd_0_i/hls_inst/U0/grp_hls_filter_2d_Pipeline_VITIS_LOOP_50_1_fu_364/tmp_product_i_2__0/CO[7]
                         net (fo=1, unplaced)         0.006     2.267    bd_0_i/hls_inst/U0/grp_hls_filter_2d_Pipeline_VITIS_LOOP_50_1_fu_364/tmp_product_i_2__0_n_4
                         CARRY8 (Prop_CARRY8_CI_O[4])
                                                      0.119     2.386 f  bd_0_i/hls_inst/U0/grp_hls_filter_2d_Pipeline_VITIS_LOOP_50_1_fu_364/tmp_product_i_1__5/O[4]
                         net (fo=10, unplaced)        0.285     2.671    bd_0_i/hls_inst/U0/grp_hls_filter_2d_Pipeline_VITIS_LOOP_50_1_fu_364/mul_21s_32s_52_1_1_U1/tmp_product/A[25]
                         DSP_A_B_DATA (Prop_DSP_A_B_DATA_A[25]_A2_DATA[25])
                                                      0.258     2.929 r  bd_0_i/hls_inst/U0/grp_hls_filter_2d_Pipeline_VITIS_LOOP_50_1_fu_364/mul_21s_32s_52_1_1_U1/tmp_product/DSP_A_B_DATA_INST/A2_DATA[25]
                         net (fo=1, unplaced)         0.000     2.929    bd_0_i/hls_inst/U0/grp_hls_filter_2d_Pipeline_VITIS_LOOP_50_1_fu_364/mul_21s_32s_52_1_1_U1/tmp_product/DSP_A_B_DATA.A2_DATA<25>
                         DSP_PREADD_DATA (Prop_DSP_PREADD_DATA_A2_DATA[25]_A2A1[25])
                                                      0.114     3.043 r  bd_0_i/hls_inst/U0/grp_hls_filter_2d_Pipeline_VITIS_LOOP_50_1_fu_364/mul_21s_32s_52_1_1_U1/tmp_product/DSP_PREADD_DATA_INST/A2A1[25]
                         net (fo=1, unplaced)         0.000     3.043    bd_0_i/hls_inst/U0/grp_hls_filter_2d_Pipeline_VITIS_LOOP_50_1_fu_364/mul_21s_32s_52_1_1_U1/tmp_product/DSP_PREADD_DATA.A2A1<25>
                         DSP_MULTIPLIER (Prop_DSP_MULTIPLIER_A2A1[25]_U[43])
                                                      0.700     3.743 f  bd_0_i/hls_inst/U0/grp_hls_filter_2d_Pipeline_VITIS_LOOP_50_1_fu_364/mul_21s_32s_52_1_1_U1/tmp_product/DSP_MULTIPLIER_INST/U[43]
                         net (fo=1, unplaced)         0.000     3.743    bd_0_i/hls_inst/U0/grp_hls_filter_2d_Pipeline_VITIS_LOOP_50_1_fu_364/mul_21s_32s_52_1_1_U1/tmp_product/DSP_MULTIPLIER.U<43>
                         DSP_M_DATA (Prop_DSP_M_DATA_U[43]_U_DATA[43])
                                                      0.067     3.810 r  bd_0_i/hls_inst/U0/grp_hls_filter_2d_Pipeline_VITIS_LOOP_50_1_fu_364/mul_21s_32s_52_1_1_U1/tmp_product/DSP_M_DATA_INST/U_DATA[43]
                         net (fo=1, unplaced)         0.000     3.810    bd_0_i/hls_inst/U0/grp_hls_filter_2d_Pipeline_VITIS_LOOP_50_1_fu_364/mul_21s_32s_52_1_1_U1/tmp_product/DSP_M_DATA.U_DATA<43>
                         DSP_ALU (Prop_DSP_ALU_U_DATA[43]_ALU_OUT[47])
                                                      0.727     4.537 f  bd_0_i/hls_inst/U0/grp_hls_filter_2d_Pipeline_VITIS_LOOP_50_1_fu_364/mul_21s_32s_52_1_1_U1/tmp_product/DSP_ALU_INST/ALU_OUT[47]
                         net (fo=1, unplaced)         0.000     4.537    bd_0_i/hls_inst/U0/grp_hls_filter_2d_Pipeline_VITIS_LOOP_50_1_fu_364/mul_21s_32s_52_1_1_U1/tmp_product/DSP_ALU.ALU_OUT<47>
                         DSP_OUTPUT (Prop_DSP_OUTPUT_ALU_OUT[47]_PCOUT[47])
                                                      0.167     4.704 r  bd_0_i/hls_inst/U0/grp_hls_filter_2d_Pipeline_VITIS_LOOP_50_1_fu_364/mul_21s_32s_52_1_1_U1/tmp_product/DSP_OUTPUT_INST/PCOUT[47]
                         net (fo=1, unplaced)         0.014     4.718    bd_0_i/hls_inst/U0/grp_hls_filter_2d_Pipeline_VITIS_LOOP_50_1_fu_364/mul_ln121_reg_2916_reg/PCIN[47]
                         DSP_ALU (Prop_DSP_ALU_PCIN[47]_ALU_OUT[0])
                                                      0.739     5.457 r  bd_0_i/hls_inst/U0/grp_hls_filter_2d_Pipeline_VITIS_LOOP_50_1_fu_364/mul_ln121_reg_2916_reg/DSP_ALU_INST/ALU_OUT[0]
                         net (fo=1, unplaced)         0.000     5.457    bd_0_i/hls_inst/U0/grp_hls_filter_2d_Pipeline_VITIS_LOOP_50_1_fu_364/mul_ln121_reg_2916_reg/DSP_ALU.ALU_OUT<0>
                         DSP_OUTPUT                                   r  bd_0_i/hls_inst/U0/grp_hls_filter_2d_Pipeline_VITIS_LOOP_50_1_fu_364/mul_ln121_reg_2916_reg/DSP_OUTPUT_INST/ALU_OUT[0]
  -------------------------------------------------------------------    -------------------

                         (clock ap_clk rise edge)    10.000    10.000 r  
                                                      0.000    10.000 r  ap_clk (IN)
                         net (fo=1441, unset)         0.055    10.055    bd_0_i/hls_inst/U0/grp_hls_filter_2d_Pipeline_VITIS_LOOP_50_1_fu_364/mul_ln121_reg_2916_reg/CLK
                         DSP_OUTPUT                                   r  bd_0_i/hls_inst/U0/grp_hls_filter_2d_Pipeline_VITIS_LOOP_50_1_fu_364/mul_ln121_reg_2916_reg/DSP_OUTPUT_INST/CLK
                         clock pessimism              0.000    10.055    
                         clock uncertainty           -0.035    10.020    
                         DSP_OUTPUT (Setup_DSP_OUTPUT_CLK_ALU_OUT[0])
                                                      0.014    10.034    bd_0_i/hls_inst/U0/grp_hls_filter_2d_Pipeline_VITIS_LOOP_50_1_fu_364/mul_ln121_reg_2916_reg/DSP_OUTPUT_INST
  -------------------------------------------------------------------
                         required time                         10.034    
                         arrival time                          -5.457    
  -------------------------------------------------------------------
                         slack                                  4.577    





Min Delay Paths
--------------------------------------------------------------------------------------
Slack (MET) :             0.084ns  (arrival time - required time)
  Source:                 bd_0_i/hls_inst/U0/grp_hls_filter_2d_Pipeline_VITIS_LOOP_50_1_fu_364/line_buffer_addr_reg_2555_pp0_iter3_reg_reg[7]/C
                            (rising edge-triggered cell FDRE clocked by ap_clk  {rise@0.000ns fall@5.000ns period=10.000ns})
  Destination:            bd_0_i/hls_inst/U0/grp_hls_filter_2d_Pipeline_VITIS_LOOP_50_1_fu_364/line_buffer_U/ram_reg_bram_0/ADDRARDADDR[10]
                            (rising edge-triggered cell RAMB36E2 clocked by ap_clk  {rise@0.000ns fall@5.000ns period=10.000ns})
  Path Group:             ap_clk
  Path Type:              Hold (Min at Fast Process Corner)
  Requirement:            0.000ns  (ap_clk rise@0.000ns - ap_clk rise@0.000ns)
  Data Path Delay:        0.136ns  (logic 0.084ns (61.765%)  route 0.052ns (38.235%))
  Logic Levels:           0  
  Clock Path Skew:        0.045ns (DCD - SCD - CPR)
    Destination Clock Delay (DCD):    0.059ns
    Source Clock Delay      (SCD):    0.014ns
    Clock Pessimism Removal (CPR):    -0.000ns

    Location             Delay type                Incr(ns)  Path(ns)    Netlist Resource(s)
  -------------------------------------------------------------------    -------------------
                         (clock ap_clk rise edge)     0.000     0.000 r  
                                                      0.000     0.000 r  ap_clk (IN)
                         net (fo=1441, unset)         0.014     0.014    bd_0_i/hls_inst/U0/grp_hls_filter_2d_Pipeline_VITIS_LOOP_50_1_fu_364/ap_clk
                         FDRE                                         r  bd_0_i/hls_inst/U0/grp_hls_filter_2d_Pipeline_VITIS_LOOP_50_1_fu_364/line_buffer_addr_reg_2555_pp0_iter3_reg_reg[7]/C
  -------------------------------------------------------------------    -------------------
                         FDRE (Prop_FDRE_C_Q)         0.084     0.098 r  bd_0_i/hls_inst/U0/grp_hls_filter_2d_Pipeline_VITIS_LOOP_50_1_fu_364/line_buffer_addr_reg_2555_pp0_iter3_reg_reg[7]/Q
                         net (fo=2, unplaced)         0.052     0.150    bd_0_i/hls_inst/U0/grp_hls_filter_2d_Pipeline_VITIS_LOOP_50_1_fu_364/line_buffer_U/Q[7]
                         RAMB36E2                                     r  bd_0_i/hls_inst/U0/grp_hls_filter_2d_Pipeline_VITIS_LOOP_50_1_fu_364/line_buffer_U/ram_reg_bram_0/ADDRARDADDR[10]
  -------------------------------------------------------------------    -------------------

                         (clock ap_clk rise edge)     0.000     0.000 r  
                                                      0.000     0.000 r  ap_clk (IN)
                         net (fo=1441, unset)         0.059     0.059    bd_0_i/hls_inst/U0/grp_hls_filter_2d_Pipeline_VITIS_LOOP_50_1_fu_364/line_buffer_U/ap_clk
                         RAMB36E2                                     r  bd_0_i/hls_inst/U0/grp_hls_filter_2d_Pipeline_VITIS_LOOP_50_1_fu_364/line_buffer_U/ram_reg_bram_0/CLKARDCLK
                         clock pessimism              0.000     0.059    
                         RAMB36E2 (Hold_RAMB36E2_CLKARDCLK_ADDRARDADDR[10])
                                                      0.007     0.066    bd_0_i/hls_inst/U0/grp_hls_filter_2d_Pipeline_VITIS_LOOP_50_1_fu_364/line_buffer_U/ram_reg_bram_0
  -------------------------------------------------------------------
                         required time                         -0.066    
                         arrival time                           0.150    
  -------------------------------------------------------------------
                         slack                                  0.084    





Pulse Width Checks
--------------------------------------------------------------------------------------
Clock Name:         ap_clk
Waveform(ns):       { 0.000 5.000 }
Period(ns):         10.000
Sources:            { ap_clk }

Check Type        Corner  Lib Pin             Reference Pin  Required(ns)  Actual(ns)  Slack(ns)  Location  Pin
Min Period        n/a     RAMB36E2/CLKARDCLK  n/a            1.960         10.000      8.040                bd_0_i/hls_inst/U0/grp_hls_filter_2d_Pipeline_VITIS_LOOP_50_1_fu_364/line_buffer_1_U/ram_reg_bram_0/CLKARDCLK
Low Pulse Width   Slow    SRL16E/CLK          n/a            0.762         5.000       4.238                bd_0_i/hls_inst/U0/grp_hls_filter_2d_Pipeline_VITIS_LOOP_50_1_fu_364/and_ln139_2_reg_2642_pp0_iter7_reg_reg[0]_srl5/CLK
High Pulse Width  Slow    SRL16E/CLK          n/a            0.762         5.000       4.238                bd_0_i/hls_inst/U0/grp_hls_filter_2d_Pipeline_VITIS_LOOP_50_1_fu_364/and_ln139_2_reg_2642_pp0_iter7_reg_reg[0]_srl5/CLK



