                             latency        interval
transaction       0:               4               4
transaction       1:               1               1
transaction       2:               1               1
transaction       3:               1               1
transaction       4:               1               1
transaction       5:               1               1
transaction       6:               1               1
transaction       7:               1               1
transaction       8:               1               1
transaction       9:               1               1
transaction      10:               1               1
transaction      11:               1               1
transaction      12:               1               1
transaction      13:               1               1
transaction      14:               1               1
transaction      15:               1               1
transaction      16:               1               1
transaction      17:               1               1
transaction      18:               1               1
transaction      19:               1               1
transaction      20:               1               1
transaction      21:               1               1
transaction      22:               1               1
transaction      23:               1               1
transaction      24:               1               1
transaction      25:               1               1
transaction      26:               1               1
transaction      27:               1               1
transaction      28:               1               1
transaction      29:               1               1
transaction      30:               1               1
transaction      31:               1               1
transaction      32:               1               1
transaction      33:               1               1
transaction      34:               1               1
transaction      35:               1               1
transaction      36:               1               1
transaction      37:               1               1
transaction      38:               1               1
transaction      39:               1               1
transaction      40:               1               1
transaction      41:               1               1
transaction      42:               1               1
transaction      43:               1               1
transaction      44:               1               1
transaction      45:               1               1
transaction      46:               1               1
transaction      47:               1               1
transaction      48:               1               1
transaction      49:               1               1
transaction      50:               1               1
transaction      51:               1               1
transaction      52:               1               1
transaction      53:               1               1
transaction      54:               1               1
transaction      55:               1               1
transaction      56:               1               1
transaction      57:               1               1
transaction      58:               1               1
transaction      59:               1               1
transaction      60:               1               1
transaction      61:               1               1
transaction      62:               1               1
transaction      63:               1               1
transaction      64:               1               1
transaction      65:               1               1
transaction      66:               1               1
transaction      67:               1               1
transaction      68:               1               1
transaction      69:               1               1
transaction      70:               1               1
transaction      71:               1               1
transaction      72:               1               1
transaction      73:               1               1
transaction      74:               1               1
transaction      75:               1               1
transaction      76:               1               1
transaction      77:               1               1
transaction      78:               1               1
transaction      79:               1               1
transaction      80:               1               1
transaction      81:               1               1
transaction      82:               1               1
transaction      83:               1               1
transaction      84:               1               1
transaction      85:               1               1
transaction      86:               1               1
transaction      87:               1               1
transaction      88:               1               1
transaction      89:               1               1
transaction      90:               1               1
transaction      91:               1               1
transaction      92:               1               1
transaction      93:               1               1
transaction      94:               1               1
transaction      95:               1               1
transaction      96:               1               1
transaction      97:               1               1
transaction      98:               1               1
transaction      99:               1               1
transaction     100:               1               1
transaction     101:               1               1
transaction     102:               1               1
transaction     103:               1               1
transaction     104:               1               1
transaction     105:               1               1
transaction     106:               1               1
transaction     107:               1               1
transaction     108:               1               1
transaction     109:               1               1
transaction     110:               1               1
transaction     111:               1               1
transaction     112:               1               1
transaction     113:               1               1
transaction     114:               1               1
transaction     115:               1               1
transaction     116:               1               1
transaction     117:               1               1
transaction     118:               1               1
transaction     119:               1               1
transaction     120:               1               1
transaction     121:               1               1
transaction     122:               1               1
transaction     123:               1               1
transaction     124:               1               1
transaction     125:               1               1
transaction     126:               1               1
transaction     127:               1               1
transaction     128:               1               1
transaction     129:               1               1
transaction     130:               1               1
transaction     131:               1               1
transaction     132:               1               1
transaction     133:               1               1
transaction     134:               1               1
transaction     135:               1               1
transaction     136:               1               1
transaction     137:               1               1
transaction     138:               1               1
transaction     139:               1               1
transaction     140:               1               1
transaction     141:               1               1
transaction     142:               1               1
transaction     143:               1               1
transaction     144:               1               1
transaction     145:               1               1
transaction     146:               1               1
transaction     147:               1               1
transaction     148:               1               1
transaction     149:               1               1
transaction     150:               1               1
transaction     151:               1               1
transaction     152:               1               1
transaction     153:               1               1
transaction     154:               1               1
transaction     155:               1               1
transaction     156:               1               1
transaction     157:               1               1
transaction     158:               1               1
transaction     159:               1               1
transaction     160:               1               1
transaction     161:               1               1
transaction     162:               1               1
transaction     163:               1               1
transaction     164:               1               1
transaction     165:               1               1
transaction     166:               1               1
transaction     167:               1               1
transaction     168:               1               1
transaction     169:               1               1
transaction     170:               1               1
transaction     171:               1               1
transaction     172:               1               1
transaction     173:               1               1
transaction     174:               1               1
transaction     175:               1               1
transaction     176:               1               1
transaction     177:               1               1
transaction     178:               1               1
transaction     179:               1               1
transaction     180:               1               1
transaction     181:               1               1
transaction     182:               1               1
transaction     183:               1               1
transaction     184:               1               1
transaction     185:               1               1
transaction     186:               1               1
transaction     187:               1               1
transaction     188:               1               1
transaction     189:               1               1
transaction     190:               1               1
transaction     191:               1               1
transaction     192:               1               1
transaction     193:               1               1
transaction     194:               1               1
transaction     195:               1               1
transaction     196:               1               1
transaction     197:               1               1
transaction     198:               1               1
transaction     199:               1               1
transaction     200:               1               1
transaction     201:               1               1
transaction     202:               1               1
transaction     203:               1               1
transaction     204:               1               1
transaction     205:               1               1
transaction     206:               1               1
transaction     207:               1               1
transaction     208:               1               1
transaction     209:               1               1
transaction     210:               1               1
transaction     211:               1               1
transaction     212:               1               1
transaction     213:               1               1
transaction     214:               1               1
transaction     215:               1               1
transaction     216:               1               1
transaction     217:               1               1
transaction     218:               1               1
transaction     219:               1               1
transaction     220:               1               1
transaction     221:               1               1
transaction     222:               1               1
transaction     223:               1               1
transaction     224:               1               1
transaction     225:               1               1
transaction     226:               1               1
transaction     227:               1               1
transaction     228:               1               1
transaction     229:               1               1
transaction     230:               1               1
transaction     231:               1               1
transaction     232:               1               1
transaction     233:               1               1
transaction     234:               1               1
transaction     235:               1               1
transaction     236:               1               1
transaction     237:               1               1
transaction     238:               1               1
transaction     239:               1               1
transaction     240:               1               1
transaction     241:               1               1
transaction     242:               1               1
transaction     243:               1               1
transaction     244:               1               1
transaction     245:               1               1
transaction     246:               1               1
transaction     247:               1               1
transaction     248:               1               1
transaction     249:               1               1
transaction     250:               1               1
transaction     251:               1               1
transaction     252:               1               1
transaction     253:               1               1
transaction     254:               1               1
transaction     255:               1               1
transaction     256:               1               1
transaction     257:               1               1
transaction     258:               1               1
transaction     259:               1               1
transaction     260:               1               1
transaction     261:               1               1
transaction     262:               1               1
transaction     263:               1               1
transaction     264:               1               1
transaction     265:               1               1
transaction     266:               1               1
transaction     267:               1               1
transaction     268:               1               1
transaction     269:               1               1
transaction     270:               1               1
transaction     271:               1               1
transaction     272:               1               1
transaction     273:               1               1
transaction     274:               1               1
transaction     275:               1               1
transaction     276:               1               1
transaction     277:               1               1
transaction     278:               1               1
transaction     279:               1               1
transaction     280:               1               1
transaction     281:               1               1
transaction     282:               1               1
transaction     283:               1               1
transaction     284:               1               1
transaction     285:               1               1
transaction     286:               1               1
transaction     287:               1               1
transaction     288:               1               1
transaction     289:               1               1
transaction     290:               1               1
transaction     291:               1               1
transaction     292:               1               1
transaction     293:               1               1
transaction     294:               1               1
transaction     295:               1               1
transaction     296:               1               1
transaction     297:               1               1
transaction     298:               1               1
transaction     299:               1               1
transaction     300:               1               1
transaction     301:               1               1
transaction     302:               1               1
transaction     303:               1               1
transaction     304:               1               1
transaction     305:               1               1
transaction     306:               1               1
transaction     307:               1               1
transaction     308:               1               1
transaction     309:               1               1
transaction     310:               1               1
transaction     311:               1               1
transaction     312:               1               1
transaction     313:               1               1
transaction     314:               1               1
transaction     315:               1               1
transaction     316:               1               1
transaction     317:               1               1
transaction     318:               1               1
transaction     319:               1               1
transaction     320:               1               1
transaction     321:               1               1
transaction     322:               1               1
transaction     323:               1               1
transaction     324:               1               1
transaction     325:               1               1
transaction     326:               1               1
transaction     327:               1               1
transaction     328:               1               1
transaction     329:               1               1
transaction     330:               1               1
transaction     331:               1               1
transaction     332:               1               1
transaction     333:               1               1
transaction     334:               1               1
transaction     335:               1               1
transaction     336:               1               1
transaction     337:               1               1
transaction     338:               1               1
transaction     339:               1               1
transaction     340:               1               1
transaction     341:               1               1
transaction     342:               1               1
transaction     343:               1               1
transaction     344:               1               1
transaction     345:               1               1
transaction     346:               1               1
transaction     347:               1               1
transaction     348:               1               1
transaction     349:               1               1
transaction     350:               1               1
transaction     351:               1               1
transaction     352:               1               1
transaction     353:               1               1
transaction     354:               1               1
transaction     355:               1               1
transaction     356:               1               1
transaction     357:               1               1
transaction     358:               1               1
transaction     359:               1               1
transaction     360:               1               1
transaction     361:               1               1
transaction     362:               1               1
transaction     363:               1               1
transaction     364:               1               1
transaction     365:               1               1
transaction     366:               1               1
transaction     367:               1               1
transaction     368:               1               1
transaction     369:               1               1
transaction     370:               1               1
transaction     371:               1               1
transaction     372:               1               1
transaction     373:               1               1
transaction     374:               1               1
transaction     375:               1               1
transaction     376:               1               1
transaction     377:               1               1
transaction     378:               1               1
transaction     379:               1               1
transaction     380:               1               1
transaction     381:               1               1
transaction     382:               1               1
transaction     383:               1               1
transaction     384:               1               1
transaction     385:               1               1
transaction     386:               1               1
transaction     387:               1               1
transaction     388:               1               1
transaction     389:               1               1
transaction     390:               1               1
transaction     391:               1               1
transaction     392:               1               1
transaction     393:               1               1
transaction     394:               1               1
transaction     395:               1               1
transaction     396:               1               1
transaction     397:               1               1
transaction     398:               1               1
transaction     399:               1               1
transaction     400:               1               1
transaction     401:               1               1
transaction     402:               1               1
transaction     403:               1               1
transaction     404:               1               1
transaction     405:               1               1
transaction     406:               1               1
transaction     407:               1               1
transaction     408:               1               1
transaction     409:               1               1
transaction     410:               1               1
transaction     411:               1               1
transaction     412:               1               1
transaction     413:               1               1
transaction     414:               1               1
transaction     415:               1               1
transaction     416:               1               1
transaction     417:               1               1
transaction     418:               1               1
transaction     419:               1               1
transaction     420:               1               1
transaction     421:               1               1
transaction     422:               1               1
transaction     423:               1               1
transaction     424:               1               1
transaction     425:               1               1
transaction     426:               1               1
transaction     427:               1               1
transaction     428:               1               1
transaction     429:               1               1
transaction     430:               1               1
transaction     431:               1               1
transaction     432:               1               1
transaction     433:               1               1
transaction     434:               1               1
transaction     435:               1               1
transaction     436:               1               1
transaction     437:               1               1
transaction     438:               1               1
transaction     439:               1               1
transaction     440:               1               1
transaction     441:               1               1
transaction     442:               1               1
transaction     443:               1               1
transaction     444:               1               1
transaction     445:               1               1
transaction     446:               1               1
transaction     447:               1               1
transaction     448:               1               1
transaction     449:               1               1
transaction     450:               1               1
transaction     451:               1               1
transaction     452:               1               1
transaction     453:               1               1
transaction     454:               1               1
transaction     455:               1               1
transaction     456:               1               1
transaction     457:               1               1
transaction     458:               1               1
transaction     459:               1               1
transaction     460:               1               1
transaction     461:               1               1
transaction     462:               1               1
transaction     463:               1               1
transaction     464:               1               1
transaction     465:               1               1
transaction     466:               1               1
transaction     467:               1               1
transaction     468:               1               1
transaction     469:               1               1
transaction     470:               1               1
transaction     471:               1               1
transaction     472:               1               1
transaction     473:               1               1
transaction     474:               1               1
transaction     475:               1               1
transaction     476:               1               1
transaction     477:               1               1
transaction     478:               1               1
transaction     479:               1               1
transaction     480:               1               1
transaction     481:               1               1
transaction     482:               1               1
transaction     483:               1               1
transaction     484:               1               1
transaction     485:               1               1
transaction     486:               1               1
transaction     487:               1               1
transaction     488:               1               1
transaction     489:               1               1
transaction     490:               1               1
transaction     491:               1               1
transaction     492:               1               1
transaction     493:               1               1
transaction     494:               1               1
transaction     495:               1               1
transaction     496:               1               1
transaction     497:               1               1
transaction     498:               1               1
transaction     499:               1               1
transaction     500:               1               1
transaction     501:               1               1
transaction     502:               1               1
transaction     503:               1               1
transaction     504:               1               1
transaction     505:               1               1
transaction     506:               1               1
transaction     507:               1               1
transaction     508:               1               1
transaction     509:               1               1
transaction     510:               1               1
transaction     511:               1               1
transaction     512:               1               1
transaction     513:               1               1
transaction     514:               1               1
transaction     515:               1               1
transaction     516:               1               1
transaction     517:               1               1
transaction     518:               1               1
transaction     519:               1               1
transaction     520:               1               1
transaction     521:               1               1
transaction     522:               1               1
transaction     523:               1               1
transaction     524:               1               1
transaction     525:               1               1
transaction     526:               1               1
transaction     527:               1               1
transaction     528:               1               1
transaction     529:               1               1
transaction     530:               1               1
transaction     531:               1               1
transaction     532:               1               1
transaction     533:               1               1
transaction     534:               1               1
transaction     535:               1               1
transaction     536:               1               1
transaction     537:               1               1
transaction     538:               1               1
transaction     539:               1               1
transaction     540:               1               1
transaction     541:               1               1
transaction     542:               1               1
transaction     543:               1               1
transaction     544:               1               1
transaction     545:               1               1
transaction     546:               1               1
transaction     547:               1               1
transaction     548:               1               1
transaction     549:               1               1
transaction     550:               1               1
transaction     551:               1               1
transaction     552:               1               1
transaction     553:               1               1
transaction     554:               1               1
transaction     555:               1               1
transaction     556:               1               1
transaction     557:               1               1
transaction     558:               1               1
transaction     559:               1               1
transaction     560:               1               1
transaction     561:               1               1
transaction     562:               1               1
transaction     563:               1               1
transaction     564:               1               1
transaction     565:               1               1
transaction     566:               1               1
transaction     567:               1               1
transaction     568:               1               1
transaction     569:               1               1
transaction     570:               1               1
transaction     571:               1               1
transaction     572:               1               1
transaction     573:               1               1
transaction     574:               1               1
transaction     575:               1               1
transaction     576:               1               1
transaction     577:               1               1
transaction     578:               1               1
transaction     579:               1               1
transaction     580:               1               1
transaction     581:               1               1
transaction     582:               1               1
transaction     583:               1               1
transaction     584:               1               1
transaction     585:               1               1
transaction     586:               1               1
transaction     587:               1               1
transaction     588:               1               1
transaction     589:               1               1
transaction     590:               1               1
transaction     591:               1               1
transaction     592:               1               1
transaction     593:               1               1
transaction     594:               1               1
transaction     595:               1               1
transaction     596:               1               1
transaction     597:               1               1
transaction     598:               1               1
transaction     599:               1               1
transaction     600:               1               1
transaction     601:               1               1
transaction     602:               1               1
transaction     603:               1               1
transaction     604:               1               1
transaction     605:               1               1
transaction     606:               1               1
transaction     607:               1               1
transaction     608:               1               1
transaction     609:               1               1
transaction     610:               1               1
transaction     611:               1               1
transaction     612:               1               1
transaction     613:               1               1
transaction     614:               1               1
transaction     615:               1               1
transaction     616:               1               1
transaction     617:               1               1
transaction     618:               1               1
transaction     619:               1               1
transaction     620:               1               1
transaction     621:               1               1
transaction     622:               1               1
transaction     623:               1               1
transaction     624:               1               1
transaction     625:               1               1
transaction     626:               1               1
transaction     627:               1               1
transaction     628:               1               1
transaction     629:               1               1
transaction     630:               1               1
transaction     631:               1               1
transaction     632:               1               1
transaction     633:               1               1
transaction     634:               1               1
transaction     635:               1               1
transaction     636:               1               1
transaction     637:               1               1
transaction     638:               1               1
transaction     639:               1               1
transaction     640:               1               1
transaction     641:               1               1
transaction     642:               1               1
transaction     643:               1               1
transaction     644:               1               1
transaction     645:               1               1
transaction     646:               1               1
transaction     647:               1               1
transaction     648:               1               1
transaction     649:               1               1
transaction     650:               1               1
transaction     651:               1               1
transaction     652:               1               1
transaction     653:               1               1
transaction     654:               1               1
transaction     655:               1               1
transaction     656:               1               1
transaction     657:               1               1
transaction     658:               1               1
transaction     659:               1               1
transaction     660:               1               1
transaction     661:               1               1
transaction     662:               1               1
transaction     663:               1               1
transaction     664:               1               1
transaction     665:               1               1
transaction     666:               1               1
transaction     667:               1               1
transaction     668:               1               1
transaction     669:               1               1
transaction     670:               1               1
transaction     671:               1               1
transaction     672:               1               1
transaction     673:               1               1
transaction     674:               1               1
transaction     675:               1               1
transaction     676:               1               1
transaction     677:               1               1
transaction     678:               1               1
transaction     679:               1               1
transaction     680:               1               1
transaction     681:               1               1
transaction     682:               1               1
transaction     683:               1               1
transaction     684:               1               1
transaction     685:               1               1
transaction     686:               1               1
transaction     687:               1               1
transaction     688:               1               1
transaction     689:               1               1
transaction     690:               1               1
transaction     691:               1               1
transaction     692:               1               1
transaction     693:               1               1
transaction     694:               1               1
transaction     695:               1               1
transaction     696:               1               1
transaction     697:               1               1
transaction     698:               1               1
transaction     699:               1               1
transaction     700:               1               1
transaction     701:               1               1
transaction     702:               1               1
transaction     703:               1               1
transaction     704:               1               1
transaction     705:               1               1
transaction     706:               1               1
transaction     707:               1               1
transaction     708:               1               1
transaction     709:               1               1
transaction     710:               1               1
transaction     711:               1               1
transaction     712:               1               1
transaction     713:               1               1
transaction     714:               1               1
transaction     715:               1               1
transaction     716:               1               1
transaction     717:               1               1
transaction     718:               1               1
transaction     719:               1               1
transaction     720:               1               1
transaction     721:               1               1
transaction     722:               1               1
transaction     723:               1               1
transaction     724:               1               1
transaction     725:               1               1
transaction     726:               1               1
transaction     727:               1               1
transaction     728:               1               1
transaction     729:               1               1
transaction     730:               1               1
transaction     731:               1               1
transaction     732:               1               1
transaction     733:               1               1
transaction     734:               1               1
transaction     735:               1               1
transaction     736:               1               1
transaction     737:               1               1
transaction     738:               1               1
transaction     739:               1               1
transaction     740:               1               1
transaction     741:               1               1
transaction     742:               1               1
transaction     743:               1               1
transaction     744:               1               1
transaction     745:               1               1
transaction     746:               1               1
transaction     747:               1               1
transaction     748:               1               1
transaction     749:               1               1
transaction     750:               1               1
transaction     751:               1               1
transaction     752:               1               1
transaction     753:               1               1
transaction     754:               1               1
transaction     755:               1               1
transaction     756:               1               1
transaction     757:               1               1
transaction     758:               1               1
transaction     759:               1               1
transaction     760:               1               1
transaction     761:               1               1
transaction     762:               1               1
transaction     763:               1               1
transaction     764:               1               1
transaction     765:               1               1
transaction     766:               1               1
transaction     767:               1               1
transaction     768:               1               1
transaction     769:               1               1
transaction     770:               1               1
transaction     771:               1               1
transaction     772:               1               1
transaction     773:               1               1
transaction     774:               1               1
transaction     775:               1               1
transaction     776:               1               1
transaction     777:               1               1
transaction     778:               1               1
transaction     779:               1               1
transaction     780:               1               1
transaction     781:               1               1
transaction     782:               1               1
transaction     783:               1               1
transaction     784:               1               1
transaction     785:               1               1
transaction     786:               1               1
transaction     787:               1               1
transaction     788:               1               1
transaction     789:               1               1
transaction     790:               1               1
transaction     791:               1               1
transaction     792:               1               1
transaction     793:               1               1
transaction     794:               1               1
transaction     795:               1               1
transaction     796:               1               1
transaction     797:               1               1
transaction     798:               1               1
transaction     799:               1               1
transaction     800:               1               1
transaction     801:               1               1
transaction     802:               1               1
transaction     803:               1               1
transaction     804:               1               1
transaction     805:               1               1
transaction     806:               1               1
transaction     807:               1               1
transaction     808:               1               1
transaction     809:               1               1
transaction     810:               1               1
transaction     811:               1               1
transaction     812:               1               1
transaction     813:               1               1
transaction     814:               1               1
transaction     815:               1               1
transaction     816:               1               1
transaction     817:               1               1
transaction     818:               1               1
transaction     819:               1               1
transaction     820:               1               1
transaction     821:               1               1
transaction     822:               1               1
transaction     823:               1               1
transaction     824:               1               1
transaction     825:               1               1
transaction     826:               1               1
transaction     827:               1               1
transaction     828:               1               1
transaction     829:               1               1
transaction     830:               1               1
transaction     831:               1               1
transaction     832:               1               1
transaction     833:               1               1
transaction     834:               1               1
transaction     835:               1               1
transaction     836:               1               1
transaction     837:               1               1
transaction     838:               1               1
transaction     839:               1               1
transaction     840:               1               1
transaction     841:               1               1
transaction     842:               1               1
transaction     843:               1               1
transaction     844:               1               1
transaction     845:               1               1
transaction     846:               1               1
transaction     847:               1               1
transaction     848:               1               1
transaction     849:               1               1
transaction     850:               1               1
transaction     851:               1               1
transaction     852:               1               1
transaction     853:               1               1
transaction     854:               1               1
transaction     855:               1               1
transaction     856:               1               1
transaction     857:               1               1
transaction     858:               1               1
transaction     859:               1               1
transaction     860:               1               1
transaction     861:               1               1
transaction     862:               1               1
transaction     863:               1               1
transaction     864:               1               1
transaction     865:               1               1
transaction     866:               1               1
transaction     867:               1               1
transaction     868:               1               1
transaction     869:               1               1
transaction     870:               1               1
transaction     871:               1               1
transaction     872:               1               1
transaction     873:               1               1
transaction     874:               1               1
transaction     875:               1               1
transaction     876:               1               1
transaction     877:               1               1
transaction     878:               1               1
transaction     879:               1               1
transaction     880:               1               1
transaction     881:               1               1
transaction     882:               1               1
transaction     883:               1               1
transaction     884:               1               1
transaction     885:               1               1
transaction     886:               1               1
transaction     887:               1               1
transaction     888:               1               1
transaction     889:               1               1
transaction     890:               1               1
transaction     891:               1               1
transaction     892:               1               1
transaction     893:               1               1
transaction     894:               1               1
transaction     895:               1               1
transaction     896:               1               1
transaction     897:               1               1
transaction     898:               1               1
transaction     899:               1               1
transaction     900:               1               1
transaction     901:               1               1
transaction     902:               1               1
transaction     903:               1               1
transaction     904:               1               1
transaction     905:               1               1
transaction     906:               1               1
transaction     907:               1               1
transaction     908:               1               1
transaction     909:               1               1
transaction     910:               1               1
transaction     911:               1               1
transaction     912:               1               1
transaction     913:               1               1
transaction     914:               1               1
transaction     915:               1               1
transaction     916:               1               1
transaction     917:               1               1
transaction     918:               1               1
transaction     919:               1               1
transaction     920:               1               1
transaction     921:               1               1
transaction     922:               1               1
transaction     923:               1               1
transaction     924:               1               1
transaction     925:               1               1
transaction     926:               1               1
transaction     927:               1               1
transaction     928:               1               1
transaction     929:               1               1
transaction     930:               1               1
transaction     931:               1               1
transaction     932:               1               1
transaction     933:               1               1
transaction     934:               1               1
transaction     935:               1               1
transaction     936:               1               1
transaction     937:               1               1
transaction     938:               1               1
transaction     939:               1               1
transaction     940:               1               1
transaction     941:               1               1
transaction     942:               1               1
transaction     943:               1               1
transaction     944:               1               1
transaction     945:               1               1
transaction     946:               1               1
transaction     947:               1               1
transaction     948:               1               1
transaction     949:               1               1
transaction     950:               1               1
transaction     951:               1               1
transaction     952:               1               1
transaction     953:               1               1
transaction     954:               1               1
transaction     955:               1               1
transaction     956:               1               1
transaction     957:               1               1
transaction     958:               1               1
transaction     959:               1               1
transaction     960:               1               1
transaction     961:               1               1
transaction     962:               1               1
transaction     963:               1               1
transaction     964:               1               1
transaction     965:               1               1
transaction     966:               1               1
transaction     967:               1               1
transaction     968:               1               1
transaction     969:               1               1
transaction     970:               1               1
transaction     971:               1               1
transaction     972:               1               1
transaction     973:               1               1
transaction     974:               1               1
transaction     975:               1               1
transaction     976:               1               1
transaction     977:               1               1
transaction     978:               1               1
transaction     979:               1               1
transaction     980:               1               1
transaction     981:               1               1
transaction     982:               1               1
transaction     983:               1               1
transaction     984:               1               1
transaction     985:               1               1
transaction     986:               1               1
transaction     987:               1               1
transaction     988:               1               1
transaction     989:               1               1
transaction     990:               1               1
transaction     991:               1               1
transaction     992:               1               1
transaction     993:               1               1
transaction     994:               1               1
transaction     995:               1               1
transaction     996:               1               1
transaction     997:               1               1
transaction     998:               1               1
transaction     999:               1               1
transaction    1000:               1               1
transaction    1001:               1               1
transaction    1002:               1               1
transaction    1003:               1               1
transaction    1004:               1               1
transaction    1005:               1               1
transaction    1006:               1               x
