

================================================================
== Synthesis Summary Report of 'hls_threshold_gray'
================================================================
+ General Information: 
    * Date:           Thu Jun 25 10:38:04 2026
    * Version:        2025.2 (Build 6295257 on Nov 14 2025)
    * Project:        hls_threshold
    * Solution:       hls (Vivado IP Flow Target)
    * Product family: zynquplus
    * Target device:  xck26-sfvc784-2LV-c
    

* Performance & Resource Estimates: 
+------------------------------------------------+------+---------------+----------+---------+------+----------+---------+-----+------+------+---------+-----------+-----------+-----+
|                     Modules                    | Issue|               | Iteration|         | Trip |          |    Latency    |      |      |         |           |           |     |
|                     & Loops                    | Type | Violation Type|  Latency | Interval| Count| Pipelined| (cycles)| (ns)| Slack| BRAM |   DSP   |     FF    |    LUT    | URAM|
+------------------------------------------------+------+---------------+----------+---------+------+----------+---------+-----+------+------+---------+-----------+-----------+-----+
|+ hls_threshold_gray                            |     -|              -|         -|        -|     -|        no|        -|    -|  1.17|     -|  3 (~0%)|  241 (~0%)|  445 (~0%)|    -|
| + hls_threshold_gray_Pipeline_VITIS_LOOP_24_1  |     -|              -|         -|        -|     -|       yes|        -|    -|  5.38|     -|        -|   36 (~0%)|  191 (~0%)|    -|
|  o VITIS_LOOP_24_1                             |     -|              -|         2|        1|     -|       yes|        -|    -|  7.30|     -|        -|          -|          -|    -|
+------------------------------------------------+------+---------------+----------+---------+------+----------+---------+-----+------+------+---------+-----------+-----------+-----+
    Name Prefix: '+' for module, 'o' for loop, '*' for dataflow


================================================================
== HW Interfaces
================================================================
* S_AXILITE Interfaces
+---------------+------------+---------------+--------+----------+
| Interface     | Data Width | Address Width | Offset | Register |
+---------------+------------+---------------+--------+----------+
| s_axi_control | 32         | 6             | 16     | 0        |
+---------------+------------+---------------+--------+----------+

* S_AXILITE Registers
+---------------+-------------+--------+-------+--------+----------------------------------+----------------------------------------------------------------------+
| Interface     | Register    | Offset | Width | Access | Description                      | Bit Fields                                                           |
+---------------+-------------+--------+-------+--------+----------------------------------+----------------------------------------------------------------------+
| s_axi_control | CTRL        | 0x00   | 32    | RW     | Control signals                  | 0=AP_START 1=AP_DONE 2=AP_IDLE 3=AP_READY 7=AUTO_RESTART 9=INTERRUPT |
| s_axi_control | GIER        | 0x04   | 32    | RW     | Global Interrupt Enable Register | 0=Enable                                                             |
| s_axi_control | IP_IER      | 0x08   | 32    | RW     | IP Interrupt Enable Register     | 0=CHAN0_INT_EN 1=CHAN1_INT_EN                                        |
| s_axi_control | IP_ISR      | 0x0c   | 32    | RW     | IP Interrupt Status Register     | 0=CHAN0_INT_ST 1=CHAN1_INT_ST                                        |
| s_axi_control | thresh_val  | 0x10   | 32    | W      | Data signal of thresh_val        |                                                                      |
| s_axi_control | thresh_type | 0x18   | 32    | W      | Data signal of thresh_type       |                                                                      |
| s_axi_control | width       | 0x20   | 32    | W      | Data signal of width             |                                                                      |
| s_axi_control | height      | 0x28   | 32    | W      | Data signal of height            |                                                                      |
+---------------+-------------+--------+-------+--------+----------------------------------+----------------------------------------------------------------------+

* AXIS
+--------------+-----------+---------------+-------+--------+--------+
| Interface    | Direction | Register Mode | TDATA | TREADY | TVALID |
+--------------+-----------+---------------+-------+--------+--------+
| m_axis_video | out       | both          | 24    | 1      | 1      |
| s_axis_video | in        | both          | 24    | 1      | 1      |
+--------------+-----------+---------------+-------+--------+--------+

* TOP LEVEL CONTROL
+-----------+------------+-----------+
| Interface | Type       | Ports     |
+-----------+------------+-----------+
| ap_clk    | clock      | ap_clk    |
| ap_rst_n  | reset      | ap_rst_n  |
| interrupt | interrupt  | interrupt |
| ap_ctrl   | ap_ctrl_hs |           |
+-----------+------------+-----------+


================================================================
== SW I/O Information
================================================================
* Top Function Arguments
+--------------+-----------+--------------------------------------------------+
| Argument     | Direction | Datatype                                         |
+--------------+-----------+--------------------------------------------------+
| s_axis_video | in        | stream<axi_stream_video<color_pixel<1, 8> >, 0>& |
| m_axis_video | out       | stream<axi_stream_video<color_pixel<1, 8> >, 0>& |
| thresh_val   | in        | ap_uint<8>                                       |
| thresh_type  | in        | ap_uint<2>                                       |
| width        | in        | ap_uint<32>                                      |
| height       | in        | ap_uint<32>                                      |
+--------------+-----------+--------------------------------------------------+

* SW-to-HW Mapping
+--------------+---------------+-----------+---------------------------------------+
| Argument     | HW Interface  | HW Type   | HW Info                               |
+--------------+---------------+-----------+---------------------------------------+
| s_axis_video | s_axis_video  | interface |                                       |
| m_axis_video | m_axis_video  | interface |                                       |
| thresh_val   | s_axi_control | register  | name=thresh_val offset=0x10 range=32  |
| thresh_type  | s_axi_control | register  | name=thresh_type offset=0x18 range=32 |
| width        | s_axi_control | register  | name=width offset=0x20 range=32       |
| height       | s_axi_control | register  | name=height offset=0x28 range=32      |
+--------------+---------------+-----------+---------------------------------------+


================================================================
== Bind Op Report
================================================================
+------------------------------------------------+-----+--------+--------------+--------+----------+---------+
| Name                                           | DSP | Pragma | Variable     | Op     | Impl     | Latency |
+------------------------------------------------+-----+--------+--------------+--------+----------+---------+
| + hls_threshold_gray                           | 3   |        |              |        |          |         |
|   mul_32s_32s_32_1_1_U6                        | 3   |        | total_pixels | mul    | auto     | 0       |
|  + hls_threshold_gray_Pipeline_VITIS_LOOP_24_1 | 0   |        |              |        |          |         |
|    icmp_ln24_fu_112_p2                         |     |        | icmp_ln24    | seteq  | auto     | 0       |
|    i_1_fu_118_p2                               |     |        | i_1          | add    | fabric   | 0       |
|    pixel_out_1_fu_141_p2                       |     |        | pixel_out_1  | setgt  | auto     | 0       |
|    pixel_out_2_fu_146_p3                       |     |        | pixel_out_2  | select | auto_sel | 0       |
|    select_ln34_fu_154_p3                       |     |        | select_ln34  | select | auto_sel | 0       |
|    pixel_out_fu_163_p3                         |     |        | pixel_out    | select | auto_sel | 0       |
+------------------------------------------------+-----+--------+--------------+--------+----------+---------+


================================================================
== Storage Report
================================================================
+----------------------+-----------+-----------+------+------+--------+----------+------+---------+------------------+
| Name                 | Usage     | Type      | BRAM | URAM | Pragma | Variable | Impl | Latency | Bitwidth, Depth, |
|                      |           |           |      |      |        |          |      |         | Banks            |
+----------------------+-----------+-----------+------+------+--------+----------+------+---------+------------------+
| + hls_threshold_gray |           |           | 0    | 0    |        |          |      |         |                  |
|   control_s_axi_U    | interface | s_axilite |      |      |        |          |      |         |                  |
+----------------------+-----------+-----------+------+------+--------+----------+------+---------+------------------+


================================================================
== Pragma Report
================================================================
* Valid Pragma Syntax
+-----------+-----------------------------------------------+-----------------------------------------------------------------------------+
| Type      | Options                                       | Location                                                                    |
+-----------+-----------------------------------------------+-----------------------------------------------------------------------------+
| INLINE    |                                               | in color_pixel<num_channels, pixel_width> (../hls_video_types.hpp:44)       |
| UNROLL    |                                               | in color_pixel<num_channels, pixel_width> (../hls_video_types.hpp:46)       |
| INLINE    |                                               | in color_pixel<num_channels, pixel_width> (../hls_video_types.hpp:58)       |
| UNROLL    |                                               | in color_pixel<num_channels, pixel_width> (../hls_video_types.hpp:60)       |
| INLINE    |                                               | in color_pixel<num_channels, pixel_width> (../hls_video_types.hpp:73)       |
| UNROLL    |                                               | in color_pixel<num_channels, pixel_width> (../hls_video_types.hpp:76)       |
| INLINE    |                                               | in operator ap_uint<num_channels * pixel_width> (../hls_video_types.hpp:88) |
| UNROLL    |                                               | in operator ap_uint<num_channels * pixel_width> (../hls_video_types.hpp:91) |
| INLINE    |                                               | in operator unsigned int (../hls_video_types.hpp:103)                       |
| INTERFACE | axis port = s_axis_video                      | in hls_threshold_gray (hls_threshold.cpp:11)                                |
| INTERFACE | axis port = m_axis_video                      | in hls_threshold_gray (hls_threshold.cpp:12)                                |
| INTERFACE | s_axilite port = thresh_val bundle = control  | in hls_threshold_gray (hls_threshold.cpp:13)                                |
| INTERFACE | s_axilite port = thresh_type bundle = control | in hls_threshold_gray (hls_threshold.cpp:14)                                |
| INTERFACE | s_axilite port = width bundle = control       | in hls_threshold_gray (hls_threshold.cpp:15)                                |
| INTERFACE | s_axilite port = height bundle = control      | in hls_threshold_gray (hls_threshold.cpp:16)                                |
| INTERFACE | s_axilite port = return bundle = control      | in hls_threshold_gray (hls_threshold.cpp:17)                                |
| PIPELINE  | II = 1                                        | in hls_threshold (hls_threshold.hpp:25)                                     |
+-----------+-----------------------------------------------+-----------------------------------------------------------------------------+


