================================================================
== Design Size Report
================================================================

* Total Instructions per Compilation Phase
+---------------+----------------------------+--------------+----------------------------------------------------------------------------------------+
| Phase         | Step                       | Instructions | Description                                                                            |
+---------------+----------------------------+--------------+----------------------------------------------------------------------------------------+
| Compile/Link  |                            | 578          | After all functions are compiled and linked into a single design                       |
|               |                            |              |                                                                                        |
| Unroll/Inline |                            |              | After user unroll and inline pragmas are applied                                       |
|               | (1) unroll                 | 139          | user unroll pragmas are applied                                                        |
|               | (2) simplification         |  95          | simplification of applied user unroll pragmas                                          |
|               | (3) inline                 |  92          | user inline pragmas are applied                                                        |
|               | (4) simplification         |  53          | simplification of applied user inline pragmas                                          |
|               |                            |              |                                                                                        |
| Array/Struct  |                            |              | After user array partition and struct aggregate/disaggregate pragmas are applied       |
|               | (1) array partition        |  44          | user array partition pragmas are applied                                               |
|               | (2) simplification         |  39          | simplification of applied user array partition & struct aggregate/disaggregate pragmas |
|               | (3) aggregate/disaggregate |  39          | user struct aggregate/disaggregate pragmas are applied                                 |
|               | (4) array reshape          |  39          | apply array reshape pragmas                                                            |
|               | (5) access patterns        |  40          | array access pattern optmizations                                                      |
|               |                            |              |                                                                                        |
| Performance   |                            |              | After transformations are applied to meet performance pragma targets                   |
|               | (1) loop simplification    |  40          | loop and instruction simplification                                                    |
|               | (2) parallelization        |  40          | loops are unrolled or pipelined to meet performance targets                            |
|               | (3) array partition        |  39          | arrays are partitioned to meet performance targets                                     |
|               | (4) simplification         |  39          | simplification of design after performance transformations                             |
|               |                            |              |                                                                                        |
| HW Transforms |                            |              | After hardware transfomations                                                          |
|               | (1) lowering               |  44          | initial conversion to HW specific instructions                                         |
|               | (2) optimizations          |  55          | high level synthesis optimizations                                                     |
+---------------+----------------------------+--------------+----------------------------------------------------------------------------------------+

* Instructions per Function for each Compilation Phase
+----------------------+------------------------+--------------+---------------+--------------+-------------+---------------+
| Function             | Location               | Compile/Link | Unroll/Inline | Array/Struct | Performance | HW Transforms |
+----------------------+------------------------+--------------+---------------+--------------+-------------+---------------+
| + hls_threshold_gray | hls_threshold.cpp:6    | 578          | 53            | 40           | 39          | 55            |
|  + hls_threshold<8>  | hls_threshold.hpp:15   | 559          |               |              |             |               |
|   + axi_stream_video | hls_video_types.hpp:18 |  44          |               |              |             |               |
|      color_pixel     | hls_video_types.hpp:42 |  39          |               |              |             |               |
+----------------------+------------------------+--------------+---------------+--------------+-------------+---------------+

* Design Size Message Settings
+---------------------------------------------+--------+------------------------------------------------------------------+
| Message Setting                             | Value  | Description                                                      |
+---------------------------------------------+--------+------------------------------------------------------------------+
| config_compile -design_size_maximum_warning | 100000 | Show a warning when total design instructions exceeds this value |
+---------------------------------------------+--------+------------------------------------------------------------------+


