

================================================================
== Vitis HLS Report for 'hls_threshold_gray_Pipeline_VITIS_LOOP_24_1'
================================================================
* Date:           Thu Apr  2 16:19:11 2026

* Version:        2025.2 (Build 6295257 on Nov 14 2025)
* Project:        hls_threshold
* Solution:       hls (Vivado IP Flow Target)
* Product family: zynquplus
* Target device:  xck26-sfvc784-2LV-c


================================================================
== Performance Estimates
================================================================
+ Timing: 
    * Summary: 
    +--------+----------+----------+------------+
    |  Clock |  Target  | Estimated| Uncertainty|
    +--------+----------+----------+------------+
    |ap_clk  |  10.00 ns|  1.919 ns|     2.70 ns|
    +--------+----------+----------+------------+

+ Latency: 
    * Summary: 
    +---------+---------+----------+----------+-----+-----+-------------------+
    |  Latency (cycles) |  Latency (absolute) |  Interval |      Pipeline     |
    |   min   |   max   |    min   |    max   | min | max |        Type       |
    +---------+---------+----------+----------+-----+-----+-------------------+
    |        ?|        ?|         ?|         ?|    0|    0|  loop pipeline stp|
    +---------+---------+----------+----------+-----+-----+-------------------+

    + Detail: 
        * Instance: 
        N/A

        * Loop: 
        +-------------------+---------+---------+----------+-----------+-----------+------+----------+
        |                   |  Latency (cycles) | Iteration|  Initiation Interval  | Trip |          |
        |     Loop Name     |   min   |   max   |  Latency |  achieved |   target  | Count| Pipelined|
        +-------------------+---------+---------+----------+-----------+-----------+------+----------+
        |- VITIS_LOOP_24_1  |        ?|        ?|         2|          1|          1|     ?|       yes|
        +-------------------+---------+---------+----------+-----------+-----------+------+----------+



================================================================
== Utilization Estimates
================================================================
* Summary: 
+-----------------+---------+------+--------+--------+-----+
|       Name      | BRAM_18K|  DSP |   FF   |   LUT  | URAM|
+-----------------+---------+------+--------+--------+-----+
|DSP              |        -|     -|       -|       -|    -|
|Expression       |        -|     -|       0|     117|    -|
|FIFO             |        -|     -|       -|       -|    -|
|Instance         |        -|     -|       -|       -|    -|
|Memory           |        -|     -|       -|       -|    -|
|Multiplexer      |        -|     -|       0|      74|    -|
|Register         |        -|     -|      36|       -|    -|
+-----------------+---------+------+--------+--------+-----+
|Total            |        0|     0|      36|     191|    0|
+-----------------+---------+------+--------+--------+-----+
|Available        |      288|  1248|  234240|  117120|   64|
+-----------------+---------+------+--------+--------+-----+
|Utilization (%)  |        0|     0|      ~0|      ~0|    0|
+-----------------+---------+------+--------+--------+-----+

+ Detail: 
    * Instance: 
    N/A

    * DSP: 
    N/A

    * Memory: 
    N/A

    * FIFO: 
    N/A

    * Expression: 
    +----------------------------------+----------+----+---+----+------------+------------+
    |           Variable Name          | Operation| DSP| FF| LUT| Bitwidth P0| Bitwidth P1|
    +----------------------------------+----------+----+---+----+------------+------------+
    |i_1_fu_118_p2                     |         +|   0|  0|  39|          32|           1|
    |ap_block_pp0_stage0_01001         |       and|   0|  0|   2|           1|           1|
    |icmp_ln24_fu_112_p2               |      icmp|   0|  0|  39|          32|          32|
    |pixel_out_1_fu_141_p2             |      icmp|   0|  0|  15|           8|           8|
    |ap_block_state2_pp0_stage0_iter1  |        or|   0|  0|   2|           1|           1|
    |pixel_out_2_fu_146_p3             |    select|   0|  0|   8|           1|           8|
    |pixel_out_fu_163_p3               |    select|   0|  0|   8|           1|           1|
    |select_ln34_fu_154_p3             |    select|   0|  0|   2|           1|           2|
    |ap_enable_pp0                     |       xor|   0|  0|   2|           1|           2|
    +----------------------------------+----------+----+---+----+------------+------------+
    |Total                             |          |   0|  0| 117|          78|          56|
    +----------------------------------+----------+----+---+----+------------+------------+

    * Multiplexer: 
    +-------------------------------------+----+-----------+-----+-----------+
    |                 Name                | LUT| Input Size| Bits| Total Bits|
    +-------------------------------------+----+-----------+-----+-----------+
    |ap_done_int                          |   9|          2|    1|          2|
    |ap_enable_reg_pp0_iter1              |   9|          2|    1|          2|
    |ap_phi_mux_pixel_out_3_phi_fu_96_p6  |  20|          4|    8|         32|
    |ap_sig_allocacmp_i_2                 |   9|          2|   32|         64|
    |i_fu_58                              |   9|          2|   32|         64|
    |m_axis_video_TDATA_blk_n             |   9|          2|    1|          2|
    |s_axis_video_TDATA_blk_n             |   9|          2|    1|          2|
    +-------------------------------------+----+-----------+-----+-----------+
    |Total                                |  74|         16|   76|        168|
    +-------------------------------------+----+-----------+-----+-----------+

    * Register: 
    +-------------------------+----+----+-----+-----------+
    |           Name          | FF | LUT| Bits| Const Bits|
    +-------------------------+----+----+-----+-----------+
    |ap_CS_fsm                |   1|   0|    1|          0|
    |ap_done_reg              |   1|   0|    1|          0|
    |ap_enable_reg_pp0_iter1  |   1|   0|    1|          0|
    |i_fu_58                  |  32|   0|   32|          0|
    |icmp_ln24_reg_222        |   1|   0|    1|          0|
    +-------------------------+----+----+-----+-----------+
    |Total                    |  36|   0|   36|          0|
    +-------------------------+----+----+-----+-----------+



================================================================
== Interface
================================================================
* Summary: 
+---------------------+-----+-----+------------+---------------------------------------------+--------------+
|      RTL Ports      | Dir | Bits|  Protocol  |                Source Object                |    C Type    |
+---------------------+-----+-----+------------+---------------------------------------------+--------------+
|ap_clk               |   in|    1|  ap_ctrl_hs|  hls_threshold_gray_Pipeline_VITIS_LOOP_24_1|  return value|
|ap_rst               |   in|    1|  ap_ctrl_hs|  hls_threshold_gray_Pipeline_VITIS_LOOP_24_1|  return value|
|ap_start             |   in|    1|  ap_ctrl_hs|  hls_threshold_gray_Pipeline_VITIS_LOOP_24_1|  return value|
|ap_done              |  out|    1|  ap_ctrl_hs|  hls_threshold_gray_Pipeline_VITIS_LOOP_24_1|  return value|
|ap_idle              |  out|    1|  ap_ctrl_hs|  hls_threshold_gray_Pipeline_VITIS_LOOP_24_1|  return value|
|ap_ready             |  out|    1|  ap_ctrl_hs|  hls_threshold_gray_Pipeline_VITIS_LOOP_24_1|  return value|
|s_axis_video_TVALID  |   in|    1|        axis|                                 s_axis_video|       pointer|
|s_axis_video_TDATA   |   in|   24|        axis|                                 s_axis_video|       pointer|
|s_axis_video_TREADY  |  out|    1|        axis|                                 s_axis_video|       pointer|
|m_axis_video_TREADY  |   in|    1|        axis|                                 m_axis_video|       pointer|
|m_axis_video_TDATA   |  out|   24|        axis|                                 m_axis_video|       pointer|
|m_axis_video_TVALID  |  out|    1|        axis|                                 m_axis_video|       pointer|
|total_pixels         |   in|   32|     ap_none|                                 total_pixels|        scalar|
|thresh_val           |   in|    8|     ap_none|                                   thresh_val|        scalar|
|thresh_type          |   in|    2|     ap_none|                                  thresh_type|        scalar|
+---------------------+-----+-----+------------+---------------------------------------------+--------------+

