

================================================================
== Vitis HLS Report for 'hls_threshold_gray'
================================================================
* Date:           Fri Apr 10 08:38:20 2026

* Version:        2025.2 (Build 6295257 on Nov 14 2025)
* Project:        hls_threshold
* Solution:       hls (Vivado IP Flow Target)
* Product family: zynquplus
* Target device:  xck26-sfvc784-2LV-c


================================================================
== Performance Estimates
================================================================
+ Timing: 
    * Summary: 
    +--------+----------+----------+------------+
    |  Clock |  Target  | Estimated| Uncertainty|
    +--------+----------+----------+------------+
    |ap_clk  |  10.00 ns|  6.132 ns|     2.70 ns|
    +--------+----------+----------+------------+

+ Latency: 
    * Summary: 
    +---------+---------+----------+----------+-----+-----+---------+
    |  Latency (cycles) |  Latency (absolute) |  Interval | Pipeline|
    |   min   |   max   |    min   |    max   | min | max |   Type  |
    +---------+---------+----------+----------+-----+-----+---------+
    |        ?|        ?|         ?|         ?|    ?|    ?|       no|
    +---------+---------+----------+----------+-----+-----+---------+

    + Detail: 
        * Instance: 
        +-------------------------------------------------------+---------------------------------------------+---------+---------+----------+----------+-----+-----+-------------------+
        |                                                       |                                             |  Latency (cycles) |  Latency (absolute) |  Interval |      Pipeline     |
        |                        Instance                       |                    Module                   |   min   |   max   |    min   |    max   | min | max |        Type       |
        +-------------------------------------------------------+---------------------------------------------+---------+---------+----------+----------+-----+-----+-------------------+
        |grp_hls_threshold_gray_Pipeline_VITIS_LOOP_24_1_fu_78  |hls_threshold_gray_Pipeline_VITIS_LOOP_24_1  |        ?|        ?|         ?|         ?|    0|    0|  loop pipeline stp|
        +-------------------------------------------------------+---------------------------------------------+---------+---------+----------+----------+-----+-----+-------------------+

        * Loop: 
        N/A



================================================================
== Utilization Estimates
================================================================
* Summary: 
+-----------------+---------+------+--------+--------+-----+
|       Name      | BRAM_18K|  DSP |   FF   |   LUT  | URAM|
+-----------------+---------+------+--------+--------+-----+
|DSP              |        -|     -|       -|       -|    -|
|Expression       |        -|     -|       0|       2|    -|
|FIFO             |        -|     -|       -|       -|    -|
|Instance         |        0|     3|     170|     399|    0|
|Memory           |        -|     -|       -|       -|    -|
|Multiplexer      |        -|     -|       0|      44|    -|
|Register         |        -|     -|      71|       -|    -|
+-----------------+---------+------+--------+--------+-----+
|Total            |        0|     3|     241|     445|    0|
+-----------------+---------+------+--------+--------+-----+
|Available        |      288|  1248|  234240|  117120|   64|
+-----------------+---------+------+--------+--------+-----+
|Utilization (%)  |        0|    ~0|      ~0|      ~0|    0|
+-----------------+---------+------+--------+--------+-----+

+ Detail: 
    * Instance: 
    +-------------------------------------------------------+---------------------------------------------+---------+----+-----+-----+-----+
    |                        Instance                       |                    Module                   | BRAM_18K| DSP|  FF | LUT | URAM|
    +-------------------------------------------------------+---------------------------------------------+---------+----+-----+-----+-----+
    |control_s_axi_U                                        |control_s_axi                                |        0|   0|  134|  188|    0|
    |grp_hls_threshold_gray_Pipeline_VITIS_LOOP_24_1_fu_78  |hls_threshold_gray_Pipeline_VITIS_LOOP_24_1  |        0|   0|   36|  191|    0|
    |mul_32s_32s_32_1_1_U6                                  |mul_32s_32s_32_1_1                           |        0|   3|    0|   20|    0|
    +-------------------------------------------------------+---------------------------------------------+---------+----+-----+-----+-----+
    |Total                                                  |                                             |        0|   3|  170|  399|    0|
    +-------------------------------------------------------+---------------------------------------------+---------+----+-----+-----+-----+

    * DSP: 
    N/A

    * Memory: 
    N/A

    * FIFO: 
    N/A

    * Expression: 
    +---------------------------------------------------------------------------+----------+----+---+----+------------+------------+
    |                               Variable Name                               | Operation| DSP| FF| LUT| Bitwidth P0| Bitwidth P1|
    +---------------------------------------------------------------------------+----------+----+---+----+------------+------------+
    |grp_hls_threshold_gray_Pipeline_VITIS_LOOP_24_1_fu_78_m_axis_video_TREADY  |       and|   0|  0|   2|           1|           1|
    +---------------------------------------------------------------------------+----------+----+---+----+------------+------------+
    |Total                                                                      |          |   0|  0|   2|           1|           1|
    +---------------------------------------------------------------------------+----------+----+---+----+------------+------------+

    * Multiplexer: 
    +----------------------------------+----+-----------+-----+-----------+
    |               Name               | LUT| Input Size| Bits| Total Bits|
    +----------------------------------+----+-----------+-----+-----------+
    |ap_NS_fsm                         |  26|          5|    1|          5|
    |m_axis_video_TDATA_int_regslice   |   9|          2|   24|         48|
    |s_axis_video_TREADY_int_regslice  |   9|          2|    1|          2|
    +----------------------------------+----+-----------+-----+-----------+
    |Total                             |  44|          9|   26|         55|
    +----------------------------------+----+-----------+-----+-----------+

    * Register: 
    +--------------------------------------------------------------------+----+----+-----+-----------+
    |                                Name                                | FF | LUT| Bits| Const Bits|
    +--------------------------------------------------------------------+----+----+-----+-----------+
    |ap_CS_fsm                                                           |   4|   0|    4|          0|
    |grp_hls_threshold_gray_Pipeline_VITIS_LOOP_24_1_fu_78_ap_start_reg  |   1|   0|    1|          0|
    |m_axis_video_TDATA_reg                                              |  24|   0|   24|          0|
    |thresh_type_read_reg_98                                             |   2|   0|    2|          0|
    |thresh_val_read_reg_103                                             |   8|   0|    8|          0|
    |total_pixels_reg_108                                                |  32|   0|   32|          0|
    +--------------------------------------------------------------------+----+----+-----+-----------+
    |Total                                                               |  71|   0|   71|          0|
    +--------------------------------------------------------------------+----+----+-----+-----------+



================================================================
== Interface
================================================================
* Summary: 
+-----------------------+-----+-----+------------+--------------------+--------------+
|       RTL Ports       | Dir | Bits|  Protocol  |    Source Object   |    C Type    |
+-----------------------+-----+-----+------------+--------------------+--------------+
|s_axi_control_AWVALID  |   in|    1|       s_axi|             control|        scalar|
|s_axi_control_AWREADY  |  out|    1|       s_axi|             control|        scalar|
|s_axi_control_AWADDR   |   in|    6|       s_axi|             control|        scalar|
|s_axi_control_WVALID   |   in|    1|       s_axi|             control|        scalar|
|s_axi_control_WREADY   |  out|    1|       s_axi|             control|        scalar|
|s_axi_control_WDATA    |   in|   32|       s_axi|             control|        scalar|
|s_axi_control_WSTRB    |   in|    4|       s_axi|             control|        scalar|
|s_axi_control_ARVALID  |   in|    1|       s_axi|             control|        scalar|
|s_axi_control_ARREADY  |  out|    1|       s_axi|             control|        scalar|
|s_axi_control_ARADDR   |   in|    6|       s_axi|             control|        scalar|
|s_axi_control_RVALID   |  out|    1|       s_axi|             control|        scalar|
|s_axi_control_RREADY   |   in|    1|       s_axi|             control|        scalar|
|s_axi_control_RDATA    |  out|   32|       s_axi|             control|        scalar|
|s_axi_control_RRESP    |  out|    2|       s_axi|             control|        scalar|
|s_axi_control_BVALID   |  out|    1|       s_axi|             control|        scalar|
|s_axi_control_BREADY   |   in|    1|       s_axi|             control|        scalar|
|s_axi_control_BRESP    |  out|    2|       s_axi|             control|        scalar|
|ap_clk                 |   in|    1|  ap_ctrl_hs|  hls_threshold_gray|  return value|
|ap_rst_n               |   in|    1|  ap_ctrl_hs|  hls_threshold_gray|  return value|
|interrupt              |  out|    1|  ap_ctrl_hs|  hls_threshold_gray|  return value|
|s_axis_video_TDATA     |   in|   24|        axis|        s_axis_video|       pointer|
|s_axis_video_TVALID    |   in|    1|        axis|        s_axis_video|       pointer|
|s_axis_video_TREADY    |  out|    1|        axis|        s_axis_video|       pointer|
|m_axis_video_TDATA     |  out|   24|        axis|        m_axis_video|       pointer|
|m_axis_video_TVALID    |  out|    1|        axis|        m_axis_video|       pointer|
|m_axis_video_TREADY    |   in|    1|        axis|        m_axis_video|       pointer|
+-----------------------+-----+-----+------------+--------------------+--------------+

