

================================================================
== Vitis HLS Report for 'MultiPixStream2Bytes_Pipeline_VITIS_LOOP_739_5'
================================================================
* Date:           Thu Jul  2 13:11:21 2026

* Version:        2025.2 (Build 6295257 on Nov 14 2025)
* Project:        prj
* Solution:       sol (Vivado IP Flow Target)
* Product family: zynquplus
* Target device:  xck26-sfvc784-2LV-c


================================================================
== Performance Estimates
================================================================
+ Timing: 
    * Summary: 
    +--------+----------+----------+------------+
    |  Clock |  Target  | Estimated| Uncertainty|
    +--------+----------+----------+------------+
    |ap_clk  |  10.00 ns|  4.012 ns|     2.70 ns|
    +--------+----------+----------+------------+

+ Latency: 
    * Summary: 
    +---------+---------+-----------+-----------+-----+-----+-------------------+
    |  Latency (cycles) |   Latency (absolute)  |  Interval |      Pipeline     |
    |   min   |   max   |    min    |    max    | min | max |        Type       |
    +---------+---------+-----------+-----------+-----+-----+-------------------+
    |        2|     4322|  20.000 ns|  43.220 us|    0|    0|  loop pipeline stp|
    +---------+---------+-----------+-----------+-----+-----+-------------------+

    + Detail: 
        * Instance: 
        N/A

        * Loop: 
        +--------------------+---------+---------+----------+-----------+-----------+----------+----------+
        |                    |  Latency (cycles) | Iteration|  Initiation Interval  |   Trip   |          |
        |      Loop Name     |   min   |   max   |  Latency |  achieved |   target  |   Count  | Pipelined|
        +--------------------+---------+---------+----------+-----------+-----------+----------+----------+
        |- VITIS_LOOP_739_5  |        0|     4320|         3|          3|          3|  0 ~ 1440|       yes|
        +--------------------+---------+---------+----------+-----------+-----------+----------+----------+

============================================================
+ Verbose Summary: Synthesis Manager
============================================================
InlineROM: 1
ExposeGlobal: 0
============================================================
+ Verbose Summary: CDFG Model
============================================================
IsTopModel: 0
ResetActiveHigh: 1
IsCombinational: 0
IsDatapathOnly: 0
HasWiredReturn: 1
HasMFsm: 2
HasVarLatency: 1
IsPipeline: 0
IsRtlPipelined: 0
IsInstanceOverlapped: 0
IsDontTouch: 0
HasImplIP: 0
IsGatedGlobalClock: 0

+ Individual pipeline summary: 
  * Pipeline-0: initiation interval (II) = 3, depth = 3


============================================================
+ Verbose Summary: Schedule
============================================================
* Number of FSM states : 3
* Pipeline : 1
  Pipeline-0 : II = 3, D = 3, States = { 1 2 3 }
* Dataflow Pipeline: 0

* FSM state transitions: 
1 --> 2 
2 --> 3 
3 --> 

* FSM state operations: 

State 1 <SV = 0> <Delay = 1.52>
ST_1 : Operation 6 [1/1] (0.00ns)   --->   "%x = alloca i32 1" [D:/Repos/_DP/DP/Vivado/KriaTester/KriaTester.runs/design_1_v_frmbuf_wr_0_0_synth_1/prj/sol/.autopilot/db/v_frmbuf_wr.cpp:739]   --->   Operation 6 'alloca' 'x' <Predicate = true> <Delay = 0.00>
ST_1 : Operation 7 [1/1] (0.00ns)   --->   "%specmemcore_ln0 = specmemcore void @_ssdm_op_SpecMemCore, i64 %bytePlanes, i64 666, i64 8, i64 18446744073709551615, i1 0"   --->   Operation 7 'specmemcore' 'specmemcore_ln0' <Predicate = true> <Delay = 0.00>
ST_1 : Operation 8 [1/1] (0.00ns)   --->   "%specinterface_ln0 = specinterface void @_ssdm_op_SpecInterface, i24 %img, void @empty_12, i32 0, i32 0, void @empty_28, i32 0, i32 0, void @empty_28, void @empty_28, void @empty_28, i32 0, i32 0, i32 0, i32 0, void @empty_28, void @empty_28, i32 4294967295, i32 0, i32 0, i32 0"   --->   Operation 8 'specinterface' 'specinterface_ln0' <Predicate = true> <Delay = 0.00>
ST_1 : Operation 9 [1/1] (0.00ns)   --->   "%specinterface_ln0 = specinterface void @_ssdm_op_SpecInterface, i64 %bytePlanes, void @empty_12, i32 0, i32 0, void @empty_28, i32 0, i32 0, void @empty_28, void @empty_28, void @empty_28, i32 0, i32 0, i32 0, i32 0, void @empty_28, void @empty_28, i32 4294967295, i32 0, i32 0, i32 0"   --->   Operation 9 'specinterface' 'specinterface_ln0' <Predicate = true> <Delay = 0.00>
ST_1 : Operation 10 [1/1] (0.00ns)   --->   "%rev9_read = read i1 @_ssdm_op_Read.ap_auto.i1, i1 %rev9" [D:/Repos/_DP/DP/Vivado/KriaTester/KriaTester.runs/design_1_v_frmbuf_wr_0_0_synth_1/prj/sol/.autopilot/db/v_frmbuf_wr.cpp:428]   --->   Operation 10 'read' 'rev9_read' <Predicate = true> <Delay = 0.00>
ST_1 : Operation 11 [1/1] (0.00ns)   --->   "%sext_ln735_read = read i12 @_ssdm_op_Read.ap_auto.i12, i12 %sext_ln735" [D:/Repos/_DP/DP/Vivado/KriaTester/KriaTester.runs/design_1_v_frmbuf_wr_0_0_synth_1/prj/sol/.autopilot/db/v_frmbuf_wr.cpp:428]   --->   Operation 11 'read' 'sext_ln735_read' <Predicate = true> <Delay = 0.00>
ST_1 : Operation 12 [1/1] (0.00ns)   --->   "%loopWidth_1_read = read i11 @_ssdm_op_Read.ap_auto.i11, i11 %loopWidth_1" [D:/Repos/_DP/DP/Vivado/KriaTester/KriaTester.runs/design_1_v_frmbuf_wr_0_0_synth_1/prj/sol/.autopilot/db/v_frmbuf_wr.cpp:428]   --->   Operation 12 'read' 'loopWidth_1_read' <Predicate = true> <Delay = 0.00>
ST_1 : Operation 13 [1/1] (0.42ns)   --->   "%store_ln739 = store i11 0, i11 %x" [D:/Repos/_DP/DP/Vivado/KriaTester/KriaTester.runs/design_1_v_frmbuf_wr_0_0_synth_1/prj/sol/.autopilot/db/v_frmbuf_wr.cpp:739]   --->   Operation 13 'store' 'store_ln739' <Predicate = true> <Delay = 0.42>
ST_1 : Operation 14 [1/1] (0.00ns)   --->   "%br_ln739 = br void %VITIS_LOOP_742_6" [D:/Repos/_DP/DP/Vivado/KriaTester/KriaTester.runs/design_1_v_frmbuf_wr_0_0_synth_1/prj/sol/.autopilot/db/v_frmbuf_wr.cpp:739]   --->   Operation 14 'br' 'br_ln739' <Predicate = true> <Delay = 0.00>
ST_1 : Operation 15 [1/1] (0.00ns)   --->   "%x_1 = load i11 %x" [D:/Repos/_DP/DP/Vivado/KriaTester/KriaTester.runs/design_1_v_frmbuf_wr_0_0_synth_1/prj/sol/.autopilot/db/v_frmbuf_wr.cpp:739]   --->   Operation 15 'load' 'x_1' <Predicate = true> <Delay = 0.00>
ST_1 : Operation 16 [1/1] (0.79ns)   --->   "%icmp_ln739 = icmp_eq  i11 %x_1, i11 %loopWidth_1_read" [D:/Repos/_DP/DP/Vivado/KriaTester/KriaTester.runs/design_1_v_frmbuf_wr_0_0_synth_1/prj/sol/.autopilot/db/v_frmbuf_wr.cpp:739]   --->   Operation 16 'icmp' 'icmp_ln739' <Predicate = true> <Delay = 0.79> <CoreInst = "Cmp">   --->   Core 9 'Cmp' <Latency = 0> <II = 1> <Delay = 0.79> <FuncUnit> <Opcode : 'seteq' 'setne' 'setle' 'setge' 'setlt' 'setgt'> <InPorts = 2> <OutPorts = 1>
ST_1 : Operation 17 [1/1] (0.00ns)   --->   "%speclooptripcount_ln0 = speclooptripcount void @_ssdm_op_SpecLoopTripCount, i64 0, i64 1440, i64 0"   --->   Operation 17 'speclooptripcount' 'speclooptripcount_ln0' <Predicate = true> <Delay = 0.00>
ST_1 : Operation 18 [1/1] (0.79ns)   --->   "%x_2 = add i11 %x_1, i11 1" [D:/Repos/_DP/DP/Vivado/KriaTester/KriaTester.runs/design_1_v_frmbuf_wr_0_0_synth_1/prj/sol/.autopilot/db/v_frmbuf_wr.cpp:739]   --->   Operation 18 'add' 'x_2' <Predicate = true> <Delay = 0.79> <CoreInst = "Adder">   --->   Core 1 'Adder' <Latency = 0> <II = 1> <Delay = 0.79> <FuncUnit> <Opcode : 'add' 'sub'> <InPorts = 2> <OutPorts = 1>
ST_1 : Operation 19 [1/1] (0.00ns)   --->   "%br_ln739 = br i1 %icmp_ln739, void %VITIS_LOOP_742_6.split, void %for.inc165.exitStub" [D:/Repos/_DP/DP/Vivado/KriaTester/KriaTester.runs/design_1_v_frmbuf_wr_0_0_synth_1/prj/sol/.autopilot/db/v_frmbuf_wr.cpp:739]   --->   Operation 19 'br' 'br_ln739' <Predicate = true> <Delay = 0.00>
ST_1 : Operation 20 [1/1] (0.00ns)   --->   "%zext_ln741 = zext i11 %x_1" [D:/Repos/_DP/DP/Vivado/KriaTester/KriaTester.runs/design_1_v_frmbuf_wr_0_0_synth_1/prj/sol/.autopilot/db/v_frmbuf_wr.cpp:741]   --->   Operation 20 'zext' 'zext_ln741' <Predicate = (!icmp_ln739)> <Delay = 0.00>
ST_1 : Operation 21 [1/1] (0.80ns)   --->   "%icmp_ln744 = icmp_slt  i12 %zext_ln741, i12 %sext_ln735_read" [D:/Repos/_DP/DP/Vivado/KriaTester/KriaTester.runs/design_1_v_frmbuf_wr_0_0_synth_1/prj/sol/.autopilot/db/v_frmbuf_wr.cpp:744]   --->   Operation 21 'icmp' 'icmp_ln744' <Predicate = (!icmp_ln739)> <Delay = 0.80> <CoreInst = "Cmp">   --->   Core 9 'Cmp' <Latency = 0> <II = 1> <Delay = 0.80> <FuncUnit> <Opcode : 'seteq' 'setne' 'setle' 'setge' 'setlt' 'setgt'> <InPorts = 2> <OutPorts = 1>
ST_1 : Operation 22 [1/1] (0.28ns)   --->   "%or_ln744 = or i1 %icmp_ln744, i1 %rev9_read" [D:/Repos/_DP/DP/Vivado/KriaTester/KriaTester.runs/design_1_v_frmbuf_wr_0_0_synth_1/prj/sol/.autopilot/db/v_frmbuf_wr.cpp:744]   --->   Operation 22 'or' 'or_ln744' <Predicate = (!icmp_ln739)> <Delay = 0.28> <CoreInst = "LogicGate">   --->   Core 74 'LogicGate' <Latency = 0> <II = 1> <Delay = 0.28> <FuncUnit> <Opcode : 'and' 'or' 'xor'> <InPorts = 2> <OutPorts = 1>
ST_1 : Operation 47 [1/1] (0.42ns)   --->   "%ret_ln0 = ret"   --->   Operation 47 'ret' 'ret_ln0' <Predicate = (icmp_ln739)> <Delay = 0.42>

State 2 <SV = 1> <Delay = 1.83>
ST_2 : Operation 23 [1/1] (0.00ns)   --->   "%out_pix_4_out_load = load i64 %out_pix_4_out" [D:/Repos/_DP/DP/Vivado/KriaTester/KriaTester.runs/design_1_v_frmbuf_wr_0_0_synth_1/prj/sol/.autopilot/db/v_frmbuf_wr.cpp:752]   --->   Operation 23 'load' 'out_pix_4_out_load' <Predicate = true> <Delay = 0.00>
ST_2 : Operation 24 [1/1] (0.00ns)   --->   "%specpipeline_ln741 = specpipeline void @_ssdm_op_SpecPipeline, i32 3, i32 0, i32 0, i32 0, i32 4294967295, void @empty_28" [D:/Repos/_DP/DP/Vivado/KriaTester/KriaTester.runs/design_1_v_frmbuf_wr_0_0_synth_1/prj/sol/.autopilot/db/v_frmbuf_wr.cpp:741]   --->   Operation 24 'specpipeline' 'specpipeline_ln741' <Predicate = true> <Delay = 0.00>
ST_2 : Operation 25 [1/1] (0.00ns)   --->   "%specloopname_ln739 = specloopname void @_ssdm_op_SpecLoopName, void @empty_18" [D:/Repos/_DP/DP/Vivado/KriaTester/KriaTester.runs/design_1_v_frmbuf_wr_0_0_synth_1/prj/sol/.autopilot/db/v_frmbuf_wr.cpp:739]   --->   Operation 25 'specloopname' 'specloopname_ln739' <Predicate = true> <Delay = 0.00>
ST_2 : Operation 26 [1/1] ( I:1.83ns O:1.83ns )   --->   "%img_read = read i24 @_ssdm_op_Read.ap_fifo.volatile.i24P0A, i24 %img" [D:/Repos/_DP/DP/Vivado/KriaTester/KriaTester.runs/design_1_v_frmbuf_wr_0_0_synth_1/prj/sol/.autopilot/db/v_frmbuf_wr.cpp:745]   --->   Operation 26 'read' 'img_read' <Predicate = true> <Delay = 1.83> <CoreInst = "FIFO_SRL">   --->   Core 80 'FIFO_SRL' <Latency = 0> <II = 1> <Delay = 1.83> <Storage> <Opcode : 'read' 'write' 'nbread' 'nbwrite'> <Ports = 0> <Width = 24> <Depth = 2> <FIFO>
ST_2 : Operation 27 [1/1] (0.00ns)   --->   "%trunc_ln745 = trunc i24 %img_read" [D:/Repos/_DP/DP/Vivado/KriaTester/KriaTester.runs/design_1_v_frmbuf_wr_0_0_synth_1/prj/sol/.autopilot/db/v_frmbuf_wr.cpp:745]   --->   Operation 27 'trunc' 'trunc_ln745' <Predicate = true> <Delay = 0.00>
ST_2 : Operation 28 [1/1] (0.00ns)   --->   "%trunc_ln745_1 = partselect i8 @_ssdm_op_PartSelect.i8.i24.i32.i32, i24 %img_read, i32 8, i32 15" [D:/Repos/_DP/DP/Vivado/KriaTester/KriaTester.runs/design_1_v_frmbuf_wr_0_0_synth_1/prj/sol/.autopilot/db/v_frmbuf_wr.cpp:745]   --->   Operation 28 'partselect' 'trunc_ln745_1' <Predicate = true> <Delay = 0.00>
ST_2 : Operation 29 [1/1] (0.00ns)   --->   "%trunc_ln745_2 = partselect i8 @_ssdm_op_PartSelect.i8.i24.i32.i32, i24 %img_read, i32 16, i32 23" [D:/Repos/_DP/DP/Vivado/KriaTester/KriaTester.runs/design_1_v_frmbuf_wr_0_0_synth_1/prj/sol/.autopilot/db/v_frmbuf_wr.cpp:745]   --->   Operation 29 'partselect' 'trunc_ln745_2' <Predicate = true> <Delay = 0.00>
ST_2 : Operation 30 [1/1] (0.00ns)   --->   "%in_pix = bitconcatenate i24 @_ssdm_op_BitConcatenate.i24.i8.i8.i8, i8 %trunc_ln745, i8 %trunc_ln745_1, i8 %trunc_ln745_2" [D:/Repos/_DP/DP/Vivado/KriaTester/KriaTester.runs/design_1_v_frmbuf_wr_0_0_synth_1/prj/sol/.autopilot/db/v_frmbuf_wr.cpp:750]   --->   Operation 30 'bitconcatenate' 'in_pix' <Predicate = true> <Delay = 0.00>
ST_2 : Operation 31 [1/1] (0.00ns)   --->   "%out_pix = partset i64 @_ssdm_op_PartSet.i64.i64.i24.i32, i64 %out_pix_4_out_load, i24 %in_pix, i32 0" [D:/Repos/_DP/DP/Vivado/KriaTester/KriaTester.runs/design_1_v_frmbuf_wr_0_0_synth_1/prj/sol/.autopilot/db/v_frmbuf_wr.cpp:752]   --->   Operation 31 'partset' 'out_pix' <Predicate = true> <Delay = 0.00>
ST_2 : Operation 32 [1/1] (0.42ns)   --->   "%br_ln744 = br i1 %or_ln744, void %for.inc155.1, void %if.then115.1" [D:/Repos/_DP/DP/Vivado/KriaTester/KriaTester.runs/design_1_v_frmbuf_wr_0_0_synth_1/prj/sol/.autopilot/db/v_frmbuf_wr.cpp:744]   --->   Operation 32 'br' 'br_ln744' <Predicate = true> <Delay = 0.42>

State 3 <SV = 2> <Delay = 4.01>
ST_3 : Operation 33 [1/1] ( I:1.83ns O:1.83ns )   --->   "%img_read_1 = read i24 @_ssdm_op_Read.ap_fifo.volatile.i24P0A, i24 %img" [D:/Repos/_DP/DP/Vivado/KriaTester/KriaTester.runs/design_1_v_frmbuf_wr_0_0_synth_1/prj/sol/.autopilot/db/v_frmbuf_wr.cpp:745]   --->   Operation 33 'read' 'img_read_1' <Predicate = (!icmp_ln739 & or_ln744)> <Delay = 1.83> <CoreInst = "FIFO_SRL">   --->   Core 80 'FIFO_SRL' <Latency = 0> <II = 1> <Delay = 1.83> <Storage> <Opcode : 'read' 'write' 'nbread' 'nbwrite'> <Ports = 0> <Width = 24> <Depth = 2> <FIFO>
ST_3 : Operation 34 [1/1] (0.00ns)   --->   "%trunc_ln745_3 = trunc i24 %img_read_1" [D:/Repos/_DP/DP/Vivado/KriaTester/KriaTester.runs/design_1_v_frmbuf_wr_0_0_synth_1/prj/sol/.autopilot/db/v_frmbuf_wr.cpp:745]   --->   Operation 34 'trunc' 'trunc_ln745_3' <Predicate = (!icmp_ln739 & or_ln744)> <Delay = 0.00>
ST_3 : Operation 35 [1/1] (0.00ns)   --->   "%trunc_ln745_4 = partselect i8 @_ssdm_op_PartSelect.i8.i24.i32.i32, i24 %img_read_1, i32 8, i32 15" [D:/Repos/_DP/DP/Vivado/KriaTester/KriaTester.runs/design_1_v_frmbuf_wr_0_0_synth_1/prj/sol/.autopilot/db/v_frmbuf_wr.cpp:745]   --->   Operation 35 'partselect' 'trunc_ln745_4' <Predicate = (!icmp_ln739 & or_ln744)> <Delay = 0.00>
ST_3 : Operation 36 [1/1] (0.00ns)   --->   "%trunc_ln745_5 = partselect i8 @_ssdm_op_PartSelect.i8.i24.i32.i32, i24 %img_read_1, i32 16, i32 23" [D:/Repos/_DP/DP/Vivado/KriaTester/KriaTester.runs/design_1_v_frmbuf_wr_0_0_synth_1/prj/sol/.autopilot/db/v_frmbuf_wr.cpp:745]   --->   Operation 36 'partselect' 'trunc_ln745_5' <Predicate = (!icmp_ln739 & or_ln744)> <Delay = 0.00>
ST_3 : Operation 37 [1/1] (0.42ns)   --->   "%br_ln745 = br void %for.inc155.1" [D:/Repos/_DP/DP/Vivado/KriaTester/KriaTester.runs/design_1_v_frmbuf_wr_0_0_synth_1/prj/sol/.autopilot/db/v_frmbuf_wr.cpp:745]   --->   Operation 37 'br' 'br_ln745' <Predicate = (!icmp_ln739 & or_ln744)> <Delay = 0.42>
ST_3 : Operation 38 [1/1] (0.00ns)   --->   "%empty = phi i8 %trunc_ln745_5, void %if.then115.1, i8 %trunc_ln745_2, void %VITIS_LOOP_742_6.split" [D:/Repos/_DP/DP/Vivado/KriaTester/KriaTester.runs/design_1_v_frmbuf_wr_0_0_synth_1/prj/sol/.autopilot/db/v_frmbuf_wr.cpp:745]   --->   Operation 38 'phi' 'empty' <Predicate = (!icmp_ln739)> <Delay = 0.00>
ST_3 : Operation 39 [1/1] (0.00ns)   --->   "%empty_143 = phi i8 %trunc_ln745_4, void %if.then115.1, i8 %trunc_ln745_1, void %VITIS_LOOP_742_6.split" [D:/Repos/_DP/DP/Vivado/KriaTester/KriaTester.runs/design_1_v_frmbuf_wr_0_0_synth_1/prj/sol/.autopilot/db/v_frmbuf_wr.cpp:745]   --->   Operation 39 'phi' 'empty_143' <Predicate = (!icmp_ln739)> <Delay = 0.00>
ST_3 : Operation 40 [1/1] (0.00ns)   --->   "%empty_144 = phi i8 %trunc_ln745_3, void %if.then115.1, i8 %trunc_ln745, void %VITIS_LOOP_742_6.split" [D:/Repos/_DP/DP/Vivado/KriaTester/KriaTester.runs/design_1_v_frmbuf_wr_0_0_synth_1/prj/sol/.autopilot/db/v_frmbuf_wr.cpp:745]   --->   Operation 40 'phi' 'empty_144' <Predicate = (!icmp_ln739)> <Delay = 0.00>
ST_3 : Operation 41 [1/1] (0.00ns)   --->   "%in_pix_1 = bitconcatenate i24 @_ssdm_op_BitConcatenate.i24.i8.i8.i8, i8 %empty_144, i8 %empty_143, i8 %empty" [D:/Repos/_DP/DP/Vivado/KriaTester/KriaTester.runs/design_1_v_frmbuf_wr_0_0_synth_1/prj/sol/.autopilot/db/v_frmbuf_wr.cpp:750]   --->   Operation 41 'bitconcatenate' 'in_pix_1' <Predicate = (!icmp_ln739)> <Delay = 0.00>
ST_3 : Operation 42 [1/1] (0.00ns)   --->   "%out_pix_1 = partset i64 @_ssdm_op_PartSet.i64.i64.i24.i32, i64 %out_pix, i24 %in_pix_1, i32 32" [D:/Repos/_DP/DP/Vivado/KriaTester/KriaTester.runs/design_1_v_frmbuf_wr_0_0_synth_1/prj/sol/.autopilot/db/v_frmbuf_wr.cpp:752]   --->   Operation 42 'partset' 'out_pix_1' <Predicate = (!icmp_ln739)> <Delay = 0.00>
ST_3 : Operation 43 [1/1] ( I:1.74ns O:1.74ns )   --->   "%write_ln755 = write void @_ssdm_op_Write.ap_fifo.volatile.i64P0A, i64 %bytePlanes, i64 %out_pix_1" [D:/Repos/_DP/DP/Vivado/KriaTester/KriaTester.runs/design_1_v_frmbuf_wr_0_0_synth_1/prj/sol/.autopilot/db/v_frmbuf_wr.cpp:755]   --->   Operation 43 'write' 'write_ln755' <Predicate = (!icmp_ln739)> <Delay = 1.74> <CoreInst = "FIFO_BRAM">   --->   Core 78 'FIFO_BRAM' <Latency = 0> <II = 1> <Delay = 1.74> <Storage> <Opcode : 'read' 'write' 'nbread' 'nbwrite'> <Ports = 0> <Width = 64> <Depth = 481> <FIFO>
ST_3 : Operation 44 [1/1] (0.42ns)   --->   "%store_ln739 = store i11 %x_2, i11 %x" [D:/Repos/_DP/DP/Vivado/KriaTester/KriaTester.runs/design_1_v_frmbuf_wr_0_0_synth_1/prj/sol/.autopilot/db/v_frmbuf_wr.cpp:739]   --->   Operation 44 'store' 'store_ln739' <Predicate = (!icmp_ln739)> <Delay = 0.42>
ST_3 : Operation 45 [1/1] (0.00ns)   --->   "%store_ln732 = store i64 %out_pix_1, i64 %out_pix_4_out" [D:/Repos/_DP/DP/Vivado/KriaTester/KriaTester.runs/design_1_v_frmbuf_wr_0_0_synth_1/prj/sol/.autopilot/db/v_frmbuf_wr.cpp:732]   --->   Operation 45 'store' 'store_ln732' <Predicate = (!icmp_ln739)> <Delay = 0.00>
ST_3 : Operation 46 [1/1] (0.00ns)   --->   "%br_ln739 = br void %VITIS_LOOP_742_6" [D:/Repos/_DP/DP/Vivado/KriaTester/KriaTester.runs/design_1_v_frmbuf_wr_0_0_synth_1/prj/sol/.autopilot/db/v_frmbuf_wr.cpp:739]   --->   Operation 46 'br' 'br_ln739' <Predicate = (!icmp_ln739)> <Delay = 0.00>


============================================================
+ Verbose Summary: Timing violations
============================================================
Target clock period: 10.000ns, clock uncertainty: 2.700ns.

 <State 1>: 1.523ns
The critical path consists of the following:
	'store' operation ('store_ln739', D:/Repos/_DP/DP/Vivado/KriaTester/KriaTester.runs/design_1_v_frmbuf_wr_0_0_synth_1/prj/sol/.autopilot/db/v_frmbuf_wr.cpp:739) of constant 0 11 bit on local variable 'x', D:/Repos/_DP/DP/Vivado/KriaTester/KriaTester.runs/design_1_v_frmbuf_wr_0_0_synth_1/prj/sol/.autopilot/db/v_frmbuf_wr.cpp:739 [14]  (0.427 ns)
	'load' operation 11 bit ('x', D:/Repos/_DP/DP/Vivado/KriaTester/KriaTester.runs/design_1_v_frmbuf_wr_0_0_synth_1/prj/sol/.autopilot/db/v_frmbuf_wr.cpp:739) on local variable 'x', D:/Repos/_DP/DP/Vivado/KriaTester/KriaTester.runs/design_1_v_frmbuf_wr_0_0_synth_1/prj/sol/.autopilot/db/v_frmbuf_wr.cpp:739 [17]  (0.000 ns)
	'icmp' operation 1 bit ('icmp_ln744', D:/Repos/_DP/DP/Vivado/KriaTester/KriaTester.runs/design_1_v_frmbuf_wr_0_0_synth_1/prj/sol/.autopilot/db/v_frmbuf_wr.cpp:744) [27]  (0.809 ns)
	'or' operation 1 bit ('or_ln744', D:/Repos/_DP/DP/Vivado/KriaTester/KriaTester.runs/design_1_v_frmbuf_wr_0_0_synth_1/prj/sol/.autopilot/db/v_frmbuf_wr.cpp:744) [34]  (0.287 ns)

 <State 2>: 1.838ns
The critical path consists of the following:
	fifo read operation ('img_read', D:/Repos/_DP/DP/Vivado/KriaTester/KriaTester.runs/design_1_v_frmbuf_wr_0_0_synth_1/prj/sol/.autopilot/db/v_frmbuf_wr.cpp:745) on port 'img' (D:/Repos/_DP/DP/Vivado/KriaTester/KriaTester.runs/design_1_v_frmbuf_wr_0_0_synth_1/prj/sol/.autopilot/db/v_frmbuf_wr.cpp:745) [28]  (1.838 ns)

 <State 3>: 4.012ns
The critical path consists of the following:
	fifo read operation ('img_read_1', D:/Repos/_DP/DP/Vivado/KriaTester/KriaTester.runs/design_1_v_frmbuf_wr_0_0_synth_1/prj/sol/.autopilot/db/v_frmbuf_wr.cpp:745) on port 'img' (D:/Repos/_DP/DP/Vivado/KriaTester/KriaTester.runs/design_1_v_frmbuf_wr_0_0_synth_1/prj/sol/.autopilot/db/v_frmbuf_wr.cpp:745) [37]  (1.838 ns)
	multiplexor before 'phi' operation 8 bit ('empty', D:/Repos/_DP/DP/Vivado/KriaTester/KriaTester.runs/design_1_v_frmbuf_wr_0_0_synth_1/prj/sol/.autopilot/db/v_frmbuf_wr.cpp:745) with incoming values : ('trunc_ln745_2', D:/Repos/_DP/DP/Vivado/KriaTester/KriaTester.runs/design_1_v_frmbuf_wr_0_0_synth_1/prj/sol/.autopilot/db/v_frmbuf_wr.cpp:745) ('trunc_ln745_5', D:/Repos/_DP/DP/Vivado/KriaTester/KriaTester.runs/design_1_v_frmbuf_wr_0_0_synth_1/prj/sol/.autopilot/db/v_frmbuf_wr.cpp:745) [43]  (0.427 ns)
	'phi' operation 8 bit ('empty', D:/Repos/_DP/DP/Vivado/KriaTester/KriaTester.runs/design_1_v_frmbuf_wr_0_0_synth_1/prj/sol/.autopilot/db/v_frmbuf_wr.cpp:745) with incoming values : ('trunc_ln745_2', D:/Repos/_DP/DP/Vivado/KriaTester/KriaTester.runs/design_1_v_frmbuf_wr_0_0_synth_1/prj/sol/.autopilot/db/v_frmbuf_wr.cpp:745) ('trunc_ln745_5', D:/Repos/_DP/DP/Vivado/KriaTester/KriaTester.runs/design_1_v_frmbuf_wr_0_0_synth_1/prj/sol/.autopilot/db/v_frmbuf_wr.cpp:745) [43]  (0.000 ns)
	fifo write operation ('write_ln755', D:/Repos/_DP/DP/Vivado/KriaTester/KriaTester.runs/design_1_v_frmbuf_wr_0_0_synth_1/prj/sol/.autopilot/db/v_frmbuf_wr.cpp:755) on port 'bytePlanes' (D:/Repos/_DP/DP/Vivado/KriaTester/KriaTester.runs/design_1_v_frmbuf_wr_0_0_synth_1/prj/sol/.autopilot/db/v_frmbuf_wr.cpp:755) [48]  (1.747 ns)


============================================================
+ Verbose Summary: Binding
============================================================
N/A
* FSMD analyzer results:
  - Output states:
 - Input state : 
  - Chain level:
	State 1
	State 2
	State 3


============================================================
+ Verbose Summary: Datapath Resource usage 
============================================================
N/A
