

================================================================
== Vitis HLS Report for 'hls_passthrough_Pipeline_HLS_HEIGHT_LOOP_HLS_WIDTH_LOOP'
================================================================
* Date:           Fri Jul  3 10:11:00 2026

* Version:        2025.2 (Build 6295257 on Nov 14 2025)
* Project:        hls_passthrough
* Solution:       hls (Vivado IP Flow Target)
* Product family: zynquplus
* Target device:  xck26-sfvc784-2LV-c


================================================================
== Performance Estimates
================================================================
+ Timing: 
    * Summary: 
    +--------+----------+----------+------------+
    |  Clock |  Target  | Estimated| Uncertainty|
    +--------+----------+----------+------------+
    |ap_clk  |  10.00 ns|  1.515 ns|     2.70 ns|
    +--------+----------+----------+------------+

+ Latency: 
    * Summary: 
    +---------+---------+----------+----------+-----+-----+-------------------+
    |  Latency (cycles) |  Latency (absolute) |  Interval |      Pipeline     |
    |   min   |   max   |    min   |    max   | min | max |        Type       |
    +---------+---------+----------+----------+-----+-----+-------------------+
    |        ?|        ?|         ?|         ?|    0|    0|  loop pipeline stp|
    +---------+---------+----------+----------+-----+-----+-------------------+

    + Detail: 
        * Instance: 
        N/A

        * Loop: 
        +----------------------------------+---------+---------+----------+-----------+-----------+------+----------+
        |                                  |  Latency (cycles) | Iteration|  Initiation Interval  | Trip |          |
        |             Loop Name            |   min   |   max   |  Latency |  achieved |   target  | Count| Pipelined|
        +----------------------------------+---------+---------+----------+-----------+-----------+------+----------+
        |- HLS_HEIGHT_LOOP_HLS_WIDTH_LOOP  |        ?|        ?|         2|          1|          1|     ?|       yes|
        +----------------------------------+---------+---------+----------+-----------+-----------+------+----------+

============================================================
+ Verbose Summary: Synthesis Manager
============================================================
InlineROM: 1
ExposeGlobal: 0
============================================================
+ Verbose Summary: CDFG Model
============================================================
IsTopModel: 0
ResetActiveHigh: 1
IsCombinational: 0
IsDatapathOnly: 0
HasWiredReturn: 1
HasMFsm: 2
HasVarLatency: 1
IsPipeline: 0
IsRtlPipelined: 0
IsInstanceOverlapped: 0
IsDontTouch: 0
HasImplIP: 0
IsGatedGlobalClock: 0

+ Individual pipeline summary: 
  * Pipeline-0: initiation interval (II) = 1, depth = 3


============================================================
+ Verbose Summary: Schedule
============================================================
* Number of FSM states : 3
* Pipeline : 1
  Pipeline-0 : II = 1, D = 3, States = { 1 2 3 }
* Dataflow Pipeline: 0

* FSM state transitions: 
1 --> 2 
2 --> 3 
3 --> 

* FSM state operations: 

State 1 <SV = 0> <Delay = 0.42>
ST_1 : Operation 5 [1/1] (0.00ns)   --->   "%indvar_flatten = alloca i32 1"   --->   Operation 5 'alloca' 'indvar_flatten' <Predicate = true> <Delay = 0.00>
ST_1 : Operation 6 [1/1] (0.00ns)   --->   "%specaxissidechannel_ln0 = specaxissidechannel void @_ssdm_op_SpecAXISSideChannel, i32 %out_stream_V_data_V, i4 %out_stream_V_keep_V, i4 %out_stream_V_strb_V, i1 %out_stream_V_user_V, i1 %out_stream_V_last_V, i1 0, i1 0, void @empty_7"   --->   Operation 6 'specaxissidechannel' 'specaxissidechannel_ln0' <Predicate = true> <Delay = 0.00>
ST_1 : Operation 7 [1/1] (0.00ns)   --->   "%specaxissidechannel_ln0 = specaxissidechannel void @_ssdm_op_SpecAXISSideChannel, i32 %in_stream_V_data_V, i4 %in_stream_V_keep_V, i4 %in_stream_V_strb_V, i1 %in_stream_V_user_V, i1 %in_stream_V_last_V, i1 0, i1 0, void @empty_8"   --->   Operation 7 'specaxissidechannel' 'specaxissidechannel_ln0' <Predicate = true> <Delay = 0.00>
ST_1 : Operation 8 [1/1] (0.00ns)   --->   "%specinterface_ln0 = specinterface void @_ssdm_op_SpecInterface, i1 %out_stream_V_last_V, i1 %out_stream_V_user_V, i4 %out_stream_V_strb_V, i4 %out_stream_V_keep_V, i32 %out_stream_V_data_V, void @empty, i32 0, i32 0, void @empty_0, i32 0, i32 0, void @empty_1, void @empty_1, void @empty_1, i32 0, i32 0, i32 0, i32 0, void @empty_1, void @empty_1, i32 4294967295, i32 0, i32 0, i32 0"   --->   Operation 8 'specinterface' 'specinterface_ln0' <Predicate = true> <Delay = 0.00>
ST_1 : Operation 9 [1/1] (0.00ns)   --->   "%specinterface_ln0 = specinterface void @_ssdm_op_SpecInterface, i1 %in_stream_V_last_V, i1 %in_stream_V_user_V, i4 %in_stream_V_strb_V, i4 %in_stream_V_keep_V, i32 %in_stream_V_data_V, void @empty, i32 0, i32 0, void @empty_0, i32 0, i32 0, void @empty_1, void @empty_1, void @empty_1, i32 0, i32 0, i32 0, i32 0, void @empty_1, void @empty_1, i32 4294967295, i32 0, i32 0, i32 0"   --->   Operation 9 'specinterface' 'specinterface_ln0' <Predicate = true> <Delay = 0.00>
ST_1 : Operation 10 [1/1] (0.00ns)   --->   "%mul_ln6_read = read i62 @_ssdm_op_Read.ap_auto.i62, i62 %mul_ln6"   --->   Operation 10 'read' 'mul_ln6_read' <Predicate = true> <Delay = 0.00>
ST_1 : Operation 11 [1/1] (0.42ns)   --->   "%store_ln0 = store i62 0, i62 %indvar_flatten"   --->   Operation 11 'store' 'store_ln0' <Predicate = true> <Delay = 0.42>
ST_1 : Operation 12 [1/1] (0.00ns)   --->   "%br_ln18 = br void %for.inc" [hls_passthrough.cpp:18]   --->   Operation 12 'br' 'br_ln18' <Predicate = true> <Delay = 0.00>

State 2 <SV = 1> <Delay = 1.51>
ST_2 : Operation 13 [1/1] (0.00ns)   --->   "%indvar_flatten_load = load i62 %indvar_flatten" [hls_passthrough.cpp:18]   --->   Operation 13 'load' 'indvar_flatten_load' <Predicate = true> <Delay = 0.00>
ST_2 : Operation 14 [1/1] (1.08ns)   --->   "%icmp_ln18 = icmp_eq  i62 %indvar_flatten_load, i62 %mul_ln6_read" [hls_passthrough.cpp:18]   --->   Operation 14 'icmp' 'icmp_ln18' <Predicate = true> <Delay = 1.08> <CoreInst = "Cmp">   --->   Core 9 'Cmp' <Latency = 0> <II = 1> <Delay = 1.08> <FuncUnit> <Opcode : 'seteq' 'setne' 'setle' 'setge' 'setlt' 'setgt'> <InPorts = 2> <OutPorts = 1>
ST_2 : Operation 15 [1/1] (0.00ns)   --->   "%br_ln18 = br i1 %icmp_ln18, void %for.inc5, void %for.end7.exitStub" [hls_passthrough.cpp:18]   --->   Operation 15 'br' 'br_ln18' <Predicate = true> <Delay = 0.00>
ST_2 : Operation 16 [1/1] (1.08ns)   --->   "%add_ln18 = add i62 %indvar_flatten_load, i62 1" [hls_passthrough.cpp:18]   --->   Operation 16 'add' 'add_ln18' <Predicate = (!icmp_ln18)> <Delay = 1.08> <CoreInst = "Adder">   --->   Core 1 'Adder' <Latency = 0> <II = 1> <Delay = 1.08> <FuncUnit> <Opcode : 'add' 'sub'> <InPorts = 2> <OutPorts = 1>
ST_2 : Operation 17 [1/1] (0.42ns)   --->   "%store_ln18 = store i62 %add_ln18, i62 %indvar_flatten" [hls_passthrough.cpp:18]   --->   Operation 17 'store' 'store_ln18' <Predicate = (!icmp_ln18)> <Delay = 0.42>
ST_2 : Operation 28 [1/1] (0.42ns)   --->   "%ret_ln0 = ret"   --->   Operation 28 'ret' 'ret_ln0' <Predicate = (icmp_ln18)> <Delay = 0.42>

State 3 <SV = 2> <Delay = 0.57>
ST_3 : Operation 18 [1/1] (0.00ns)   --->   "%specloopname_ln0 = specloopname void @_ssdm_op_SpecLoopName, void @HLS_HEIGHT_LOOP_HLS_WIDTH_LOOP_str"   --->   Operation 18 'specloopname' 'specloopname_ln0' <Predicate = true> <Delay = 0.00>
ST_3 : Operation 19 [1/1] (0.00ns)   --->   "%specpipeline_ln22 = specpipeline void @_ssdm_op_SpecPipeline, i32 1, i32 0, i32 0, i32 0, i32 4294967295, void @empty_1" [hls_passthrough.cpp:22]   --->   Operation 19 'specpipeline' 'specpipeline_ln22' <Predicate = true> <Delay = 0.00>
ST_3 : Operation 20 [1/1] ( I:0.07ns O:0.07ns )   --->   "%empty = read i42 @_ssdm_op_Read.axis.volatile.i32P0A.i4P0A.i4P0A.i1P0A.i1P0A, i32 %in_stream_V_data_V, i4 %in_stream_V_keep_V, i4 %in_stream_V_strb_V, i1 %in_stream_V_user_V, i1 %in_stream_V_last_V" [hls_passthrough.cpp:23]   --->   Operation 20 'read' 'empty' <Predicate = true> <Delay = 0.07> <CoreInst = "regslice">   --->   Core 147 'regslice' <Latency = 0> <II = 1> <Delay = 0.65> <Adapter> <Opcode : 'read' 'write'>
ST_3 : Operation 21 [1/1] (0.00ns)   --->   "%p_s = extractvalue i42 %empty" [hls_passthrough.cpp:23]   --->   Operation 21 'extractvalue' 'p_s' <Predicate = true> <Delay = 0.00>
ST_3 : Operation 22 [1/1] (0.00ns)   --->   "%p_1 = extractvalue i42 %empty" [hls_passthrough.cpp:23]   --->   Operation 22 'extractvalue' 'p_1' <Predicate = true> <Delay = 0.00>
ST_3 : Operation 23 [1/1] (0.00ns)   --->   "%p_2 = extractvalue i42 %empty" [hls_passthrough.cpp:23]   --->   Operation 23 'extractvalue' 'p_2' <Predicate = true> <Delay = 0.00>
ST_3 : Operation 24 [1/1] (0.00ns)   --->   "%p_3 = extractvalue i42 %empty" [hls_passthrough.cpp:23]   --->   Operation 24 'extractvalue' 'p_3' <Predicate = true> <Delay = 0.00>
ST_3 : Operation 25 [1/1] (0.00ns)   --->   "%p_0 = extractvalue i42 %empty" [hls_passthrough.cpp:23]   --->   Operation 25 'extractvalue' 'p_0' <Predicate = true> <Delay = 0.00>
ST_3 : Operation 26 [1/1] ( I:0.49ns O:0.49ns )   --->   "%write_ln24 = write void @_ssdm_op_Write.axis.volatile.i32P0A.i4P0A.i4P0A.i1P0A.i1P0A, i32 %out_stream_V_data_V, i4 %out_stream_V_keep_V, i4 %out_stream_V_strb_V, i1 %out_stream_V_user_V, i1 %out_stream_V_last_V, i32 %p_s, i4 %p_1, i4 %p_2, i1 %p_3, i1 %p_0" [hls_passthrough.cpp:24]   --->   Operation 26 'write' 'write_ln24' <Predicate = true> <Delay = 0.49> <CoreInst = "regslice">   --->   Core 147 'regslice' <Latency = 0> <II = 1> <Delay = 0.65> <Adapter> <Opcode : 'read' 'write'>
ST_3 : Operation 27 [1/1] (0.00ns)   --->   "%br_ln21 = br void %for.inc" [hls_passthrough.cpp:21]   --->   Operation 27 'br' 'br_ln21' <Predicate = true> <Delay = 0.00>


============================================================
+ Verbose Summary: Timing violations
============================================================
Target clock period: 10.000ns, clock uncertainty: 2.700ns.

 <State 1>: 0.427ns
The critical path consists of the following:
	'alloca' operation 62 bit ('indvar_flatten') [12]  (0.000 ns)
	'store' operation ('store_ln0') of constant 0 62 bit on local variable 'indvar_flatten' [18]  (0.427 ns)

 <State 2>: 1.515ns
The critical path consists of the following:
	'load' operation 62 bit ('indvar_flatten_load', hls_passthrough.cpp:18) on local variable 'indvar_flatten' [21]  (0.000 ns)
	'add' operation 62 bit ('add_ln18', hls_passthrough.cpp:18) [25]  (1.088 ns)
	'store' operation ('store_ln18', hls_passthrough.cpp:18) of variable 'add_ln18', hls_passthrough.cpp:18 62 bit on local variable 'indvar_flatten' [35]  (0.427 ns)

 <State 3>: 0.576ns
The critical path consists of the following:
	axis read operation ('empty', hls_passthrough.cpp:23) on port 'in_stream_V_data_V' (hls_passthrough.cpp:23) [28]  (0.079 ns)
	axis write operation ('write_ln24', hls_passthrough.cpp:24) on port 'out_stream_V_data_V' (hls_passthrough.cpp:24) [34]  (0.497 ns)


============================================================
+ Verbose Summary: Binding
============================================================
N/A
* FSMD analyzer results:
  - Output states:
 - Input state : 
  - Chain level:
	State 1
	State 2
	State 3


============================================================
+ Verbose Summary: Datapath Resource usage 
============================================================
N/A
