

================================================================
== Vitis HLS Report for 'hls_passthrough'
================================================================
* Date:           Fri Jul  3 10:11:00 2026

* Version:        2025.2 (Build 6295257 on Nov 14 2025)
* Project:        hls_passthrough
* Solution:       hls (Vivado IP Flow Target)
* Product family: zynquplus
* Target device:  xck26-sfvc784-2LV-c


================================================================
== Performance Estimates
================================================================
+ Timing: 
    * Summary: 
    +--------+----------+----------+------------+
    |  Clock |  Target  | Estimated| Uncertainty|
    +--------+----------+----------+------------+
    |ap_clk  |  10.00 ns|  6.430 ns|     2.70 ns|
    +--------+----------+----------+------------+

+ Latency: 
    * Summary: 
    +---------+---------+----------+----------+-----+-----+---------+
    |  Latency (cycles) |  Latency (absolute) |  Interval | Pipeline|
    |   min   |   max   |    min   |    max   | min | max |   Type  |
    +---------+---------+----------+----------+-----+-----+---------+
    |        ?|        ?|         ?|         ?|    ?|    ?|       no|
    +---------+---------+----------+----------+-----+-----+---------+

    + Detail: 
        * Instance: 
        +-------------------------------------------------------------------+---------------------------------------------------------+---------+---------+----------+----------+-----+-----+-------------------+
        |                                                                   |                                                         |  Latency (cycles) |  Latency (absolute) |  Interval |      Pipeline     |
        |                              Instance                             |                          Module                         |   min   |   max   |    min   |    max   | min | max |        Type       |
        +-------------------------------------------------------------------+---------------------------------------------------------+---------+---------+----------+----------+-----+-----+-------------------+
        |grp_hls_passthrough_Pipeline_HLS_HEIGHT_LOOP_HLS_WIDTH_LOOP_fu_80  |hls_passthrough_Pipeline_HLS_HEIGHT_LOOP_HLS_WIDTH_LOOP  |        ?|        ?|         ?|         ?|    0|    0|  loop pipeline stp|
        +-------------------------------------------------------------------+---------------------------------------------------------+---------+---------+----------+----------+-----+-----+-------------------+

        * Loop: 
        N/A

============================================================
+ Verbose Summary: Synthesis Manager
============================================================
InlineROM: 1
ExposeGlobal: 0
============================================================
+ Verbose Summary: CDFG Model
============================================================
IsTopModel: 1
ResetActiveHigh: 1
IsCombinational: 0
IsDatapathOnly: 0
HasWiredReturn: 1
HasMFsm: 0
HasVarLatency: 1
IsPipeline: 0
IsRtlPipelined: 0
IsInstanceOverlapped: 0
IsDontTouch: 0
HasImplIP: 0
IsGatedGlobalClock: 0


============================================================
+ Verbose Summary: Schedule
============================================================
* Number of FSM states : 4
* Pipeline : 0
* Dataflow Pipeline: 0

* FSM state transitions: 
1 --> 2 
2 --> 3 
3 --> 4 
4 --> 

* FSM state operations: 

State 1 <SV = 0> <Delay = 0.00>

State 2 <SV = 1> <Delay = 6.43>
ST_2 : Operation 5 [1/1] (1.00ns)   --->   "%width_read = read i32 @_ssdm_op_Read.s_axilite.i32, i32 %width" [hls_passthrough.cpp:6]   --->   Operation 5 'read' 'width_read' <Predicate = true> <Delay = 1.00> <CoreInst = "s_axilite">   --->   Core 120 's_axilite' <Latency = 0> <II = 1> <Delay = 1.00> <Adapter> <Opcode : 'read' 'write'>
ST_2 : Operation 6 [1/1] (1.00ns)   --->   "%height_read = read i32 @_ssdm_op_Read.s_axilite.i32, i32 %height" [hls_passthrough.cpp:6]   --->   Operation 6 'read' 'height_read' <Predicate = true> <Delay = 1.00> <CoreInst = "s_axilite">   --->   Core 120 's_axilite' <Latency = 0> <II = 1> <Delay = 1.00> <Adapter> <Opcode : 'read' 'write'>
ST_2 : Operation 7 [1/1] (0.00ns)   --->   "%trunc_ln6 = trunc i32 %width_read" [hls_passthrough.cpp:6]   --->   Operation 7 'trunc' 'trunc_ln6' <Predicate = true> <Delay = 0.00>
ST_2 : Operation 8 [1/1] (1.01ns)   --->   "%empty = icmp_sgt  i32 %width_read, i32 0" [hls_passthrough.cpp:6]   --->   Operation 8 'icmp' 'empty' <Predicate = true> <Delay = 1.01> <CoreInst = "Cmp">   --->   Core 9 'Cmp' <Latency = 0> <II = 1> <Delay = 1.01> <FuncUnit> <Opcode : 'seteq' 'setne' 'setle' 'setge' 'setlt' 'setgt'> <InPorts = 2> <OutPorts = 1>
ST_2 : Operation 9 [1/1] (0.41ns)   --->   "%smax = select i1 %empty, i31 %trunc_ln6, i31 0" [hls_passthrough.cpp:6]   --->   Operation 9 'select' 'smax' <Predicate = true> <Delay = 0.41> <CoreInst = "Sel">   --->   Core 73 'Sel' <Latency = 0> <II = 1> <Delay = 0.41> <FuncUnit> <Opcode : 'select'> <InPorts = 3> <OutPorts = 1>
ST_2 : Operation 10 [1/1] (0.00ns)   --->   "%zext_ln6 = zext i32 %height_read" [hls_passthrough.cpp:6]   --->   Operation 10 'zext' 'zext_ln6' <Predicate = true> <Delay = 0.00>
ST_2 : Operation 11 [1/1] (0.00ns)   --->   "%zext_ln6_1 = zext i31 %smax" [hls_passthrough.cpp:6]   --->   Operation 11 'zext' 'zext_ln6_1' <Predicate = true> <Delay = 0.00>
ST_2 : Operation 12 [1/1] (3.42ns)   --->   "%mul_ln6 = mul i62 %zext_ln6, i62 %zext_ln6_1" [hls_passthrough.cpp:6]   --->   Operation 12 'mul' 'mul_ln6' <Predicate = true> <Delay = 3.42> <CoreInst = "Multiplier">   --->   Core 3 'Multiplier' <Latency = 0> <II = 1> <Delay = 3.42> <FuncUnit> <Opcode : 'mul'> <InPorts = 2> <OutPorts = 1>
ST_2 : Operation 13 [2/2] (0.57ns)   --->   "%call_ln6 = call void @hls_passthrough_Pipeline_HLS_HEIGHT_LOOP_HLS_WIDTH_LOOP, i62 %mul_ln6, i32 %in_stream_V_data_V, i4 %in_stream_V_keep_V, i4 %in_stream_V_strb_V, i1 %in_stream_V_user_V, i1 %in_stream_V_last_V, i32 %out_stream_V_data_V, i4 %out_stream_V_keep_V, i4 %out_stream_V_strb_V, i1 %out_stream_V_user_V, i1 %out_stream_V_last_V" [hls_passthrough.cpp:6]   --->   Operation 13 'call' 'call_ln6' <Predicate = true> <Delay = 0.57> <CoreType = "Generic">   --->   Generic Core

State 3 <SV = 2> <Delay = 1.51>
ST_3 : Operation 14 [1/2] (1.51ns)   --->   "%call_ln6 = call void @hls_passthrough_Pipeline_HLS_HEIGHT_LOOP_HLS_WIDTH_LOOP, i62 %mul_ln6, i32 %in_stream_V_data_V, i4 %in_stream_V_keep_V, i4 %in_stream_V_strb_V, i1 %in_stream_V_user_V, i1 %in_stream_V_last_V, i32 %out_stream_V_data_V, i4 %out_stream_V_keep_V, i4 %out_stream_V_strb_V, i1 %out_stream_V_user_V, i1 %out_stream_V_last_V" [hls_passthrough.cpp:6]   --->   Operation 14 'call' 'call_ln6' <Predicate = true> <Delay = 1.51> <CoreType = "Generic">   --->   Generic Core

State 4 <SV = 3> <Delay = 0.00>
ST_4 : Operation 15 [1/1] (0.00ns)   --->   "%spectopmodule_ln6 = spectopmodule void @_ssdm_op_SpecTopModule, void @empty_9" [hls_passthrough.cpp:6]   --->   Operation 15 'spectopmodule' 'spectopmodule_ln6' <Predicate = true> <Delay = 0.00>
ST_4 : Operation 16 [1/1] (0.00ns)   --->   "%specinterface_ln0 = specinterface void @_ssdm_op_SpecInterface, i32 %in_stream_V_data_V, i4 %in_stream_V_keep_V, i4 %in_stream_V_strb_V, i1 %in_stream_V_user_V, i1 %in_stream_V_last_V, void @empty, i32 1, i32 1, void @empty_0, i32 0, i32 0, void @empty_1, void @empty_1, void @empty_1, i32 0, i32 0, i32 0, i32 0, void @empty_1, void @empty_1, i32 4294967295, i32 0, i32 0, i32 0"   --->   Operation 16 'specinterface' 'specinterface_ln0' <Predicate = true> <Delay = 0.00>
ST_4 : Operation 17 [1/1] (0.00ns)   --->   "%specbitsmap_ln0 = specbitsmap void @_ssdm_op_SpecBitsMap, i32 %in_stream_V_data_V"   --->   Operation 17 'specbitsmap' 'specbitsmap_ln0' <Predicate = true> <Delay = 0.00>
ST_4 : Operation 18 [1/1] (0.00ns)   --->   "%specbitsmap_ln0 = specbitsmap void @_ssdm_op_SpecBitsMap, i4 %in_stream_V_keep_V"   --->   Operation 18 'specbitsmap' 'specbitsmap_ln0' <Predicate = true> <Delay = 0.00>
ST_4 : Operation 19 [1/1] (0.00ns)   --->   "%specbitsmap_ln0 = specbitsmap void @_ssdm_op_SpecBitsMap, i4 %in_stream_V_strb_V"   --->   Operation 19 'specbitsmap' 'specbitsmap_ln0' <Predicate = true> <Delay = 0.00>
ST_4 : Operation 20 [1/1] (0.00ns)   --->   "%specbitsmap_ln0 = specbitsmap void @_ssdm_op_SpecBitsMap, i1 %in_stream_V_user_V"   --->   Operation 20 'specbitsmap' 'specbitsmap_ln0' <Predicate = true> <Delay = 0.00>
ST_4 : Operation 21 [1/1] (0.00ns)   --->   "%specbitsmap_ln0 = specbitsmap void @_ssdm_op_SpecBitsMap, i1 %in_stream_V_last_V"   --->   Operation 21 'specbitsmap' 'specbitsmap_ln0' <Predicate = true> <Delay = 0.00>
ST_4 : Operation 22 [1/1] (0.00ns)   --->   "%specinterface_ln0 = specinterface void @_ssdm_op_SpecInterface, i32 %out_stream_V_data_V, i4 %out_stream_V_keep_V, i4 %out_stream_V_strb_V, i1 %out_stream_V_user_V, i1 %out_stream_V_last_V, void @empty, i32 1, i32 1, void @empty_0, i32 0, i32 0, void @empty_1, void @empty_1, void @empty_1, i32 0, i32 0, i32 0, i32 0, void @empty_1, void @empty_1, i32 4294967295, i32 0, i32 0, i32 0"   --->   Operation 22 'specinterface' 'specinterface_ln0' <Predicate = true> <Delay = 0.00>
ST_4 : Operation 23 [1/1] (0.00ns)   --->   "%specbitsmap_ln0 = specbitsmap void @_ssdm_op_SpecBitsMap, i32 %out_stream_V_data_V"   --->   Operation 23 'specbitsmap' 'specbitsmap_ln0' <Predicate = true> <Delay = 0.00>
ST_4 : Operation 24 [1/1] (0.00ns)   --->   "%specbitsmap_ln0 = specbitsmap void @_ssdm_op_SpecBitsMap, i4 %out_stream_V_keep_V"   --->   Operation 24 'specbitsmap' 'specbitsmap_ln0' <Predicate = true> <Delay = 0.00>
ST_4 : Operation 25 [1/1] (0.00ns)   --->   "%specbitsmap_ln0 = specbitsmap void @_ssdm_op_SpecBitsMap, i4 %out_stream_V_strb_V"   --->   Operation 25 'specbitsmap' 'specbitsmap_ln0' <Predicate = true> <Delay = 0.00>
ST_4 : Operation 26 [1/1] (0.00ns)   --->   "%specbitsmap_ln0 = specbitsmap void @_ssdm_op_SpecBitsMap, i1 %out_stream_V_user_V"   --->   Operation 26 'specbitsmap' 'specbitsmap_ln0' <Predicate = true> <Delay = 0.00>
ST_4 : Operation 27 [1/1] (0.00ns)   --->   "%specbitsmap_ln0 = specbitsmap void @_ssdm_op_SpecBitsMap, i1 %out_stream_V_last_V"   --->   Operation 27 'specbitsmap' 'specbitsmap_ln0' <Predicate = true> <Delay = 0.00>
ST_4 : Operation 28 [1/1] (0.00ns)   --->   "%specbitsmap_ln0 = specbitsmap void @_ssdm_op_SpecBitsMap, i32 %height"   --->   Operation 28 'specbitsmap' 'specbitsmap_ln0' <Predicate = true> <Delay = 0.00>
ST_4 : Operation 29 [1/1] (0.00ns)   --->   "%specinterface_ln0 = specinterface void @_ssdm_op_SpecInterface, i32 %height, void @empty_2, i32 4294967295, i32 4294967295, void @empty_1, i32 0, i32 0, void @empty_3, void @empty_4, void @empty_1, i32 0, i32 0, i32 0, i32 0, void @empty_1, void @empty_1, i32 4294967295, i32 0, i32 0, i32 0"   --->   Operation 29 'specinterface' 'specinterface_ln0' <Predicate = true> <Delay = 0.00>
ST_4 : Operation 30 [1/1] (0.00ns)   --->   "%specinterface_ln0 = specinterface void @_ssdm_op_SpecInterface, i32 %height, void @empty_5, i32 0, i32 0, void @empty_1, i32 0, i32 0, void @empty_1, void @empty_1, void @empty_1, i32 0, i32 0, i32 0, i32 0, void @empty_1, void @empty_1, i32 4294967295, i32 0, i32 0, i32 0"   --->   Operation 30 'specinterface' 'specinterface_ln0' <Predicate = true> <Delay = 0.00>
ST_4 : Operation 31 [1/1] (0.00ns)   --->   "%specbitsmap_ln0 = specbitsmap void @_ssdm_op_SpecBitsMap, i32 %width"   --->   Operation 31 'specbitsmap' 'specbitsmap_ln0' <Predicate = true> <Delay = 0.00>
ST_4 : Operation 32 [1/1] (0.00ns)   --->   "%specinterface_ln0 = specinterface void @_ssdm_op_SpecInterface, i32 %width, void @empty_2, i32 4294967295, i32 4294967295, void @empty_1, i32 0, i32 0, void @empty_3, void @empty_6, void @empty_1, i32 0, i32 0, i32 0, i32 0, void @empty_1, void @empty_1, i32 4294967295, i32 0, i32 0, i32 0"   --->   Operation 32 'specinterface' 'specinterface_ln0' <Predicate = true> <Delay = 0.00>
ST_4 : Operation 33 [1/1] (0.00ns)   --->   "%specinterface_ln0 = specinterface void @_ssdm_op_SpecInterface, i32 %width, void @empty_5, i32 0, i32 0, void @empty_1, i32 0, i32 0, void @empty_1, void @empty_1, void @empty_1, i32 0, i32 0, i32 0, i32 0, void @empty_1, void @empty_1, i32 4294967295, i32 0, i32 0, i32 0"   --->   Operation 33 'specinterface' 'specinterface_ln0' <Predicate = true> <Delay = 0.00>
ST_4 : Operation 34 [1/1] (0.00ns)   --->   "%specinterface_ln0 = specinterface void @_ssdm_op_SpecInterface, i32 0, void @empty_2, i32 0, i32 0, void @empty_1, i32 0, i32 0, void @empty_3, void @empty_1, void @empty_1, i32 0, i32 0, i32 0, i32 0, void @empty_1, void @empty_1, i32 0, i32 0, i32 0, i32 0"   --->   Operation 34 'specinterface' 'specinterface_ln0' <Predicate = true> <Delay = 0.00>
ST_4 : Operation 35 [1/1] (0.00ns)   --->   "%specaxissidechannel_ln18 = specaxissidechannel void @_ssdm_op_SpecAXISSideChannel, i32 %out_stream_V_data_V, i4 %out_stream_V_keep_V, i4 %out_stream_V_strb_V, i1 %out_stream_V_user_V, i1 %out_stream_V_last_V, i1 0, i1 0, void @empty_7" [hls_passthrough.cpp:18]   --->   Operation 35 'specaxissidechannel' 'specaxissidechannel_ln18' <Predicate = true> <Delay = 0.00>
ST_4 : Operation 36 [1/1] (0.00ns)   --->   "%specaxissidechannel_ln18 = specaxissidechannel void @_ssdm_op_SpecAXISSideChannel, i32 %in_stream_V_data_V, i4 %in_stream_V_keep_V, i4 %in_stream_V_strb_V, i1 %in_stream_V_user_V, i1 %in_stream_V_last_V, i1 0, i1 0, void @empty_8" [hls_passthrough.cpp:18]   --->   Operation 36 'specaxissidechannel' 'specaxissidechannel_ln18' <Predicate = true> <Delay = 0.00>
ST_4 : Operation 37 [1/1] (0.00ns)   --->   "%ret_ln27 = ret" [hls_passthrough.cpp:27]   --->   Operation 37 'ret' 'ret_ln27' <Predicate = true> <Delay = 0.00>


============================================================
+ Verbose Summary: Binding
============================================================
STG Binding: 
---------------- STG Properties BEGIN ----------------
- Is combinational: 0
- Is one-state seq: 0
- Is datapath-only: 0
- Is pipelined: 0
- Is top level: 1
Port [ Return ] is wired: 1; IO mode=ap_ctrl_hs:ce=0
Port [ in_stream_V_data_V]:  wired=1; compound=1; hidden=0; nouse=0; global=0; static=0; extern=0; dir=0; type=0; pingpong=0; private_global=0; IO mode=axis:ce=0
Port [ in_stream_V_keep_V]:  wired=1; compound=1; hidden=0; nouse=0; global=0; static=0; extern=0; dir=0; type=0; pingpong=0; private_global=0; IO mode=axis:ce=0
Port [ in_stream_V_strb_V]:  wired=1; compound=1; hidden=0; nouse=0; global=0; static=0; extern=0; dir=0; type=0; pingpong=0; private_global=0; IO mode=axis:ce=0
Port [ in_stream_V_user_V]:  wired=1; compound=1; hidden=0; nouse=0; global=0; static=0; extern=0; dir=0; type=0; pingpong=0; private_global=0; IO mode=axis:ce=0
Port [ in_stream_V_last_V]:  wired=1; compound=1; hidden=0; nouse=0; global=0; static=0; extern=0; dir=0; type=0; pingpong=0; private_global=0; IO mode=axis:ce=0
Port [ out_stream_V_data_V]:  wired=1; compound=1; hidden=0; nouse=0; global=0; static=0; extern=0; dir=1; type=0; pingpong=0; private_global=0; IO mode=axis:ce=0
Port [ out_stream_V_keep_V]:  wired=1; compound=1; hidden=0; nouse=0; global=0; static=0; extern=0; dir=1; type=0; pingpong=0; private_global=0; IO mode=axis:ce=0
Port [ out_stream_V_strb_V]:  wired=1; compound=1; hidden=0; nouse=0; global=0; static=0; extern=0; dir=1; type=0; pingpong=0; private_global=0; IO mode=axis:ce=0
Port [ out_stream_V_user_V]:  wired=1; compound=1; hidden=0; nouse=0; global=0; static=0; extern=0; dir=1; type=0; pingpong=0; private_global=0; IO mode=axis:ce=0
Port [ out_stream_V_last_V]:  wired=1; compound=1; hidden=0; nouse=0; global=0; static=0; extern=0; dir=1; type=0; pingpong=0; private_global=0; IO mode=axis:ce=0
Port [ height]:  wired=1; compound=0; hidden=0; nouse=0; global=0; static=0; extern=0; dir=0; type=0; pingpong=0; private_global=0; IO mode=ap_none:ce=0
Port [ width]:  wired=1; compound=0; hidden=0; nouse=0; global=0; static=0; extern=0; dir=0; type=0; pingpong=0; private_global=0; IO mode=ap_none:ce=0
---------------- STG Properties END ------------------

---------------- Datapath Model BEGIN ----------------

<LifeTime>
<method=bitvector/>
width_read               (read               ) [ 00000]
height_read              (read               ) [ 00000]
trunc_ln6                (trunc              ) [ 00000]
empty                    (icmp               ) [ 00000]
smax                     (select             ) [ 00000]
zext_ln6                 (zext               ) [ 00000]
zext_ln6_1               (zext               ) [ 00000]
mul_ln6                  (mul                ) [ 00010]
call_ln6                 (call               ) [ 00000]
spectopmodule_ln6        (spectopmodule      ) [ 00000]
specinterface_ln0        (specinterface      ) [ 00000]
specbitsmap_ln0          (specbitsmap        ) [ 00000]
specbitsmap_ln0          (specbitsmap        ) [ 00000]
specbitsmap_ln0          (specbitsmap        ) [ 00000]
specbitsmap_ln0          (specbitsmap        ) [ 00000]
specbitsmap_ln0          (specbitsmap        ) [ 00000]
specinterface_ln0        (specinterface      ) [ 00000]
specbitsmap_ln0          (specbitsmap        ) [ 00000]
specbitsmap_ln0          (specbitsmap        ) [ 00000]
specbitsmap_ln0          (specbitsmap        ) [ 00000]
specbitsmap_ln0          (specbitsmap        ) [ 00000]
specbitsmap_ln0          (specbitsmap        ) [ 00000]
specbitsmap_ln0          (specbitsmap        ) [ 00000]
specinterface_ln0        (specinterface      ) [ 00000]
specinterface_ln0        (specinterface      ) [ 00000]
specbitsmap_ln0          (specbitsmap        ) [ 00000]
specinterface_ln0        (specinterface      ) [ 00000]
specinterface_ln0        (specinterface      ) [ 00000]
specinterface_ln0        (specinterface      ) [ 00000]
specaxissidechannel_ln18 (specaxissidechannel) [ 00000]
specaxissidechannel_ln18 (specaxissidechannel) [ 00000]
ret_ln27                 (ret                ) [ 00000]
</LifeTime>

<model>

<comp_list>
<comp id="0" class="1000" name="in_stream_V_data_V">
<pin_list>
<pin id="1" dir="1" index="0" bw="1" slack="0"/>
</pin_list>
<bind>
<StgValue><ssdm name="in_stream_V_data_V"/></StgValue>
</bind>
</comp>

<comp id="2" class="1000" name="in_stream_V_keep_V">
<pin_list>
<pin id="3" dir="1" index="0" bw="1" slack="0"/>
</pin_list>
<bind>
<StgValue><ssdm name="in_stream_V_keep_V"/></StgValue>
</bind>
</comp>

<comp id="4" class="1000" name="in_stream_V_strb_V">
<pin_list>
<pin id="5" dir="1" index="0" bw="1" slack="0"/>
</pin_list>
<bind>
<StgValue><ssdm name="in_stream_V_strb_V"/></StgValue>
</bind>
</comp>

<comp id="6" class="1000" name="in_stream_V_user_V">
<pin_list>
<pin id="7" dir="1" index="0" bw="1" slack="0"/>
</pin_list>
<bind>
<StgValue><ssdm name="in_stream_V_user_V"/></StgValue>
</bind>
</comp>

<comp id="8" class="1000" name="in_stream_V_last_V">
<pin_list>
<pin id="9" dir="1" index="0" bw="1" slack="0"/>
</pin_list>
<bind>
<StgValue><ssdm name="in_stream_V_last_V"/></StgValue>
</bind>
</comp>

<comp id="10" class="1000" name="out_stream_V_data_V">
<pin_list>
<pin id="11" dir="1" index="0" bw="1" slack="0"/>
</pin_list>
<bind>
<StgValue><ssdm name="out_stream_V_data_V"/></StgValue>
</bind>
</comp>

<comp id="12" class="1000" name="out_stream_V_keep_V">
<pin_list>
<pin id="13" dir="1" index="0" bw="1" slack="0"/>
</pin_list>
<bind>
<StgValue><ssdm name="out_stream_V_keep_V"/></StgValue>
</bind>
</comp>

<comp id="14" class="1000" name="out_stream_V_strb_V">
<pin_list>
<pin id="15" dir="1" index="0" bw="1" slack="0"/>
</pin_list>
<bind>
<StgValue><ssdm name="out_stream_V_strb_V"/></StgValue>
</bind>
</comp>

<comp id="16" class="1000" name="out_stream_V_user_V">
<pin_list>
<pin id="17" dir="1" index="0" bw="1" slack="0"/>
</pin_list>
<bind>
<StgValue><ssdm name="out_stream_V_user_V"/></StgValue>
</bind>
</comp>

<comp id="18" class="1000" name="out_stream_V_last_V">
<pin_list>
<pin id="19" dir="1" index="0" bw="1" slack="0"/>
</pin_list>
<bind>
<StgValue><ssdm name="out_stream_V_last_V"/></StgValue>
</bind>
</comp>

<comp id="20" class="1000" name="height">
<pin_list>
<pin id="21" dir="1" index="0" bw="1" slack="0"/>
</pin_list>
<bind>
<StgValue><ssdm name="height"/></StgValue>
</bind>
</comp>

<comp id="22" class="1000" name="width">
<pin_list>
<pin id="23" dir="1" index="0" bw="1" slack="0"/>
</pin_list>
<bind>
<StgValue><ssdm name="width"/></StgValue>
</bind>
</comp>

<comp id="24" class="1001" name="const_24">
<pin_list>
<pin id="25" dir="1" index="0" bw="1" slack="0"/>
</pin_list>
<bind>
<StgValue><ssdm name="_ssdm_op_Read.s_axilite.i32"/></StgValue>
</bind>
</comp>

<comp id="26" class="1001" name="const_26">
<pin_list>
<pin id="27" dir="1" index="0" bw="1" slack="0"/>
</pin_list>
<bind>
<StgValue><ssdm name=""/></StgValue>
</bind>
</comp>

<comp id="28" class="1001" name="const_28">
<pin_list>
<pin id="29" dir="1" index="0" bw="1" slack="0"/>
</pin_list>
<bind>
<StgValue><ssdm name=""/></StgValue>
</bind>
</comp>

<comp id="30" class="1001" name="const_30">
<pin_list>
<pin id="31" dir="1" index="0" bw="1" slack="0"/>
</pin_list>
<bind>
<StgValue><ssdm name="hls_passthrough_Pipeline_HLS_HEIGHT_LOOP_HLS_WIDTH_LOOP"/></StgValue>
</bind>
</comp>

<comp id="32" class="1001" name="const_32">
<pin_list>
<pin id="33" dir="1" index="0" bw="1" slack="2147483647"/>
</pin_list>
<bind>
<StgValue><ssdm name="_ssdm_op_SpecTopModule"/></StgValue>
</bind>
</comp>

<comp id="34" class="1001" name="const_34">
<pin_list>
<pin id="35" dir="1" index="0" bw="1" slack="2147483647"/>
</pin_list>
<bind>
<StgValue><ssdm name="empty_9"/></StgValue>
</bind>
</comp>

<comp id="36" class="1001" name="const_36">
<pin_list>
<pin id="37" dir="1" index="0" bw="1" slack="2147483647"/>
</pin_list>
<bind>
<StgValue><ssdm name="_ssdm_op_SpecInterface"/></StgValue>
</bind>
</comp>

<comp id="38" class="1001" name="const_38">
<pin_list>
<pin id="39" dir="1" index="0" bw="1" slack="2147483647"/>
</pin_list>
<bind>
<StgValue><ssdm name="empty"/></StgValue>
</bind>
</comp>

<comp id="40" class="1001" name="const_40">
<pin_list>
<pin id="41" dir="1" index="0" bw="1" slack="2147483647"/>
</pin_list>
<bind>
<StgValue><ssdm name=""/></StgValue>
</bind>
</comp>

<comp id="42" class="1001" name="const_42">
<pin_list>
<pin id="43" dir="1" index="0" bw="1" slack="2147483647"/>
</pin_list>
<bind>
<StgValue><ssdm name="empty_0"/></StgValue>
</bind>
</comp>

<comp id="44" class="1001" name="const_44">
<pin_list>
<pin id="45" dir="1" index="0" bw="1" slack="2147483647"/>
</pin_list>
<bind>
<StgValue><ssdm name="empty_1"/></StgValue>
</bind>
</comp>

<comp id="46" class="1001" name="const_46">
<pin_list>
<pin id="47" dir="1" index="0" bw="1" slack="2147483647"/>
</pin_list>
<bind>
<StgValue><ssdm name=""/></StgValue>
</bind>
</comp>

<comp id="48" class="1001" name="const_48">
<pin_list>
<pin id="49" dir="1" index="0" bw="1" slack="2147483647"/>
</pin_list>
<bind>
<StgValue><ssdm name="_ssdm_op_SpecBitsMap"/></StgValue>
</bind>
</comp>

<comp id="50" class="1001" name="const_50">
<pin_list>
<pin id="51" dir="1" index="0" bw="1" slack="2147483647"/>
</pin_list>
<bind>
<StgValue><ssdm name="empty_2"/></StgValue>
</bind>
</comp>

<comp id="52" class="1001" name="const_52">
<pin_list>
<pin id="53" dir="1" index="0" bw="1" slack="2147483647"/>
</pin_list>
<bind>
<StgValue><ssdm name="empty_3"/></StgValue>
</bind>
</comp>

<comp id="54" class="1001" name="const_54">
<pin_list>
<pin id="55" dir="1" index="0" bw="1" slack="2147483647"/>
</pin_list>
<bind>
<StgValue><ssdm name="empty_4"/></StgValue>
</bind>
</comp>

<comp id="56" class="1001" name="const_56">
<pin_list>
<pin id="57" dir="1" index="0" bw="1" slack="2147483647"/>
</pin_list>
<bind>
<StgValue><ssdm name="empty_5"/></StgValue>
</bind>
</comp>

<comp id="58" class="1001" name="const_58">
<pin_list>
<pin id="59" dir="1" index="0" bw="1" slack="2147483647"/>
</pin_list>
<bind>
<StgValue><ssdm name="empty_6"/></StgValue>
</bind>
</comp>

<comp id="60" class="1001" name="const_60">
<pin_list>
<pin id="61" dir="1" index="0" bw="1" slack="2147483647"/>
</pin_list>
<bind>
<StgValue><ssdm name="_ssdm_op_SpecAXISSideChannel"/></StgValue>
</bind>
</comp>

<comp id="62" class="1001" name="const_62">
<pin_list>
<pin id="63" dir="1" index="0" bw="1" slack="2147483647"/>
</pin_list>
<bind>
<StgValue><ssdm name=""/></StgValue>
</bind>
</comp>

<comp id="64" class="1001" name="const_64">
<pin_list>
<pin id="65" dir="1" index="0" bw="1" slack="2147483647"/>
</pin_list>
<bind>
<StgValue><ssdm name="empty_7"/></StgValue>
</bind>
</comp>

<comp id="66" class="1001" name="const_66">
<pin_list>
<pin id="67" dir="1" index="0" bw="1" slack="2147483647"/>
</pin_list>
<bind>
<StgValue><ssdm name="empty_8"/></StgValue>
</bind>
</comp>

<comp id="68" class="1004" name="width_read_read_fu_68">
<pin_list>
<pin id="69" dir="0" index="0" bw="32" slack="0"/>
<pin id="70" dir="0" index="1" bw="32" slack="0"/>
<pin id="71" dir="1" index="2" bw="32" slack="0"/>
</pin_list>
<bind>
<opcode="read(1150) " fcode="read"/>
<opset="width_read/2 "/>
</bind>
</comp>

<comp id="74" class="1004" name="height_read_read_fu_74">
<pin_list>
<pin id="75" dir="0" index="0" bw="32" slack="0"/>
<pin id="76" dir="0" index="1" bw="32" slack="0"/>
<pin id="77" dir="1" index="2" bw="32" slack="0"/>
</pin_list>
<bind>
<opcode="read(1150) " fcode="read"/>
<opset="height_read/2 "/>
</bind>
</comp>

<comp id="80" class="1004" name="grp_hls_passthrough_Pipeline_HLS_HEIGHT_LOOP_HLS_WIDTH_LOOP_fu_80">
<pin_list>
<pin id="81" dir="0" index="0" bw="0" slack="0"/>
<pin id="82" dir="0" index="1" bw="62" slack="0"/>
<pin id="83" dir="0" index="2" bw="32" slack="0"/>
<pin id="84" dir="0" index="3" bw="4" slack="0"/>
<pin id="85" dir="0" index="4" bw="4" slack="0"/>
<pin id="86" dir="0" index="5" bw="1" slack="0"/>
<pin id="87" dir="0" index="6" bw="1" slack="0"/>
<pin id="88" dir="0" index="7" bw="32" slack="0"/>
<pin id="89" dir="0" index="8" bw="4" slack="0"/>
<pin id="90" dir="0" index="9" bw="4" slack="0"/>
<pin id="91" dir="0" index="10" bw="1" slack="0"/>
<pin id="92" dir="0" index="11" bw="1" slack="0"/>
<pin id="93" dir="1" index="12" bw="0" slack="2147483647"/>
</pin_list>
<bind>
<opcode="call(48) " fcode="call"/>
<opset="call_ln6/2 "/>
</bind>
</comp>

<comp id="105" class="1004" name="mul_ln6_fu_105">
<pin_list>
<pin id="106" dir="0" index="0" bw="32" slack="0"/>
<pin id="107" dir="0" index="1" bw="31" slack="0"/>
<pin id="108" dir="1" index="2" bw="62" slack="0"/>
</pin_list>
<bind>
<opcode="mul(12) " fcode="mul"/>
<opset="mul_ln6/2 "/>
</bind>
</comp>

<comp id="110" class="1004" name="trunc_ln6_fu_110">
<pin_list>
<pin id="111" dir="0" index="0" bw="32" slack="0"/>
<pin id="112" dir="1" index="1" bw="31" slack="0"/>
</pin_list>
<bind>
<opcode="trunc(33) " fcode="trunc"/>
<opset="trunc_ln6/2 "/>
</bind>
</comp>

<comp id="114" class="1004" name="empty_fu_114">
<pin_list>
<pin id="115" dir="0" index="0" bw="32" slack="0"/>
<pin id="116" dir="0" index="1" bw="1" slack="0"/>
<pin id="117" dir="1" index="2" bw="1" slack="0"/>
</pin_list>
<bind>
<opcode="icmp(45) " fcode="icmp"/>
<opset="empty/2 "/>
</bind>
</comp>

<comp id="120" class="1004" name="smax_fu_120">
<pin_list>
<pin id="121" dir="0" index="0" bw="1" slack="0"/>
<pin id="122" dir="0" index="1" bw="31" slack="0"/>
<pin id="123" dir="0" index="2" bw="1" slack="0"/>
<pin id="124" dir="1" index="3" bw="31" slack="0"/>
</pin_list>
<bind>
<opcode="select(49) " fcode="select"/>
<opset="smax/2 "/>
</bind>
</comp>

<comp id="128" class="1004" name="zext_ln6_fu_128">
<pin_list>
<pin id="129" dir="0" index="0" bw="32" slack="0"/>
<pin id="130" dir="1" index="1" bw="62" slack="0"/>
</pin_list>
<bind>
<opcode="zext(34) " fcode="zext"/>
<opset="zext_ln6/2 "/>
</bind>
</comp>

<comp id="133" class="1004" name="zext_ln6_1_fu_133">
<pin_list>
<pin id="134" dir="0" index="0" bw="31" slack="0"/>
<pin id="135" dir="1" index="1" bw="62" slack="0"/>
</pin_list>
<bind>
<opcode="zext(34) " fcode="zext"/>
<opset="zext_ln6_1/2 "/>
</bind>
</comp>

<comp id="138" class="1005" name="mul_ln6_reg_138">
<pin_list>
<pin id="139" dir="0" index="0" bw="62" slack="1"/>
<pin id="140" dir="1" index="1" bw="62" slack="1"/>
</pin_list>
<bind>
<opset="mul_ln6 "/>
</bind>
</comp>

</comp_list>

<net_list>
<net id="72"><net_src comp="24" pin="0"/><net_sink comp="68" pin=0"/></net>

<net id="73"><net_src comp="22" pin="0"/><net_sink comp="68" pin=1"/></net>

<net id="78"><net_src comp="24" pin="0"/><net_sink comp="74" pin=0"/></net>

<net id="79"><net_src comp="20" pin="0"/><net_sink comp="74" pin=1"/></net>

<net id="94"><net_src comp="30" pin="0"/><net_sink comp="80" pin=0"/></net>

<net id="95"><net_src comp="0" pin="0"/><net_sink comp="80" pin=2"/></net>

<net id="96"><net_src comp="2" pin="0"/><net_sink comp="80" pin=3"/></net>

<net id="97"><net_src comp="4" pin="0"/><net_sink comp="80" pin=4"/></net>

<net id="98"><net_src comp="6" pin="0"/><net_sink comp="80" pin=5"/></net>

<net id="99"><net_src comp="8" pin="0"/><net_sink comp="80" pin=6"/></net>

<net id="100"><net_src comp="10" pin="0"/><net_sink comp="80" pin=7"/></net>

<net id="101"><net_src comp="12" pin="0"/><net_sink comp="80" pin=8"/></net>

<net id="102"><net_src comp="14" pin="0"/><net_sink comp="80" pin=9"/></net>

<net id="103"><net_src comp="16" pin="0"/><net_sink comp="80" pin=10"/></net>

<net id="104"><net_src comp="18" pin="0"/><net_sink comp="80" pin=11"/></net>

<net id="109"><net_src comp="105" pin="2"/><net_sink comp="80" pin=1"/></net>

<net id="113"><net_src comp="68" pin="2"/><net_sink comp="110" pin=0"/></net>

<net id="118"><net_src comp="68" pin="2"/><net_sink comp="114" pin=0"/></net>

<net id="119"><net_src comp="26" pin="0"/><net_sink comp="114" pin=1"/></net>

<net id="125"><net_src comp="114" pin="2"/><net_sink comp="120" pin=0"/></net>

<net id="126"><net_src comp="110" pin="1"/><net_sink comp="120" pin=1"/></net>

<net id="127"><net_src comp="28" pin="0"/><net_sink comp="120" pin=2"/></net>

<net id="131"><net_src comp="74" pin="2"/><net_sink comp="128" pin=0"/></net>

<net id="132"><net_src comp="128" pin="1"/><net_sink comp="105" pin=0"/></net>

<net id="136"><net_src comp="120" pin="3"/><net_sink comp="133" pin=0"/></net>

<net id="137"><net_src comp="133" pin="1"/><net_sink comp="105" pin=1"/></net>

<net id="141"><net_src comp="105" pin="2"/><net_sink comp="138" pin=0"/></net>

<net id="142"><net_src comp="138" pin="1"/><net_sink comp="80" pin=1"/></net>

</net_list>

</model> 
---------------- Datapath Model END ------------------

* FSMD analyzer results:
  - Output states:
	Port: out_stream_V_data_V | {2 3 }
	Port: out_stream_V_keep_V | {2 3 }
	Port: out_stream_V_strb_V | {2 3 }
	Port: out_stream_V_user_V | {2 3 }
	Port: out_stream_V_last_V | {2 3 }
 - Input state : 
	Port: hls_passthrough : in_stream_V_data_V | {2 3 }
	Port: hls_passthrough : in_stream_V_keep_V | {2 3 }
	Port: hls_passthrough : in_stream_V_strb_V | {2 3 }
	Port: hls_passthrough : in_stream_V_user_V | {2 3 }
	Port: hls_passthrough : in_stream_V_last_V | {2 3 }
	Port: hls_passthrough : height | {2 }
	Port: hls_passthrough : width | {2 }
  - Chain level:
	State 1
	State 2
		smax : 1
		zext_ln6_1 : 2
		mul_ln6 : 3
		call_ln6 : 4
	State 3
	State 4


============================================================
+ Verbose Summary: Datapath Resource usage 
============================================================

* Functional unit list:
|----------|-------------------------------------------------------------------|---------|---------|---------|
| Operation|                          Functional Unit                          |   DSP   |    FF   |   LUT   |
|----------|-------------------------------------------------------------------|---------|---------|---------|
|   call   | grp_hls_passthrough_Pipeline_HLS_HEIGHT_LOOP_HLS_WIDTH_LOOP_fu_80 |    0    |   124   |   138   |
|----------|-------------------------------------------------------------------|---------|---------|---------|
|   icmp   |                            empty_fu_114                           |    0    |    0    |    39   |
|----------|-------------------------------------------------------------------|---------|---------|---------|
|  select  |                            smax_fu_120                            |    0    |    0    |    31   |
|----------|-------------------------------------------------------------------|---------|---------|---------|
|    mul   |                           mul_ln6_fu_105                          |    4    |    0    |    20   |
|----------|-------------------------------------------------------------------|---------|---------|---------|
|   read   |                       width_read_read_fu_68                       |    0    |    0    |    0    |
|          |                       height_read_read_fu_74                      |    0    |    0    |    0    |
|----------|-------------------------------------------------------------------|---------|---------|---------|
|   trunc  |                          trunc_ln6_fu_110                         |    0    |    0    |    0    |
|----------|-------------------------------------------------------------------|---------|---------|---------|
|   zext   |                          zext_ln6_fu_128                          |    0    |    0    |    0    |
|          |                         zext_ln6_1_fu_133                         |    0    |    0    |    0    |
|----------|-------------------------------------------------------------------|---------|---------|---------|
|   Total  |                                                                   |    4    |   124   |   228   |
|----------|-------------------------------------------------------------------|---------|---------|---------|

Memories:
N/A

* Register list:
+---------------+--------+
|               |   FF   |
+---------------+--------+
|mul_ln6_reg_138|   62   |
+---------------+--------+
|     Total     |   62   |
+---------------+--------+

* Multiplexer (MUX) list: 
|-------------------------------------------------------------------|------|------|------|--------||---------||---------||---------|
|                                Comp                               |  Pin | Size |  BW  | S x BW ||  Delay  ||    FF   ||   LUT   |
|-------------------------------------------------------------------|------|------|------|--------||---------||---------||---------|
| grp_hls_passthrough_Pipeline_HLS_HEIGHT_LOOP_HLS_WIDTH_LOOP_fu_80 |  p1  |   2  |  62  |   124  ||    0    ||    9    |
|-------------------------------------------------------------------|------|------|------|--------||---------||---------||---------|
|                               Total                               |      |      |      |   124  ||  0.427  ||    0    ||    9    |
|-------------------------------------------------------------------|------|------|------|--------||---------||---------||---------|



* Summary:
+-----------+--------+--------+--------+--------+
|           |   DSP  |  Delay |   FF   |   LUT  |
+-----------+--------+--------+--------+--------+
|  Function |    4   |    -   |   124  |   228  |
|   Memory  |    -   |    -   |    -   |    -   |
|Multiplexer|    -   |    0   |    0   |    9   |
|  Register |    -   |    -   |   62   |    -   |
+-----------+--------+--------+--------+--------+
|   Total   |    4   |    0   |   186  |   237  |
+-----------+--------+--------+--------+--------+
