

================================================================
== Vitis HLS Report for 'hls_passthrough_Pipeline_HLS_HEIGHT_LOOP_HLS_WIDTH_LOOP'
================================================================
* Date:           Fri Jul  3 10:11:00 2026

* Version:        2025.2 (Build 6295257 on Nov 14 2025)
* Project:        hls_passthrough
* Solution:       hls (Vivado IP Flow Target)
* Product family: zynquplus
* Target device:  xck26-sfvc784-2LV-c


================================================================
== Performance Estimates
================================================================
+ Timing: 
    * Summary: 
    +--------+----------+----------+------------+
    |  Clock |  Target  | Estimated| Uncertainty|
    +--------+----------+----------+------------+
    |ap_clk  |  10.00 ns|  1.515 ns|     2.70 ns|
    +--------+----------+----------+------------+

+ Latency: 
    * Summary: 
    +---------+---------+----------+----------+-----+-----+-------------------+
    |  Latency (cycles) |  Latency (absolute) |  Interval |      Pipeline     |
    |   min   |   max   |    min   |    max   | min | max |        Type       |
    +---------+---------+----------+----------+-----+-----+-------------------+
    |        ?|        ?|         ?|         ?|    0|    0|  loop pipeline stp|
    +---------+---------+----------+----------+-----+-----+-------------------+

    + Detail: 
        * Instance: 
        N/A

        * Loop: 
        +----------------------------------+---------+---------+----------+-----------+-----------+------+----------+
        |                                  |  Latency (cycles) | Iteration|  Initiation Interval  | Trip |          |
        |             Loop Name            |   min   |   max   |  Latency |  achieved |   target  | Count| Pipelined|
        +----------------------------------+---------+---------+----------+-----------+-----------+------+----------+
        |- HLS_HEIGHT_LOOP_HLS_WIDTH_LOOP  |        ?|        ?|         2|          1|          1|     ?|       yes|
        +----------------------------------+---------+---------+----------+-----------+-----------+------+----------+

============================================================
+ Verbose Summary: Synthesis Manager
============================================================
InlineROM: 1
ExposeGlobal: 0
============================================================
+ Verbose Summary: CDFG Model
============================================================
IsTopModel: 0
ResetActiveHigh: 1
IsCombinational: 0
IsDatapathOnly: 0
HasWiredReturn: 1
HasMFsm: 2
HasVarLatency: 1
IsPipeline: 0
IsRtlPipelined: 0
IsInstanceOverlapped: 0
IsDontTouch: 0
HasImplIP: 0
IsGatedGlobalClock: 0

+ Individual pipeline summary: 
  * Pipeline-0: initiation interval (II) = 1, depth = 3


============================================================
+ Verbose Summary: Schedule
============================================================
* Number of FSM states : 3
* Pipeline : 1
  Pipeline-0 : II = 1, D = 3, States = { 1 2 3 }
* Dataflow Pipeline: 0

* FSM state transitions: 
1 --> 2 
2 --> 3 
3 --> 

* FSM state operations: 

State 1 <SV = 0> <Delay = 0.42>
ST_1 : Operation 5 [1/1] (0.00ns)   --->   "%indvar_flatten = alloca i32 1"   --->   Operation 5 'alloca' 'indvar_flatten' <Predicate = true> <Delay = 0.00>
ST_1 : Operation 6 [1/1] (0.00ns)   --->   "%specaxissidechannel_ln0 = specaxissidechannel void @_ssdm_op_SpecAXISSideChannel, i32 %out_stream_V_data_V, i4 %out_stream_V_keep_V, i4 %out_stream_V_strb_V, i1 %out_stream_V_user_V, i1 %out_stream_V_last_V, i1 0, i1 0, void @empty_7"   --->   Operation 6 'specaxissidechannel' 'specaxissidechannel_ln0' <Predicate = true> <Delay = 0.00>
ST_1 : Operation 7 [1/1] (0.00ns)   --->   "%specaxissidechannel_ln0 = specaxissidechannel void @_ssdm_op_SpecAXISSideChannel, i32 %in_stream_V_data_V, i4 %in_stream_V_keep_V, i4 %in_stream_V_strb_V, i1 %in_stream_V_user_V, i1 %in_stream_V_last_V, i1 0, i1 0, void @empty_8"   --->   Operation 7 'specaxissidechannel' 'specaxissidechannel_ln0' <Predicate = true> <Delay = 0.00>
ST_1 : Operation 8 [1/1] (0.00ns)   --->   "%specinterface_ln0 = specinterface void @_ssdm_op_SpecInterface, i1 %out_stream_V_last_V, i1 %out_stream_V_user_V, i4 %out_stream_V_strb_V, i4 %out_stream_V_keep_V, i32 %out_stream_V_data_V, void @empty, i32 0, i32 0, void @empty_0, i32 0, i32 0, void @empty_1, void @empty_1, void @empty_1, i32 0, i32 0, i32 0, i32 0, void @empty_1, void @empty_1, i32 4294967295, i32 0, i32 0, i32 0"   --->   Operation 8 'specinterface' 'specinterface_ln0' <Predicate = true> <Delay = 0.00>
ST_1 : Operation 9 [1/1] (0.00ns)   --->   "%specinterface_ln0 = specinterface void @_ssdm_op_SpecInterface, i1 %in_stream_V_last_V, i1 %in_stream_V_user_V, i4 %in_stream_V_strb_V, i4 %in_stream_V_keep_V, i32 %in_stream_V_data_V, void @empty, i32 0, i32 0, void @empty_0, i32 0, i32 0, void @empty_1, void @empty_1, void @empty_1, i32 0, i32 0, i32 0, i32 0, void @empty_1, void @empty_1, i32 4294967295, i32 0, i32 0, i32 0"   --->   Operation 9 'specinterface' 'specinterface_ln0' <Predicate = true> <Delay = 0.00>
ST_1 : Operation 10 [1/1] (0.00ns)   --->   "%mul_ln6_read = read i62 @_ssdm_op_Read.ap_auto.i62, i62 %mul_ln6"   --->   Operation 10 'read' 'mul_ln6_read' <Predicate = true> <Delay = 0.00>
ST_1 : Operation 11 [1/1] (0.42ns)   --->   "%store_ln0 = store i62 0, i62 %indvar_flatten"   --->   Operation 11 'store' 'store_ln0' <Predicate = true> <Delay = 0.42>
ST_1 : Operation 12 [1/1] (0.00ns)   --->   "%br_ln18 = br void %for.inc" [hls_passthrough.cpp:18]   --->   Operation 12 'br' 'br_ln18' <Predicate = true> <Delay = 0.00>

State 2 <SV = 1> <Delay = 1.51>
ST_2 : Operation 13 [1/1] (0.00ns)   --->   "%indvar_flatten_load = load i62 %indvar_flatten" [hls_passthrough.cpp:18]   --->   Operation 13 'load' 'indvar_flatten_load' <Predicate = true> <Delay = 0.00>
ST_2 : Operation 14 [1/1] (1.08ns)   --->   "%icmp_ln18 = icmp_eq  i62 %indvar_flatten_load, i62 %mul_ln6_read" [hls_passthrough.cpp:18]   --->   Operation 14 'icmp' 'icmp_ln18' <Predicate = true> <Delay = 1.08> <CoreInst = "Cmp">   --->   Core 9 'Cmp' <Latency = 0> <II = 1> <Delay = 1.08> <FuncUnit> <Opcode : 'seteq' 'setne' 'setle' 'setge' 'setlt' 'setgt'> <InPorts = 2> <OutPorts = 1>
ST_2 : Operation 15 [1/1] (0.00ns)   --->   "%br_ln18 = br i1 %icmp_ln18, void %for.inc5, void %for.end7.exitStub" [hls_passthrough.cpp:18]   --->   Operation 15 'br' 'br_ln18' <Predicate = true> <Delay = 0.00>
ST_2 : Operation 16 [1/1] (1.08ns)   --->   "%add_ln18 = add i62 %indvar_flatten_load, i62 1" [hls_passthrough.cpp:18]   --->   Operation 16 'add' 'add_ln18' <Predicate = (!icmp_ln18)> <Delay = 1.08> <CoreInst = "Adder">   --->   Core 1 'Adder' <Latency = 0> <II = 1> <Delay = 1.08> <FuncUnit> <Opcode : 'add' 'sub'> <InPorts = 2> <OutPorts = 1>
ST_2 : Operation 17 [1/1] (0.42ns)   --->   "%store_ln18 = store i62 %add_ln18, i62 %indvar_flatten" [hls_passthrough.cpp:18]   --->   Operation 17 'store' 'store_ln18' <Predicate = (!icmp_ln18)> <Delay = 0.42>
ST_2 : Operation 28 [1/1] (0.42ns)   --->   "%ret_ln0 = ret"   --->   Operation 28 'ret' 'ret_ln0' <Predicate = (icmp_ln18)> <Delay = 0.42>

State 3 <SV = 2> <Delay = 0.57>
ST_3 : Operation 18 [1/1] (0.00ns)   --->   "%specloopname_ln0 = specloopname void @_ssdm_op_SpecLoopName, void @HLS_HEIGHT_LOOP_HLS_WIDTH_LOOP_str"   --->   Operation 18 'specloopname' 'specloopname_ln0' <Predicate = true> <Delay = 0.00>
ST_3 : Operation 19 [1/1] (0.00ns)   --->   "%specpipeline_ln22 = specpipeline void @_ssdm_op_SpecPipeline, i32 1, i32 0, i32 0, i32 0, i32 4294967295, void @empty_1" [hls_passthrough.cpp:22]   --->   Operation 19 'specpipeline' 'specpipeline_ln22' <Predicate = true> <Delay = 0.00>
ST_3 : Operation 20 [1/1] ( I:0.07ns O:0.07ns )   --->   "%empty = read i42 @_ssdm_op_Read.axis.volatile.i32P0A.i4P0A.i4P0A.i1P0A.i1P0A, i32 %in_stream_V_data_V, i4 %in_stream_V_keep_V, i4 %in_stream_V_strb_V, i1 %in_stream_V_user_V, i1 %in_stream_V_last_V" [hls_passthrough.cpp:23]   --->   Operation 20 'read' 'empty' <Predicate = true> <Delay = 0.07> <CoreInst = "regslice">   --->   Core 147 'regslice' <Latency = 0> <II = 1> <Delay = 0.65> <Adapter> <Opcode : 'read' 'write'>
ST_3 : Operation 21 [1/1] (0.00ns)   --->   "%p_s = extractvalue i42 %empty" [hls_passthrough.cpp:23]   --->   Operation 21 'extractvalue' 'p_s' <Predicate = true> <Delay = 0.00>
ST_3 : Operation 22 [1/1] (0.00ns)   --->   "%p_1 = extractvalue i42 %empty" [hls_passthrough.cpp:23]   --->   Operation 22 'extractvalue' 'p_1' <Predicate = true> <Delay = 0.00>
ST_3 : Operation 23 [1/1] (0.00ns)   --->   "%p_2 = extractvalue i42 %empty" [hls_passthrough.cpp:23]   --->   Operation 23 'extractvalue' 'p_2' <Predicate = true> <Delay = 0.00>
ST_3 : Operation 24 [1/1] (0.00ns)   --->   "%p_3 = extractvalue i42 %empty" [hls_passthrough.cpp:23]   --->   Operation 24 'extractvalue' 'p_3' <Predicate = true> <Delay = 0.00>
ST_3 : Operation 25 [1/1] (0.00ns)   --->   "%p_0 = extractvalue i42 %empty" [hls_passthrough.cpp:23]   --->   Operation 25 'extractvalue' 'p_0' <Predicate = true> <Delay = 0.00>
ST_3 : Operation 26 [1/1] ( I:0.49ns O:0.49ns )   --->   "%write_ln24 = write void @_ssdm_op_Write.axis.volatile.i32P0A.i4P0A.i4P0A.i1P0A.i1P0A, i32 %out_stream_V_data_V, i4 %out_stream_V_keep_V, i4 %out_stream_V_strb_V, i1 %out_stream_V_user_V, i1 %out_stream_V_last_V, i32 %p_s, i4 %p_1, i4 %p_2, i1 %p_3, i1 %p_0" [hls_passthrough.cpp:24]   --->   Operation 26 'write' 'write_ln24' <Predicate = true> <Delay = 0.49> <CoreInst = "regslice">   --->   Core 147 'regslice' <Latency = 0> <II = 1> <Delay = 0.65> <Adapter> <Opcode : 'read' 'write'>
ST_3 : Operation 27 [1/1] (0.00ns)   --->   "%br_ln21 = br void %for.inc" [hls_passthrough.cpp:21]   --->   Operation 27 'br' 'br_ln21' <Predicate = true> <Delay = 0.00>


============================================================
+ Verbose Summary: Binding
============================================================
STG Binding: 
---------------- STG Properties BEGIN ----------------
- Is combinational: 0
- Is one-state seq: 0
- Is datapath-only: 0
- Is pipelined: 0
- Is top level: 0
Port [ Return ] is wired: 1; IO mode=ap_ctrl_hs:ce=0
Port [ mul_ln6]:  wired=1; compound=0; hidden=0; nouse=0; global=0; static=0; extern=0; dir=0; type=0; pingpong=0; private_global=0; IO mode=ap_none:ce=0
Port [ in_stream_V_data_V]:  wired=1; compound=1; hidden=0; nouse=0; global=0; static=0; extern=0; dir=0; type=0; pingpong=0; private_global=0; IO mode=axis:ce=0
Port [ in_stream_V_keep_V]:  wired=1; compound=1; hidden=0; nouse=0; global=0; static=0; extern=0; dir=0; type=0; pingpong=0; private_global=0; IO mode=axis:ce=0
Port [ in_stream_V_strb_V]:  wired=1; compound=1; hidden=0; nouse=0; global=0; static=0; extern=0; dir=0; type=0; pingpong=0; private_global=0; IO mode=axis:ce=0
Port [ in_stream_V_user_V]:  wired=1; compound=1; hidden=0; nouse=0; global=0; static=0; extern=0; dir=0; type=0; pingpong=0; private_global=0; IO mode=axis:ce=0
Port [ in_stream_V_last_V]:  wired=1; compound=1; hidden=0; nouse=0; global=0; static=0; extern=0; dir=0; type=0; pingpong=0; private_global=0; IO mode=axis:ce=0
Port [ out_stream_V_data_V]:  wired=1; compound=1; hidden=0; nouse=0; global=0; static=0; extern=0; dir=1; type=0; pingpong=0; private_global=0; IO mode=axis:ce=0
Port [ out_stream_V_keep_V]:  wired=1; compound=1; hidden=0; nouse=0; global=0; static=0; extern=0; dir=1; type=0; pingpong=0; private_global=0; IO mode=axis:ce=0
Port [ out_stream_V_strb_V]:  wired=1; compound=1; hidden=0; nouse=0; global=0; static=0; extern=0; dir=1; type=0; pingpong=0; private_global=0; IO mode=axis:ce=0
Port [ out_stream_V_user_V]:  wired=1; compound=1; hidden=0; nouse=0; global=0; static=0; extern=0; dir=1; type=0; pingpong=0; private_global=0; IO mode=axis:ce=0
Port [ out_stream_V_last_V]:  wired=1; compound=1; hidden=0; nouse=0; global=0; static=0; extern=0; dir=1; type=0; pingpong=0; private_global=0; IO mode=axis:ce=0
---------------- STG Properties END ------------------

---------------- Datapath Model BEGIN ----------------

<LifeTime>
<method=bitvector/>
indvar_flatten          (alloca             ) [ 0110]
specaxissidechannel_ln0 (specaxissidechannel) [ 0000]
specaxissidechannel_ln0 (specaxissidechannel) [ 0000]
specinterface_ln0       (specinterface      ) [ 0000]
specinterface_ln0       (specinterface      ) [ 0000]
mul_ln6_read            (read               ) [ 0110]
store_ln0               (store              ) [ 0000]
br_ln18                 (br                 ) [ 0000]
indvar_flatten_load     (load               ) [ 0000]
icmp_ln18               (icmp               ) [ 0110]
br_ln18                 (br                 ) [ 0000]
add_ln18                (add                ) [ 0000]
store_ln18              (store              ) [ 0000]
specloopname_ln0        (specloopname       ) [ 0000]
specpipeline_ln22       (specpipeline       ) [ 0000]
empty                   (read               ) [ 0000]
p_s                     (extractvalue       ) [ 0000]
p_1                     (extractvalue       ) [ 0000]
p_2                     (extractvalue       ) [ 0000]
p_3                     (extractvalue       ) [ 0000]
p_0                     (extractvalue       ) [ 0000]
write_ln24              (write              ) [ 0000]
br_ln21                 (br                 ) [ 0000]
ret_ln0                 (ret                ) [ 0000]
</LifeTime>

<model>

<comp_list>
<comp id="0" class="1000" name="mul_ln6">
<pin_list>
<pin id="1" dir="1" index="0" bw="1" slack="0"/>
</pin_list>
<bind>
<StgValue><ssdm name="mul_ln6"/></StgValue>
</bind>
</comp>

<comp id="2" class="1000" name="in_stream_V_data_V">
<pin_list>
<pin id="3" dir="1" index="0" bw="1" slack="0"/>
</pin_list>
<bind>
<StgValue><ssdm name="in_stream_V_data_V"/></StgValue>
</bind>
</comp>

<comp id="4" class="1000" name="in_stream_V_keep_V">
<pin_list>
<pin id="5" dir="1" index="0" bw="1" slack="0"/>
</pin_list>
<bind>
<StgValue><ssdm name="in_stream_V_keep_V"/></StgValue>
</bind>
</comp>

<comp id="6" class="1000" name="in_stream_V_strb_V">
<pin_list>
<pin id="7" dir="1" index="0" bw="1" slack="0"/>
</pin_list>
<bind>
<StgValue><ssdm name="in_stream_V_strb_V"/></StgValue>
</bind>
</comp>

<comp id="8" class="1000" name="in_stream_V_user_V">
<pin_list>
<pin id="9" dir="1" index="0" bw="1" slack="0"/>
</pin_list>
<bind>
<StgValue><ssdm name="in_stream_V_user_V"/></StgValue>
</bind>
</comp>

<comp id="10" class="1000" name="in_stream_V_last_V">
<pin_list>
<pin id="11" dir="1" index="0" bw="1" slack="0"/>
</pin_list>
<bind>
<StgValue><ssdm name="in_stream_V_last_V"/></StgValue>
</bind>
</comp>

<comp id="12" class="1000" name="out_stream_V_data_V">
<pin_list>
<pin id="13" dir="1" index="0" bw="1" slack="0"/>
</pin_list>
<bind>
<StgValue><ssdm name="out_stream_V_data_V"/></StgValue>
</bind>
</comp>

<comp id="14" class="1000" name="out_stream_V_keep_V">
<pin_list>
<pin id="15" dir="1" index="0" bw="1" slack="0"/>
</pin_list>
<bind>
<StgValue><ssdm name="out_stream_V_keep_V"/></StgValue>
</bind>
</comp>

<comp id="16" class="1000" name="out_stream_V_strb_V">
<pin_list>
<pin id="17" dir="1" index="0" bw="1" slack="0"/>
</pin_list>
<bind>
<StgValue><ssdm name="out_stream_V_strb_V"/></StgValue>
</bind>
</comp>

<comp id="18" class="1000" name="out_stream_V_user_V">
<pin_list>
<pin id="19" dir="1" index="0" bw="1" slack="0"/>
</pin_list>
<bind>
<StgValue><ssdm name="out_stream_V_user_V"/></StgValue>
</bind>
</comp>

<comp id="20" class="1000" name="out_stream_V_last_V">
<pin_list>
<pin id="21" dir="1" index="0" bw="1" slack="0"/>
</pin_list>
<bind>
<StgValue><ssdm name="out_stream_V_last_V"/></StgValue>
</bind>
</comp>

<comp id="22" class="1001" name="const_22">
<pin_list>
<pin id="23" dir="1" index="0" bw="1" slack="0"/>
</pin_list>
<bind>
<StgValue><ssdm name=""/></StgValue>
</bind>
</comp>

<comp id="24" class="1001" name="const_24">
<pin_list>
<pin id="25" dir="1" index="0" bw="1" slack="2147483647"/>
</pin_list>
<bind>
<StgValue><ssdm name="_ssdm_op_SpecAXISSideChannel"/></StgValue>
</bind>
</comp>

<comp id="26" class="1001" name="const_26">
<pin_list>
<pin id="27" dir="1" index="0" bw="1" slack="2147483647"/>
</pin_list>
<bind>
<StgValue><ssdm name=""/></StgValue>
</bind>
</comp>

<comp id="28" class="1001" name="const_28">
<pin_list>
<pin id="29" dir="1" index="0" bw="1" slack="2147483647"/>
</pin_list>
<bind>
<StgValue><ssdm name="empty_7"/></StgValue>
</bind>
</comp>

<comp id="30" class="1001" name="const_30">
<pin_list>
<pin id="31" dir="1" index="0" bw="1" slack="2147483647"/>
</pin_list>
<bind>
<StgValue><ssdm name="empty_8"/></StgValue>
</bind>
</comp>

<comp id="32" class="1001" name="const_32">
<pin_list>
<pin id="33" dir="1" index="0" bw="1" slack="2147483647"/>
</pin_list>
<bind>
<StgValue><ssdm name="_ssdm_op_SpecInterface"/></StgValue>
</bind>
</comp>

<comp id="34" class="1001" name="const_34">
<pin_list>
<pin id="35" dir="1" index="0" bw="1" slack="2147483647"/>
</pin_list>
<bind>
<StgValue><ssdm name="empty"/></StgValue>
</bind>
</comp>

<comp id="36" class="1001" name="const_36">
<pin_list>
<pin id="37" dir="1" index="0" bw="1" slack="2147483647"/>
</pin_list>
<bind>
<StgValue><ssdm name=""/></StgValue>
</bind>
</comp>

<comp id="38" class="1001" name="const_38">
<pin_list>
<pin id="39" dir="1" index="0" bw="1" slack="2147483647"/>
</pin_list>
<bind>
<StgValue><ssdm name="empty_0"/></StgValue>
</bind>
</comp>

<comp id="40" class="1001" name="const_40">
<pin_list>
<pin id="41" dir="1" index="0" bw="1" slack="2147483647"/>
</pin_list>
<bind>
<StgValue><ssdm name="empty_1"/></StgValue>
</bind>
</comp>

<comp id="42" class="1001" name="const_42">
<pin_list>
<pin id="43" dir="1" index="0" bw="1" slack="2147483647"/>
</pin_list>
<bind>
<StgValue><ssdm name=""/></StgValue>
</bind>
</comp>

<comp id="44" class="1001" name="const_44">
<pin_list>
<pin id="45" dir="1" index="0" bw="1" slack="0"/>
</pin_list>
<bind>
<StgValue><ssdm name="_ssdm_op_Read.ap_auto.i62"/></StgValue>
</bind>
</comp>

<comp id="46" class="1001" name="const_46">
<pin_list>
<pin id="47" dir="1" index="0" bw="1" slack="0"/>
</pin_list>
<bind>
<StgValue><ssdm name=""/></StgValue>
</bind>
</comp>

<comp id="48" class="1001" name="const_48">
<pin_list>
<pin id="49" dir="1" index="0" bw="1" slack="0"/>
</pin_list>
<bind>
<StgValue><ssdm name=""/></StgValue>
</bind>
</comp>

<comp id="50" class="1001" name="const_50">
<pin_list>
<pin id="51" dir="1" index="0" bw="1" slack="2147483647"/>
</pin_list>
<bind>
<StgValue><ssdm name="_ssdm_op_SpecLoopName"/></StgValue>
</bind>
</comp>

<comp id="52" class="1001" name="const_52">
<pin_list>
<pin id="53" dir="1" index="0" bw="1" slack="2147483647"/>
</pin_list>
<bind>
<StgValue><ssdm name="HLS_HEIGHT_LOOP_HLS_WIDTH_LOOP_str"/></StgValue>
</bind>
</comp>

<comp id="54" class="1001" name="const_54">
<pin_list>
<pin id="55" dir="1" index="0" bw="1" slack="2147483647"/>
</pin_list>
<bind>
<StgValue><ssdm name="_ssdm_op_SpecPipeline"/></StgValue>
</bind>
</comp>

<comp id="56" class="1001" name="const_56">
<pin_list>
<pin id="57" dir="1" index="0" bw="1" slack="0"/>
</pin_list>
<bind>
<StgValue><ssdm name="_ssdm_op_Read.axis.volatile.i32P0A.i4P0A.i4P0A.i1P0A.i1P0A"/></StgValue>
</bind>
</comp>

<comp id="58" class="1001" name="const_58">
<pin_list>
<pin id="59" dir="1" index="0" bw="1" slack="0"/>
</pin_list>
<bind>
<StgValue><ssdm name="_ssdm_op_Write.axis.volatile.i32P0A.i4P0A.i4P0A.i1P0A.i1P0A"/></StgValue>
</bind>
</comp>

<comp id="60" class="1004" name="indvar_flatten_fu_60">
<pin_list>
<pin id="61" dir="0" index="0" bw="1" slack="0"/>
<pin id="62" dir="1" index="1" bw="62" slack="0"/>
</pin_list>
<bind>
<opcode="alloca(26) " fcode="alloca"/>
<opset="indvar_flatten/1 "/>
</bind>
</comp>

<comp id="64" class="1004" name="mul_ln6_read_read_fu_64">
<pin_list>
<pin id="65" dir="0" index="0" bw="62" slack="0"/>
<pin id="66" dir="0" index="1" bw="62" slack="0"/>
<pin id="67" dir="1" index="2" bw="62" slack="1"/>
</pin_list>
<bind>
<opcode="read(1150) " fcode="read"/>
<opset="mul_ln6_read/1 "/>
</bind>
</comp>

<comp id="70" class="1004" name="empty_read_fu_70">
<pin_list>
<pin id="71" dir="0" index="0" bw="42" slack="0"/>
<pin id="72" dir="0" index="1" bw="32" slack="0"/>
<pin id="73" dir="0" index="2" bw="4" slack="0"/>
<pin id="74" dir="0" index="3" bw="4" slack="0"/>
<pin id="75" dir="0" index="4" bw="1" slack="0"/>
<pin id="76" dir="0" index="5" bw="1" slack="0"/>
<pin id="77" dir="1" index="6" bw="42" slack="0"/>
</pin_list>
<bind>
<opcode="read(1150) " fcode="read"/>
<opset="empty/3 "/>
</bind>
</comp>

<comp id="84" class="1004" name="write_ln24_write_fu_84">
<pin_list>
<pin id="85" dir="0" index="0" bw="0" slack="0"/>
<pin id="86" dir="0" index="1" bw="32" slack="0"/>
<pin id="87" dir="0" index="2" bw="4" slack="0"/>
<pin id="88" dir="0" index="3" bw="4" slack="0"/>
<pin id="89" dir="0" index="4" bw="1" slack="0"/>
<pin id="90" dir="0" index="5" bw="1" slack="0"/>
<pin id="91" dir="0" index="6" bw="32" slack="0"/>
<pin id="92" dir="0" index="7" bw="4" slack="0"/>
<pin id="93" dir="0" index="8" bw="4" slack="0"/>
<pin id="94" dir="0" index="9" bw="1" slack="0"/>
<pin id="95" dir="0" index="10" bw="1" slack="0"/>
<pin id="96" dir="1" index="11" bw="0" slack="2147483647"/>
</pin_list>
<bind>
<opcode="write(1151) " fcode="write"/>
<opset="write_ln24/3 "/>
</bind>
</comp>

<comp id="103" class="1004" name="store_ln0_store_fu_103">
<pin_list>
<pin id="104" dir="0" index="0" bw="1" slack="0"/>
<pin id="105" dir="0" index="1" bw="62" slack="0"/>
<pin id="106" dir="1" index="2" bw="0" slack="2147483647"/>
</pin_list>
<bind>
<opcode="store(28) " fcode="store"/>
<opset="store_ln0/1 "/>
</bind>
</comp>

<comp id="108" class="1004" name="indvar_flatten_load_load_fu_108">
<pin_list>
<pin id="109" dir="0" index="0" bw="62" slack="1"/>
<pin id="110" dir="1" index="1" bw="62" slack="0"/>
</pin_list>
<bind>
<opcode="load(27) " fcode="load"/>
<opset="indvar_flatten_load/2 "/>
</bind>
</comp>

<comp id="111" class="1004" name="icmp_ln18_fu_111">
<pin_list>
<pin id="112" dir="0" index="0" bw="62" slack="0"/>
<pin id="113" dir="0" index="1" bw="62" slack="1"/>
<pin id="114" dir="1" index="2" bw="1" slack="2147483647"/>
</pin_list>
<bind>
<opcode="icmp(45) " fcode="icmp"/>
<opset="icmp_ln18/2 "/>
</bind>
</comp>

<comp id="116" class="1004" name="add_ln18_fu_116">
<pin_list>
<pin id="117" dir="0" index="0" bw="62" slack="0"/>
<pin id="118" dir="0" index="1" bw="1" slack="0"/>
<pin id="119" dir="1" index="2" bw="62" slack="0"/>
</pin_list>
<bind>
<opcode="add(8) " fcode="add"/>
<opset="add_ln18/2 "/>
</bind>
</comp>

<comp id="122" class="1004" name="store_ln18_store_fu_122">
<pin_list>
<pin id="123" dir="0" index="0" bw="62" slack="0"/>
<pin id="124" dir="0" index="1" bw="62" slack="1"/>
<pin id="125" dir="1" index="2" bw="0" slack="2147483647"/>
</pin_list>
<bind>
<opcode="store(28) " fcode="store"/>
<opset="store_ln18/2 "/>
</bind>
</comp>

<comp id="127" class="1004" name="p_s_fu_127">
<pin_list>
<pin id="128" dir="0" index="0" bw="42" slack="0"/>
<pin id="129" dir="1" index="1" bw="32" slack="0"/>
</pin_list>
<bind>
<opcode="extractvalue(56) " fcode="extractvalue"/>
<opset="p_s/3 "/>
</bind>
</comp>

<comp id="132" class="1004" name="p_1_fu_132">
<pin_list>
<pin id="133" dir="0" index="0" bw="42" slack="0"/>
<pin id="134" dir="1" index="1" bw="4" slack="0"/>
</pin_list>
<bind>
<opcode="extractvalue(56) " fcode="extractvalue"/>
<opset="p_1/3 "/>
</bind>
</comp>

<comp id="137" class="1004" name="p_2_fu_137">
<pin_list>
<pin id="138" dir="0" index="0" bw="42" slack="0"/>
<pin id="139" dir="1" index="1" bw="4" slack="0"/>
</pin_list>
<bind>
<opcode="extractvalue(56) " fcode="extractvalue"/>
<opset="p_2/3 "/>
</bind>
</comp>

<comp id="142" class="1004" name="p_3_fu_142">
<pin_list>
<pin id="143" dir="0" index="0" bw="42" slack="0"/>
<pin id="144" dir="1" index="1" bw="1" slack="0"/>
</pin_list>
<bind>
<opcode="extractvalue(56) " fcode="extractvalue"/>
<opset="p_3/3 "/>
</bind>
</comp>

<comp id="147" class="1004" name="p_0_fu_147">
<pin_list>
<pin id="148" dir="0" index="0" bw="42" slack="0"/>
<pin id="149" dir="1" index="1" bw="1" slack="0"/>
</pin_list>
<bind>
<opcode="extractvalue(56) " fcode="extractvalue"/>
<opset="p_0/3 "/>
</bind>
</comp>

<comp id="152" class="1005" name="indvar_flatten_reg_152">
<pin_list>
<pin id="153" dir="0" index="0" bw="62" slack="0"/>
<pin id="154" dir="1" index="1" bw="62" slack="0"/>
</pin_list>
<bind>
<opset="indvar_flatten "/>
</bind>
</comp>

<comp id="159" class="1005" name="mul_ln6_read_reg_159">
<pin_list>
<pin id="160" dir="0" index="0" bw="62" slack="1"/>
<pin id="161" dir="1" index="1" bw="62" slack="1"/>
</pin_list>
<bind>
<opset="mul_ln6_read "/>
</bind>
</comp>

</comp_list>

<net_list>
<net id="63"><net_src comp="22" pin="0"/><net_sink comp="60" pin=0"/></net>

<net id="68"><net_src comp="44" pin="0"/><net_sink comp="64" pin=0"/></net>

<net id="69"><net_src comp="0" pin="0"/><net_sink comp="64" pin=1"/></net>

<net id="78"><net_src comp="56" pin="0"/><net_sink comp="70" pin=0"/></net>

<net id="79"><net_src comp="2" pin="0"/><net_sink comp="70" pin=1"/></net>

<net id="80"><net_src comp="4" pin="0"/><net_sink comp="70" pin=2"/></net>

<net id="81"><net_src comp="6" pin="0"/><net_sink comp="70" pin=3"/></net>

<net id="82"><net_src comp="8" pin="0"/><net_sink comp="70" pin=4"/></net>

<net id="83"><net_src comp="10" pin="0"/><net_sink comp="70" pin=5"/></net>

<net id="97"><net_src comp="58" pin="0"/><net_sink comp="84" pin=0"/></net>

<net id="98"><net_src comp="12" pin="0"/><net_sink comp="84" pin=1"/></net>

<net id="99"><net_src comp="14" pin="0"/><net_sink comp="84" pin=2"/></net>

<net id="100"><net_src comp="16" pin="0"/><net_sink comp="84" pin=3"/></net>

<net id="101"><net_src comp="18" pin="0"/><net_sink comp="84" pin=4"/></net>

<net id="102"><net_src comp="20" pin="0"/><net_sink comp="84" pin=5"/></net>

<net id="107"><net_src comp="46" pin="0"/><net_sink comp="103" pin=0"/></net>

<net id="115"><net_src comp="108" pin="1"/><net_sink comp="111" pin=0"/></net>

<net id="120"><net_src comp="108" pin="1"/><net_sink comp="116" pin=0"/></net>

<net id="121"><net_src comp="48" pin="0"/><net_sink comp="116" pin=1"/></net>

<net id="126"><net_src comp="116" pin="2"/><net_sink comp="122" pin=0"/></net>

<net id="130"><net_src comp="70" pin="6"/><net_sink comp="127" pin=0"/></net>

<net id="131"><net_src comp="127" pin="1"/><net_sink comp="84" pin=6"/></net>

<net id="135"><net_src comp="70" pin="6"/><net_sink comp="132" pin=0"/></net>

<net id="136"><net_src comp="132" pin="1"/><net_sink comp="84" pin=7"/></net>

<net id="140"><net_src comp="70" pin="6"/><net_sink comp="137" pin=0"/></net>

<net id="141"><net_src comp="137" pin="1"/><net_sink comp="84" pin=8"/></net>

<net id="145"><net_src comp="70" pin="6"/><net_sink comp="142" pin=0"/></net>

<net id="146"><net_src comp="142" pin="1"/><net_sink comp="84" pin=9"/></net>

<net id="150"><net_src comp="70" pin="6"/><net_sink comp="147" pin=0"/></net>

<net id="151"><net_src comp="147" pin="1"/><net_sink comp="84" pin=10"/></net>

<net id="155"><net_src comp="60" pin="1"/><net_sink comp="152" pin=0"/></net>

<net id="156"><net_src comp="152" pin="1"/><net_sink comp="103" pin=1"/></net>

<net id="157"><net_src comp="152" pin="1"/><net_sink comp="108" pin=0"/></net>

<net id="158"><net_src comp="152" pin="1"/><net_sink comp="122" pin=1"/></net>

<net id="162"><net_src comp="64" pin="2"/><net_sink comp="159" pin=0"/></net>

<net id="163"><net_src comp="159" pin="1"/><net_sink comp="111" pin=1"/></net>

</net_list>

</model> 
---------------- Datapath Model END ------------------

* FSMD analyzer results:
  - Output states:
	Port: out_stream_V_data_V | {3 }
	Port: out_stream_V_keep_V | {3 }
	Port: out_stream_V_strb_V | {3 }
	Port: out_stream_V_user_V | {3 }
	Port: out_stream_V_last_V | {3 }
 - Input state : 
	Port: hls_passthrough_Pipeline_HLS_HEIGHT_LOOP_HLS_WIDTH_LOOP : mul_ln6 | {1 }
	Port: hls_passthrough_Pipeline_HLS_HEIGHT_LOOP_HLS_WIDTH_LOOP : in_stream_V_data_V | {3 }
	Port: hls_passthrough_Pipeline_HLS_HEIGHT_LOOP_HLS_WIDTH_LOOP : in_stream_V_keep_V | {3 }
	Port: hls_passthrough_Pipeline_HLS_HEIGHT_LOOP_HLS_WIDTH_LOOP : in_stream_V_strb_V | {3 }
	Port: hls_passthrough_Pipeline_HLS_HEIGHT_LOOP_HLS_WIDTH_LOOP : in_stream_V_user_V | {3 }
	Port: hls_passthrough_Pipeline_HLS_HEIGHT_LOOP_HLS_WIDTH_LOOP : in_stream_V_last_V | {3 }
  - Chain level:
	State 1
		store_ln0 : 1
	State 2
		icmp_ln18 : 1
		br_ln18 : 2
		add_ln18 : 1
		store_ln18 : 2
	State 3
		write_ln24 : 1


============================================================
+ Verbose Summary: Datapath Resource usage 
============================================================

* Functional unit list:
|----------|-------------------------|---------|---------|
| Operation|     Functional Unit     |    FF   |   LUT   |
|----------|-------------------------|---------|---------|
|   icmp   |     icmp_ln18_fu_111    |    0    |    69   |
|----------|-------------------------|---------|---------|
|    add   |     add_ln18_fu_116     |    0    |    69   |
|----------|-------------------------|---------|---------|
|   read   | mul_ln6_read_read_fu_64 |    0    |    0    |
|          |     empty_read_fu_70    |    0    |    0    |
|----------|-------------------------|---------|---------|
|   write  |  write_ln24_write_fu_84 |    0    |    0    |
|----------|-------------------------|---------|---------|
|          |        p_s_fu_127       |    0    |    0    |
|          |        p_1_fu_132       |    0    |    0    |
|extractvalue|        p_2_fu_137       |    0    |    0    |
|          |        p_3_fu_142       |    0    |    0    |
|          |        p_0_fu_147       |    0    |    0    |
|----------|-------------------------|---------|---------|
|   Total  |                         |    0    |   138   |
|----------|-------------------------|---------|---------|

Memories:
N/A

* Register list:
+----------------------+--------+
|                      |   FF   |
+----------------------+--------+
|indvar_flatten_reg_152|   62   |
| mul_ln6_read_reg_159 |   62   |
+----------------------+--------+
|         Total        |   124  |
+----------------------+--------+

* Multiplexer (MUX) list: 
|--------|------|------|------|--------|
|  Comp  |  Pin | Size |  BW  | S x BW |
|--------|------|------|------|--------|
|  Total |      |      |      |    0   |
|--------|------|------|------|--------|



* Summary:
+-----------+--------+--------+
|           |   FF   |   LUT  |
+-----------+--------+--------+
|  Function |    0   |   138  |
|   Memory  |    -   |    -   |
|Multiplexer|    -   |    -   |
|  Register |   124  |    -   |
+-----------+--------+--------+
|   Total   |   124  |   138  |
+-----------+--------+--------+
