Copyright 1986-2022 Xilinx, Inc. All Rights Reserved. Copyright 2022-2025 Advanced Micro Devices, Inc. All Rights Reserved.
--------------------------------------------------------------------------------------------------------------------------------------------------------------------------------------------------------------------------------------------
| Tool Version      : Vivado v.2025.2 (win64) Build 6299465 Fri Nov 14 19:35:11 GMT 2025
| Date              : Sun Apr 12 22:04:51 2026
| Host              : N166A running 64-bit major release  (build 9200)
| Command           : report_timing_summary -max_paths 10 -routable_nets -report_unconstrained -file rgb_2_hsv_timing_summary_routed.rpt -pb rgb_2_hsv_timing_summary_routed.pb -rpx rgb_2_hsv_timing_summary_routed.rpx -warn_on_violation
| Design            : rgb_2_hsv
| Device            : xck26-sfvc784
| Speed File        : -2LV  PRODUCTION 1.30 05-15-2022
| Design State      : Routed
| Temperature Grade : C
--------------------------------------------------------------------------------------------------------------------------------------------------------------------------------------------------------------------------------------------

Timing Summary Report

------------------------------------------------------------------------------------------------
| Timer Settings
| --------------
------------------------------------------------------------------------------------------------

  Enable Multi Corner Analysis               :  Yes
  Enable Pessimism Removal                   :  Yes
  Pessimism Removal Resolution               :  Nearest Common Node
  Enable Input Delay Default Clock           :  No
  Enable Preset / Clear Arcs                 :  No
  Disable Flight Delays                      :  No
  Ignore I/O Paths                           :  No
  Timing Early Launch at Borrowing Latches   :  No
  Borrow Time for Max Delay Exceptions       :  Yes
  Merge Timing Exceptions                    :  Yes
  Inter-SLR Compensation                     :  Conservative

  Corner  Analyze    Analyze    
  Name    Max Paths  Min Paths  
  ------  ---------  ---------  
  Slow    Yes        Yes        
  Fast    Yes        Yes        


------------------------------------------------------------------------------------------------
| Report Methodology
| ------------------
------------------------------------------------------------------------------------------------

Rule       Severity          Description                  Violations  
---------  ----------------  ---------------------------  ----------  
TIMING-17  Critical Warning  Non-clocked sequential cell  136         
SYNTH-9    Warning           Small multiplier             6           

Note: This report is based on the most recent report_methodology run and may not be up-to-date. Run report_methodology on the current design for the latest report.



check_timing report

Table of Contents
-----------------
1. checking no_clock (136)
2. checking constant_clock (0)
3. checking pulse_width_clock (0)
4. checking unconstrained_internal_endpoints (450)
5. checking no_input_delay (29)
6. checking no_output_delay (28)
7. checking multiple_clock (0)
8. checking generated_clocks (0)
9. checking loops (0)
10. checking partial_input_delay (0)
11. checking partial_output_delay (0)
12. checking latch_loops (0)

1. checking no_clock (136)
--------------------------
 There are 136 register/latch pins with no clock driven by root clock pin: clk (HIGH)


2. checking constant_clock (0)
------------------------------
 There are 0 register/latch pins with constant_clock.


3. checking pulse_width_clock (0)
---------------------------------
 There are 0 register/latch pins which need pulse_width check


4. checking unconstrained_internal_endpoints (450)
--------------------------------------------------
 There are 450 pins that are not constrained for maximum delay. (HIGH)

 There are 0 pins that are not constrained for maximum delay due to constant clock.


5. checking no_input_delay (29)
-------------------------------
 There are 29 input ports with no input delay specified. (HIGH)

 There are 0 input ports with no input delay but user has a false path constraint.


6. checking no_output_delay (28)
--------------------------------
 There are 28 ports with no output delay specified. (HIGH)

 There are 0 ports with no output delay but user has a false path constraint

 There are 0 ports with no output delay but with a timing clock defined on it or propagating through it


7. checking multiple_clock (0)
------------------------------
 There are 0 register/latch pins with multiple clocks.


8. checking generated_clocks (0)
--------------------------------
 There are 0 generated clocks that are not connected to a clock source.


9. checking loops (0)
---------------------
 There are 0 combinational loops in the design.


10. checking partial_input_delay (0)
------------------------------------
 There are 0 input ports with partial input delay specified.


11. checking partial_output_delay (0)
-------------------------------------
 There are 0 ports with partial output delay specified.


12. checking latch_loops (0)
----------------------------
 There are 0 combinational latch loops in the design through latch input



------------------------------------------------------------------------------------------------
| Design Timing Summary
| ---------------------
------------------------------------------------------------------------------------------------

    WNS(ns)      TNS(ns)  TNS Failing Endpoints  TNS Total Endpoints      WHS(ns)      THS(ns)  THS Failing Endpoints  THS Total Endpoints     WPWS(ns)     TPWS(ns)  TPWS Failing Endpoints  TPWS Total Endpoints  
    -------      -------  ---------------------  -------------------      -------      -------  ---------------------  -------------------     --------     --------  ----------------------  --------------------  
        inf        0.000                      0                  291          inf        0.000                      0                  291           NA           NA                      NA                    NA  


There are no user specified timing constraints.


------------------------------------------------------------------------------------------------
| Clock Summary
| -------------
------------------------------------------------------------------------------------------------


------------------------------------------------------------------------------------------------
| Intra Clock Table
| -----------------
------------------------------------------------------------------------------------------------

Clock             WNS(ns)      TNS(ns)  TNS Failing Endpoints  TNS Total Endpoints      WHS(ns)      THS(ns)  THS Failing Endpoints  THS Total Endpoints     WPWS(ns)     TPWS(ns)  TPWS Failing Endpoints  TPWS Total Endpoints  
-----             -------      -------  ---------------------  -------------------      -------      -------  ---------------------  -------------------     --------     --------  ----------------------  --------------------  


------------------------------------------------------------------------------------------------
| Inter Clock Table
| -----------------
------------------------------------------------------------------------------------------------

From Clock    To Clock          WNS(ns)      TNS(ns)  TNS Failing Endpoints  TNS Total Endpoints      WHS(ns)      THS(ns)  THS Failing Endpoints  THS Total Endpoints  
----------    --------          -------      -------  ---------------------  -------------------      -------      -------  ---------------------  -------------------  


------------------------------------------------------------------------------------------------
| Other Path Groups Table
| -----------------------
------------------------------------------------------------------------------------------------

Path Group    From Clock    To Clock          WNS(ns)      TNS(ns)  TNS Failing Endpoints  TNS Total Endpoints      WHS(ns)      THS(ns)  THS Failing Endpoints  THS Total Endpoints  
----------    ----------    --------          -------      -------  ---------------------  -------------------      -------      -------  ---------------------  -------------------  


------------------------------------------------------------------------------------------------
| User Ignored Path Table
| -----------------------
------------------------------------------------------------------------------------------------

Path Group    From Clock    To Clock    
----------    ----------    --------    


------------------------------------------------------------------------------------------------
| Unconstrained Path Table
| ------------------------
------------------------------------------------------------------------------------------------

Path Group    From Clock    To Clock    
----------    ----------    --------    
(none)                                    


------------------------------------------------------------------------------------------------
| Timing Details
| --------------
------------------------------------------------------------------------------------------------


--------------------------------------------------------------------------------------
Path Group:  (none)
From Clock:  
  To Clock:  

Max Delay           291 Endpoints
Min Delay           291 Endpoints
--------------------------------------------------------------------------------------


Max Delay Paths
--------------------------------------------------------------------------------------
Slack:                    inf
  Source:                 rst
                            (input port)
  Destination:            f4_max_reg[0]_srl2/CE
  Path Group:             (none)
  Path Type:              Max at Slow Process Corner
  Data Path Delay:        4.326ns  (logic 0.686ns (15.859%)  route 3.640ns (84.141%))
  Logic Levels:           3  (IBUFCTRL=1 INBUF=1 LUT3=1)

    Location             Delay type                Incr(ns)  Path(ns)    Netlist Resource(s)
  -------------------------------------------------------------------    -------------------
    K1                                                0.000     0.000 r  rst (IN)
                         net (fo=0)                   0.000     0.000    rst_IBUF_inst/I
    K1                   INBUF (Prop_INBUF_HPIOB_S_PAD_O)
                                                      0.533     0.533 r  rst_IBUF_inst/INBUF_INST/O
                         net (fo=1, routed)           0.000     0.533    rst_IBUF_inst/OUT
    K1                   IBUFCTRL (Prop_IBUFCTRL_HPIOB_S_I_O)
                                                      0.000     0.533 r  rst_IBUF_inst/IBUFCTRL_INST/O
                         net (fo=8, routed)           1.564     2.097    rst_IBUF
    SLICE_X22Y172        LUT3 (Prop_H6LUT_SLICEL_I2_O)
                                                      0.153     2.250 r  f1_max[7]_i_1/O
                         net (fo=128, routed)         2.076     4.326    f1_r[0]
    SLICE_X21Y183        SRL16E                                       r  f4_max_reg[0]_srl2/CE
  -------------------------------------------------------------------    -------------------

Slack:                    inf
  Source:                 rst
                            (input port)
  Destination:            f4_max_reg[1]_srl2/CE
  Path Group:             (none)
  Path Type:              Max at Slow Process Corner
  Data Path Delay:        4.326ns  (logic 0.686ns (15.859%)  route 3.640ns (84.141%))
  Logic Levels:           3  (IBUFCTRL=1 INBUF=1 LUT3=1)

    Location             Delay type                Incr(ns)  Path(ns)    Netlist Resource(s)
  -------------------------------------------------------------------    -------------------
    K1                                                0.000     0.000 r  rst (IN)
                         net (fo=0)                   0.000     0.000    rst_IBUF_inst/I
    K1                   INBUF (Prop_INBUF_HPIOB_S_PAD_O)
                                                      0.533     0.533 r  rst_IBUF_inst/INBUF_INST/O
                         net (fo=1, routed)           0.000     0.533    rst_IBUF_inst/OUT
    K1                   IBUFCTRL (Prop_IBUFCTRL_HPIOB_S_I_O)
                                                      0.000     0.533 r  rst_IBUF_inst/IBUFCTRL_INST/O
                         net (fo=8, routed)           1.564     2.097    rst_IBUF
    SLICE_X22Y172        LUT3 (Prop_H6LUT_SLICEL_I2_O)
                                                      0.153     2.250 r  f1_max[7]_i_1/O
                         net (fo=128, routed)         2.076     4.326    f1_r[0]
    SLICE_X21Y183        SRL16E                                       r  f4_max_reg[1]_srl2/CE
  -------------------------------------------------------------------    -------------------

Slack:                    inf
  Source:                 rst
                            (input port)
  Destination:            f4_max_reg[2]_srl2/CE
  Path Group:             (none)
  Path Type:              Max at Slow Process Corner
  Data Path Delay:        4.326ns  (logic 0.686ns (15.859%)  route 3.640ns (84.141%))
  Logic Levels:           3  (IBUFCTRL=1 INBUF=1 LUT3=1)

    Location             Delay type                Incr(ns)  Path(ns)    Netlist Resource(s)
  -------------------------------------------------------------------    -------------------
    K1                                                0.000     0.000 r  rst (IN)
                         net (fo=0)                   0.000     0.000    rst_IBUF_inst/I
    K1                   INBUF (Prop_INBUF_HPIOB_S_PAD_O)
                                                      0.533     0.533 r  rst_IBUF_inst/INBUF_INST/O
                         net (fo=1, routed)           0.000     0.533    rst_IBUF_inst/OUT
    K1                   IBUFCTRL (Prop_IBUFCTRL_HPIOB_S_I_O)
                                                      0.000     0.533 r  rst_IBUF_inst/IBUFCTRL_INST/O
                         net (fo=8, routed)           1.564     2.097    rst_IBUF
    SLICE_X22Y172        LUT3 (Prop_H6LUT_SLICEL_I2_O)
                                                      0.153     2.250 r  f1_max[7]_i_1/O
                         net (fo=128, routed)         2.076     4.326    f1_r[0]
    SLICE_X21Y183        SRL16E                                       r  f4_max_reg[2]_srl2/CE
  -------------------------------------------------------------------    -------------------

Slack:                    inf
  Source:                 rst
                            (input port)
  Destination:            f4_max_reg[3]_srl2/CE
  Path Group:             (none)
  Path Type:              Max at Slow Process Corner
  Data Path Delay:        4.326ns  (logic 0.686ns (15.859%)  route 3.640ns (84.141%))
  Logic Levels:           3  (IBUFCTRL=1 INBUF=1 LUT3=1)

    Location             Delay type                Incr(ns)  Path(ns)    Netlist Resource(s)
  -------------------------------------------------------------------    -------------------
    K1                                                0.000     0.000 r  rst (IN)
                         net (fo=0)                   0.000     0.000    rst_IBUF_inst/I
    K1                   INBUF (Prop_INBUF_HPIOB_S_PAD_O)
                                                      0.533     0.533 r  rst_IBUF_inst/INBUF_INST/O
                         net (fo=1, routed)           0.000     0.533    rst_IBUF_inst/OUT
    K1                   IBUFCTRL (Prop_IBUFCTRL_HPIOB_S_I_O)
                                                      0.000     0.533 r  rst_IBUF_inst/IBUFCTRL_INST/O
                         net (fo=8, routed)           1.564     2.097    rst_IBUF
    SLICE_X22Y172        LUT3 (Prop_H6LUT_SLICEL_I2_O)
                                                      0.153     2.250 r  f1_max[7]_i_1/O
                         net (fo=128, routed)         2.076     4.326    f1_r[0]
    SLICE_X21Y183        SRL16E                                       r  f4_max_reg[3]_srl2/CE
  -------------------------------------------------------------------    -------------------

Slack:                    inf
  Source:                 rst
                            (input port)
  Destination:            f4_max_reg[4]_srl2/CE
  Path Group:             (none)
  Path Type:              Max at Slow Process Corner
  Data Path Delay:        4.326ns  (logic 0.686ns (15.859%)  route 3.640ns (84.141%))
  Logic Levels:           3  (IBUFCTRL=1 INBUF=1 LUT3=1)

    Location             Delay type                Incr(ns)  Path(ns)    Netlist Resource(s)
  -------------------------------------------------------------------    -------------------
    K1                                                0.000     0.000 r  rst (IN)
                         net (fo=0)                   0.000     0.000    rst_IBUF_inst/I
    K1                   INBUF (Prop_INBUF_HPIOB_S_PAD_O)
                                                      0.533     0.533 r  rst_IBUF_inst/INBUF_INST/O
                         net (fo=1, routed)           0.000     0.533    rst_IBUF_inst/OUT
    K1                   IBUFCTRL (Prop_IBUFCTRL_HPIOB_S_I_O)
                                                      0.000     0.533 r  rst_IBUF_inst/IBUFCTRL_INST/O
                         net (fo=8, routed)           1.564     2.097    rst_IBUF
    SLICE_X22Y172        LUT3 (Prop_H6LUT_SLICEL_I2_O)
                                                      0.153     2.250 r  f1_max[7]_i_1/O
                         net (fo=128, routed)         2.076     4.326    f1_r[0]
    SLICE_X21Y183        SRL16E                                       r  f4_max_reg[4]_srl2/CE
  -------------------------------------------------------------------    -------------------

Slack:                    inf
  Source:                 rst
                            (input port)
  Destination:            f4_max_reg[5]_srl2/CE
  Path Group:             (none)
  Path Type:              Max at Slow Process Corner
  Data Path Delay:        4.326ns  (logic 0.686ns (15.859%)  route 3.640ns (84.141%))
  Logic Levels:           3  (IBUFCTRL=1 INBUF=1 LUT3=1)

    Location             Delay type                Incr(ns)  Path(ns)    Netlist Resource(s)
  -------------------------------------------------------------------    -------------------
    K1                                                0.000     0.000 r  rst (IN)
                         net (fo=0)                   0.000     0.000    rst_IBUF_inst/I
    K1                   INBUF (Prop_INBUF_HPIOB_S_PAD_O)
                                                      0.533     0.533 r  rst_IBUF_inst/INBUF_INST/O
                         net (fo=1, routed)           0.000     0.533    rst_IBUF_inst/OUT
    K1                   IBUFCTRL (Prop_IBUFCTRL_HPIOB_S_I_O)
                                                      0.000     0.533 r  rst_IBUF_inst/IBUFCTRL_INST/O
                         net (fo=8, routed)           1.564     2.097    rst_IBUF
    SLICE_X22Y172        LUT3 (Prop_H6LUT_SLICEL_I2_O)
                                                      0.153     2.250 r  f1_max[7]_i_1/O
                         net (fo=128, routed)         2.076     4.326    f1_r[0]
    SLICE_X21Y183        SRL16E                                       r  f4_max_reg[5]_srl2/CE
  -------------------------------------------------------------------    -------------------

Slack:                    inf
  Source:                 rst
                            (input port)
  Destination:            f4_max_reg[6]_srl2/CE
  Path Group:             (none)
  Path Type:              Max at Slow Process Corner
  Data Path Delay:        4.326ns  (logic 0.686ns (15.859%)  route 3.640ns (84.141%))
  Logic Levels:           3  (IBUFCTRL=1 INBUF=1 LUT3=1)

    Location             Delay type                Incr(ns)  Path(ns)    Netlist Resource(s)
  -------------------------------------------------------------------    -------------------
    K1                                                0.000     0.000 r  rst (IN)
                         net (fo=0)                   0.000     0.000    rst_IBUF_inst/I
    K1                   INBUF (Prop_INBUF_HPIOB_S_PAD_O)
                                                      0.533     0.533 r  rst_IBUF_inst/INBUF_INST/O
                         net (fo=1, routed)           0.000     0.533    rst_IBUF_inst/OUT
    K1                   IBUFCTRL (Prop_IBUFCTRL_HPIOB_S_I_O)
                                                      0.000     0.533 r  rst_IBUF_inst/IBUFCTRL_INST/O
                         net (fo=8, routed)           1.564     2.097    rst_IBUF
    SLICE_X22Y172        LUT3 (Prop_H6LUT_SLICEL_I2_O)
                                                      0.153     2.250 r  f1_max[7]_i_1/O
                         net (fo=128, routed)         2.076     4.326    f1_r[0]
    SLICE_X21Y183        SRL16E                                       r  f4_max_reg[6]_srl2/CE
  -------------------------------------------------------------------    -------------------

Slack:                    inf
  Source:                 rst
                            (input port)
  Destination:            f4_max_reg[7]_srl2/CE
  Path Group:             (none)
  Path Type:              Max at Slow Process Corner
  Data Path Delay:        4.326ns  (logic 0.686ns (15.859%)  route 3.640ns (84.141%))
  Logic Levels:           3  (IBUFCTRL=1 INBUF=1 LUT3=1)

    Location             Delay type                Incr(ns)  Path(ns)    Netlist Resource(s)
  -------------------------------------------------------------------    -------------------
    K1                                                0.000     0.000 r  rst (IN)
                         net (fo=0)                   0.000     0.000    rst_IBUF_inst/I
    K1                   INBUF (Prop_INBUF_HPIOB_S_PAD_O)
                                                      0.533     0.533 r  rst_IBUF_inst/INBUF_INST/O
                         net (fo=1, routed)           0.000     0.533    rst_IBUF_inst/OUT
    K1                   IBUFCTRL (Prop_IBUFCTRL_HPIOB_S_I_O)
                                                      0.000     0.533 r  rst_IBUF_inst/IBUFCTRL_INST/O
                         net (fo=8, routed)           1.564     2.097    rst_IBUF
    SLICE_X22Y172        LUT3 (Prop_H6LUT_SLICEL_I2_O)
                                                      0.153     2.250 r  f1_max[7]_i_1/O
                         net (fo=128, routed)         2.076     4.326    f1_r[0]
    SLICE_X21Y183        SRL16E                                       r  f4_max_reg[7]_srl2/CE
  -------------------------------------------------------------------    -------------------

Slack:                    inf
  Source:                 m_axis_tready
                            (input port)
  Destination:            s_axis_tready
                            (output port)
  Path Group:             (none)
  Path Type:              Max at Slow Process Corner
  Data Path Delay:        4.126ns  (logic 1.586ns (38.444%)  route 2.540ns (61.556%))
  Logic Levels:           4  (IBUFCTRL=1 INBUF=1 LUT2=1 OBUF=1)

    Location             Delay type                Incr(ns)  Path(ns)    Netlist Resource(s)
  -------------------------------------------------------------------    -------------------
    L1                                                0.000     0.000 r  m_axis_tready (IN)
                         net (fo=0)                   0.000     0.000    m_axis_tready_IBUF_inst/I
    L1                   INBUF (Prop_INBUF_HPIOB_M_PAD_O)
                                                      0.532     0.532 r  m_axis_tready_IBUF_inst/INBUF_INST/O
                         net (fo=1, routed)           0.000     0.532    m_axis_tready_IBUF_inst/OUT
    L1                   IBUFCTRL (Prop_IBUFCTRL_HPIOB_M_I_O)
                                                      0.000     0.532 r  m_axis_tready_IBUF_inst/IBUFCTRL_INST/O
                         net (fo=3, routed)           1.401     1.933    m_axis_tready_IBUF
    SLICE_X24Y172        LUT2 (Prop_E6LUT_SLICEM_I0_O)
                                                      0.187     2.120 r  s_axis_tready_OBUF_inst_i_1/O
                         net (fo=11, routed)          1.139     3.259    s_axis_tready_OBUF
    J9                   OBUF (Prop_OUTBUF_HPIOB_S_I_O)
                                                      0.867     4.126 r  s_axis_tready_OBUF_inst/O
                         net (fo=0)                   0.000     4.126    s_axis_tready
    J9                                                                r  s_axis_tready (OUT)
  -------------------------------------------------------------------    -------------------

Slack:                    inf
  Source:                 rst
                            (input port)
  Destination:            f5_s_reg[1]/CE
  Path Group:             (none)
  Path Type:              Max at Slow Process Corner
  Data Path Delay:        4.041ns  (logic 0.686ns (16.977%)  route 3.355ns (83.023%))
  Logic Levels:           3  (IBUFCTRL=1 INBUF=1 LUT3=1)

    Location             Delay type                Incr(ns)  Path(ns)    Netlist Resource(s)
  -------------------------------------------------------------------    -------------------
    K1                                                0.000     0.000 r  rst (IN)
                         net (fo=0)                   0.000     0.000    rst_IBUF_inst/I
    K1                   INBUF (Prop_INBUF_HPIOB_S_PAD_O)
                                                      0.533     0.533 r  rst_IBUF_inst/INBUF_INST/O
                         net (fo=1, routed)           0.000     0.533    rst_IBUF_inst/OUT
    K1                   IBUFCTRL (Prop_IBUFCTRL_HPIOB_S_I_O)
                                                      0.000     0.533 r  rst_IBUF_inst/IBUFCTRL_INST/O
                         net (fo=8, routed)           1.564     2.097    rst_IBUF
    SLICE_X22Y172        LUT3 (Prop_H6LUT_SLICEL_I2_O)
                                                      0.153     2.250 r  f1_max[7]_i_1/O
                         net (fo=128, routed)         1.792     4.041    f1_r[0]
    SLICE_X22Y181        FDRE                                         r  f5_s_reg[1]/CE
  -------------------------------------------------------------------    -------------------





Min Delay Paths
--------------------------------------------------------------------------------------
Slack:                    inf
  Source:                 f3_delta_reg[4]/C
                            (rising edge-triggered cell FDRE)
  Destination:            f4_delta_reg[4]/D
  Path Group:             (none)
  Path Type:              Min at Fast Process Corner
  Data Path Delay:        0.145ns  (logic 0.085ns (58.621%)  route 0.060ns (41.379%))
  Logic Levels:           1  (FDRE=1)

    Location             Delay type                Incr(ns)  Path(ns)    Netlist Resource(s)
  -------------------------------------------------------------------    -------------------
    SLICE_X23Y173        FDRE                         0.000     0.000 r  f3_delta_reg[4]/C
    SLICE_X23Y173        FDRE (Prop_FFF2_SLICEL_C_Q)
                                                      0.085     0.085 r  f3_delta_reg[4]/Q
                         net (fo=1, routed)           0.060     0.145    f3_delta[4]
    SLICE_X23Y173        FDRE                                         r  f4_delta_reg[4]/D
  -------------------------------------------------------------------    -------------------

Slack:                    inf
  Source:                 f2_delta_reg[4]/C
                            (rising edge-triggered cell FDRE)
  Destination:            f3_delta_reg[4]/D
  Path Group:             (none)
  Path Type:              Min at Fast Process Corner
  Data Path Delay:        0.151ns  (logic 0.084ns (55.764%)  route 0.067ns (44.236%))
  Logic Levels:           1  (FDRE=1)

    Location             Delay type                Incr(ns)  Path(ns)    Netlist Resource(s)
  -------------------------------------------------------------------    -------------------
    SLICE_X23Y174        FDRE                         0.000     0.000 r  f2_delta_reg[4]/C
    SLICE_X23Y174        FDRE (Prop_EFF_SLICEL_C_Q)
                                                      0.084     0.084 r  f2_delta_reg[4]/Q
                         net (fo=38, routed)          0.067     0.151    f2_delta[4]
    SLICE_X23Y173        FDRE                                         r  f3_delta_reg[4]/D
  -------------------------------------------------------------------    -------------------

Slack:                    inf
  Source:                 f1_valid_reg_r/C
                            (rising edge-triggered cell FDRE)
  Destination:            f2_valid_reg_r/D
  Path Group:             (none)
  Path Type:              Min at Fast Process Corner
  Data Path Delay:        0.152ns  (logic 0.082ns (53.947%)  route 0.070ns (46.053%))
  Logic Levels:           1  (FDRE=1)

    Location             Delay type                Incr(ns)  Path(ns)    Netlist Resource(s)
  -------------------------------------------------------------------    -------------------
    SLICE_X24Y172        FDRE                         0.000     0.000 r  f1_valid_reg_r/C
    SLICE_X24Y172        FDRE (Prop_EFF_SLICEM_C_Q)
                                                      0.082     0.082 r  f1_valid_reg_r/Q
                         net (fo=1, routed)           0.070     0.152    f1_valid_reg_r_n_0
    SLICE_X24Y172        FDRE                                         r  f2_valid_reg_r/D
  -------------------------------------------------------------------    -------------------

Slack:                    inf
  Source:                 f2_delta_reg[0]/C
                            (rising edge-triggered cell FDRE)
  Destination:            f3_delta_reg[0]/D
  Path Group:             (none)
  Path Type:              Min at Fast Process Corner
  Data Path Delay:        0.161ns  (logic 0.084ns (52.154%)  route 0.077ns (47.846%))
  Logic Levels:           1  (FDRE=1)

    Location             Delay type                Incr(ns)  Path(ns)    Netlist Resource(s)
  -------------------------------------------------------------------    -------------------
    SLICE_X23Y174        FDRE                         0.000     0.000 r  f2_delta_reg[0]/C
    SLICE_X23Y174        FDRE (Prop_AFF_SLICEL_C_Q)
                                                      0.084     0.084 r  f2_delta_reg[0]/Q
                         net (fo=60, routed)          0.077     0.161    f2_delta[0]
    SLICE_X23Y173        FDRE                                         r  f3_delta_reg[0]/D
  -------------------------------------------------------------------    -------------------

Slack:                    inf
  Source:                 f4_valid_reg_f4_valid_reg_r/C
                            (rising edge-triggered cell FDRE)
  Destination:            f5_valid_reg/D
  Path Group:             (none)
  Path Type:              Min at Fast Process Corner
  Data Path Delay:        0.168ns  (logic 0.109ns (64.881%)  route 0.059ns (35.119%))
  Logic Levels:           2  (FDRE=1 LUT2=1)

    Location             Delay type                Incr(ns)  Path(ns)    Netlist Resource(s)
  -------------------------------------------------------------------    -------------------
    SLICE_X24Y173        FDRE                         0.000     0.000 r  f4_valid_reg_f4_valid_reg_r/C
    SLICE_X24Y173        FDRE (Prop_AFF_SLICEM_C_Q)
                                                      0.082     0.082 r  f4_valid_reg_f4_valid_reg_r/Q
                         net (fo=1, routed)           0.049     0.131    f4_valid_reg_f4_valid_reg_r_n_0
    SLICE_X24Y172        LUT2 (Prop_D5LUT_SLICEM_I0_O)
                                                      0.027     0.158 r  f4_valid_reg_gate/O
                         net (fo=1, routed)           0.010     0.168    f4_valid_reg_gate_n_0
    SLICE_X24Y172        FDRE                                         r  f5_valid_reg/D
  -------------------------------------------------------------------    -------------------

Slack:                    inf
  Source:                 f3_delta_reg[3]/C
                            (rising edge-triggered cell FDRE)
  Destination:            f4_delta_reg[3]/D
  Path Group:             (none)
  Path Type:              Min at Fast Process Corner
  Data Path Delay:        0.169ns  (logic 0.083ns (49.112%)  route 0.086ns (50.888%))
  Logic Levels:           1  (FDRE=1)

    Location             Delay type                Incr(ns)  Path(ns)    Netlist Resource(s)
  -------------------------------------------------------------------    -------------------
    SLICE_X22Y173        FDRE                         0.000     0.000 r  f3_delta_reg[3]/C
    SLICE_X22Y173        FDRE (Prop_FFF_SLICEL_C_Q)
                                                      0.083     0.083 r  f3_delta_reg[3]/Q
                         net (fo=1, routed)           0.086     0.169    f3_delta[3]
    SLICE_X22Y173        FDRE                                         r  f4_delta_reg[3]/D
  -------------------------------------------------------------------    -------------------

Slack:                    inf
  Source:                 f3_delta_reg[2]/C
                            (rising edge-triggered cell FDRE)
  Destination:            f4_delta_reg[2]/D
  Path Group:             (none)
  Path Type:              Min at Fast Process Corner
  Data Path Delay:        0.170ns  (logic 0.083ns (48.824%)  route 0.087ns (51.176%))
  Logic Levels:           1  (FDRE=1)

    Location             Delay type                Incr(ns)  Path(ns)    Netlist Resource(s)
  -------------------------------------------------------------------    -------------------
    SLICE_X23Y173        FDRE                         0.000     0.000 r  f3_delta_reg[2]/C
    SLICE_X23Y173        FDRE (Prop_FFF_SLICEL_C_Q)
                                                      0.083     0.083 r  f3_delta_reg[2]/Q
                         net (fo=1, routed)           0.087     0.170    f3_delta[2]
    SLICE_X23Y173        FDRE                                         r  f4_delta_reg[2]/D
  -------------------------------------------------------------------    -------------------

Slack:                    inf
  Source:                 f3_delta_reg[7]/C
                            (rising edge-triggered cell FDRE)
  Destination:            f4_delta_reg[7]/D
  Path Group:             (none)
  Path Type:              Min at Fast Process Corner
  Data Path Delay:        0.171ns  (logic 0.084ns (49.123%)  route 0.087ns (50.877%))
  Logic Levels:           1  (FDRE=1)

    Location             Delay type                Incr(ns)  Path(ns)    Netlist Resource(s)
  -------------------------------------------------------------------    -------------------
    SLICE_X24Y173        FDRE                         0.000     0.000 r  f3_delta_reg[7]/C
    SLICE_X24Y173        FDRE (Prop_FFF2_SLICEM_C_Q)
                                                      0.084     0.084 r  f3_delta_reg[7]/Q
                         net (fo=1, routed)           0.087     0.171    f3_delta[7]
    SLICE_X24Y173        FDRE                                         r  f4_delta_reg[7]/D
  -------------------------------------------------------------------    -------------------

Slack:                    inf
  Source:                 f3_delta_reg[6]/C
                            (rising edge-triggered cell FDRE)
  Destination:            f4_delta_reg[6]/D
  Path Group:             (none)
  Path Type:              Min at Fast Process Corner
  Data Path Delay:        0.172ns  (logic 0.082ns (47.674%)  route 0.090ns (52.326%))
  Logic Levels:           1  (FDRE=1)

    Location             Delay type                Incr(ns)  Path(ns)    Netlist Resource(s)
  -------------------------------------------------------------------    -------------------
    SLICE_X24Y173        FDRE                         0.000     0.000 r  f3_delta_reg[6]/C
    SLICE_X24Y173        FDRE (Prop_FFF_SLICEM_C_Q)
                                                      0.082     0.082 r  f3_delta_reg[6]/Q
                         net (fo=1, routed)           0.090     0.172    f3_delta[6]
    SLICE_X24Y173        FDRE                                         r  f4_delta_reg[6]/D
  -------------------------------------------------------------------    -------------------

Slack:                    inf
  Source:                 f4_s_mult_reg/DSP_OUTPUT_INST/CLK
                            (rising edge-triggered cell DSP_OUTPUT)
  Destination:            f5_s_reg[7]/D
  Path Group:             (none)
  Path Type:              Min at Fast Process Corner
  Data Path Delay:        0.181ns  (logic 0.112ns (61.878%)  route 0.069ns (38.122%))
  Logic Levels:           1  (DSP_OUTPUT=1)

    Location             Delay type                Incr(ns)  Path(ns)    Netlist Resource(s)
  -------------------------------------------------------------------    -------------------
    DSP48E2_X5Y72        DSP_OUTPUT                   0.000     0.000 r  f4_s_mult_reg/DSP_OUTPUT_INST/CLK
    DSP48E2_X5Y72        DSP_OUTPUT (Prop_DSP_OUTPUT_DSP48E2_CLK_P[15])
                                                      0.112     0.112 r  f4_s_mult_reg/DSP_OUTPUT_INST/P[15]
                         net (fo=1, routed)           0.069     0.181    p_0_in[7]
    SLICE_X22Y181        FDRE                                         r  f5_s_reg[7]/D
  -------------------------------------------------------------------    -------------------





