================================================================
== Design Size Report
================================================================

* Total Instructions per Compilation Phase
+---------------+----------------------------+--------------+----------------------------------------------------------------------------------------+
| Phase         | Step                       | Instructions | Description                                                                            |
+---------------+----------------------------+--------------+----------------------------------------------------------------------------------------+
| Compile/Link  |                            | 2,360        | After all functions are compiled and linked into a single design                       |
|               |                            |              |                                                                                        |
| Unroll/Inline |                            |              | After user unroll and inline pragmas are applied                                       |
|               | (1) unroll                 |   228        | user unroll pragmas are applied                                                        |
|               | (2) simplification         |   165        | simplification of applied user unroll pragmas                                          |
|               | (3) inline                 |   159        | user inline pragmas are applied                                                        |
|               | (4) simplification         |   115        | simplification of applied user inline pragmas                                          |
|               |                            |              |                                                                                        |
| Array/Struct  |                            |              | After user array partition and struct aggregate/disaggregate pragmas are applied       |
|               | (1) array partition        |    90        | user array partition pragmas are applied                                               |
|               | (2) simplification         |    90        | simplification of applied user array partition & struct aggregate/disaggregate pragmas |
|               | (3) aggregate/disaggregate |    90        | user struct aggregate/disaggregate pragmas are applied                                 |
|               | (4) array reshape          |   159        | apply array reshape pragmas                                                            |
|               | (5) access patterns        |   162        | array access pattern optmizations                                                      |
|               |                            |              |                                                                                        |
| Performance   |                            |              | After transformations are applied to meet performance pragma targets                   |
|               | (1) loop simplification    |   162        | loop and instruction simplification                                                    |
|               | (2) parallelization        |   162        | loops are unrolled or pipelined to meet performance targets                            |
|               | (3) array partition        |   162        | arrays are partitioned to meet performance targets                                     |
|               | (4) simplification         |   162        | simplification of design after performance transformations                             |
|               |                            |              |                                                                                        |
| HW Transforms |                            |              | After hardware transfomations                                                          |
|               | (1) lowering               |   155        | initial conversion to HW specific instructions                                         |
|               | (2) optimizations          |   160        | high level synthesis optimizations                                                     |
+---------------+----------------------------+--------------+----------------------------------------------------------------------------------------+

* Instructions per Function for each Compilation Phase
+---------------------+---------------------------------+--------------+---------------+--------------+-------------+---------------+
| Function            | Location                        | Compile/Link | Unroll/Inline | Array/Struct | Performance | HW Transforms |
+---------------------+---------------------------------+--------------+---------------+--------------+-------------+---------------+
| + hls_rgb_2_hsv     | hls_color_space_convert.cpp:178 | 2,360        | 115           | 162          | 162         | 160           |
|  + axi_stream_video | hls_color_space_convert.hpp:23  |   44         |               |              |             |               |
|     color_pixel     | hls_color_space_convert.hpp:39  |   39         |               |              |             |               |
+---------------------+---------------------------------+--------------+---------------+--------------+-------------+---------------+

* Design Size Message Settings
+---------------------------------------------+--------+------------------------------------------------------------------+
| Message Setting                             | Value  | Description                                                      |
+---------------------------------------------+--------+------------------------------------------------------------------+
| config_compile -design_size_maximum_warning | 100000 | Show a warning when total design instructions exceeds this value |
+---------------------------------------------+--------+------------------------------------------------------------------+


