

================================================================
== Vitis HLS Report for 'hls_rgb_2_hsv'
================================================================
* Date:           Thu Jun 25 09:48:00 2026

* Version:        2025.2 (Build 6295257 on Nov 14 2025)
* Project:        hls_rgb_2_hsv
* Solution:       hls (Vivado IP Flow Target)
* Product family: zynquplus
* Target device:  xck26-sfvc784-2LV-c


================================================================
== Performance Estimates
================================================================
+ Timing: 
    * Summary: 
    +--------+----------+----------+------------+
    |  Clock |  Target  | Estimated| Uncertainty|
    +--------+----------+----------+------------+
    |ap_clk  |  10.00 ns|  4.544 ns|     2.70 ns|
    +--------+----------+----------+------------+

+ Latency: 
    * Summary: 
    +---------+---------+-----------+-----------+-----+-----+---------+
    |  Latency (cycles) |   Latency (absolute)  |  Interval | Pipeline|
    |   min   |   max   |    min    |    max    | min | max |   Type  |
    +---------+---------+-----------+-----------+-----+-----+---------+
    |        5|        5|  50.000 ns|  50.000 ns|    1|    1|      yes|
    +---------+---------+-----------+-----------+-----+-----+---------+

    + Detail: 
        * Instance: 
        N/A

        * Loop: 
        N/A



================================================================
== Utilization Estimates
================================================================
* Summary: 
+-----------------+---------+------+--------+--------+-----+
|       Name      | BRAM_18K|  DSP |   FF   |   LUT  | URAM|
+-----------------+---------+------+--------+--------+-----+
|DSP              |        -|     1|       -|       -|    -|
|Expression       |        -|     -|       0|     306|    -|
|FIFO             |        -|     -|       -|       -|    -|
|Instance         |        0|     1|      36|      63|    0|
|Memory           |        1|     -|       0|       0|    -|
|Multiplexer      |        -|     -|       0|      18|    -|
|Register         |        -|     -|     359|     160|    -|
+-----------------+---------+------+--------+--------+-----+
|Total            |        1|     2|     395|     547|    0|
+-----------------+---------+------+--------+--------+-----+
|Available        |      288|  1248|  234240|  117120|   64|
+-----------------+---------+------+--------+--------+-----+
|Utilization (%)  |       ~0|    ~0|      ~0|      ~0|    0|
+-----------------+---------+------+--------+--------+-----+

+ Detail: 
    * Instance: 
    +-------------------------+----------------------+---------+----+----+----+-----+
    |         Instance        |        Module        | BRAM_18K| DSP| FF | LUT| URAM|
    +-------------------------+----------------------+---------+----+----+----+-----+
    |control_s_axi_U          |control_s_axi         |        0|   0|  36|  40|    0|
    |mul_16ns_17ns_24_1_1_U2  |mul_16ns_17ns_24_1_1  |        0|   1|   0|   5|    0|
    |sparsemux_7_2_7_1_1_U3   |sparsemux_7_2_7_1_1   |        0|   0|   0|   9|    0|
    |sparsemux_7_2_9_1_1_U1   |sparsemux_7_2_9_1_1   |        0|   0|   0|   9|    0|
    +-------------------------+----------------------+---------+----+----+----+-----+
    |Total                    |                      |        0|   1|  36|  63|    0|
    +-------------------------+----------------------+---------+----+----+----+-----+

    * DSP: 
    +----------------------------------+-------------------------------+----------------+
    |             Instance             |             Module            |   Expression   |
    +----------------------------------+-------------------------------+----------------+
    |am_submul_14s_10s_17ns_28_4_1_U4  |am_submul_14s_10s_17ns_28_4_1  |  (i0 - i1) * i2|
    +----------------------------------+-------------------------------+----------------+

    * Memory: 
    +-----------+---------------------+---------+---+----+-----+------+-----+------+-------------+
    |   Memory  |        Module       | BRAM_18K| FF| LUT| URAM| Words| Bits| Banks| W*Bits*Banks|
    +-----------+---------------------+---------+---+----+-----+------+-----+------+-------------+
    |INV_TBL_U  |INV_TBL_ROM_AUTO_1R  |        1|  0|   0|    0|   256|   17|     1|         4352|
    +-----------+---------------------+---------+---+----+-----+------+-----+------+-------------+
    |Total      |                     |        1|  0|   0|    0|   256|   17|     1|         4352|
    +-----------+---------------------+---------+---+----+-----+------+-----+------+-------------+

    * FIFO: 
    N/A

    * Expression: 
    +--------------------------------+----------+----+---+----+------------+------------+
    |          Variable Name         | Operation| DSP| FF| LUT| Bitwidth P0| Bitwidth P1|
    +--------------------------------+----------+----+---+----+------------+------------+
    |add_ln75_fu_448_p2              |         +|   0|  0|  15|           8|           8|
    |hue_calc_fu_430_p2              |         +|   0|  0|  19|          12|          12|
    |delta_fu_224_p2                 |         -|   0|  0|  15|           8|           8|
    |diff_1_fu_298_p2                |         -|   0|  0|  16|           9|           9|
    |diff_1_fu_298_p4                |         -|   0|  0|  16|           9|           9|
    |diff_1_fu_298_p6                |         -|   0|  0|  16|           9|           9|
    |sub_ln53_fu_382_p2              |         -|   0|  0|  23|          16|          16|
    |and_ln63_fu_284_p2              |       and|   0|  0|   2|           1|           1|
    |icmp_ln43_fu_168_p2             |      icmp|   0|  0|  15|           8|           8|
    |icmp_ln44_fu_182_p2             |      icmp|   0|  0|  15|           8|           8|
    |icmp_ln45_fu_196_p2             |      icmp|   0|  0|  15|           8|           8|
    |icmp_ln46_fu_210_p2             |      icmp|   0|  0|  15|           8|           8|
    |icmp_ln52_fu_359_p2             |      icmp|   0|  0|  15|           8|           1|
    |icmp_ln57_fu_230_p2             |      icmp|   0|  0|  15|           8|           8|
    |icmp_ln60_fu_236_p2             |      icmp|   0|  0|  15|           8|           8|
    |icmp_ln63_fu_256_p2             |      icmp|   0|  0|  15|           8|           8|
    |ap_block_pp0_stage0_01001_grp1  |        or|   0|  0|   2|           1|           1|
    |ap_block_pp0_stage0_11001       |        or|   0|  0|   2|           1|           1|
    |Cmax_fu_216_p3                  |    select|   0|  0|   8|           1|           8|
    |Cmin_fu_202_p3                  |    select|   0|  0|   8|           1|           8|
    |empty_fu_479_p3                 |    select|   0|  0|   8|           1|           1|
    |hue_out_0_fu_462_p3             |    select|   0|  0|   8|           1|           1|
    |max_rg_fu_188_p3                |    select|   0|  0|   8|           1|           8|
    |min_rg_fu_174_p3                |    select|   0|  0|   8|           1|           8|
    |select_ln75_fu_454_p3           |    select|   0|  0|   8|           1|           8|
    |ap_enable_pp0                   |       xor|   0|  0|   2|           1|           2|
    |xor_ln60_fu_278_p2              |       xor|   0|  0|   2|           1|           2|
    +--------------------------------+----------+----+---+----+------------+------------+
    |Total                           |          |   0|  0| 306|         147|         177|
    +--------------------------------+----------+----+---+----+------------+------------+

    * Multiplexer: 
    +------------------------+----+-----------+-----+-----------+
    |          Name          | LUT| Input Size| Bits| Total Bits|
    +------------------------+----+-----------+-----+-----------+
    |in_stream_TDATA_blk_n   |   9|          2|    1|          2|
    |out_stream_TDATA_blk_n  |   9|          2|    1|          2|
    +------------------------+----+-----------+-----+-----------+
    |Total                   |  18|          4|    2|          4|
    +------------------------+----+-----------+-----+-----------+

    * Register: 
    +-------------------------------------------------+----+----+-----+-----------+
    |                       Name                      | FF | LUT| Bits| Const Bits|
    +-------------------------------------------------+----+----+-----+-----------+
    |Cmax_reg_510                                     |   8|   0|    8|          0|
    |ap_CS_fsm                                        |   1|   0|    1|          0|
    |ap_block_pp0_stage0_subdone_grp1_done_reg        |   1|   0|    1|          0|
    |ap_block_pp0_stage0_subdone_grp1_done_reg_iter0  |   1|   0|    1|          0|
    |ap_enable_reg_pp0_iter1                          |   1|   0|    1|          0|
    |ap_enable_reg_pp0_iter2                          |   1|   0|    1|          0|
    |ap_enable_reg_pp0_iter3                          |   1|   0|    1|          0|
    |ap_enable_reg_pp0_iter4                          |   1|   0|    1|          0|
    |ap_enable_reg_pp0_iter5                          |   1|   0|    1|          0|
    |delta_reg_517                                    |   8|   0|    8|          0|
    |diff_1_reg_533                                   |   9|   0|    9|          0|
    |icmp_ln52_reg_554                                |   1|   0|    1|          0|
    |icmp_ln57_reg_523                                |   1|   0|    1|          0|
    |sel_tmp2_reg_528                                 |   2|   0|    2|          0|
    |tmp_1_reg_544                                    |   2|   0|    2|          0|
    |Cmax_reg_510                                     |  64|  32|    8|          0|
    |delta_reg_517                                    |  64|  32|    8|          0|
    |icmp_ln57_reg_523                                |  64|  32|    1|          0|
    |sel_tmp2_reg_528                                 |  64|  32|    2|          0|
    |tmp_1_reg_544                                    |  64|  32|    2|          0|
    +-------------------------------------------------+----+----+-----+-----------+
    |Total                                            | 359| 160|   60|          0|
    +-------------------------------------------------+----+----+-----+-----------+



================================================================
== Interface
================================================================
* Summary: 
+-----------------------+-----+-----+--------------+---------------+--------------+
|       RTL Ports       | Dir | Bits|   Protocol   | Source Object |    C Type    |
+-----------------------+-----+-----+--------------+---------------+--------------+
|s_axi_control_AWVALID  |   in|    1|         s_axi|        control|   return void|
|s_axi_control_AWREADY  |  out|    1|         s_axi|        control|   return void|
|s_axi_control_AWADDR   |   in|    4|         s_axi|        control|   return void|
|s_axi_control_WVALID   |   in|    1|         s_axi|        control|   return void|
|s_axi_control_WREADY   |  out|    1|         s_axi|        control|   return void|
|s_axi_control_WDATA    |   in|   32|         s_axi|        control|   return void|
|s_axi_control_WSTRB    |   in|    4|         s_axi|        control|   return void|
|s_axi_control_ARVALID  |   in|    1|         s_axi|        control|   return void|
|s_axi_control_ARREADY  |  out|    1|         s_axi|        control|   return void|
|s_axi_control_ARADDR   |   in|    4|         s_axi|        control|   return void|
|s_axi_control_RVALID   |  out|    1|         s_axi|        control|   return void|
|s_axi_control_RREADY   |   in|    1|         s_axi|        control|   return void|
|s_axi_control_RDATA    |  out|   32|         s_axi|        control|   return void|
|s_axi_control_RRESP    |  out|    2|         s_axi|        control|   return void|
|s_axi_control_BVALID   |  out|    1|         s_axi|        control|   return void|
|s_axi_control_BREADY   |   in|    1|         s_axi|        control|   return void|
|s_axi_control_BRESP    |  out|    2|         s_axi|        control|   return void|
|ap_clk                 |   in|    1|  ap_ctrl_none|  hls_rgb_2_hsv|  return value|
|ap_rst_n               |   in|    1|  ap_ctrl_none|  hls_rgb_2_hsv|  return value|
|in_stream_TDATA        |   in|   32|          axis|      in_stream|       pointer|
|in_stream_TVALID       |   in|    1|          axis|      in_stream|       pointer|
|in_stream_TREADY       |  out|    1|          axis|      in_stream|       pointer|
|out_stream_TDATA       |  out|   32|          axis|     out_stream|       pointer|
|out_stream_TVALID      |  out|    1|          axis|     out_stream|       pointer|
|out_stream_TREADY      |   in|    1|          axis|     out_stream|       pointer|
+-----------------------+-----+-----+--------------+---------------+--------------+

