Copyright 1986-2022 Xilinx, Inc. All Rights Reserved. Copyright 2022-2024 Advanced Micro Devices, Inc. All Rights Reserved.
---------------------------------------------------------------------------------------------------------------------------------------------
| Tool Version : Vivado v.2024.2 (win64) Build 5239630 Fri Nov 08 22:35:27 MST 2024
| Date         : Mon Jan 13 17:23:02 2025
| Host         : NORMANDI running 64-bit major release  (build 9200)
| Command      : report_utilization -file design_1_wrapper_utilization_placed.rpt -pb design_1_wrapper_utilization_placed.pb
| Design       : design_1_wrapper
| Device       : xczu7ev-ffvc1156-2-e
| Speed File   : -2
| Design State : Fully Placed
---------------------------------------------------------------------------------------------------------------------------------------------

Utilization Design Information

Table of Contents
-----------------
1. CLB Logic
1.1 Summary of Registers by Type
2. CLB Logic Distribution
3. BLOCKRAM
4. ARITHMETIC
5. I/O
6. CLOCK
7. ADVANCED
8. CONFIGURATION
9. Primitives
10. Black Boxes
11. Instantiated Netlists

1. CLB Logic
------------

+----------------------------+-------+-------+------------+-----------+-------+
|          Site Type         |  Used | Fixed | Prohibited | Available | Util% |
+----------------------------+-------+-------+------------+-----------+-------+
| CLB LUTs                   | 86242 |     0 |          0 |    230400 | 37.43 |
|   LUT as Logic             | 80700 |     0 |          0 |    230400 | 35.03 |
|   LUT as Memory            |  5542 |     0 |          0 |    101760 |  5.45 |
|     LUT as Distributed RAM |   472 |     0 |            |           |       |
|     LUT as Shift Register  |  5070 |     0 |            |           |       |
| CLB Registers              | 46284 |     0 |          0 |    460800 | 10.04 |
|   Register as Flip Flop    | 46284 |     0 |          0 |    460800 | 10.04 |
|   Register as Latch        |     0 |     0 |          0 |    460800 |  0.00 |
| CARRY8                     |  3131 |     0 |          0 |     28800 | 10.87 |
| F7 Muxes                   |   317 |     0 |          0 |    115200 |  0.28 |
| F8 Muxes                   |    37 |     0 |          0 |     57600 |  0.06 |
| F9 Muxes                   |     0 |     0 |          0 |     28800 |  0.00 |
+----------------------------+-------+-------+------------+-----------+-------+
* Warning! LUT value is adjusted to account for LUT combining.


1.1 Summary of Registers by Type
--------------------------------

+-------+--------------+-------------+--------------+
| Total | Clock Enable | Synchronous | Asynchronous |
+-------+--------------+-------------+--------------+
| 0     |            _ |           - |            - |
| 0     |            _ |           - |          Set |
| 0     |            _ |           - |        Reset |
| 0     |            _ |         Set |            - |
| 0     |            _ |       Reset |            - |
| 0     |          Yes |           - |            - |
| 0     |          Yes |           - |          Set |
| 102   |          Yes |           - |        Reset |
| 278   |          Yes |         Set |            - |
| 45904 |          Yes |       Reset |            - |
+-------+--------------+-------------+--------------+


2. CLB Logic Distribution
-------------------------

+--------------------------------------------+-------+-------+------------+-----------+-------+
|                  Site Type                 |  Used | Fixed | Prohibited | Available | Util% |
+--------------------------------------------+-------+-------+------------+-----------+-------+
| CLB                                        | 16358 |     0 |          0 |     28800 | 56.80 |
|   CLBL                                     |  9007 |     0 |            |           |       |
|   CLBM                                     |  7351 |     0 |            |           |       |
| LUT as Logic                               | 80700 |     0 |          0 |    230400 | 35.03 |
|   using O5 output only                     |   639 |       |            |           |       |
|   using O6 output only                     | 64513 |       |            |           |       |
|   using O5 and O6                          | 15548 |       |            |           |       |
| LUT as Memory                              |  5542 |     0 |          0 |    101760 |  5.45 |
|   LUT as Distributed RAM                   |   472 |     0 |            |           |       |
|     using O5 output only                   |     0 |       |            |           |       |
|     using O6 output only                   |     0 |       |            |           |       |
|     using O5 and O6                        |   472 |       |            |           |       |
|   LUT as Shift Register                    |  5070 |     0 |            |           |       |
|     using O5 output only                   |     0 |       |            |           |       |
|     using O6 output only                   |  4884 |       |            |           |       |
|     using O5 and O6                        |   186 |       |            |           |       |
| CLB Registers                              | 46284 |     0 |          0 |    460800 | 10.04 |
|   Register driven from within the CLB      | 29252 |       |            |           |       |
|   Register driven from outside the CLB     | 17032 |       |            |           |       |
|     LUT in front of the register is unused |  8830 |       |            |           |       |
|     LUT in front of the register is used   |  8202 |       |            |           |       |
| Unique Control Sets                        |  1589 |       |          0 |     57600 |  2.76 |
+--------------------------------------------+-------+-------+------------+-----------+-------+
* * Note: Available Control Sets calculated as Slices * 2, Review the Control Sets Report for more information regarding control sets.


3. BLOCKRAM
-----------

+-------------------+------+-------+------------+-----------+-------+
|     Site Type     | Used | Fixed | Prohibited | Available | Util% |
+-------------------+------+-------+------------+-----------+-------+
| Block RAM Tile    |  1.5 |     0 |          0 |       312 |  0.48 |
|   RAMB36/FIFO*    |    1 |     0 |          0 |       312 |  0.32 |
|     RAMB36E2 only |    1 |       |            |           |       |
|   RAMB18          |    1 |     0 |          0 |       624 |  0.16 |
|     RAMB18E2 only |    1 |       |            |           |       |
| URAM              |   24 |     0 |          0 |        96 | 25.00 |
+-------------------+------+-------+------------+-----------+-------+
* Note: Each Block RAM Tile only has one FIFO logic available and therefore can accommodate only one FIFO36E2 or one FIFO18E2. However, if a FIFO18E2 occupies a Block RAM Tile, that tile can still accommodate a RAMB18E2


4. ARITHMETIC
-------------

+----------------+------+-------+------------+-----------+-------+
|    Site Type   | Used | Fixed | Prohibited | Available | Util% |
+----------------+------+-------+------------+-----------+-------+
| DSPs           |  103 |     0 |          0 |      1728 |  5.96 |
|   DSP48E2 only |  103 |       |            |           |       |
+----------------+------+-------+------------+-----------+-------+


5. I/O
------

+------------------+------+-------+------------+-----------+-------+
|     Site Type    | Used | Fixed | Prohibited | Available | Util% |
+------------------+------+-------+------------+-----------+-------+
| Bonded IOB       |    0 |     0 |          0 |       360 |  0.00 |
| HPIOB_M          |    0 |     0 |          0 |       144 |  0.00 |
| HPIOB_S          |    0 |     0 |          0 |       144 |  0.00 |
| HDIOB_M          |    0 |     0 |          0 |        24 |  0.00 |
| HDIOB_S          |    0 |     0 |          0 |        24 |  0.00 |
| HPIOB_SNGL       |    0 |     0 |          0 |        24 |  0.00 |
| HPIOBDIFFINBUF   |    0 |     0 |          0 |       192 |  0.00 |
| HPIOBDIFFOUTBUF  |    0 |     0 |          0 |       192 |  0.00 |
| HDIOBDIFFINBUF   |    0 |     0 |          0 |        48 |  0.00 |
| BITSLICE_CONTROL |    0 |     0 |          0 |        64 |  0.00 |
| BITSLICE_RX_TX   |    0 |     0 |          0 |      2496 |  0.00 |
| BITSLICE_TX      |    0 |     0 |          0 |        64 |  0.00 |
| RIU_OR           |    0 |     0 |          0 |        32 |  0.00 |
+------------------+------+-------+------------+-----------+-------+


6. CLOCK
--------

+------------+------+-------+------------+-----------+-------+
|  Site Type | Used | Fixed | Prohibited | Available | Util% |
+------------+------+-------+------------+-----------+-------+
| BUFGCE     |    0 |     0 |          0 |       208 |  0.00 |
| BUFGCE_DIV |    0 |     0 |          0 |        32 |  0.00 |
| BUFG_GT    |    0 |     0 |          0 |       144 |  0.00 |
| BUFG_PS    |    2 |     0 |          0 |        96 |  2.08 |
| BUFGCTRL*  |    0 |     0 |          0 |        64 |  0.00 |
| PLL        |    0 |     0 |          0 |        16 |  0.00 |
| MMCM       |    0 |     0 |          0 |         8 |  0.00 |
+------------+------+-------+------------+-----------+-------+
* Note: Each used BUFGCTRL counts as two GLOBAL CLOCK BUFFERs. This table does not include global clocking resources, only buffer cell usage. See the Clock Utilization Report (report_clock_utilization) for detailed accounting of global clocking resource availability.


7. ADVANCED
-----------

+-----------------+------+-------+------------+-----------+--------+
|    Site Type    | Used | Fixed | Prohibited | Available |  Util% |
+-----------------+------+-------+------------+-----------+--------+
| GTHE4_CHANNEL   |    0 |     0 |          0 |        20 |   0.00 |
| GTHE4_COMMON    |    0 |     0 |          0 |         5 |   0.00 |
| OBUFDS_GTE4     |    0 |     0 |          0 |        10 |   0.00 |
| OBUFDS_GTE4_ADV |    0 |     0 |          0 |        10 |   0.00 |
| PCIE40E4        |    0 |     0 |          0 |         2 |   0.00 |
| PS8             |    1 |     0 |          0 |         1 | 100.00 |
| SYSMONE4        |    0 |     0 |          0 |         1 |   0.00 |
| VCU             |    0 |     0 |          0 |         1 |   0.00 |
+-----------------+------+-------+------------+-----------+--------+


8. CONFIGURATION
----------------

+-------------+------+-------+------------+-----------+-------+
|  Site Type  | Used | Fixed | Prohibited | Available | Util% |
+-------------+------+-------+------------+-----------+-------+
| BSCANE2     |    0 |     0 |          0 |         4 |  0.00 |
| DNA_PORTE2  |    0 |     0 |          0 |         1 |  0.00 |
| EFUSE_USR   |    0 |     0 |          0 |         1 |  0.00 |
| FRAME_ECCE4 |    0 |     0 |          0 |         1 |  0.00 |
| ICAPE3      |    0 |     0 |          0 |         2 |  0.00 |
| MASTER_JTAG |    0 |     0 |          0 |         1 |  0.00 |
| STARTUPE3   |    0 |     0 |          0 |         1 |  0.00 |
+-------------+------+-------+------------+-----------+-------+


9. Primitives
-------------

+----------+-------+---------------------+
| Ref Name |  Used | Functional Category |
+----------+-------+---------------------+
| FDRE     | 45904 |            Register |
| LUT6     | 36129 |                 CLB |
| LUT4     | 25055 |                 CLB |
| LUT5     | 14633 |                 CLB |
| LUT3     | 10344 |                 CLB |
| LUT2     |  9433 |                 CLB |
| SRLC32E  |  4536 |                 CLB |
| CARRY8   |  3131 |                 CLB |
| RAMD32   |   826 |                 CLB |
| SRL16E   |   720 |                 CLB |
| LUT1     |   654 |                 CLB |
| MUXF7    |   317 |                 CLB |
| FDSE     |   278 |            Register |
| RAMS32   |   118 |                 CLB |
| DSP48E2  |   103 |          Arithmetic |
| FDCE     |   102 |            Register |
| MUXF8    |    37 |                 CLB |
| URAM288  |    24 |            BLOCKRAM |
| BUFG_PS  |     2 |               Clock |
| RAMB36E2 |     1 |            BLOCKRAM |
| RAMB18E2 |     1 |            BLOCKRAM |
| PS8      |     1 |            Advanced |
+----------+-------+---------------------+


10. Black Boxes
---------------

+----------+------+
| Ref Name | Used |
+----------+------+


11. Instantiated Netlists
-------------------------

+------------------------------+------+
|           Ref Name           | Used |
+------------------------------+------+
| design_1_zynq_ultra_ps_e_0_0 |    1 |
| design_1_rst_ps8_0_249M_1    |    1 |
| design_1_rst_ps8_0_147M_2    |    1 |
| design_1_fractal_2_0         |    1 |
| design_1_axi_video_0_3       |    1 |
| design_1_axi_smc_4           |    1 |
| design_1_axi_smc_3_0         |    1 |
| design_1_axi_smc_2_2         |    1 |
| design_1_axi_smc_1_2         |    1 |
+------------------------------+------+


