

================================================================
== Synthesis Summary Report of 'hls_color_space_convert_top'
================================================================
+ General Information: 
    * Date:           Tue Mar 31 11:08:40 2026
    * Version:        2025.2 (Build 6295257 on Nov 14 2025)
    * Project:        hls_color_space_convert
    * Solution:       hls (Vivado IP Flow Target)
    * Product family: zynquplus
    * Target device:  xck26-sfvc784-2LV-c
    

* Performance & Resource Estimates: 
+-----------------------------------------------------------------------+------+---------------+----------+---------+------+----------+---------+-----+------+------+----------+------------+-----------+-----+
|                                Modules                                | Issue|               | Iteration|         | Trip |          |    Latency    |      |      |          |            |           |     |
|                                & Loops                                | Type | Violation Type|  Latency | Interval| Count| Pipelined| (cycles)| (ns)| Slack| BRAM |    DSP   |     FF     |    LUT    | URAM|
+-----------------------------------------------------------------------+------+---------------+----------+---------+------+----------+---------+-----+------+------+----------+------------+-----------+-----+
|+ hls_color_space_convert_top                                          |     -|              -|         -|        -|     -|        no|        -|    -|  2.88|     -|  12 (~0%)|  1303 (~0%)|  1357 (1%)|    -|
| + hls_color_space_convert_template_3_8_3_8_s                          |     -|              -|         -|        -|     -|        no|        -|    -|  3.88|     -|  12 (~0%)|   634 (~0%)|  759 (~0%)|    -|
|  + hls_color_space_convert_template_3_8_3_8_Pipeline_VITIS_LOOP_58_1  |     -|              -|         -|        -|     -|       yes|        -|    -|  4.09|     -|   9 (~0%)|   534 (~0%)|  660 (~0%)|    -|
|   o VITIS_LOOP_58_1                                                   |     -|              -|         6|        1|     -|       yes|        -|    -|  7.30|     -|         -|           -|          -|    -|
+-----------------------------------------------------------------------+------+---------------+----------+---------+------+----------+---------+-----+------+------+----------+------------+-----------+-----+
    Name Prefix: '+' for module, 'o' for loop, '*' for dataflow


================================================================
== HW Interfaces
================================================================
* S_AXILITE Interfaces
+---------------+------------+---------------+--------+----------+
| Interface     | Data Width | Address Width | Offset | Register |
+---------------+------------+---------------+--------+----------+
| s_axi_control | 32         | 7             | 16     | 0        |
+---------------+------------+---------------+--------+----------+

* S_AXILITE Registers
+---------------+------------+--------+-------+--------+----------------------------------+----------------------------------------------------------------------+
| Interface     | Register   | Offset | Width | Access | Description                      | Bit Fields                                                           |
+---------------+------------+--------+-------+--------+----------------------------------+----------------------------------------------------------------------+
| s_axi_control | CTRL       | 0x00   | 32    | RW     | Control signals                  | 0=AP_START 1=AP_DONE 2=AP_IDLE 3=AP_READY 7=AUTO_RESTART 9=INTERRUPT |
| s_axi_control | GIER       | 0x04   | 32    | RW     | Global Interrupt Enable Register | 0=Enable                                                             |
| s_axi_control | IP_IER     | 0x08   | 32    | RW     | IP Interrupt Enable Register     | 0=CHAN0_INT_EN 1=CHAN1_INT_EN                                        |
| s_axi_control | IP_ISR     | 0x0c   | 32    | RW     | IP Interrupt Status Register     | 0=CHAN0_INT_ST 1=CHAN1_INT_ST                                        |
| s_axi_control | coeffs_0_0 | 0x10   | 32    | W      | Data signal of coeffs_0_0        |                                                                      |
| s_axi_control | coeffs_0_1 | 0x18   | 32    | W      | Data signal of coeffs_0_1        |                                                                      |
| s_axi_control | coeffs_0_2 | 0x20   | 32    | W      | Data signal of coeffs_0_2        |                                                                      |
| s_axi_control | coeffs_1_0 | 0x28   | 32    | W      | Data signal of coeffs_1_0        |                                                                      |
| s_axi_control | coeffs_1_1 | 0x30   | 32    | W      | Data signal of coeffs_1_1        |                                                                      |
| s_axi_control | coeffs_1_2 | 0x38   | 32    | W      | Data signal of coeffs_1_2        |                                                                      |
| s_axi_control | coeffs_2_0 | 0x40   | 32    | W      | Data signal of coeffs_2_0        |                                                                      |
| s_axi_control | coeffs_2_1 | 0x48   | 32    | W      | Data signal of coeffs_2_1        |                                                                      |
| s_axi_control | coeffs_2_2 | 0x50   | 32    | W      | Data signal of coeffs_2_2        |                                                                      |
| s_axi_control | offsets_0  | 0x58   | 32    | W      | Data signal of offsets_0         |                                                                      |
| s_axi_control | offsets_1  | 0x60   | 32    | W      | Data signal of offsets_1         |                                                                      |
| s_axi_control | offsets_2  | 0x68   | 32    | W      | Data signal of offsets_2         |                                                                      |
| s_axi_control | width      | 0x70   | 32    | W      | Data signal of width             |                                                                      |
| s_axi_control | height     | 0x78   | 32    | W      | Data signal of height            |                                                                      |
+---------------+------------+--------+-------+--------+----------------------------------+----------------------------------------------------------------------+

* AXIS
+--------------+-----------+---------------+-------+--------+--------+
| Interface    | Direction | Register Mode | TDATA | TREADY | TVALID |
+--------------+-----------+---------------+-------+--------+--------+
| m_axis_video | out       | both          | 32    | 1      | 1      |
| s_axis_video | in        | both          | 32    | 1      | 1      |
+--------------+-----------+---------------+-------+--------+--------+

* TOP LEVEL CONTROL
+-----------+------------+-----------+
| Interface | Type       | Ports     |
+-----------+------------+-----------+
| ap_clk    | clock      | ap_clk    |
| ap_rst_n  | reset      | ap_rst_n  |
| interrupt | interrupt  | interrupt |
| ap_ctrl   | ap_ctrl_hs |           |
+-----------+------------+-----------+


================================================================
== SW I/O Information
================================================================
* Top Function Arguments
+--------------+-----------+--------------------------------------------------+
| Argument     | Direction | Datatype                                         |
+--------------+-----------+--------------------------------------------------+
| s_axis_video | in        | stream<axi_stream_video<color_pixel<3, 8> >, 0>& |
| m_axis_video | out       | stream<axi_stream_video<color_pixel<3, 8> >, 0>& |
| coeffs       | in        | ap_int<16>*                                      |
| offsets      | in        | ap_int<16>*                                      |
| width        | in        | int                                              |
| height       | in        | int                                              |
+--------------+-----------+--------------------------------------------------+

* SW-to-HW Mapping
+--------------+---------------+-----------+----------------------------------+
| Argument     | HW Interface  | HW Type   | HW Info                          |
+--------------+---------------+-----------+----------------------------------+
| s_axis_video | s_axis_video  | interface |                                  |
| m_axis_video | m_axis_video  | interface |                                  |
| coeffs       | s_axi_control | interface |                                  |
| coeffs       | s_axi_control | interface |                                  |
| coeffs       | s_axi_control | interface |                                  |
| coeffs       | s_axi_control | interface |                                  |
| coeffs       | s_axi_control | interface |                                  |
| coeffs       | s_axi_control | interface |                                  |
| coeffs       | s_axi_control | interface |                                  |
| coeffs       | s_axi_control | interface |                                  |
| coeffs       | s_axi_control | interface |                                  |
| offsets      | s_axi_control | interface |                                  |
| offsets      | s_axi_control | interface |                                  |
| offsets      | s_axi_control | interface |                                  |
| width        | s_axi_control | register  | name=width offset=0x70 range=32  |
| height       | s_axi_control | register  | name=height offset=0x78 range=32 |
+--------------+---------------+-----------+----------------------------------+


================================================================
== Bind Op Report
================================================================
+-----------------------------------------------------------------------+-----+--------+---------------+--------+-----------+---------+
| Name                                                                  | DSP | Pragma | Variable      | Op     | Impl      | Latency |
+-----------------------------------------------------------------------+-----+--------+---------------+--------+-----------+---------+
| + hls_color_space_convert_top                                         | 12  |        |               |        |           |         |
|  + hls_color_space_convert_template_3_8_3_8_s                         | 12  |        |               |        |           |         |
|    mul_32s_32s_32_1_1_U29                                             | 3   |        | total_pixels  | mul    | auto      | 0       |
|    add_ln104_fu_174_p2                                                |     |        | add_ln104     | add    | fabric    | 0       |
|   + hls_color_space_convert_template_3_8_3_8_Pipeline_VITIS_LOOP_58_1 | 9   |        |               |        |           |         |
|     icmp_ln58_fu_275_p2                                               |     |        | icmp_ln58     | setlt  | auto      | 0       |
|     add_ln58_fu_280_p2                                                |     |        | add_ln58      | add    | fabric    | 0       |
|     mac_muladd_16s_8ns_25s_26_4_1_U7                                  | 1   |        | sum           | mul    | dsp_slice | 3       |
|     mac_muladd_16s_8ns_25s_26_4_1_U7                                  | 1   |        | sext_ln78     | sext   | dsp_slice | 3       |
|     mul_16s_8ns_24_1_1_U1                                             | 1   |        | mul_ln83      | mul    | auto      | 0       |
|     mac_muladd_16s_8ns_24s_25_4_1_U4                                  | 1   |        | mul_ln83_1    | mul    | dsp_slice | 3       |
|     mac_muladd_16s_8ns_24s_25_4_1_U4                                  | 1   |        | sext_ln83_12  | sext   | dsp_slice | 3       |
|     mac_muladd_16s_8ns_24s_25_4_1_U4                                  | 1   |        | add_ln83      | add    | dsp_slice | 3       |
|     mac_muladd_16s_8ns_25s_26_4_1_U7                                  | 1   |        | sum_1         | add    | dsp_slice | 3       |
|     result_fu_435_p2                                                  |     |        | result        | add    | fabric    | 0       |
|     icmp_ln93_fu_462_p2                                               |     |        | icmp_ln93     | setgt  | auto      | 0       |
|     xor_ln99_fu_472_p2                                                |     |        | xor_ln99      | xor    | auto      | 0       |
|     select_ln99_3_fu_478_p3                                           |     |        | select_ln99_3 | select | auto_sel  | 0       |
|     or_ln99_fu_486_p2                                                 |     |        | or_ln99       | or     | auto      | 0       |
|     select_ln99_fu_492_p3                                             |     |        | select_ln99   | select | auto_sel  | 0       |
|     mac_muladd_16s_8ns_25s_26_4_1_U8                                  | 1   |        | sum_2         | mul    | dsp_slice | 3       |
|     mac_muladd_16s_8ns_25s_26_4_1_U8                                  | 1   |        | sext_ln78_1   | sext   | dsp_slice | 3       |
|     mul_16s_8ns_24_1_1_U2                                             | 1   |        | mul_ln83_3    | mul    | auto      | 0       |
|     mac_muladd_16s_8ns_24s_25_4_1_U5                                  | 1   |        | mul_ln83_4    | mul    | dsp_slice | 3       |
|     mac_muladd_16s_8ns_24s_25_4_1_U5                                  | 1   |        | sext_ln83_15  | sext   | dsp_slice | 3       |
|     mac_muladd_16s_8ns_24s_25_4_1_U5                                  | 1   |        | add_ln83_2    | add    | dsp_slice | 3       |
|     mac_muladd_16s_8ns_25s_26_4_1_U8                                  | 1   |        | sum_3         | add    | dsp_slice | 3       |
|     result_1_fu_513_p2                                                |     |        | result_1      | add    | fabric    | 0       |
|     icmp_ln93_1_fu_540_p2                                             |     |        | icmp_ln93_1   | setgt  | auto      | 0       |
|     xor_ln99_1_fu_546_p2                                              |     |        | xor_ln99_1    | xor    | auto      | 0       |
|     or_ln99_1_fu_552_p2                                               |     |        | or_ln99_1     | or     | auto      | 0       |
|     mac_muladd_16s_8ns_25s_26_4_1_U9                                  | 1   |        | sum_4         | mul    | dsp_slice | 3       |
|     mac_muladd_16s_8ns_25s_26_4_1_U9                                  | 1   |        | sext_ln78_2   | sext   | dsp_slice | 3       |
|     mul_16s_8ns_24_1_1_U3                                             | 1   |        | mul_ln83_6    | mul    | auto      | 0       |
|     mac_muladd_16s_8ns_24s_25_4_1_U6                                  | 1   |        | mul_ln83_7    | mul    | dsp_slice | 3       |
|     mac_muladd_16s_8ns_24s_25_4_1_U6                                  | 1   |        | sext_ln83_18  | sext   | dsp_slice | 3       |
|     mac_muladd_16s_8ns_24s_25_4_1_U6                                  | 1   |        | add_ln83_4    | add    | dsp_slice | 3       |
|     mac_muladd_16s_8ns_25s_26_4_1_U9                                  | 1   |        | sum_5         | add    | dsp_slice | 3       |
|     result_2_fu_571_p2                                                |     |        | result_2      | add    | fabric    | 0       |
|     icmp_ln93_2_fu_598_p2                                             |     |        | icmp_ln93_2   | setgt  | auto      | 0       |
|     xor_ln99_2_fu_608_p2                                              |     |        | xor_ln99_2    | xor    | auto      | 0       |
|     select_ln99_4_fu_614_p3                                           |     |        | select_ln99_4 | select | auto_sel  | 0       |
|     or_ln99_2_fu_622_p2                                               |     |        | or_ln99_2     | or     | auto      | 0       |
|     select_ln99_1_fu_628_p3                                           |     |        | select_ln99_1 | select | auto_sel  | 0       |
|     or_ln103_fu_292_p2                                                |     |        | or_ln103      | or     | auto      | 0       |
|     icmp_ln103_fu_298_p2                                              |     |        | icmp_ln103    | seteq  | auto      | 0       |
|     icmp_ln104_fu_304_p2                                              |     |        | icmp_ln104    | seteq  | auto      | 0       |
|     select_ln99_5_fu_636_p3                                           |     |        | select_ln99_5 | select | auto_sel  | 0       |
|     select_ln99_2_fu_648_p3                                           |     |        | select_ln99_2 | select | auto_sel  | 0       |
|     y_1_fu_309_p2                                                     |     |        | y_1           | add    | fabric    | 0       |
|     x_1_fu_315_p2                                                     |     |        | x_1           | add    | fabric    | 0       |
|     x_2_fu_321_p3                                                     |     |        | x_2           | select | auto_sel  | 0       |
|     y_2_fu_329_p3                                                     |     |        | y_2           | select | auto_sel  | 0       |
+-----------------------------------------------------------------------+-----+--------+---------------+--------+-----------+---------+


================================================================
== Storage Report
================================================================
+-------------------------------+-----------+-----------+------+------+--------+----------+------+---------+------------------+
| Name                          | Usage     | Type      | BRAM | URAM | Pragma | Variable | Impl | Latency | Bitwidth, Depth, |
|                               |           |           |      |      |        |          |      |         | Banks            |
+-------------------------------+-----------+-----------+------+------+--------+----------+------+---------+------------------+
| + hls_color_space_convert_top |           |           | 0    | 0    |        |          |      |         |                  |
|   control_s_axi_U             | interface | s_axilite |      |      |        |          |      |         |                  |
+-------------------------------+-----------+-----------+------+------+--------+----------+------+---------+------------------+


================================================================
== Pragma Report
================================================================
* Valid Pragma Syntax
+-----------------+-------------------------------------------+----------------------------------------------------------------------------------+
| Type            | Options                                   | Location                                                                         |
+-----------------+-------------------------------------------+----------------------------------------------------------------------------------+
| AGGREGATE       | variable = in_stream compact = bit        | in hls_color_space_convert_template (hls_color_space_convert.cpp:39)             |
| AGGREGATE       | variable = out_stream compact = bit       | in hls_color_space_convert_template (hls_color_space_convert.cpp:40)             |
| ARRAY_PARTITION | variable = coeffs complete dim = 0        | in hls_color_space_convert_template (hls_color_space_convert.cpp:44)             |
| ARRAY_PARTITION | variable = offsets complete dim = 1       | in hls_color_space_convert_template (hls_color_space_convert.cpp:45)             |
| PIPELINE        | II = 1                                    | in hls_color_space_convert_template (hls_color_space_convert.cpp:62)             |
| UNROLL          |                                           | in hls_color_space_convert_template (hls_color_space_convert.cpp:72)             |
| INTERFACE       | axis port = s_axis_video                  | in hls_color_space_convert_top (hls_color_space_convert.cpp:129)                 |
| INTERFACE       | axis port = m_axis_video                  | in hls_color_space_convert_top (hls_color_space_convert.cpp:130)                 |
| INTERFACE       | s_axilite port = coeffs bundle = control  | in hls_color_space_convert_top (hls_color_space_convert.cpp:134)                 |
| INTERFACE       | s_axilite port = offsets bundle = control | in hls_color_space_convert_top (hls_color_space_convert.cpp:135)                 |
| INTERFACE       | s_axilite port = width bundle = control   | in hls_color_space_convert_top (hls_color_space_convert.cpp:136)                 |
| INTERFACE       | s_axilite port = height bundle = control  | in hls_color_space_convert_top (hls_color_space_convert.cpp:137)                 |
| INTERFACE       | s_axilite port = return bundle = control  | in hls_color_space_convert_top (hls_color_space_convert.cpp:143)                 |
| PIPELINE        | II = 1                                    | in hls_rgb_2_hsv (hls_color_space_convert.cpp:180)                               |
| AGGREGATE       | variable = in_stream                      | in hls_rgb_2_hsv (hls_color_space_convert.cpp:181)                               |
| AGGREGATE       | variable = out_stream                     | in hls_rgb_2_hsv (hls_color_space_convert.cpp:182)                               |
| INTERFACE       | axis port = in_stream                     | in hls_rgb_2_hsv (hls_color_space_convert.cpp:185)                               |
| INTERFACE       | axis port = out_stream                    | in hls_rgb_2_hsv (hls_color_space_convert.cpp:187)                               |
| INTERFACE       | s_axilite port = return bundle = control  | in hls_rgb_2_hsv (hls_color_space_convert.cpp:188)                               |
| INTERFACE       | ap_ctrl_none port = return                | in hls_rgb_2_hsv (hls_color_space_convert.cpp:190)                               |
| PIPELINE        | II = 1                                    | in hls_hsv_2_rgb (hls_color_space_convert.cpp:266)                               |
| AGGREGATE       | variable = in_stream                      | in hls_hsv_2_rgb (hls_color_space_convert.cpp:267)                               |
| AGGREGATE       | variable = out_stream                     | in hls_hsv_2_rgb (hls_color_space_convert.cpp:268)                               |
| INTERFACE       | axis port = in_stream                     | in hls_hsv_2_rgb (hls_color_space_convert.cpp:269)                               |
| INTERFACE       | axis port = out_stream                    | in hls_hsv_2_rgb (hls_color_space_convert.cpp:270)                               |
| INTERFACE       | s_axilite port = return bundle = control  | in hls_hsv_2_rgb (hls_color_space_convert.cpp:271)                               |
| INTERFACE       | ap_ctrl_none port = return                | in hls_hsv_2_rgb (hls_color_space_convert.cpp:272)                               |
| INLINE          |                                           | in color_pixel<num_channels, pixel_width> (hls_color_space_convert.hpp:40)       |
| UNROLL          |                                           | in color_pixel<num_channels, pixel_width> (hls_color_space_convert.hpp:42)       |
| INLINE          |                                           | in color_pixel<num_channels, pixel_width> (hls_color_space_convert.hpp:52)       |
| UNROLL          |                                           | in color_pixel<num_channels, pixel_width> (hls_color_space_convert.hpp:54)       |
| INLINE          |                                           | in color_pixel<num_channels, pixel_width> (hls_color_space_convert.hpp:68)       |
| UNROLL          |                                           | in color_pixel<num_channels, pixel_width> (hls_color_space_convert.hpp:71)       |
| INLINE          |                                           | in operator ap_uint<num_channels * pixel_width> (hls_color_space_convert.hpp:80) |
| UNROLL          |                                           | in operator ap_uint<num_channels * pixel_width> (hls_color_space_convert.hpp:84) |
| INLINE          |                                           | in operator unsigned int (hls_color_space_convert.hpp:95)                        |
+-----------------+-------------------------------------------+----------------------------------------------------------------------------------+


