

================================================================
== Vitis HLS Report for 'hls_rgb_2_hsv'
================================================================
* Date:           Sat Mar 28 14:53:37 2026

* Version:        2025.2 (Build 6295257 on Nov 14 2025)
* Project:        hls_rgb_2_hsv
* Solution:       hls (Vivado IP Flow Target)
* Product family: zynquplus
* Target device:  xck26-sfvc784-2LV-c


================================================================
== Performance Estimates
================================================================
+ Timing: 
    * Summary: 
    +--------+----------+----------+------------+
    |  Clock |  Target  | Estimated| Uncertainty|
    +--------+----------+----------+------------+
    |ap_clk  |  10.00 ns|  5.812 ns|     2.70 ns|
    +--------+----------+----------+------------+

+ Latency: 
    * Summary: 
    +---------+---------+-----------+-----------+-----+-----+---------+
    |  Latency (cycles) |   Latency (absolute)  |  Interval | Pipeline|
    |   min   |   max   |    min    |    max    | min | max |   Type  |
    +---------+---------+-----------+-----------+-----+-----+---------+
    |        2|        2|  20.000 ns|  20.000 ns|    1|    1|      yes|
    +---------+---------+-----------+-----------+-----+-----+---------+

    + Detail: 
        * Instance: 
        N/A

        * Loop: 
        N/A

============================================================
+ Verbose Summary: Synthesis Manager
============================================================
InlineROM: 1
ExposeGlobal: 0
============================================================
+ Verbose Summary: CDFG Model
============================================================
IsTopModel: 1
ResetActiveHigh: 1
IsCombinational: 0
IsDatapathOnly: 0
HasWiredReturn: 1
HasMFsm: 2
HasVarLatency: 0
IsPipeline: 1
IsRtlPipelined: 1
IsInstanceOverlapped: 0
IsDontTouch: 0
HasImplIP: 0
IsGatedGlobalClock: 0

+ Individual pipeline summary: 
  * Pipeline-0: initiation interval (II) = 1, depth = 3


============================================================
+ Verbose Summary: Schedule
============================================================
* Number of FSM states : 3
* Pipeline : 1
  Pipeline-0 : II = 1, D = 3, States = { 1 2 3 }
* Dataflow Pipeline: 0

* FSM state transitions: 
1 --> 2 
2 --> 3 
3 --> 

* FSM state operations: 

State 1 <SV = 0> <Delay = 4.39>
ST_1 : Operation 4 [1/1] ( I:0.07ns O:0.07ns )   --->   "%in_stream_read = read i32 @_ssdm_op_Read.axis.volatile.i32P128A, i32 %in_stream" [hls_color_space_convert.cpp:192]   --->   Operation 4 'read' 'in_stream_read' <Predicate = true> <Delay = 0.07> <CoreInst = "regslice">   --->   Core 147 'regslice' <Latency = 0> <II = 1> <Delay = 0.65> <Adapter> <Opcode : 'read' 'write'>
ST_1 : Operation 5 [1/1] (0.00ns)   --->   "%in_packet_data = trunc i32 %in_stream_read" [hls_color_space_convert.cpp:192]   --->   Operation 5 'trunc' 'in_packet_data' <Predicate = true> <Delay = 0.00>
ST_1 : Operation 6 [1/1] (0.00ns)   --->   "%in_packet_data_3 = partselect i8 @_ssdm_op_PartSelect.i8.i32.i32.i32, i32 %in_stream_read, i32 8, i32 15" [hls_color_space_convert.cpp:192]   --->   Operation 6 'partselect' 'in_packet_data_3' <Predicate = true> <Delay = 0.00>
ST_1 : Operation 7 [1/1] (0.00ns)   --->   "%in_packet_data_4 = partselect i8 @_ssdm_op_PartSelect.i8.i32.i32.i32, i32 %in_stream_read, i32 16, i32 23" [hls_color_space_convert.cpp:192]   --->   Operation 7 'partselect' 'in_packet_data_4' <Predicate = true> <Delay = 0.00>
ST_1 : Operation 8 [1/1] (0.76ns)   --->   "%icmp_ln200 = icmp_ult  i8 %in_packet_data, i8 %in_packet_data_3" [hls_color_space_convert.cpp:200]   --->   Operation 8 'icmp' 'icmp_ln200' <Predicate = true> <Delay = 0.76> <CoreInst = "Cmp">   --->   Core 9 'Cmp' <Latency = 0> <II = 1> <Delay = 0.76> <FuncUnit> <Opcode : 'seteq' 'setne' 'setle' 'setge' 'setlt' 'setgt'> <InPorts = 2> <OutPorts = 1>
ST_1 : Operation 9 [1/1] (0.39ns)   --->   "%min_rg = select i1 %icmp_ln200, i8 %in_packet_data, i8 %in_packet_data_3" [hls_color_space_convert.cpp:200]   --->   Operation 9 'select' 'min_rg' <Predicate = true> <Delay = 0.39> <CoreInst = "Sel">   --->   Core 73 'Sel' <Latency = 0> <II = 1> <Delay = 0.39> <FuncUnit> <Opcode : 'select'> <InPorts = 3> <OutPorts = 1>
ST_1 : Operation 10 [1/1] (0.76ns)   --->   "%icmp_ln201 = icmp_ugt  i8 %in_packet_data, i8 %in_packet_data_3" [hls_color_space_convert.cpp:201]   --->   Operation 10 'icmp' 'icmp_ln201' <Predicate = true> <Delay = 0.76> <CoreInst = "Cmp">   --->   Core 9 'Cmp' <Latency = 0> <II = 1> <Delay = 0.76> <FuncUnit> <Opcode : 'seteq' 'setne' 'setle' 'setge' 'setlt' 'setgt'> <InPorts = 2> <OutPorts = 1>
ST_1 : Operation 11 [1/1] (0.39ns)   --->   "%max_rg = select i1 %icmp_ln201, i8 %in_packet_data, i8 %in_packet_data_3" [hls_color_space_convert.cpp:201]   --->   Operation 11 'select' 'max_rg' <Predicate = true> <Delay = 0.39> <CoreInst = "Sel">   --->   Core 73 'Sel' <Latency = 0> <II = 1> <Delay = 0.39> <FuncUnit> <Opcode : 'select'> <InPorts = 3> <OutPorts = 1>
ST_1 : Operation 12 [1/1] (0.76ns)   --->   "%icmp_ln204 = icmp_ult  i8 %min_rg, i8 %in_packet_data_4" [hls_color_space_convert.cpp:204]   --->   Operation 12 'icmp' 'icmp_ln204' <Predicate = true> <Delay = 0.76> <CoreInst = "Cmp">   --->   Core 9 'Cmp' <Latency = 0> <II = 1> <Delay = 0.76> <FuncUnit> <Opcode : 'seteq' 'setne' 'setle' 'setge' 'setlt' 'setgt'> <InPorts = 2> <OutPorts = 1>
ST_1 : Operation 13 [1/1] (0.39ns)   --->   "%Cmin = select i1 %icmp_ln204, i8 %min_rg, i8 %in_packet_data_4" [hls_color_space_convert.cpp:204]   --->   Operation 13 'select' 'Cmin' <Predicate = true> <Delay = 0.39> <CoreInst = "Sel">   --->   Core 73 'Sel' <Latency = 0> <II = 1> <Delay = 0.39> <FuncUnit> <Opcode : 'select'> <InPorts = 3> <OutPorts = 1>
ST_1 : Operation 14 [1/1] (0.76ns)   --->   "%icmp_ln205 = icmp_ugt  i8 %max_rg, i8 %in_packet_data_4" [hls_color_space_convert.cpp:205]   --->   Operation 14 'icmp' 'icmp_ln205' <Predicate = true> <Delay = 0.76> <CoreInst = "Cmp">   --->   Core 9 'Cmp' <Latency = 0> <II = 1> <Delay = 0.76> <FuncUnit> <Opcode : 'seteq' 'setne' 'setle' 'setge' 'setlt' 'setgt'> <InPorts = 2> <OutPorts = 1>
ST_1 : Operation 15 [1/1] (0.39ns)   --->   "%Cmax = select i1 %icmp_ln205, i8 %max_rg, i8 %in_packet_data_4" [hls_color_space_convert.cpp:205]   --->   Operation 15 'select' 'Cmax' <Predicate = true> <Delay = 0.39> <CoreInst = "Sel">   --->   Core 73 'Sel' <Latency = 0> <II = 1> <Delay = 0.39> <FuncUnit> <Opcode : 'select'> <InPorts = 3> <OutPorts = 1>
ST_1 : Operation 16 [1/1] (0.76ns)   --->   "%delta = sub i8 %Cmax, i8 %Cmin" [hls_color_space_convert.cpp:207]   --->   Operation 16 'sub' 'delta' <Predicate = true> <Delay = 0.76> <CoreInst = "Adder">   --->   Core 1 'Adder' <Latency = 0> <II = 1> <Delay = 0.76> <FuncUnit> <Opcode : 'add' 'sub'> <InPorts = 2> <OutPorts = 1>
ST_1 : Operation 17 [1/1] (0.76ns)   --->   "%icmp_ln213 = icmp_eq  i8 %Cmax, i8 0" [hls_color_space_convert.cpp:213]   --->   Operation 17 'icmp' 'icmp_ln213' <Predicate = true> <Delay = 0.76> <CoreInst = "Cmp">   --->   Core 9 'Cmp' <Latency = 0> <II = 1> <Delay = 0.76> <FuncUnit> <Opcode : 'seteq' 'setne' 'setle' 'setge' 'setlt' 'setgt'> <InPorts = 2> <OutPorts = 1>
ST_1 : Operation 18 [1/1] (0.00ns)   --->   "%zext_ln216_1 = zext i8 %Cmax" [hls_color_space_convert.cpp:216]   --->   Operation 18 'zext' 'zext_ln216_1' <Predicate = true> <Delay = 0.00>
ST_1 : Operation 19 [1/1] (0.00ns)   --->   "%INV_TBL_addr = getelementptr i17 %INV_TBL, i64 0, i64 %zext_ln216_1" [hls_color_space_convert.cpp:216]   --->   Operation 19 'getelementptr' 'INV_TBL_addr' <Predicate = true> <Delay = 0.00>
ST_1 : Operation 20 [2/2] (1.23ns)   --->   "%INV_TBL_load = load i8 %INV_TBL_addr" [hls_color_space_convert.cpp:216]   --->   Operation 20 'load' 'INV_TBL_load' <Predicate = true> <Delay = 1.23> <CoreInst = "ROM">   --->   Core 100 'ROM' <Latency = 1> <II = 1> <Delay = 1.23> <Storage> <Opcode : 'load'> <Ports = 0> <Width = 17> <Depth = 256> <ROM>
ST_1 : Operation 21 [1/1] (0.76ns)   --->   "%icmp_ln221 = icmp_eq  i8 %Cmax, i8 %Cmin" [hls_color_space_convert.cpp:221]   --->   Operation 21 'icmp' 'icmp_ln221' <Predicate = true> <Delay = 0.76> <CoreInst = "Cmp">   --->   Core 9 'Cmp' <Latency = 0> <II = 1> <Delay = 0.76> <FuncUnit> <Opcode : 'seteq' 'setne' 'setle' 'setge' 'setlt' 'setgt'> <InPorts = 2> <OutPorts = 1>
ST_1 : Operation 22 [1/1] (0.76ns)   --->   "%icmp_ln227 = icmp_eq  i8 %Cmax, i8 %in_packet_data" [hls_color_space_convert.cpp:227]   --->   Operation 22 'icmp' 'icmp_ln227' <Predicate = true> <Delay = 0.76> <CoreInst = "Cmp">   --->   Core 9 'Cmp' <Latency = 0> <II = 1> <Delay = 0.76> <FuncUnit> <Opcode : 'seteq' 'setne' 'setle' 'setge' 'setlt' 'setgt'> <InPorts = 2> <OutPorts = 1>
ST_1 : Operation 23 [1/1] (0.00ns)   --->   "%zext_ln228 = zext i8 %in_packet_data_3" [hls_color_space_convert.cpp:228]   --->   Operation 23 'zext' 'zext_ln228' <Predicate = true> <Delay = 0.00>
ST_1 : Operation 24 [1/1] (0.00ns)   --->   "%zext_ln228_1 = zext i8 %in_packet_data_4" [hls_color_space_convert.cpp:228]   --->   Operation 24 'zext' 'zext_ln228_1' <Predicate = true> <Delay = 0.00>
ST_1 : Operation 25 [1/1] (0.76ns)   --->   "%diff = sub i9 %zext_ln228, i9 %zext_ln228_1" [hls_color_space_convert.cpp:228]   --->   Operation 25 'sub' 'diff' <Predicate = true> <Delay = 0.76> <CoreInst = "Adder">   --->   Core 1 'Adder' <Latency = 0> <II = 1> <Delay = 0.76> <FuncUnit> <Opcode : 'add' 'sub'> <InPorts = 2> <OutPorts = 1>
ST_1 : Operation 26 [1/1] (0.76ns)   --->   "%icmp_ln230 = icmp_eq  i8 %Cmax, i8 %in_packet_data_3" [hls_color_space_convert.cpp:230]   --->   Operation 26 'icmp' 'icmp_ln230' <Predicate = true> <Delay = 0.76> <CoreInst = "Cmp">   --->   Core 9 'Cmp' <Latency = 0> <II = 1> <Delay = 0.76> <FuncUnit> <Opcode : 'seteq' 'setne' 'setle' 'setge' 'setlt' 'setgt'> <InPorts = 2> <OutPorts = 1>
ST_1 : Operation 27 [1/1] (0.00ns)   --->   "%zext_ln231 = zext i8 %in_packet_data" [hls_color_space_convert.cpp:231]   --->   Operation 27 'zext' 'zext_ln231' <Predicate = true> <Delay = 0.00>
ST_1 : Operation 28 [1/1] (0.76ns)   --->   "%diff_2 = sub i9 %zext_ln228_1, i9 %zext_ln231" [hls_color_space_convert.cpp:231]   --->   Operation 28 'sub' 'diff_2' <Predicate = true> <Delay = 0.76> <CoreInst = "Adder">   --->   Core 1 'Adder' <Latency = 0> <II = 1> <Delay = 0.76> <FuncUnit> <Opcode : 'add' 'sub'> <InPorts = 2> <OutPorts = 1>
ST_1 : Operation 29 [1/1] (0.76ns)   --->   "%diff_3 = sub i9 %zext_ln231, i9 %zext_ln228" [hls_color_space_convert.cpp:234]   --->   Operation 29 'sub' 'diff_3' <Predicate = true> <Delay = 0.76> <CoreInst = "Adder">   --->   Core 1 'Adder' <Latency = 0> <II = 1> <Delay = 0.76> <FuncUnit> <Opcode : 'add' 'sub'> <InPorts = 2> <OutPorts = 1>
ST_1 : Operation 30 [1/1] (0.00ns) (grouped into LUT with out node and_ln230)   --->   "%xor_ln227 = xor i1 %icmp_ln227, i1 1" [hls_color_space_convert.cpp:227]   --->   Operation 30 'xor' 'xor_ln227' <Predicate = true> <Delay = 0.00> <CoreInst = "LogicGate">   --->   Core 74 'LogicGate' <Latency = 0> <II = 1> <Delay = 0.28> <FuncUnit> <Opcode : 'and' 'or' 'xor'> <InPorts = 2> <OutPorts = 1>
ST_1 : Operation 31 [1/1] (0.28ns) (out node of the LUT)   --->   "%and_ln230 = and i1 %icmp_ln230, i1 %xor_ln227" [hls_color_space_convert.cpp:230]   --->   Operation 31 'and' 'and_ln230' <Predicate = true> <Delay = 0.28> <CoreInst = "LogicGate">   --->   Core 74 'LogicGate' <Latency = 0> <II = 1> <Delay = 0.28> <FuncUnit> <Opcode : 'and' 'or' 'xor'> <InPorts = 2> <OutPorts = 1>
ST_1 : Operation 32 [1/1] (0.00ns)   --->   "%sel_tmp2 = bitconcatenate i2 @_ssdm_op_BitConcatenate.i2.i1.i1, i1 %icmp_ln227, i1 %and_ln230" [hls_color_space_convert.cpp:227]   --->   Operation 32 'bitconcatenate' 'sel_tmp2' <Predicate = true> <Delay = 0.00>
ST_1 : Operation 33 [1/1] (0.42ns)   --->   "%diff_1 = sparsemux i9 @_ssdm_op_SparseMux.ap_auto.3i9.i9.i2, i2 2, i9 %diff, i2 1, i9 %diff_2, i2 0, i9 %diff_3, i9 0, i2 %sel_tmp2" [hls_color_space_convert.cpp:228]   --->   Operation 33 'sparsemux' 'diff_1' <Predicate = true> <Delay = 0.42> <CoreInst = "OneHotSparseMux_HasDef">   --->   Core 152 'OneHotSparseMux_HasDef' <Latency = 0> <II = 1> <Delay = 0.42> <FuncUnit> <Opcode : 'sparsemux'> <InPorts = 2> <OutPorts = 1>
ST_1 : Operation 34 [1/1] (0.00ns)   --->   "%zext_ln240 = zext i8 %delta" [hls_color_space_convert.cpp:240]   --->   Operation 34 'zext' 'zext_ln240' <Predicate = true> <Delay = 0.00>
ST_1 : Operation 35 [1/1] (0.00ns)   --->   "%INV_TBL_addr_1 = getelementptr i17 %INV_TBL, i64 0, i64 %zext_ln240" [hls_color_space_convert.cpp:240]   --->   Operation 35 'getelementptr' 'INV_TBL_addr_1' <Predicate = true> <Delay = 0.00>
ST_1 : Operation 36 [2/2] (1.23ns)   --->   "%INV_TBL_load_1 = load i8 %INV_TBL_addr_1" [hls_color_space_convert.cpp:240]   --->   Operation 36 'load' 'INV_TBL_load_1' <Predicate = true> <Delay = 1.23> <CoreInst = "ROM">   --->   Core 100 'ROM' <Latency = 1> <II = 1> <Delay = 1.23> <Storage> <Opcode : 'load'> <Ports = 0> <Width = 17> <Depth = 256> <ROM>
ST_1 : Operation 37 [1/1] (0.00ns)   --->   "%tmp_1 = partselect i2 @_ssdm_op_PartSelect.i2.i32.i32.i32, i32 %in_stream_read, i32 24, i32 25" [hls_color_space_convert.cpp:260]   --->   Operation 37 'partselect' 'tmp_1' <Predicate = true> <Delay = 0.00>

State 2 <SV = 1> <Delay = 5.81>
ST_2 : Operation 38 [1/1] (0.00ns)   --->   "%zext_ln216 = zext i8 %delta" [hls_color_space_convert.cpp:216]   --->   Operation 38 'zext' 'zext_ln216' <Predicate = (!icmp_ln213)> <Delay = 0.00>
ST_2 : Operation 39 [1/2] ( I:1.23ns O:1.23ns )   --->   "%INV_TBL_load = load i8 %INV_TBL_addr" [hls_color_space_convert.cpp:216]   --->   Operation 39 'load' 'INV_TBL_load' <Predicate = true> <Delay = 1.23> <CoreInst = "ROM">   --->   Core 100 'ROM' <Latency = 1> <II = 1> <Delay = 1.23> <Storage> <Opcode : 'load'> <Ports = 0> <Width = 17> <Depth = 256> <ROM>
ST_2 : Operation 40 [1/1] (0.00ns)   --->   "%zext_ln216_2 = zext i17 %INV_TBL_load" [hls_color_space_convert.cpp:216]   --->   Operation 40 'zext' 'zext_ln216_2' <Predicate = (!icmp_ln213)> <Delay = 0.00>
ST_2 : Operation 41 [1/1] (0.00ns)   --->   "%p_shl = bitconcatenate i16 @_ssdm_op_BitConcatenate.i16.i8.i8, i8 %delta, i8 0" [hls_color_space_convert.cpp:216]   --->   Operation 41 'bitconcatenate' 'p_shl' <Predicate = (!icmp_ln213)> <Delay = 0.00>
ST_2 : Operation 42 [1/1] (0.85ns)   --->   "%sub_ln216 = sub i16 %p_shl, i16 %zext_ln216" [hls_color_space_convert.cpp:216]   --->   Operation 42 'sub' 'sub_ln216' <Predicate = (!icmp_ln213)> <Delay = 0.85> <CoreInst = "Adder">   --->   Core 1 'Adder' <Latency = 0> <II = 1> <Delay = 0.85> <FuncUnit> <Opcode : 'add' 'sub'> <InPorts = 2> <OutPorts = 1>
ST_2 : Operation 43 [1/1] (0.00ns)   --->   "%zext_ln216_3 = zext i16 %sub_ln216" [hls_color_space_convert.cpp:216]   --->   Operation 43 'zext' 'zext_ln216_3' <Predicate = (!icmp_ln213)> <Delay = 0.00>
ST_2 : Operation 44 [1/1] (2.41ns)   --->   "%sat_tmp = mul i24 %zext_ln216_3, i24 %zext_ln216_2" [hls_color_space_convert.cpp:216]   --->   Operation 44 'mul' 'sat_tmp' <Predicate = (!icmp_ln213)> <Delay = 2.41> <CoreInst = "Multiplier">   --->   Core 3 'Multiplier' <Latency = 0> <II = 1> <Delay = 2.41> <FuncUnit> <Opcode : 'mul'> <InPorts = 2> <OutPorts = 1>
ST_2 : Operation 45 [1/1] (0.00ns) (grouped into LUT with out node add_ln245)   --->   "%storemerge452_0_0_s = sparsemux i8 @_ssdm_op_SparseMux.ap_auto.3i8.i8.i2, i2 2, i8 0, i2 1, i8 85, i2 0, i8 170, i8 0, i2 %sel_tmp2" [hls_color_space_convert.cpp:227]   --->   Operation 45 'sparsemux' 'storemerge452_0_0_s' <Predicate = (!icmp_ln221)> <Delay = 0.00> <CoreInst = "OneHotSparseMux_HasDef">   --->   Core 152 'OneHotSparseMux_HasDef' <Latency = 0> <II = 1> <Delay = 0.42> <FuncUnit> <Opcode : 'sparsemux'> <InPorts = 2> <OutPorts = 1>
ST_2 : Operation 46 [1/1] (0.00ns)   --->   "%sext_ln240 = sext i9 %diff_1" [hls_color_space_convert.cpp:240]   --->   Operation 46 'sext' 'sext_ln240' <Predicate = (!icmp_ln221)> <Delay = 0.00>
ST_2 : Operation 47 [1/1] (1.74ns)   --->   "%mul_ln240 = mul i16 %sext_ln240, i16 43" [hls_color_space_convert.cpp:240]   --->   Operation 47 'mul' 'mul_ln240' <Predicate = (!icmp_ln221)> <Delay = 1.74> <CoreInst = "Multiplier">   --->   Core 3 'Multiplier' <Latency = 0> <II = 1> <Delay = 1.74> <FuncUnit> <Opcode : 'mul'> <InPorts = 2> <OutPorts = 1>
ST_2 : Operation 48 [1/2] ( I:1.23ns O:1.23ns )   --->   "%INV_TBL_load_1 = load i8 %INV_TBL_addr_1" [hls_color_space_convert.cpp:240]   --->   Operation 48 'load' 'INV_TBL_load_1' <Predicate = true> <Delay = 1.23> <CoreInst = "ROM">   --->   Core 100 'ROM' <Latency = 1> <II = 1> <Delay = 1.23> <Storage> <Opcode : 'load'> <Ports = 0> <Width = 17> <Depth = 256> <ROM>
ST_2 : Operation 49 [1/1] (0.00ns)   --->   "%sext_ln240_1 = sext i16 %mul_ln240" [hls_color_space_convert.cpp:240]   --->   Operation 49 'sext' 'sext_ln240_1' <Predicate = (!icmp_ln221)> <Delay = 0.00>
ST_2 : Operation 50 [1/1] (0.00ns)   --->   "%zext_ln240_1 = zext i17 %INV_TBL_load_1" [hls_color_space_convert.cpp:240]   --->   Operation 50 'zext' 'zext_ln240_1' <Predicate = (!icmp_ln221)> <Delay = 0.00>
ST_2 : Operation 51 [1/1] (2.41ns)   --->   "%mul_ln240_1 = mul i24 %sext_ln240_1, i24 %zext_ln240_1" [hls_color_space_convert.cpp:240]   --->   Operation 51 'mul' 'mul_ln240_1' <Predicate = (!icmp_ln221)> <Delay = 2.41> <CoreInst = "Multiplier">   --->   Core 3 'Multiplier' <Latency = 0> <II = 1> <Delay = 2.41> <FuncUnit> <Opcode : 'mul'> <InPorts = 2> <OutPorts = 1>
ST_2 : Operation 52 [1/1] (0.00ns) (grouped into LUT with out node add_ln245)   --->   "%trunc_ln = partselect i8 @_ssdm_op_PartSelect.i8.i24.i32.i32, i24 %mul_ln240_1, i32 16, i32 23" [hls_color_space_convert.cpp:245]   --->   Operation 52 'partselect' 'trunc_ln' <Predicate = (!icmp_ln221)> <Delay = 0.00>
ST_2 : Operation 53 [1/1] (0.76ns) (out node of the LUT)   --->   "%add_ln245 = add i8 %trunc_ln, i8 %storemerge452_0_0_s" [hls_color_space_convert.cpp:245]   --->   Operation 53 'add' 'add_ln245' <Predicate = (!icmp_ln221)> <Delay = 0.76> <CoreInst = "Adder">   --->   Core 1 'Adder' <Latency = 0> <II = 1> <Delay = 0.76> <FuncUnit> <Opcode : 'add' 'sub'> <InPorts = 2> <OutPorts = 1>
ST_2 : Operation 54 [1/1] (0.39ns)   --->   "%hue_out_0 = select i1 %icmp_ln221, i8 0, i8 %add_ln245" [hls_color_space_convert.cpp:221]   --->   Operation 54 'select' 'hue_out_0' <Predicate = true> <Delay = 0.39> <CoreInst = "Sel">   --->   Core 73 'Sel' <Latency = 0> <II = 1> <Delay = 0.39> <FuncUnit> <Opcode : 'select'> <InPorts = 3> <OutPorts = 1>
ST_2 : Operation 55 [1/1] (0.00ns)   --->   "%zext_ln260 = zext i8 %hue_out_0" [hls_color_space_convert.cpp:260]   --->   Operation 55 'zext' 'zext_ln260' <Predicate = true> <Delay = 0.00>
ST_2 : Operation 56 [1/1] (0.00ns)   --->   "%tmp = partselect i8 @_ssdm_op_PartSelect.i8.i24.i32.i32, i24 %sat_tmp, i32 16, i32 23" [hls_color_space_convert.cpp:260]   --->   Operation 56 'partselect' 'tmp' <Predicate = (!icmp_ln213)> <Delay = 0.00>
ST_2 : Operation 57 [1/1] (0.39ns)   --->   "%empty = select i1 %icmp_ln213, i8 0, i8 %tmp" [hls_color_space_convert.cpp:213]   --->   Operation 57 'select' 'empty' <Predicate = true> <Delay = 0.39> <CoreInst = "Sel">   --->   Core 73 'Sel' <Latency = 0> <II = 1> <Delay = 0.39> <FuncUnit> <Opcode : 'select'> <InPorts = 3> <OutPorts = 1>
ST_2 : Operation 58 [1/1] (0.00ns)   --->   "%zext_ln260_1 = zext i8 %Cmax" [hls_color_space_convert.cpp:260]   --->   Operation 58 'zext' 'zext_ln260_1' <Predicate = true> <Delay = 0.00>
ST_2 : Operation 59 [1/1] (0.00ns)   --->   "%or_ln260_7 = bitconcatenate i29 @_ssdm_op_BitConcatenate.i29.i2.i9.i1.i8.i9, i2 %tmp_1, i9 %zext_ln260_1, i1 0, i8 %empty, i9 %zext_ln260" [hls_color_space_convert.cpp:260]   --->   Operation 59 'bitconcatenate' 'or_ln260_7' <Predicate = true> <Delay = 0.00>
ST_2 : Operation 60 [1/1] (0.00ns)   --->   "%zext_ln260_2 = zext i29 %or_ln260_7" [hls_color_space_convert.cpp:260]   --->   Operation 60 'zext' 'zext_ln260_2' <Predicate = true> <Delay = 0.00>
ST_2 : Operation 61 [2/2] (0.49ns)   --->   "%write_ln260 = write void @_ssdm_op_Write.axis.volatile.i32P128A, i32 %out_stream, i32 %zext_ln260_2" [hls_color_space_convert.cpp:260]   --->   Operation 61 'write' 'write_ln260' <Predicate = true> <Delay = 0.49> <CoreInst = "regslice">   --->   Core 147 'regslice' <Latency = 0> <II = 1> <Delay = 0.65> <Adapter> <Opcode : 'read' 'write'>

State 3 <SV = 2> <Delay = 0.49>
ST_3 : Operation 62 [1/1] (0.00ns)   --->   "%specpipeline_ln180 = specpipeline void @_ssdm_op_SpecPipeline, i32 1, i32 0, i32 0, i32 0, i32 4294967295, void @empty_1" [hls_color_space_convert.cpp:180]   --->   Operation 62 'specpipeline' 'specpipeline_ln180' <Predicate = true> <Delay = 0.00>
ST_3 : Operation 63 [1/1] (0.00ns)   --->   "%spectopmodule_ln178 = spectopmodule void @_ssdm_op_SpecTopModule, void @empty_4" [hls_color_space_convert.cpp:178]   --->   Operation 63 'spectopmodule' 'spectopmodule_ln178' <Predicate = true> <Delay = 0.00>
ST_3 : Operation 64 [1/1] (0.00ns)   --->   "%specinterface_ln178 = specinterface void @_ssdm_op_SpecInterface, i32 0, void @empty_5, i32 0, i32 0, void @empty_1, i32 0, i32 0, void @empty_1, void @empty_1, void @empty_1, i32 0, i32 0, i32 0, i32 0, void @empty_1, void @empty_1, i32 4294967295, i32 0, i32 0, i32 0" [hls_color_space_convert.cpp:178]   --->   Operation 64 'specinterface' 'specinterface_ln178' <Predicate = true> <Delay = 0.00>
ST_3 : Operation 65 [1/1] (0.00ns)   --->   "%specinterface_ln0 = specinterface void @_ssdm_op_SpecInterface, i32 %in_stream, void @empty, i32 1, i32 1, void @empty_0, i32 0, i32 0, void @empty_1, void @empty_1, void @empty_1, i32 0, i32 0, i32 0, i32 0, void @empty_1, void @empty_1, i32 4294967295, i32 0, i32 0, i32 0"   --->   Operation 65 'specinterface' 'specinterface_ln0' <Predicate = true> <Delay = 0.00>
ST_3 : Operation 66 [1/1] (0.00ns)   --->   "%specbitsmap_ln0 = specbitsmap void @_ssdm_op_SpecBitsMap, i32 %in_stream"   --->   Operation 66 'specbitsmap' 'specbitsmap_ln0' <Predicate = true> <Delay = 0.00>
ST_3 : Operation 67 [1/1] (0.00ns)   --->   "%specinterface_ln0 = specinterface void @_ssdm_op_SpecInterface, i32 %out_stream, void @empty, i32 1, i32 1, void @empty_0, i32 0, i32 0, void @empty_1, void @empty_1, void @empty_1, i32 0, i32 0, i32 0, i32 0, void @empty_1, void @empty_1, i32 4294967295, i32 0, i32 0, i32 0"   --->   Operation 67 'specinterface' 'specinterface_ln0' <Predicate = true> <Delay = 0.00>
ST_3 : Operation 68 [1/1] (0.00ns)   --->   "%specbitsmap_ln0 = specbitsmap void @_ssdm_op_SpecBitsMap, i32 %out_stream"   --->   Operation 68 'specbitsmap' 'specbitsmap_ln0' <Predicate = true> <Delay = 0.00>
ST_3 : Operation 69 [1/1] (0.00ns)   --->   "%specinterface_ln0 = specinterface void @_ssdm_op_SpecInterface, i32 0, void @empty_2, i32 0, i32 0, void @empty_1, i32 0, i32 0, void @empty_3, void @empty_1, void @empty_1, i32 0, i32 0, i32 0, i32 0, void @empty_1, void @empty_1, i32 0, i32 0, i32 0, i32 0"   --->   Operation 69 'specinterface' 'specinterface_ln0' <Predicate = true> <Delay = 0.00>
ST_3 : Operation 70 [1/2] ( I:0.49ns O:0.49ns )   --->   "%write_ln260 = write void @_ssdm_op_Write.axis.volatile.i32P128A, i32 %out_stream, i32 %zext_ln260_2" [hls_color_space_convert.cpp:260]   --->   Operation 70 'write' 'write_ln260' <Predicate = true> <Delay = 0.49> <CoreInst = "regslice">   --->   Core 147 'regslice' <Latency = 0> <II = 1> <Delay = 0.65> <Adapter> <Opcode : 'read' 'write'>
ST_3 : Operation 71 [1/1] (0.00ns)   --->   "%ret_ln261 = ret" [hls_color_space_convert.cpp:261]   --->   Operation 71 'ret' 'ret_ln261' <Predicate = true> <Delay = 0.00>


============================================================
+ Verbose Summary: Binding
============================================================
STG Binding: 
---------------- STG Properties BEGIN ----------------
- Is combinational: 0
- Is one-state seq: 0
- Is datapath-only: 0
- Is pipelined: 1
- Is top level: 1
Port [ Return ] is wired: 1; IO mode=ap_ctrl_none:ce=0
Port [ in_stream]:  wired=1; compound=1; hidden=0; nouse=0; global=0; static=0; extern=0; dir=0; type=0; pingpong=0; private_global=0; IO mode=axis:ce=0
Port [ out_stream]:  wired=1; compound=1; hidden=0; nouse=0; global=0; static=0; extern=0; dir=1; type=0; pingpong=0; private_global=0; IO mode=axis:ce=0
Port [ INV_TBL]:  wired=0; compound=1; hidden=1; nouse=0; global=1; static=1; extern=0; dir=0; type=1; pingpong=0; private_global=1; MemPort=[11]; IO mode=ap_memory:ce=0
---------------- STG Properties END ------------------

---------------- Datapath Model BEGIN ----------------

<LifeTime>
<method=bitvector/>
in_stream_read      (read          ) [ 0000]
in_packet_data      (trunc         ) [ 0000]
in_packet_data_3    (partselect    ) [ 0000]
in_packet_data_4    (partselect    ) [ 0000]
icmp_ln200          (icmp          ) [ 0000]
min_rg              (select        ) [ 0000]
icmp_ln201          (icmp          ) [ 0000]
max_rg              (select        ) [ 0000]
icmp_ln204          (icmp          ) [ 0000]
Cmin                (select        ) [ 0000]
icmp_ln205          (icmp          ) [ 0000]
Cmax                (select        ) [ 0110]
delta               (sub           ) [ 0110]
icmp_ln213          (icmp          ) [ 0110]
zext_ln216_1        (zext          ) [ 0000]
INV_TBL_addr        (getelementptr ) [ 0110]
icmp_ln221          (icmp          ) [ 0110]
icmp_ln227          (icmp          ) [ 0000]
zext_ln228          (zext          ) [ 0000]
zext_ln228_1        (zext          ) [ 0000]
diff                (sub           ) [ 0000]
icmp_ln230          (icmp          ) [ 0000]
zext_ln231          (zext          ) [ 0000]
diff_2              (sub           ) [ 0000]
diff_3              (sub           ) [ 0000]
xor_ln227           (xor           ) [ 0000]
and_ln230           (and           ) [ 0000]
sel_tmp2            (bitconcatenate) [ 0110]
diff_1              (sparsemux     ) [ 0110]
zext_ln240          (zext          ) [ 0000]
INV_TBL_addr_1      (getelementptr ) [ 0110]
tmp_1               (partselect    ) [ 0110]
zext_ln216          (zext          ) [ 0000]
INV_TBL_load        (load          ) [ 0000]
zext_ln216_2        (zext          ) [ 0000]
p_shl               (bitconcatenate) [ 0000]
sub_ln216           (sub           ) [ 0000]
zext_ln216_3        (zext          ) [ 0000]
sat_tmp             (mul           ) [ 0000]
storemerge452_0_0_s (sparsemux     ) [ 0000]
sext_ln240          (sext          ) [ 0000]
mul_ln240           (mul           ) [ 0000]
INV_TBL_load_1      (load          ) [ 0000]
sext_ln240_1        (sext          ) [ 0000]
zext_ln240_1        (zext          ) [ 0000]
mul_ln240_1         (mul           ) [ 0000]
trunc_ln            (partselect    ) [ 0000]
add_ln245           (add           ) [ 0000]
hue_out_0           (select        ) [ 0000]
zext_ln260          (zext          ) [ 0000]
tmp                 (partselect    ) [ 0000]
empty               (select        ) [ 0000]
zext_ln260_1        (zext          ) [ 0000]
or_ln260_7          (bitconcatenate) [ 0000]
zext_ln260_2        (zext          ) [ 0101]
specpipeline_ln180  (specpipeline  ) [ 0000]
spectopmodule_ln178 (spectopmodule ) [ 0000]
specinterface_ln178 (specinterface ) [ 0000]
specinterface_ln0   (specinterface ) [ 0000]
specbitsmap_ln0     (specbitsmap   ) [ 0000]
specinterface_ln0   (specinterface ) [ 0000]
specbitsmap_ln0     (specbitsmap   ) [ 0000]
specinterface_ln0   (specinterface ) [ 0000]
write_ln260         (write         ) [ 0000]
ret_ln261           (ret           ) [ 0000]
</LifeTime>

<model>

<comp_list>
<comp id="0" class="1000" name="in_stream">
<pin_list>
<pin id="1" dir="1" index="0" bw="1" slack="0"/>
</pin_list>
<bind>
<StgValue><ssdm name="in_stream"/></StgValue>
</bind>
</comp>

<comp id="2" class="1000" name="out_stream">
<pin_list>
<pin id="3" dir="1" index="0" bw="1" slack="0"/>
</pin_list>
<bind>
<StgValue><ssdm name="out_stream"/></StgValue>
</bind>
</comp>

<comp id="4" class="1000" name="INV_TBL">
<pin_list>
<pin id="5" dir="1" index="0" bw="1" slack="0"/>
</pin_list>
<bind>
<StgValue><ssdm name="INV_TBL"/><MemPortTyVec>1 1 </MemPortTyVec>
</StgValue>
</bind>
</comp>

<comp id="6" class="1001" name="const_6">
<pin_list>
<pin id="7" dir="1" index="0" bw="1" slack="0"/>
</pin_list>
<bind>
<StgValue><ssdm name="_ssdm_op_Read.axis.volatile.i32P128A"/></StgValue>
</bind>
</comp>

<comp id="8" class="1001" name="const_8">
<pin_list>
<pin id="9" dir="1" index="0" bw="1" slack="0"/>
</pin_list>
<bind>
<StgValue><ssdm name="_ssdm_op_PartSelect.i8.i32.i32.i32"/></StgValue>
</bind>
</comp>

<comp id="10" class="1001" name="const_10">
<pin_list>
<pin id="11" dir="1" index="0" bw="1" slack="0"/>
</pin_list>
<bind>
<StgValue><ssdm name=""/></StgValue>
</bind>
</comp>

<comp id="12" class="1001" name="const_12">
<pin_list>
<pin id="13" dir="1" index="0" bw="1" slack="0"/>
</pin_list>
<bind>
<StgValue><ssdm name=""/></StgValue>
</bind>
</comp>

<comp id="14" class="1001" name="const_14">
<pin_list>
<pin id="15" dir="1" index="0" bw="1" slack="0"/>
</pin_list>
<bind>
<StgValue><ssdm name=""/></StgValue>
</bind>
</comp>

<comp id="16" class="1001" name="const_16">
<pin_list>
<pin id="17" dir="1" index="0" bw="1" slack="0"/>
</pin_list>
<bind>
<StgValue><ssdm name=""/></StgValue>
</bind>
</comp>

<comp id="18" class="1001" name="const_18">
<pin_list>
<pin id="19" dir="1" index="0" bw="1" slack="0"/>
</pin_list>
<bind>
<StgValue><ssdm name=""/></StgValue>
</bind>
</comp>

<comp id="20" class="1001" name="const_20">
<pin_list>
<pin id="21" dir="1" index="0" bw="1" slack="0"/>
</pin_list>
<bind>
<StgValue><ssdm name=""/></StgValue>
</bind>
</comp>

<comp id="22" class="1001" name="const_22">
<pin_list>
<pin id="23" dir="1" index="0" bw="1" slack="0"/>
</pin_list>
<bind>
<StgValue><ssdm name=""/></StgValue>
</bind>
</comp>

<comp id="24" class="1001" name="const_24">
<pin_list>
<pin id="25" dir="1" index="0" bw="1" slack="0"/>
</pin_list>
<bind>
<StgValue><ssdm name="_ssdm_op_BitConcatenate.i2.i1.i1"/></StgValue>
</bind>
</comp>

<comp id="26" class="1001" name="const_26">
<pin_list>
<pin id="27" dir="1" index="0" bw="1" slack="0"/>
</pin_list>
<bind>
<StgValue><ssdm name="_ssdm_op_SparseMux.ap_auto.3i9.i9.i2"/></StgValue>
</bind>
</comp>

<comp id="28" class="1001" name="const_28">
<pin_list>
<pin id="29" dir="1" index="0" bw="1" slack="0"/>
</pin_list>
<bind>
<StgValue><ssdm name=""/></StgValue>
</bind>
</comp>

<comp id="30" class="1001" name="const_30">
<pin_list>
<pin id="31" dir="1" index="0" bw="1" slack="0"/>
</pin_list>
<bind>
<StgValue><ssdm name=""/></StgValue>
</bind>
</comp>

<comp id="32" class="1001" name="const_32">
<pin_list>
<pin id="33" dir="1" index="0" bw="1" slack="0"/>
</pin_list>
<bind>
<StgValue><ssdm name=""/></StgValue>
</bind>
</comp>

<comp id="34" class="1001" name="const_34">
<pin_list>
<pin id="35" dir="1" index="0" bw="1" slack="0"/>
</pin_list>
<bind>
<StgValue><ssdm name=""/></StgValue>
</bind>
</comp>

<comp id="36" class="1001" name="const_36">
<pin_list>
<pin id="37" dir="1" index="0" bw="1" slack="0"/>
</pin_list>
<bind>
<StgValue><ssdm name="_ssdm_op_PartSelect.i2.i32.i32.i32"/></StgValue>
</bind>
</comp>

<comp id="38" class="1001" name="const_38">
<pin_list>
<pin id="39" dir="1" index="0" bw="1" slack="0"/>
</pin_list>
<bind>
<StgValue><ssdm name=""/></StgValue>
</bind>
</comp>

<comp id="40" class="1001" name="const_40">
<pin_list>
<pin id="41" dir="1" index="0" bw="1" slack="0"/>
</pin_list>
<bind>
<StgValue><ssdm name=""/></StgValue>
</bind>
</comp>

<comp id="42" class="1001" name="const_42">
<pin_list>
<pin id="43" dir="1" index="0" bw="1" slack="0"/>
</pin_list>
<bind>
<StgValue><ssdm name="_ssdm_op_BitConcatenate.i16.i8.i8"/></StgValue>
</bind>
</comp>

<comp id="44" class="1001" name="const_44">
<pin_list>
<pin id="45" dir="1" index="0" bw="1" slack="0"/>
</pin_list>
<bind>
<StgValue><ssdm name="_ssdm_op_SparseMux.ap_auto.3i8.i8.i2"/></StgValue>
</bind>
</comp>

<comp id="46" class="1001" name="const_46">
<pin_list>
<pin id="47" dir="1" index="0" bw="1" slack="0"/>
</pin_list>
<bind>
<StgValue><ssdm name=""/></StgValue>
</bind>
</comp>

<comp id="48" class="1001" name="const_48">
<pin_list>
<pin id="49" dir="1" index="0" bw="1" slack="0"/>
</pin_list>
<bind>
<StgValue><ssdm name=""/></StgValue>
</bind>
</comp>

<comp id="50" class="1001" name="const_50">
<pin_list>
<pin id="51" dir="1" index="0" bw="1" slack="0"/>
</pin_list>
<bind>
<StgValue><ssdm name=""/></StgValue>
</bind>
</comp>

<comp id="52" class="1001" name="const_52">
<pin_list>
<pin id="53" dir="1" index="0" bw="1" slack="0"/>
</pin_list>
<bind>
<StgValue><ssdm name=""/></StgValue>
</bind>
</comp>

<comp id="54" class="1001" name="const_54">
<pin_list>
<pin id="55" dir="1" index="0" bw="1" slack="0"/>
</pin_list>
<bind>
<StgValue><ssdm name="_ssdm_op_PartSelect.i8.i24.i32.i32"/></StgValue>
</bind>
</comp>

<comp id="56" class="1001" name="const_56">
<pin_list>
<pin id="57" dir="1" index="0" bw="1" slack="0"/>
</pin_list>
<bind>
<StgValue><ssdm name="_ssdm_op_BitConcatenate.i29.i2.i9.i1.i8.i9"/></StgValue>
</bind>
</comp>

<comp id="58" class="1001" name="const_58">
<pin_list>
<pin id="59" dir="1" index="0" bw="1" slack="0"/>
</pin_list>
<bind>
<StgValue><ssdm name=""/></StgValue>
</bind>
</comp>

<comp id="60" class="1001" name="const_60">
<pin_list>
<pin id="61" dir="1" index="0" bw="1" slack="0"/>
</pin_list>
<bind>
<StgValue><ssdm name="_ssdm_op_Write.axis.volatile.i32P128A"/></StgValue>
</bind>
</comp>

<comp id="62" class="1001" name="const_62">
<pin_list>
<pin id="63" dir="1" index="0" bw="1" slack="2147483647"/>
</pin_list>
<bind>
<StgValue><ssdm name="_ssdm_op_SpecPipeline"/></StgValue>
</bind>
</comp>

<comp id="64" class="1001" name="const_64">
<pin_list>
<pin id="65" dir="1" index="0" bw="1" slack="2147483647"/>
</pin_list>
<bind>
<StgValue><ssdm name=""/></StgValue>
</bind>
</comp>

<comp id="66" class="1001" name="const_66">
<pin_list>
<pin id="67" dir="1" index="0" bw="1" slack="2147483647"/>
</pin_list>
<bind>
<StgValue><ssdm name=""/></StgValue>
</bind>
</comp>

<comp id="68" class="1001" name="const_68">
<pin_list>
<pin id="69" dir="1" index="0" bw="1" slack="2147483647"/>
</pin_list>
<bind>
<StgValue><ssdm name=""/></StgValue>
</bind>
</comp>

<comp id="70" class="1001" name="const_70">
<pin_list>
<pin id="71" dir="1" index="0" bw="1" slack="2147483647"/>
</pin_list>
<bind>
<StgValue><ssdm name="empty_1"/></StgValue>
</bind>
</comp>

<comp id="72" class="1001" name="const_72">
<pin_list>
<pin id="73" dir="1" index="0" bw="1" slack="2147483647"/>
</pin_list>
<bind>
<StgValue><ssdm name="_ssdm_op_SpecTopModule"/></StgValue>
</bind>
</comp>

<comp id="74" class="1001" name="const_74">
<pin_list>
<pin id="75" dir="1" index="0" bw="1" slack="2147483647"/>
</pin_list>
<bind>
<StgValue><ssdm name="empty_4"/></StgValue>
</bind>
</comp>

<comp id="76" class="1001" name="const_76">
<pin_list>
<pin id="77" dir="1" index="0" bw="1" slack="2147483647"/>
</pin_list>
<bind>
<StgValue><ssdm name="_ssdm_op_SpecInterface"/></StgValue>
</bind>
</comp>

<comp id="78" class="1001" name="const_78">
<pin_list>
<pin id="79" dir="1" index="0" bw="1" slack="2147483647"/>
</pin_list>
<bind>
<StgValue><ssdm name="empty_5"/></StgValue>
</bind>
</comp>

<comp id="80" class="1001" name="const_80">
<pin_list>
<pin id="81" dir="1" index="0" bw="1" slack="2147483647"/>
</pin_list>
<bind>
<StgValue><ssdm name="empty"/></StgValue>
</bind>
</comp>

<comp id="82" class="1001" name="const_82">
<pin_list>
<pin id="83" dir="1" index="0" bw="1" slack="2147483647"/>
</pin_list>
<bind>
<StgValue><ssdm name="empty_0"/></StgValue>
</bind>
</comp>

<comp id="84" class="1001" name="const_84">
<pin_list>
<pin id="85" dir="1" index="0" bw="1" slack="2147483647"/>
</pin_list>
<bind>
<StgValue><ssdm name="_ssdm_op_SpecBitsMap"/></StgValue>
</bind>
</comp>

<comp id="86" class="1001" name="const_86">
<pin_list>
<pin id="87" dir="1" index="0" bw="1" slack="2147483647"/>
</pin_list>
<bind>
<StgValue><ssdm name="empty_2"/></StgValue>
</bind>
</comp>

<comp id="88" class="1001" name="const_88">
<pin_list>
<pin id="89" dir="1" index="0" bw="1" slack="2147483647"/>
</pin_list>
<bind>
<StgValue><ssdm name="empty_3"/></StgValue>
</bind>
</comp>

<comp id="90" class="1004" name="in_stream_read_read_fu_90">
<pin_list>
<pin id="91" dir="0" index="0" bw="32" slack="0"/>
<pin id="92" dir="0" index="1" bw="32" slack="0"/>
<pin id="93" dir="1" index="2" bw="32" slack="0"/>
</pin_list>
<bind>
<opcode="read(1150) " fcode="read"/>
<opset="in_stream_read/1 "/>
</bind>
</comp>

<comp id="96" class="1004" name="grp_write_fu_96">
<pin_list>
<pin id="97" dir="0" index="0" bw="0" slack="0"/>
<pin id="98" dir="0" index="1" bw="32" slack="0"/>
<pin id="99" dir="0" index="2" bw="29" slack="0"/>
<pin id="100" dir="1" index="3" bw="0" slack="2147483647"/>
</pin_list>
<bind>
<opcode="write(1151) " fcode="write"/>
<opset="write_ln260/2 "/>
</bind>
</comp>

<comp id="103" class="1004" name="INV_TBL_addr_gep_fu_103">
<pin_list>
<pin id="104" dir="0" index="0" bw="17" slack="0"/>
<pin id="105" dir="0" index="1" bw="1" slack="0"/>
<pin id="106" dir="0" index="2" bw="8" slack="0"/>
<pin id="107" dir="1" index="3" bw="8" slack="0"/>
</pin_list>
<bind>
<opcode="getelementptr(29) " fcode="getelementptr"/>
<opset="INV_TBL_addr/1 "/>
</bind>
</comp>

<comp id="110" class="1004" name="grp_access_fu_110">
<pin_list>
<pin id="111" dir="0" index="0" bw="8" slack="0"/>
<pin id="112" dir="0" index="1" bw="17" slack="2147483647"/>
<pin id="113" dir="0" index="2" bw="0" slack="0"/>
<pin id="115" dir="0" index="4" bw="8" slack="2147483647"/>
<pin id="116" dir="0" index="5" bw="17" slack="2147483647"/>
<pin id="117" dir="0" index="6" bw="0" slack="2147483647"/>
<pin id="114" dir="1" index="3" bw="17" slack="0"/>
<pin id="118" dir="1" index="7" bw="17" slack="0"/>
</pin_list>
<bind>
<opcode="load(27) " fcode="load"/>
<opset="INV_TBL_load/1 INV_TBL_load_1/1 "/>
</bind>
</comp>

<comp id="120" class="1004" name="INV_TBL_addr_1_gep_fu_120">
<pin_list>
<pin id="121" dir="0" index="0" bw="17" slack="0"/>
<pin id="122" dir="0" index="1" bw="1" slack="0"/>
<pin id="123" dir="0" index="2" bw="8" slack="0"/>
<pin id="124" dir="1" index="3" bw="8" slack="0"/>
</pin_list>
<bind>
<opcode="getelementptr(29) " fcode="getelementptr"/>
<opset="INV_TBL_addr_1/1 "/>
</bind>
</comp>

<comp id="128" class="1004" name="in_packet_data_fu_128">
<pin_list>
<pin id="129" dir="0" index="0" bw="32" slack="0"/>
<pin id="130" dir="1" index="1" bw="8" slack="0"/>
</pin_list>
<bind>
<opcode="trunc(33) " fcode="trunc"/>
<opset="in_packet_data/1 "/>
</bind>
</comp>

<comp id="132" class="1004" name="in_packet_data_3_fu_132">
<pin_list>
<pin id="133" dir="0" index="0" bw="8" slack="0"/>
<pin id="134" dir="0" index="1" bw="32" slack="0"/>
<pin id="135" dir="0" index="2" bw="5" slack="0"/>
<pin id="136" dir="0" index="3" bw="5" slack="0"/>
<pin id="137" dir="1" index="4" bw="8" slack="0"/>
</pin_list>
<bind>
<opcode="partselect(1002) " fcode="partselect"/>
<opset="in_packet_data_3/1 "/>
</bind>
</comp>

<comp id="142" class="1004" name="in_packet_data_4_fu_142">
<pin_list>
<pin id="143" dir="0" index="0" bw="8" slack="0"/>
<pin id="144" dir="0" index="1" bw="32" slack="0"/>
<pin id="145" dir="0" index="2" bw="6" slack="0"/>
<pin id="146" dir="0" index="3" bw="6" slack="0"/>
<pin id="147" dir="1" index="4" bw="8" slack="0"/>
</pin_list>
<bind>
<opcode="partselect(1002) " fcode="partselect"/>
<opset="in_packet_data_4/1 "/>
</bind>
</comp>

<comp id="152" class="1004" name="icmp_ln200_fu_152">
<pin_list>
<pin id="153" dir="0" index="0" bw="8" slack="0"/>
<pin id="154" dir="0" index="1" bw="8" slack="0"/>
<pin id="155" dir="1" index="2" bw="1" slack="0"/>
</pin_list>
<bind>
<opcode="icmp(45) " fcode="icmp"/>
<opset="icmp_ln200/1 "/>
</bind>
</comp>

<comp id="158" class="1004" name="min_rg_fu_158">
<pin_list>
<pin id="159" dir="0" index="0" bw="1" slack="0"/>
<pin id="160" dir="0" index="1" bw="8" slack="0"/>
<pin id="161" dir="0" index="2" bw="8" slack="0"/>
<pin id="162" dir="1" index="3" bw="8" slack="0"/>
</pin_list>
<bind>
<opcode="select(49) " fcode="select"/>
<opset="min_rg/1 "/>
</bind>
</comp>

<comp id="166" class="1004" name="icmp_ln201_fu_166">
<pin_list>
<pin id="167" dir="0" index="0" bw="8" slack="0"/>
<pin id="168" dir="0" index="1" bw="8" slack="0"/>
<pin id="169" dir="1" index="2" bw="1" slack="0"/>
</pin_list>
<bind>
<opcode="icmp(45) " fcode="icmp"/>
<opset="icmp_ln201/1 "/>
</bind>
</comp>

<comp id="172" class="1004" name="max_rg_fu_172">
<pin_list>
<pin id="173" dir="0" index="0" bw="1" slack="0"/>
<pin id="174" dir="0" index="1" bw="8" slack="0"/>
<pin id="175" dir="0" index="2" bw="8" slack="0"/>
<pin id="176" dir="1" index="3" bw="8" slack="0"/>
</pin_list>
<bind>
<opcode="select(49) " fcode="select"/>
<opset="max_rg/1 "/>
</bind>
</comp>

<comp id="180" class="1004" name="icmp_ln204_fu_180">
<pin_list>
<pin id="181" dir="0" index="0" bw="8" slack="0"/>
<pin id="182" dir="0" index="1" bw="8" slack="0"/>
<pin id="183" dir="1" index="2" bw="1" slack="0"/>
</pin_list>
<bind>
<opcode="icmp(45) " fcode="icmp"/>
<opset="icmp_ln204/1 "/>
</bind>
</comp>

<comp id="186" class="1004" name="Cmin_fu_186">
<pin_list>
<pin id="187" dir="0" index="0" bw="1" slack="0"/>
<pin id="188" dir="0" index="1" bw="8" slack="0"/>
<pin id="189" dir="0" index="2" bw="8" slack="0"/>
<pin id="190" dir="1" index="3" bw="8" slack="0"/>
</pin_list>
<bind>
<opcode="select(49) " fcode="select"/>
<opset="Cmin/1 "/>
</bind>
</comp>

<comp id="194" class="1004" name="icmp_ln205_fu_194">
<pin_list>
<pin id="195" dir="0" index="0" bw="8" slack="0"/>
<pin id="196" dir="0" index="1" bw="8" slack="0"/>
<pin id="197" dir="1" index="2" bw="1" slack="0"/>
</pin_list>
<bind>
<opcode="icmp(45) " fcode="icmp"/>
<opset="icmp_ln205/1 "/>
</bind>
</comp>

<comp id="200" class="1004" name="Cmax_fu_200">
<pin_list>
<pin id="201" dir="0" index="0" bw="1" slack="0"/>
<pin id="202" dir="0" index="1" bw="8" slack="0"/>
<pin id="203" dir="0" index="2" bw="8" slack="0"/>
<pin id="204" dir="1" index="3" bw="8" slack="0"/>
</pin_list>
<bind>
<opcode="select(49) " fcode="select"/>
<opset="Cmax/1 "/>
</bind>
</comp>

<comp id="208" class="1004" name="delta_fu_208">
<pin_list>
<pin id="209" dir="0" index="0" bw="8" slack="0"/>
<pin id="210" dir="0" index="1" bw="8" slack="0"/>
<pin id="211" dir="1" index="2" bw="8" slack="0"/>
</pin_list>
<bind>
<opcode="sub(10) " fcode="sub"/>
<opset="delta/1 "/>
</bind>
</comp>

<comp id="214" class="1004" name="icmp_ln213_fu_214">
<pin_list>
<pin id="215" dir="0" index="0" bw="8" slack="0"/>
<pin id="216" dir="0" index="1" bw="1" slack="0"/>
<pin id="217" dir="1" index="2" bw="1" slack="1"/>
</pin_list>
<bind>
<opcode="icmp(45) " fcode="icmp"/>
<opset="icmp_ln213/1 "/>
</bind>
</comp>

<comp id="220" class="1004" name="zext_ln216_1_fu_220">
<pin_list>
<pin id="221" dir="0" index="0" bw="8" slack="0"/>
<pin id="222" dir="1" index="1" bw="64" slack="0"/>
</pin_list>
<bind>
<opcode="zext(34) " fcode="zext"/>
<opset="zext_ln216_1/1 "/>
</bind>
</comp>

<comp id="225" class="1004" name="icmp_ln221_fu_225">
<pin_list>
<pin id="226" dir="0" index="0" bw="8" slack="0"/>
<pin id="227" dir="0" index="1" bw="8" slack="0"/>
<pin id="228" dir="1" index="2" bw="1" slack="1"/>
</pin_list>
<bind>
<opcode="icmp(45) " fcode="icmp"/>
<opset="icmp_ln221/1 "/>
</bind>
</comp>

<comp id="231" class="1004" name="icmp_ln227_fu_231">
<pin_list>
<pin id="232" dir="0" index="0" bw="8" slack="0"/>
<pin id="233" dir="0" index="1" bw="8" slack="0"/>
<pin id="234" dir="1" index="2" bw="1" slack="0"/>
</pin_list>
<bind>
<opcode="icmp(45) " fcode="icmp"/>
<opset="icmp_ln227/1 "/>
</bind>
</comp>

<comp id="237" class="1004" name="zext_ln228_fu_237">
<pin_list>
<pin id="238" dir="0" index="0" bw="8" slack="0"/>
<pin id="239" dir="1" index="1" bw="9" slack="0"/>
</pin_list>
<bind>
<opcode="zext(34) " fcode="zext"/>
<opset="zext_ln228/1 "/>
</bind>
</comp>

<comp id="241" class="1004" name="zext_ln228_1_fu_241">
<pin_list>
<pin id="242" dir="0" index="0" bw="8" slack="0"/>
<pin id="243" dir="1" index="1" bw="9" slack="0"/>
</pin_list>
<bind>
<opcode="zext(34) " fcode="zext"/>
<opset="zext_ln228_1/1 "/>
</bind>
</comp>

<comp id="245" class="1004" name="diff_fu_245">
<pin_list>
<pin id="246" dir="0" index="0" bw="8" slack="0"/>
<pin id="247" dir="0" index="1" bw="8" slack="0"/>
<pin id="248" dir="1" index="2" bw="9" slack="0"/>
</pin_list>
<bind>
<opcode="sub(10) " fcode="sub"/>
<opset="diff/1 "/>
</bind>
</comp>

<comp id="251" class="1004" name="icmp_ln230_fu_251">
<pin_list>
<pin id="252" dir="0" index="0" bw="8" slack="0"/>
<pin id="253" dir="0" index="1" bw="8" slack="0"/>
<pin id="254" dir="1" index="2" bw="1" slack="0"/>
</pin_list>
<bind>
<opcode="icmp(45) " fcode="icmp"/>
<opset="icmp_ln230/1 "/>
</bind>
</comp>

<comp id="257" class="1004" name="zext_ln231_fu_257">
<pin_list>
<pin id="258" dir="0" index="0" bw="8" slack="0"/>
<pin id="259" dir="1" index="1" bw="9" slack="0"/>
</pin_list>
<bind>
<opcode="zext(34) " fcode="zext"/>
<opset="zext_ln231/1 "/>
</bind>
</comp>

<comp id="261" class="1004" name="diff_2_fu_261">
<pin_list>
<pin id="262" dir="0" index="0" bw="8" slack="0"/>
<pin id="263" dir="0" index="1" bw="8" slack="0"/>
<pin id="264" dir="1" index="2" bw="9" slack="0"/>
</pin_list>
<bind>
<opcode="sub(10) " fcode="sub"/>
<opset="diff_2/1 "/>
</bind>
</comp>

<comp id="267" class="1004" name="diff_3_fu_267">
<pin_list>
<pin id="268" dir="0" index="0" bw="8" slack="0"/>
<pin id="269" dir="0" index="1" bw="8" slack="0"/>
<pin id="270" dir="1" index="2" bw="9" slack="0"/>
</pin_list>
<bind>
<opcode="sub(10) " fcode="sub"/>
<opset="diff_3/1 "/>
</bind>
</comp>

<comp id="273" class="1004" name="xor_ln227_fu_273">
<pin_list>
<pin id="274" dir="0" index="0" bw="1" slack="0"/>
<pin id="275" dir="0" index="1" bw="1" slack="0"/>
<pin id="276" dir="1" index="2" bw="1" slack="0"/>
</pin_list>
<bind>
<opcode="xor(25) " fcode="xor"/>
<opset="xor_ln227/1 "/>
</bind>
</comp>

<comp id="279" class="1004" name="and_ln230_fu_279">
<pin_list>
<pin id="280" dir="0" index="0" bw="1" slack="0"/>
<pin id="281" dir="0" index="1" bw="1" slack="0"/>
<pin id="282" dir="1" index="2" bw="1" slack="0"/>
</pin_list>
<bind>
<opcode="and(23) " fcode="and"/>
<opset="and_ln230/1 "/>
</bind>
</comp>

<comp id="285" class="1004" name="sel_tmp2_fu_285">
<pin_list>
<pin id="286" dir="0" index="0" bw="2" slack="0"/>
<pin id="287" dir="0" index="1" bw="1" slack="0"/>
<pin id="288" dir="0" index="2" bw="1" slack="0"/>
<pin id="289" dir="1" index="3" bw="2" slack="0"/>
</pin_list>
<bind>
<opcode="bitconcatenate(1004) " fcode="bitconcatenate"/>
<opset="sel_tmp2/1 "/>
</bind>
</comp>

<comp id="293" class="1004" name="diff_1_fu_293">
<pin_list>
<pin id="294" dir="0" index="0" bw="9" slack="0"/>
<pin id="295" dir="0" index="1" bw="2" slack="0"/>
<pin id="296" dir="0" index="2" bw="9" slack="0"/>
<pin id="297" dir="0" index="3" bw="2" slack="0"/>
<pin id="298" dir="0" index="4" bw="9" slack="0"/>
<pin id="299" dir="0" index="5" bw="2" slack="0"/>
<pin id="300" dir="0" index="6" bw="9" slack="0"/>
<pin id="301" dir="0" index="7" bw="9" slack="0"/>
<pin id="302" dir="0" index="8" bw="2" slack="0"/>
<pin id="303" dir="1" index="9" bw="9" slack="1"/>
</pin_list>
<bind>
<opcode="sparsemux(1197) " fcode="sparsemux"/>
<opset="diff_1/1 "/>
</bind>
</comp>

<comp id="313" class="1004" name="zext_ln240_fu_313">
<pin_list>
<pin id="314" dir="0" index="0" bw="8" slack="0"/>
<pin id="315" dir="1" index="1" bw="64" slack="0"/>
</pin_list>
<bind>
<opcode="zext(34) " fcode="zext"/>
<opset="zext_ln240/1 "/>
</bind>
</comp>

<comp id="318" class="1004" name="tmp_1_fu_318">
<pin_list>
<pin id="319" dir="0" index="0" bw="2" slack="0"/>
<pin id="320" dir="0" index="1" bw="32" slack="0"/>
<pin id="321" dir="0" index="2" bw="6" slack="0"/>
<pin id="322" dir="0" index="3" bw="6" slack="0"/>
<pin id="323" dir="1" index="4" bw="2" slack="1"/>
</pin_list>
<bind>
<opcode="partselect(1002) " fcode="partselect"/>
<opset="tmp_1/1 "/>
</bind>
</comp>

<comp id="328" class="1004" name="zext_ln216_fu_328">
<pin_list>
<pin id="329" dir="0" index="0" bw="8" slack="1"/>
<pin id="330" dir="1" index="1" bw="16" slack="0"/>
</pin_list>
<bind>
<opcode="zext(34) " fcode="zext"/>
<opset="zext_ln216/2 "/>
</bind>
</comp>

<comp id="331" class="1004" name="zext_ln216_2_fu_331">
<pin_list>
<pin id="332" dir="0" index="0" bw="17" slack="0"/>
<pin id="333" dir="1" index="1" bw="24" slack="0"/>
</pin_list>
<bind>
<opcode="zext(34) " fcode="zext"/>
<opset="zext_ln216_2/2 "/>
</bind>
</comp>

<comp id="335" class="1004" name="p_shl_fu_335">
<pin_list>
<pin id="336" dir="0" index="0" bw="16" slack="0"/>
<pin id="337" dir="0" index="1" bw="8" slack="1"/>
<pin id="338" dir="0" index="2" bw="1" slack="0"/>
<pin id="339" dir="1" index="3" bw="16" slack="0"/>
</pin_list>
<bind>
<opcode="bitconcatenate(1004) " fcode="bitconcatenate"/>
<opset="p_shl/2 "/>
</bind>
</comp>

<comp id="342" class="1004" name="sub_ln216_fu_342">
<pin_list>
<pin id="343" dir="0" index="0" bw="16" slack="0"/>
<pin id="344" dir="0" index="1" bw="8" slack="0"/>
<pin id="345" dir="1" index="2" bw="16" slack="0"/>
</pin_list>
<bind>
<opcode="sub(10) " fcode="sub"/>
<opset="sub_ln216/2 "/>
</bind>
</comp>

<comp id="348" class="1004" name="zext_ln216_3_fu_348">
<pin_list>
<pin id="349" dir="0" index="0" bw="16" slack="0"/>
<pin id="350" dir="1" index="1" bw="24" slack="0"/>
</pin_list>
<bind>
<opcode="zext(34) " fcode="zext"/>
<opset="zext_ln216_3/2 "/>
</bind>
</comp>

<comp id="352" class="1004" name="sat_tmp_fu_352">
<pin_list>
<pin id="353" dir="0" index="0" bw="16" slack="0"/>
<pin id="354" dir="0" index="1" bw="17" slack="0"/>
<pin id="355" dir="1" index="2" bw="24" slack="0"/>
</pin_list>
<bind>
<opcode="mul(12) " fcode="mul"/>
<opset="sat_tmp/2 "/>
</bind>
</comp>

<comp id="358" class="1004" name="storemerge452_0_0_s_fu_358">
<pin_list>
<pin id="359" dir="0" index="0" bw="8" slack="0"/>
<pin id="360" dir="0" index="1" bw="2" slack="0"/>
<pin id="361" dir="0" index="2" bw="8" slack="0"/>
<pin id="362" dir="0" index="3" bw="2" slack="0"/>
<pin id="363" dir="0" index="4" bw="8" slack="0"/>
<pin id="364" dir="0" index="5" bw="2" slack="0"/>
<pin id="365" dir="0" index="6" bw="8" slack="0"/>
<pin id="366" dir="0" index="7" bw="8" slack="0"/>
<pin id="367" dir="0" index="8" bw="2" slack="1"/>
<pin id="368" dir="1" index="9" bw="8" slack="0"/>
</pin_list>
<bind>
<opcode="sparsemux(1197) " fcode="sparsemux"/>
<opset="storemerge452_0_0_s/2 "/>
</bind>
</comp>

<comp id="377" class="1004" name="sext_ln240_fu_377">
<pin_list>
<pin id="378" dir="0" index="0" bw="9" slack="1"/>
<pin id="379" dir="1" index="1" bw="16" slack="0"/>
</pin_list>
<bind>
<opcode="sext(35) " fcode="sext"/>
<opset="sext_ln240/2 "/>
</bind>
</comp>

<comp id="380" class="1004" name="mul_ln240_fu_380">
<pin_list>
<pin id="381" dir="0" index="0" bw="9" slack="0"/>
<pin id="382" dir="0" index="1" bw="7" slack="0"/>
<pin id="383" dir="1" index="2" bw="16" slack="0"/>
</pin_list>
<bind>
<opcode="mul(12) " fcode="mul"/>
<opset="mul_ln240/2 "/>
</bind>
</comp>

<comp id="386" class="1004" name="sext_ln240_1_fu_386">
<pin_list>
<pin id="387" dir="0" index="0" bw="16" slack="0"/>
<pin id="388" dir="1" index="1" bw="24" slack="0"/>
</pin_list>
<bind>
<opcode="sext(35) " fcode="sext"/>
<opset="sext_ln240_1/2 "/>
</bind>
</comp>

<comp id="390" class="1004" name="zext_ln240_1_fu_390">
<pin_list>
<pin id="391" dir="0" index="0" bw="17" slack="0"/>
<pin id="392" dir="1" index="1" bw="24" slack="0"/>
</pin_list>
<bind>
<opcode="zext(34) " fcode="zext"/>
<opset="zext_ln240_1/2 "/>
</bind>
</comp>

<comp id="394" class="1004" name="mul_ln240_1_fu_394">
<pin_list>
<pin id="395" dir="0" index="0" bw="16" slack="0"/>
<pin id="396" dir="0" index="1" bw="17" slack="0"/>
<pin id="397" dir="1" index="2" bw="24" slack="0"/>
</pin_list>
<bind>
<opcode="mul(12) " fcode="mul"/>
<opset="mul_ln240_1/2 "/>
</bind>
</comp>

<comp id="400" class="1004" name="trunc_ln_fu_400">
<pin_list>
<pin id="401" dir="0" index="0" bw="8" slack="0"/>
<pin id="402" dir="0" index="1" bw="24" slack="0"/>
<pin id="403" dir="0" index="2" bw="6" slack="0"/>
<pin id="404" dir="0" index="3" bw="6" slack="0"/>
<pin id="405" dir="1" index="4" bw="8" slack="0"/>
</pin_list>
<bind>
<opcode="partselect(1002) " fcode="partselect"/>
<opset="trunc_ln/2 "/>
</bind>
</comp>

<comp id="410" class="1004" name="add_ln245_fu_410">
<pin_list>
<pin id="411" dir="0" index="0" bw="8" slack="0"/>
<pin id="412" dir="0" index="1" bw="8" slack="0"/>
<pin id="413" dir="1" index="2" bw="8" slack="0"/>
</pin_list>
<bind>
<opcode="add(8) " fcode="add"/>
<opset="add_ln245/2 "/>
</bind>
</comp>

<comp id="416" class="1004" name="hue_out_0_fu_416">
<pin_list>
<pin id="417" dir="0" index="0" bw="1" slack="1"/>
<pin id="418" dir="0" index="1" bw="1" slack="0"/>
<pin id="419" dir="0" index="2" bw="8" slack="0"/>
<pin id="420" dir="1" index="3" bw="8" slack="0"/>
</pin_list>
<bind>
<opcode="select(49) " fcode="select"/>
<opset="hue_out_0/2 "/>
</bind>
</comp>

<comp id="423" class="1004" name="zext_ln260_fu_423">
<pin_list>
<pin id="424" dir="0" index="0" bw="8" slack="0"/>
<pin id="425" dir="1" index="1" bw="9" slack="0"/>
</pin_list>
<bind>
<opcode="zext(34) " fcode="zext"/>
<opset="zext_ln260/2 "/>
</bind>
</comp>

<comp id="427" class="1004" name="tmp_fu_427">
<pin_list>
<pin id="428" dir="0" index="0" bw="8" slack="0"/>
<pin id="429" dir="0" index="1" bw="24" slack="0"/>
<pin id="430" dir="0" index="2" bw="6" slack="0"/>
<pin id="431" dir="0" index="3" bw="6" slack="0"/>
<pin id="432" dir="1" index="4" bw="8" slack="0"/>
</pin_list>
<bind>
<opcode="partselect(1002) " fcode="partselect"/>
<opset="tmp/2 "/>
</bind>
</comp>

<comp id="437" class="1004" name="empty_fu_437">
<pin_list>
<pin id="438" dir="0" index="0" bw="1" slack="1"/>
<pin id="439" dir="0" index="1" bw="1" slack="0"/>
<pin id="440" dir="0" index="2" bw="8" slack="0"/>
<pin id="441" dir="1" index="3" bw="8" slack="0"/>
</pin_list>
<bind>
<opcode="select(49) " fcode="select"/>
<opset="empty/2 "/>
</bind>
</comp>

<comp id="444" class="1004" name="zext_ln260_1_fu_444">
<pin_list>
<pin id="445" dir="0" index="0" bw="8" slack="1"/>
<pin id="446" dir="1" index="1" bw="9" slack="0"/>
</pin_list>
<bind>
<opcode="zext(34) " fcode="zext"/>
<opset="zext_ln260_1/2 "/>
</bind>
</comp>

<comp id="447" class="1004" name="or_ln260_7_fu_447">
<pin_list>
<pin id="448" dir="0" index="0" bw="29" slack="0"/>
<pin id="449" dir="0" index="1" bw="2" slack="1"/>
<pin id="450" dir="0" index="2" bw="8" slack="0"/>
<pin id="451" dir="0" index="3" bw="1" slack="0"/>
<pin id="452" dir="0" index="4" bw="8" slack="0"/>
<pin id="453" dir="0" index="5" bw="8" slack="0"/>
<pin id="454" dir="1" index="6" bw="29" slack="0"/>
</pin_list>
<bind>
<opcode="bitconcatenate(1004) " fcode="bitconcatenate"/>
<opset="or_ln260_7/2 "/>
</bind>
</comp>

<comp id="460" class="1004" name="zext_ln260_2_fu_460">
<pin_list>
<pin id="461" dir="0" index="0" bw="29" slack="0"/>
<pin id="462" dir="1" index="1" bw="32" slack="0"/>
</pin_list>
<bind>
<opcode="zext(34) " fcode="zext"/>
<opset="zext_ln260_2/2 "/>
</bind>
</comp>

<comp id="465" class="1005" name="Cmax_reg_465">
<pin_list>
<pin id="466" dir="0" index="0" bw="8" slack="1"/>
<pin id="467" dir="1" index="1" bw="8" slack="1"/>
</pin_list>
<bind>
<opset="Cmax "/>
</bind>
</comp>

<comp id="470" class="1005" name="delta_reg_470">
<pin_list>
<pin id="471" dir="0" index="0" bw="8" slack="1"/>
<pin id="472" dir="1" index="1" bw="8" slack="1"/>
</pin_list>
<bind>
<opset="delta "/>
</bind>
</comp>

<comp id="476" class="1005" name="icmp_ln213_reg_476">
<pin_list>
<pin id="477" dir="0" index="0" bw="1" slack="1"/>
<pin id="478" dir="1" index="1" bw="1" slack="1"/>
</pin_list>
<bind>
<opset="icmp_ln213 "/>
</bind>
</comp>

<comp id="481" class="1005" name="INV_TBL_addr_reg_481">
<pin_list>
<pin id="482" dir="0" index="0" bw="8" slack="1"/>
<pin id="483" dir="1" index="1" bw="8" slack="1"/>
</pin_list>
<bind>
<opset="INV_TBL_addr "/>
</bind>
</comp>

<comp id="486" class="1005" name="icmp_ln221_reg_486">
<pin_list>
<pin id="487" dir="0" index="0" bw="1" slack="1"/>
<pin id="488" dir="1" index="1" bw="1" slack="1"/>
</pin_list>
<bind>
<opset="icmp_ln221 "/>
</bind>
</comp>

<comp id="491" class="1005" name="sel_tmp2_reg_491">
<pin_list>
<pin id="492" dir="0" index="0" bw="2" slack="1"/>
<pin id="493" dir="1" index="1" bw="2" slack="1"/>
</pin_list>
<bind>
<opset="sel_tmp2 "/>
</bind>
</comp>

<comp id="496" class="1005" name="diff_1_reg_496">
<pin_list>
<pin id="497" dir="0" index="0" bw="9" slack="1"/>
<pin id="498" dir="1" index="1" bw="9" slack="1"/>
</pin_list>
<bind>
<opset="diff_1 "/>
</bind>
</comp>

<comp id="501" class="1005" name="INV_TBL_addr_1_reg_501">
<pin_list>
<pin id="502" dir="0" index="0" bw="8" slack="1"/>
<pin id="503" dir="1" index="1" bw="8" slack="1"/>
</pin_list>
<bind>
<opset="INV_TBL_addr_1 "/>
</bind>
</comp>

<comp id="506" class="1005" name="tmp_1_reg_506">
<pin_list>
<pin id="507" dir="0" index="0" bw="2" slack="1"/>
<pin id="508" dir="1" index="1" bw="2" slack="1"/>
</pin_list>
<bind>
<opset="tmp_1 "/>
</bind>
</comp>

<comp id="511" class="1005" name="zext_ln260_2_reg_511">
<pin_list>
<pin id="512" dir="0" index="0" bw="32" slack="1"/>
<pin id="513" dir="1" index="1" bw="32" slack="1"/>
</pin_list>
<bind>
<opset="zext_ln260_2 "/>
</bind>
</comp>

</comp_list>

<net_list>
<net id="94"><net_src comp="6" pin="0"/><net_sink comp="90" pin=0"/></net>

<net id="95"><net_src comp="0" pin="0"/><net_sink comp="90" pin=1"/></net>

<net id="101"><net_src comp="60" pin="0"/><net_sink comp="96" pin=0"/></net>

<net id="102"><net_src comp="2" pin="0"/><net_sink comp="96" pin=1"/></net>

<net id="108"><net_src comp="4" pin="0"/><net_sink comp="103" pin=0"/></net>

<net id="109"><net_src comp="20" pin="0"/><net_sink comp="103" pin=1"/></net>

<net id="119"><net_src comp="103" pin="3"/><net_sink comp="110" pin=2"/></net>

<net id="125"><net_src comp="4" pin="0"/><net_sink comp="120" pin=0"/></net>

<net id="126"><net_src comp="20" pin="0"/><net_sink comp="120" pin=1"/></net>

<net id="127"><net_src comp="120" pin="3"/><net_sink comp="110" pin=0"/></net>

<net id="131"><net_src comp="90" pin="2"/><net_sink comp="128" pin=0"/></net>

<net id="138"><net_src comp="8" pin="0"/><net_sink comp="132" pin=0"/></net>

<net id="139"><net_src comp="90" pin="2"/><net_sink comp="132" pin=1"/></net>

<net id="140"><net_src comp="10" pin="0"/><net_sink comp="132" pin=2"/></net>

<net id="141"><net_src comp="12" pin="0"/><net_sink comp="132" pin=3"/></net>

<net id="148"><net_src comp="8" pin="0"/><net_sink comp="142" pin=0"/></net>

<net id="149"><net_src comp="90" pin="2"/><net_sink comp="142" pin=1"/></net>

<net id="150"><net_src comp="14" pin="0"/><net_sink comp="142" pin=2"/></net>

<net id="151"><net_src comp="16" pin="0"/><net_sink comp="142" pin=3"/></net>

<net id="156"><net_src comp="128" pin="1"/><net_sink comp="152" pin=0"/></net>

<net id="157"><net_src comp="132" pin="4"/><net_sink comp="152" pin=1"/></net>

<net id="163"><net_src comp="152" pin="2"/><net_sink comp="158" pin=0"/></net>

<net id="164"><net_src comp="128" pin="1"/><net_sink comp="158" pin=1"/></net>

<net id="165"><net_src comp="132" pin="4"/><net_sink comp="158" pin=2"/></net>

<net id="170"><net_src comp="128" pin="1"/><net_sink comp="166" pin=0"/></net>

<net id="171"><net_src comp="132" pin="4"/><net_sink comp="166" pin=1"/></net>

<net id="177"><net_src comp="166" pin="2"/><net_sink comp="172" pin=0"/></net>

<net id="178"><net_src comp="128" pin="1"/><net_sink comp="172" pin=1"/></net>

<net id="179"><net_src comp="132" pin="4"/><net_sink comp="172" pin=2"/></net>

<net id="184"><net_src comp="158" pin="3"/><net_sink comp="180" pin=0"/></net>

<net id="185"><net_src comp="142" pin="4"/><net_sink comp="180" pin=1"/></net>

<net id="191"><net_src comp="180" pin="2"/><net_sink comp="186" pin=0"/></net>

<net id="192"><net_src comp="158" pin="3"/><net_sink comp="186" pin=1"/></net>

<net id="193"><net_src comp="142" pin="4"/><net_sink comp="186" pin=2"/></net>

<net id="198"><net_src comp="172" pin="3"/><net_sink comp="194" pin=0"/></net>

<net id="199"><net_src comp="142" pin="4"/><net_sink comp="194" pin=1"/></net>

<net id="205"><net_src comp="194" pin="2"/><net_sink comp="200" pin=0"/></net>

<net id="206"><net_src comp="172" pin="3"/><net_sink comp="200" pin=1"/></net>

<net id="207"><net_src comp="142" pin="4"/><net_sink comp="200" pin=2"/></net>

<net id="212"><net_src comp="200" pin="3"/><net_sink comp="208" pin=0"/></net>

<net id="213"><net_src comp="186" pin="3"/><net_sink comp="208" pin=1"/></net>

<net id="218"><net_src comp="200" pin="3"/><net_sink comp="214" pin=0"/></net>

<net id="219"><net_src comp="18" pin="0"/><net_sink comp="214" pin=1"/></net>

<net id="223"><net_src comp="200" pin="3"/><net_sink comp="220" pin=0"/></net>

<net id="224"><net_src comp="220" pin="1"/><net_sink comp="103" pin=2"/></net>

<net id="229"><net_src comp="200" pin="3"/><net_sink comp="225" pin=0"/></net>

<net id="230"><net_src comp="186" pin="3"/><net_sink comp="225" pin=1"/></net>

<net id="235"><net_src comp="200" pin="3"/><net_sink comp="231" pin=0"/></net>

<net id="236"><net_src comp="128" pin="1"/><net_sink comp="231" pin=1"/></net>

<net id="240"><net_src comp="132" pin="4"/><net_sink comp="237" pin=0"/></net>

<net id="244"><net_src comp="142" pin="4"/><net_sink comp="241" pin=0"/></net>

<net id="249"><net_src comp="237" pin="1"/><net_sink comp="245" pin=0"/></net>

<net id="250"><net_src comp="241" pin="1"/><net_sink comp="245" pin=1"/></net>

<net id="255"><net_src comp="200" pin="3"/><net_sink comp="251" pin=0"/></net>

<net id="256"><net_src comp="132" pin="4"/><net_sink comp="251" pin=1"/></net>

<net id="260"><net_src comp="128" pin="1"/><net_sink comp="257" pin=0"/></net>

<net id="265"><net_src comp="241" pin="1"/><net_sink comp="261" pin=0"/></net>

<net id="266"><net_src comp="257" pin="1"/><net_sink comp="261" pin=1"/></net>

<net id="271"><net_src comp="257" pin="1"/><net_sink comp="267" pin=0"/></net>

<net id="272"><net_src comp="237" pin="1"/><net_sink comp="267" pin=1"/></net>

<net id="277"><net_src comp="231" pin="2"/><net_sink comp="273" pin=0"/></net>

<net id="278"><net_src comp="22" pin="0"/><net_sink comp="273" pin=1"/></net>

<net id="283"><net_src comp="251" pin="2"/><net_sink comp="279" pin=0"/></net>

<net id="284"><net_src comp="273" pin="2"/><net_sink comp="279" pin=1"/></net>

<net id="290"><net_src comp="24" pin="0"/><net_sink comp="285" pin=0"/></net>

<net id="291"><net_src comp="231" pin="2"/><net_sink comp="285" pin=1"/></net>

<net id="292"><net_src comp="279" pin="2"/><net_sink comp="285" pin=2"/></net>

<net id="304"><net_src comp="26" pin="0"/><net_sink comp="293" pin=0"/></net>

<net id="305"><net_src comp="28" pin="0"/><net_sink comp="293" pin=1"/></net>

<net id="306"><net_src comp="245" pin="2"/><net_sink comp="293" pin=2"/></net>

<net id="307"><net_src comp="30" pin="0"/><net_sink comp="293" pin=3"/></net>

<net id="308"><net_src comp="261" pin="2"/><net_sink comp="293" pin=4"/></net>

<net id="309"><net_src comp="32" pin="0"/><net_sink comp="293" pin=5"/></net>

<net id="310"><net_src comp="267" pin="2"/><net_sink comp="293" pin=6"/></net>

<net id="311"><net_src comp="34" pin="0"/><net_sink comp="293" pin=7"/></net>

<net id="312"><net_src comp="285" pin="3"/><net_sink comp="293" pin=8"/></net>

<net id="316"><net_src comp="208" pin="2"/><net_sink comp="313" pin=0"/></net>

<net id="317"><net_src comp="313" pin="1"/><net_sink comp="120" pin=2"/></net>

<net id="324"><net_src comp="36" pin="0"/><net_sink comp="318" pin=0"/></net>

<net id="325"><net_src comp="90" pin="2"/><net_sink comp="318" pin=1"/></net>

<net id="326"><net_src comp="38" pin="0"/><net_sink comp="318" pin=2"/></net>

<net id="327"><net_src comp="40" pin="0"/><net_sink comp="318" pin=3"/></net>

<net id="334"><net_src comp="110" pin="7"/><net_sink comp="331" pin=0"/></net>

<net id="340"><net_src comp="42" pin="0"/><net_sink comp="335" pin=0"/></net>

<net id="341"><net_src comp="18" pin="0"/><net_sink comp="335" pin=2"/></net>

<net id="346"><net_src comp="335" pin="3"/><net_sink comp="342" pin=0"/></net>

<net id="347"><net_src comp="328" pin="1"/><net_sink comp="342" pin=1"/></net>

<net id="351"><net_src comp="342" pin="2"/><net_sink comp="348" pin=0"/></net>

<net id="356"><net_src comp="348" pin="1"/><net_sink comp="352" pin=0"/></net>

<net id="357"><net_src comp="331" pin="1"/><net_sink comp="352" pin=1"/></net>

<net id="369"><net_src comp="44" pin="0"/><net_sink comp="358" pin=0"/></net>

<net id="370"><net_src comp="28" pin="0"/><net_sink comp="358" pin=1"/></net>

<net id="371"><net_src comp="18" pin="0"/><net_sink comp="358" pin=2"/></net>

<net id="372"><net_src comp="30" pin="0"/><net_sink comp="358" pin=3"/></net>

<net id="373"><net_src comp="46" pin="0"/><net_sink comp="358" pin=4"/></net>

<net id="374"><net_src comp="32" pin="0"/><net_sink comp="358" pin=5"/></net>

<net id="375"><net_src comp="48" pin="0"/><net_sink comp="358" pin=6"/></net>

<net id="376"><net_src comp="50" pin="0"/><net_sink comp="358" pin=7"/></net>

<net id="384"><net_src comp="377" pin="1"/><net_sink comp="380" pin=0"/></net>

<net id="385"><net_src comp="52" pin="0"/><net_sink comp="380" pin=1"/></net>

<net id="389"><net_src comp="380" pin="2"/><net_sink comp="386" pin=0"/></net>

<net id="393"><net_src comp="110" pin="3"/><net_sink comp="390" pin=0"/></net>

<net id="398"><net_src comp="386" pin="1"/><net_sink comp="394" pin=0"/></net>

<net id="399"><net_src comp="390" pin="1"/><net_sink comp="394" pin=1"/></net>

<net id="406"><net_src comp="54" pin="0"/><net_sink comp="400" pin=0"/></net>

<net id="407"><net_src comp="394" pin="2"/><net_sink comp="400" pin=1"/></net>

<net id="408"><net_src comp="14" pin="0"/><net_sink comp="400" pin=2"/></net>

<net id="409"><net_src comp="16" pin="0"/><net_sink comp="400" pin=3"/></net>

<net id="414"><net_src comp="400" pin="4"/><net_sink comp="410" pin=0"/></net>

<net id="415"><net_src comp="358" pin="9"/><net_sink comp="410" pin=1"/></net>

<net id="421"><net_src comp="18" pin="0"/><net_sink comp="416" pin=1"/></net>

<net id="422"><net_src comp="410" pin="2"/><net_sink comp="416" pin=2"/></net>

<net id="426"><net_src comp="416" pin="3"/><net_sink comp="423" pin=0"/></net>

<net id="433"><net_src comp="54" pin="0"/><net_sink comp="427" pin=0"/></net>

<net id="434"><net_src comp="352" pin="2"/><net_sink comp="427" pin=1"/></net>

<net id="435"><net_src comp="14" pin="0"/><net_sink comp="427" pin=2"/></net>

<net id="436"><net_src comp="16" pin="0"/><net_sink comp="427" pin=3"/></net>

<net id="442"><net_src comp="18" pin="0"/><net_sink comp="437" pin=1"/></net>

<net id="443"><net_src comp="427" pin="4"/><net_sink comp="437" pin=2"/></net>

<net id="455"><net_src comp="56" pin="0"/><net_sink comp="447" pin=0"/></net>

<net id="456"><net_src comp="444" pin="1"/><net_sink comp="447" pin=2"/></net>

<net id="457"><net_src comp="58" pin="0"/><net_sink comp="447" pin=3"/></net>

<net id="458"><net_src comp="437" pin="3"/><net_sink comp="447" pin=4"/></net>

<net id="459"><net_src comp="423" pin="1"/><net_sink comp="447" pin=5"/></net>

<net id="463"><net_src comp="447" pin="6"/><net_sink comp="460" pin=0"/></net>

<net id="464"><net_src comp="460" pin="1"/><net_sink comp="96" pin=2"/></net>

<net id="468"><net_src comp="200" pin="3"/><net_sink comp="465" pin=0"/></net>

<net id="469"><net_src comp="465" pin="1"/><net_sink comp="444" pin=0"/></net>

<net id="473"><net_src comp="208" pin="2"/><net_sink comp="470" pin=0"/></net>

<net id="474"><net_src comp="470" pin="1"/><net_sink comp="328" pin=0"/></net>

<net id="475"><net_src comp="470" pin="1"/><net_sink comp="335" pin=1"/></net>

<net id="479"><net_src comp="214" pin="2"/><net_sink comp="476" pin=0"/></net>

<net id="480"><net_src comp="476" pin="1"/><net_sink comp="437" pin=0"/></net>

<net id="484"><net_src comp="103" pin="3"/><net_sink comp="481" pin=0"/></net>

<net id="485"><net_src comp="481" pin="1"/><net_sink comp="110" pin=2"/></net>

<net id="489"><net_src comp="225" pin="2"/><net_sink comp="486" pin=0"/></net>

<net id="490"><net_src comp="486" pin="1"/><net_sink comp="416" pin=0"/></net>

<net id="494"><net_src comp="285" pin="3"/><net_sink comp="491" pin=0"/></net>

<net id="495"><net_src comp="491" pin="1"/><net_sink comp="358" pin=8"/></net>

<net id="499"><net_src comp="293" pin="9"/><net_sink comp="496" pin=0"/></net>

<net id="500"><net_src comp="496" pin="1"/><net_sink comp="377" pin=0"/></net>

<net id="504"><net_src comp="120" pin="3"/><net_sink comp="501" pin=0"/></net>

<net id="505"><net_src comp="501" pin="1"/><net_sink comp="110" pin=0"/></net>

<net id="509"><net_src comp="318" pin="4"/><net_sink comp="506" pin=0"/></net>

<net id="510"><net_src comp="506" pin="1"/><net_sink comp="447" pin=1"/></net>

<net id="514"><net_src comp="460" pin="1"/><net_sink comp="511" pin=0"/></net>

<net id="515"><net_src comp="511" pin="1"/><net_sink comp="96" pin=2"/></net>

</net_list>

</model> 
---------------- Datapath Model END ------------------

* FSMD analyzer results:
  - Output states:
	Port: out_stream | {3 }
 - Input state : 
	Port: hls_rgb_2_hsv : in_stream | {1 }
	Port: hls_rgb_2_hsv : INV_TBL | {1 2 }
  - Chain level:
	State 1
		icmp_ln200 : 1
		min_rg : 2
		icmp_ln201 : 1
		max_rg : 2
		icmp_ln204 : 3
		Cmin : 4
		icmp_ln205 : 3
		Cmax : 4
		delta : 5
		icmp_ln213 : 5
		zext_ln216_1 : 5
		INV_TBL_addr : 6
		INV_TBL_load : 7
		icmp_ln221 : 5
		icmp_ln227 : 5
		zext_ln228 : 1
		zext_ln228_1 : 1
		diff : 2
		icmp_ln230 : 5
		zext_ln231 : 1
		diff_2 : 2
		diff_3 : 2
		xor_ln227 : 6
		and_ln230 : 6
		sel_tmp2 : 6
		diff_1 : 7
		zext_ln240 : 6
		INV_TBL_addr_1 : 7
		INV_TBL_load_1 : 8
	State 2
		zext_ln216_2 : 1
		sub_ln216 : 1
		zext_ln216_3 : 2
		sat_tmp : 3
		mul_ln240 : 1
		sext_ln240_1 : 2
		zext_ln240_1 : 1
		mul_ln240_1 : 3
		trunc_ln : 4
		add_ln245 : 5
		hue_out_0 : 6
		zext_ln260 : 7
		tmp : 4
		empty : 5
		or_ln260_7 : 8
		zext_ln260_2 : 9
		write_ln260 : 10
	State 3


============================================================
+ Verbose Summary: Datapath Resource usage 
============================================================

* Functional unit list:
|----------|----------------------------|---------|---------|---------|
| Operation|       Functional Unit      |   DSP   |    FF   |   LUT   |
|----------|----------------------------|---------|---------|---------|
|          |      icmp_ln200_fu_152     |    0    |    0    |    15   |
|          |      icmp_ln201_fu_166     |    0    |    0    |    15   |
|          |      icmp_ln204_fu_180     |    0    |    0    |    15   |
|   icmp   |      icmp_ln205_fu_194     |    0    |    0    |    15   |
|          |      icmp_ln213_fu_214     |    0    |    0    |    15   |
|          |      icmp_ln221_fu_225     |    0    |    0    |    15   |
|          |      icmp_ln227_fu_231     |    0    |    0    |    15   |
|          |      icmp_ln230_fu_251     |    0    |    0    |    15   |
|----------|----------------------------|---------|---------|---------|
|          |        delta_fu_208        |    0    |    0    |    15   |
|          |         diff_fu_245        |    0    |    0    |    15   |
|    sub   |        diff_2_fu_261       |    0    |    0    |    15   |
|          |        diff_3_fu_267       |    0    |    0    |    15   |
|          |      sub_ln216_fu_342      |    0    |    0    |    23   |
|----------|----------------------------|---------|---------|---------|
|          |       sat_tmp_fu_352       |    1    |    0    |    5    |
|    mul   |      mul_ln240_fu_380      |    0    |    0    |    50   |
|          |     mul_ln240_1_fu_394     |    1    |    0    |    5    |
|----------|----------------------------|---------|---------|---------|
|          |        min_rg_fu_158       |    0    |    0    |    8    |
|          |        max_rg_fu_172       |    0    |    0    |    8    |
|  select  |         Cmin_fu_186        |    0    |    0    |    8    |
|          |         Cmax_fu_200        |    0    |    0    |    8    |
|          |      hue_out_0_fu_416      |    0    |    0    |    8    |
|          |        empty_fu_437        |    0    |    0    |    8    |
|----------|----------------------------|---------|---------|---------|
| sparsemux|        diff_1_fu_293       |    0    |    0    |    9    |
|          | storemerge452_0_0_s_fu_358 |    0    |    0    |    9    |
|----------|----------------------------|---------|---------|---------|
|    add   |      add_ln245_fu_410      |    0    |    0    |    15   |
|----------|----------------------------|---------|---------|---------|
|    xor   |      xor_ln227_fu_273      |    0    |    0    |    2    |
|----------|----------------------------|---------|---------|---------|
|    and   |      and_ln230_fu_279      |    0    |    0    |    2    |
|----------|----------------------------|---------|---------|---------|
|   read   |  in_stream_read_read_fu_90 |    0    |    0    |    0    |
|----------|----------------------------|---------|---------|---------|
|   write  |       grp_write_fu_96      |    0    |    0    |    0    |
|----------|----------------------------|---------|---------|---------|
|   trunc  |    in_packet_data_fu_128   |    0    |    0    |    0    |
|----------|----------------------------|---------|---------|---------|
|          |   in_packet_data_3_fu_132  |    0    |    0    |    0    |
|          |   in_packet_data_4_fu_142  |    0    |    0    |    0    |
|partselect|        tmp_1_fu_318        |    0    |    0    |    0    |
|          |       trunc_ln_fu_400      |    0    |    0    |    0    |
|          |         tmp_fu_427         |    0    |    0    |    0    |
|----------|----------------------------|---------|---------|---------|
|          |     zext_ln216_1_fu_220    |    0    |    0    |    0    |
|          |      zext_ln228_fu_237     |    0    |    0    |    0    |
|          |     zext_ln228_1_fu_241    |    0    |    0    |    0    |
|          |      zext_ln231_fu_257     |    0    |    0    |    0    |
|          |      zext_ln240_fu_313     |    0    |    0    |    0    |
|   zext   |      zext_ln216_fu_328     |    0    |    0    |    0    |
|          |     zext_ln216_2_fu_331    |    0    |    0    |    0    |
|          |     zext_ln216_3_fu_348    |    0    |    0    |    0    |
|          |     zext_ln240_1_fu_390    |    0    |    0    |    0    |
|          |      zext_ln260_fu_423     |    0    |    0    |    0    |
|          |     zext_ln260_1_fu_444    |    0    |    0    |    0    |
|          |     zext_ln260_2_fu_460    |    0    |    0    |    0    |
|----------|----------------------------|---------|---------|---------|
|          |       sel_tmp2_fu_285      |    0    |    0    |    0    |
|bitconcatenate|        p_shl_fu_335        |    0    |    0    |    0    |
|          |      or_ln260_7_fu_447     |    0    |    0    |    0    |
|----------|----------------------------|---------|---------|---------|
|   sext   |      sext_ln240_fu_377     |    0    |    0    |    0    |
|          |     sext_ln240_1_fu_386    |    0    |    0    |    0    |
|----------|----------------------------|---------|---------|---------|
|   Total  |                            |    2    |    0    |   348   |
|----------|----------------------------|---------|---------|---------|

Memories:
+-------+--------+--------+--------+
|       |  BRAM  |   FF   |   LUT  |
+-------+--------+--------+--------+
|INV_TBL|    1   |    0   |    0   |
+-------+--------+--------+--------+
| Total |    1   |    0   |    0   |
+-------+--------+--------+--------+

* Register list:
+----------------------+--------+
|                      |   FF   |
+----------------------+--------+
|     Cmax_reg_465     |    8   |
|INV_TBL_addr_1_reg_501|    8   |
| INV_TBL_addr_reg_481 |    8   |
|     delta_reg_470    |    8   |
|    diff_1_reg_496    |    9   |
|  icmp_ln213_reg_476  |    1   |
|  icmp_ln221_reg_486  |    1   |
|   sel_tmp2_reg_491   |    2   |
|     tmp_1_reg_506    |    2   |
| zext_ln260_2_reg_511 |   32   |
+----------------------+--------+
|         Total        |   79   |
+----------------------+--------+

* Multiplexer (MUX) list: 
|-------------------|------|------|------|--------||---------||---------||---------|
|        Comp       |  Pin | Size |  BW  | S x BW ||  Delay  ||    FF   ||   LUT   |
|-------------------|------|------|------|--------||---------||---------||---------|
|  grp_write_fu_96  |  p2  |   2  |  29  |   58   ||    0    ||    9    |
| grp_access_fu_110 |  p0  |   2  |   8  |   16   ||    0    ||    9    |
| grp_access_fu_110 |  p2  |   2  |   0  |    0   ||    0    ||    9    |
|-------------------|------|------|------|--------||---------||---------||---------|
|       Total       |      |      |      |   74   ||  1.281  ||    0    ||    27   |
|-------------------|------|------|------|--------||---------||---------||---------|



* Summary:
+-----------+--------+--------+--------+--------+--------+
|           |  BRAM  |   DSP  |  Delay |   FF   |   LUT  |
+-----------+--------+--------+--------+--------+--------+
|  Function |    -   |    2   |    -   |    0   |   348  |
|   Memory  |    1   |    -   |    -   |    0   |    0   |
|Multiplexer|    -   |    -   |    1   |    0   |   27   |
|  Register |    -   |    -   |    -   |   79   |    -   |
+-----------+--------+--------+--------+--------+--------+
|   Total   |    1   |    2   |    1   |   79   |   375  |
+-----------+--------+--------+--------+--------+--------+
