

================================================================
== Vitis HLS Report for 'hls_rgb_2_hsv'
================================================================
* Date:           Thu Jun 25 09:48:01 2026

* Version:        2025.2 (Build 6295257 on Nov 14 2025)
* Project:        hls_rgb_2_hsv
* Solution:       hls (Vivado IP Flow Target)
* Product family: zynquplus
* Target device:  xck26-sfvc784-2LV-c


================================================================
== Performance Estimates
================================================================
+ Timing: 
    * Summary: 
    +--------+----------+----------+------------+
    |  Clock |  Target  | Estimated| Uncertainty|
    +--------+----------+----------+------------+
    |ap_clk  |  10.00 ns|  4.544 ns|     2.70 ns|
    +--------+----------+----------+------------+

+ Latency: 
    * Summary: 
    +---------+---------+-----------+-----------+-----+-----+---------+
    |  Latency (cycles) |   Latency (absolute)  |  Interval | Pipeline|
    |   min   |   max   |    min    |    max    | min | max |   Type  |
    +---------+---------+-----------+-----------+-----+-----+---------+
    |        5|        5|  50.000 ns|  50.000 ns|    1|    1|      yes|
    +---------+---------+-----------+-----------+-----+-----+---------+

    + Detail: 
        * Instance: 
        N/A

        * Loop: 
        N/A



================================================================
== Utilization Estimates
================================================================
* Summary: 
+-----------------+---------+------+--------+--------+-----+
|       Name      | BRAM_18K|  DSP |   FF   |   LUT  | URAM|
+-----------------+---------+------+--------+--------+-----+
|DSP              |        -|     1|       -|       -|    -|
|Expression       |        -|     -|       0|     306|    -|
|FIFO             |        -|     -|       -|       -|    -|
|Instance         |        0|     1|      36|      63|    0|
|Memory           |        1|     -|       0|       0|    -|
|Multiplexer      |        -|     -|       0|      18|    -|
|Register         |        -|     -|     359|     160|    -|
+-----------------+---------+------+--------+--------+-----+
|Total            |        1|     2|     395|     547|    0|
+-----------------+---------+------+--------+--------+-----+
|Available        |      288|  1248|  234240|  117120|   64|
+-----------------+---------+------+--------+--------+-----+
|Utilization (%)  |       ~0|    ~0|      ~0|      ~0|    0|
+-----------------+---------+------+--------+--------+-----+

+ Detail: 
    * Instance: 
    +-------------------------+----------------------+---------+----+----+----+-----+
    |         Instance        |        Module        | BRAM_18K| DSP| FF | LUT| URAM|
    +-------------------------+----------------------+---------+----+----+----+-----+
    |control_s_axi_U          |control_s_axi         |        0|   0|  36|  40|    0|
    |mul_16ns_17ns_24_1_1_U2  |mul_16ns_17ns_24_1_1  |        0|   1|   0|   5|    0|
    |sparsemux_7_2_7_1_1_U3   |sparsemux_7_2_7_1_1   |        0|   0|   0|   9|    0|
    |sparsemux_7_2_9_1_1_U1   |sparsemux_7_2_9_1_1   |        0|   0|   0|   9|    0|
    +-------------------------+----------------------+---------+----+----+----+-----+
    |Total                    |                      |        0|   1|  36|  63|    0|
    +-------------------------+----------------------+---------+----+----+----+-----+

    * DSP: 
    +----------------------------------+-------------------------------+----------------+
    |             Instance             |             Module            |   Expression   |
    +----------------------------------+-------------------------------+----------------+
    |am_submul_14s_10s_17ns_28_4_1_U4  |am_submul_14s_10s_17ns_28_4_1  |  (i0 - i1) * i2|
    +----------------------------------+-------------------------------+----------------+

    * Memory: 
    +-----------+---------------------+---------+---+----+-----+------+-----+------+-------------+
    |   Memory  |        Module       | BRAM_18K| FF| LUT| URAM| Words| Bits| Banks| W*Bits*Banks|
    +-----------+---------------------+---------+---+----+-----+------+-----+------+-------------+
    |INV_TBL_U  |INV_TBL_ROM_AUTO_1R  |        1|  0|   0|    0|   256|   17|     1|         4352|
    +-----------+---------------------+---------+---+----+-----+------+-----+------+-------------+
    |Total      |                     |        1|  0|   0|    0|   256|   17|     1|         4352|
    +-----------+---------------------+---------+---+----+-----+------+-----+------+-------------+

    * FIFO: 
    N/A

    * Expression: 
    +--------------------------------+----------+----+---+----+------------+------------+
    |          Variable Name         | Operation| DSP| FF| LUT| Bitwidth P0| Bitwidth P1|
    +--------------------------------+----------+----+---+----+------------+------------+
    |add_ln75_fu_448_p2              |         +|   0|  0|  15|           8|           8|
    |hue_calc_fu_430_p2              |         +|   0|  0|  19|          12|          12|
    |delta_fu_224_p2                 |         -|   0|  0|  15|           8|           8|
    |diff_1_fu_298_p2                |         -|   0|  0|  16|           9|           9|
    |diff_1_fu_298_p4                |         -|   0|  0|  16|           9|           9|
    |diff_1_fu_298_p6                |         -|   0|  0|  16|           9|           9|
    |sub_ln53_fu_382_p2              |         -|   0|  0|  23|          16|          16|
    |and_ln63_fu_284_p2              |       and|   0|  0|   2|           1|           1|
    |icmp_ln43_fu_168_p2             |      icmp|   0|  0|  15|           8|           8|
    |icmp_ln44_fu_182_p2             |      icmp|   0|  0|  15|           8|           8|
    |icmp_ln45_fu_196_p2             |      icmp|   0|  0|  15|           8|           8|
    |icmp_ln46_fu_210_p2             |      icmp|   0|  0|  15|           8|           8|
    |icmp_ln52_fu_359_p2             |      icmp|   0|  0|  15|           8|           1|
    |icmp_ln57_fu_230_p2             |      icmp|   0|  0|  15|           8|           8|
    |icmp_ln60_fu_236_p2             |      icmp|   0|  0|  15|           8|           8|
    |icmp_ln63_fu_256_p2             |      icmp|   0|  0|  15|           8|           8|
    |ap_block_pp0_stage0_01001_grp1  |        or|   0|  0|   2|           1|           1|
    |ap_block_pp0_stage0_11001       |        or|   0|  0|   2|           1|           1|
    |Cmax_fu_216_p3                  |    select|   0|  0|   8|           1|           8|
    |Cmin_fu_202_p3                  |    select|   0|  0|   8|           1|           8|
    |empty_fu_479_p3                 |    select|   0|  0|   8|           1|           1|
    |hue_out_0_fu_462_p3             |    select|   0|  0|   8|           1|           1|
    |max_rg_fu_188_p3                |    select|   0|  0|   8|           1|           8|
    |min_rg_fu_174_p3                |    select|   0|  0|   8|           1|           8|
    |select_ln75_fu_454_p3           |    select|   0|  0|   8|           1|           8|
    |ap_enable_pp0                   |       xor|   0|  0|   2|           1|           2|
    |xor_ln60_fu_278_p2              |       xor|   0|  0|   2|           1|           2|
    +--------------------------------+----------+----+---+----+------------+------------+
    |Total                           |          |   0|  0| 306|         147|         177|
    +--------------------------------+----------+----+---+----+------------+------------+

    * Multiplexer: 
    +------------------------+----+-----------+-----+-----------+
    |          Name          | LUT| Input Size| Bits| Total Bits|
    +------------------------+----+-----------+-----+-----------+
    |in_stream_TDATA_blk_n   |   9|          2|    1|          2|
    |out_stream_TDATA_blk_n  |   9|          2|    1|          2|
    +------------------------+----+-----------+-----+-----------+
    |Total                   |  18|          4|    2|          4|
    +------------------------+----+-----------+-----+-----------+

    * Register: 
    +-------------------------------------------------+----+----+-----+-----------+
    |                       Name                      | FF | LUT| Bits| Const Bits|
    +-------------------------------------------------+----+----+-----+-----------+
    |Cmax_reg_510                                     |   8|   0|    8|          0|
    |ap_CS_fsm                                        |   1|   0|    1|          0|
    |ap_block_pp0_stage0_subdone_grp1_done_reg        |   1|   0|    1|          0|
    |ap_block_pp0_stage0_subdone_grp1_done_reg_iter0  |   1|   0|    1|          0|
    |ap_enable_reg_pp0_iter1                          |   1|   0|    1|          0|
    |ap_enable_reg_pp0_iter2                          |   1|   0|    1|          0|
    |ap_enable_reg_pp0_iter3                          |   1|   0|    1|          0|
    |ap_enable_reg_pp0_iter4                          |   1|   0|    1|          0|
    |ap_enable_reg_pp0_iter5                          |   1|   0|    1|          0|
    |delta_reg_517                                    |   8|   0|    8|          0|
    |diff_1_reg_533                                   |   9|   0|    9|          0|
    |icmp_ln52_reg_554                                |   1|   0|    1|          0|
    |icmp_ln57_reg_523                                |   1|   0|    1|          0|
    |sel_tmp2_reg_528                                 |   2|   0|    2|          0|
    |tmp_1_reg_544                                    |   2|   0|    2|          0|
    |Cmax_reg_510                                     |  64|  32|    8|          0|
    |delta_reg_517                                    |  64|  32|    8|          0|
    |icmp_ln57_reg_523                                |  64|  32|    1|          0|
    |sel_tmp2_reg_528                                 |  64|  32|    2|          0|
    |tmp_1_reg_544                                    |  64|  32|    2|          0|
    +-------------------------------------------------+----+----+-----+-----------+
    |Total                                            | 359| 160|   60|          0|
    +-------------------------------------------------+----+----+-----+-----------+



================================================================
== Interface
================================================================
* Summary: 
+-----------------------+-----+-----+--------------+---------------+--------------+
|       RTL Ports       | Dir | Bits|   Protocol   | Source Object |    C Type    |
+-----------------------+-----+-----+--------------+---------------+--------------+
|s_axi_control_AWVALID  |   in|    1|         s_axi|        control|   return void|
|s_axi_control_AWREADY  |  out|    1|         s_axi|        control|   return void|
|s_axi_control_AWADDR   |   in|    4|         s_axi|        control|   return void|
|s_axi_control_WVALID   |   in|    1|         s_axi|        control|   return void|
|s_axi_control_WREADY   |  out|    1|         s_axi|        control|   return void|
|s_axi_control_WDATA    |   in|   32|         s_axi|        control|   return void|
|s_axi_control_WSTRB    |   in|    4|         s_axi|        control|   return void|
|s_axi_control_ARVALID  |   in|    1|         s_axi|        control|   return void|
|s_axi_control_ARREADY  |  out|    1|         s_axi|        control|   return void|
|s_axi_control_ARADDR   |   in|    4|         s_axi|        control|   return void|
|s_axi_control_RVALID   |  out|    1|         s_axi|        control|   return void|
|s_axi_control_RREADY   |   in|    1|         s_axi|        control|   return void|
|s_axi_control_RDATA    |  out|   32|         s_axi|        control|   return void|
|s_axi_control_RRESP    |  out|    2|         s_axi|        control|   return void|
|s_axi_control_BVALID   |  out|    1|         s_axi|        control|   return void|
|s_axi_control_BREADY   |   in|    1|         s_axi|        control|   return void|
|s_axi_control_BRESP    |  out|    2|         s_axi|        control|   return void|
|ap_clk                 |   in|    1|  ap_ctrl_none|  hls_rgb_2_hsv|  return value|
|ap_rst_n               |   in|    1|  ap_ctrl_none|  hls_rgb_2_hsv|  return value|
|in_stream_TDATA        |   in|   32|          axis|      in_stream|       pointer|
|in_stream_TVALID       |   in|    1|          axis|      in_stream|       pointer|
|in_stream_TREADY       |  out|    1|          axis|      in_stream|       pointer|
|out_stream_TDATA       |  out|   32|          axis|     out_stream|       pointer|
|out_stream_TVALID      |  out|    1|          axis|     out_stream|       pointer|
|out_stream_TREADY      |   in|    1|          axis|     out_stream|       pointer|
+-----------------------+-----+-----+--------------+---------------+--------------+

============================================================
+ Verbose Summary: Synthesis Manager
============================================================
InlineROM: 1
ExposeGlobal: 0
============================================================
+ Verbose Summary: CDFG Model
============================================================
IsTopModel: 1
ResetActiveHigh: 1
IsCombinational: 2
IsDatapathOnly: 2
HasWiredReturn: 1
HasMFsm: 2
HasVarLatency: 0
IsPipeline: 1
IsRtlPipelined: 1
IsInstanceOverlapped: 0
IsDontTouch: 0
HasImplIP: 0
IsGatedGlobalClock: 0

+ Individual pipeline summary: 
  * Pipeline-0: initiation interval (II) = 1, depth = 6


============================================================
+ Verbose Summary: Schedule
============================================================
* Number of FSM states : 6
* Pipeline : 1
  Pipeline-0 : II = 1, D = 6, States = { 1 2 3 4 5 6 }
* Dataflow Pipeline: 0

* FSM state transitions: 
1 --> 2 
2 --> 3 
3 --> 4 
4 --> 5 
5 --> 6 
6 --> 

* FSM state operations: 

State 1 <SV = 0> <Delay = 4.39>
ST_1 : Operation 7 [1/1] ( I:0.07ns O:0.07ns )   --->   "%in_stream_read = read i32 @_ssdm_op_Read.axis.volatile.i32P128A, i32 %in_stream" [hls_rgb_2_hsv.cpp:38]   --->   Operation 7 'read' 'in_stream_read' <Predicate = true> <Delay = 0.07> <CoreInst = "regslice">   --->   Core 147 'regslice' <Latency = 0> <II = 1> <Delay = 0.65> <Adapter> <Opcode : 'read' 'write'>
ST_1 : Operation 8 [1/1] (0.00ns)   --->   "%in_packet_data = trunc i32 %in_stream_read" [hls_rgb_2_hsv.cpp:38]   --->   Operation 8 'trunc' 'in_packet_data' <Predicate = true> <Delay = 0.00>
ST_1 : Operation 9 [1/1] (0.00ns)   --->   "%in_packet_data_3 = partselect i8 @_ssdm_op_PartSelect.i8.i32.i32.i32, i32 %in_stream_read, i32 8, i32 15" [hls_rgb_2_hsv.cpp:38]   --->   Operation 9 'partselect' 'in_packet_data_3' <Predicate = true> <Delay = 0.00>
ST_1 : Operation 10 [1/1] (0.00ns)   --->   "%in_packet_data_4 = partselect i8 @_ssdm_op_PartSelect.i8.i32.i32.i32, i32 %in_stream_read, i32 16, i32 23" [hls_rgb_2_hsv.cpp:38]   --->   Operation 10 'partselect' 'in_packet_data_4' <Predicate = true> <Delay = 0.00>
ST_1 : Operation 11 [1/1] (0.76ns)   --->   "%icmp_ln43 = icmp_ult  i8 %in_packet_data, i8 %in_packet_data_3" [hls_rgb_2_hsv.cpp:43]   --->   Operation 11 'icmp' 'icmp_ln43' <Predicate = true> <Delay = 0.76> <CoreInst = "Cmp">   --->   Core 9 'Cmp' <Latency = 0> <II = 1> <Delay = 0.76> <FuncUnit> <Opcode : 'seteq' 'setne' 'setle' 'setge' 'setlt' 'setgt'> <InPorts = 2> <OutPorts = 1>
ST_1 : Operation 12 [1/1] (0.39ns)   --->   "%min_rg = select i1 %icmp_ln43, i8 %in_packet_data, i8 %in_packet_data_3" [hls_rgb_2_hsv.cpp:43]   --->   Operation 12 'select' 'min_rg' <Predicate = true> <Delay = 0.39> <CoreInst = "Sel">   --->   Core 73 'Sel' <Latency = 0> <II = 1> <Delay = 0.39> <FuncUnit> <Opcode : 'select'> <InPorts = 3> <OutPorts = 1>
ST_1 : Operation 13 [1/1] (0.76ns)   --->   "%icmp_ln44 = icmp_ugt  i8 %in_packet_data, i8 %in_packet_data_3" [hls_rgb_2_hsv.cpp:44]   --->   Operation 13 'icmp' 'icmp_ln44' <Predicate = true> <Delay = 0.76> <CoreInst = "Cmp">   --->   Core 9 'Cmp' <Latency = 0> <II = 1> <Delay = 0.76> <FuncUnit> <Opcode : 'seteq' 'setne' 'setle' 'setge' 'setlt' 'setgt'> <InPorts = 2> <OutPorts = 1>
ST_1 : Operation 14 [1/1] (0.39ns)   --->   "%max_rg = select i1 %icmp_ln44, i8 %in_packet_data, i8 %in_packet_data_3" [hls_rgb_2_hsv.cpp:44]   --->   Operation 14 'select' 'max_rg' <Predicate = true> <Delay = 0.39> <CoreInst = "Sel">   --->   Core 73 'Sel' <Latency = 0> <II = 1> <Delay = 0.39> <FuncUnit> <Opcode : 'select'> <InPorts = 3> <OutPorts = 1>
ST_1 : Operation 15 [1/1] (0.76ns)   --->   "%icmp_ln45 = icmp_ult  i8 %min_rg, i8 %in_packet_data_4" [hls_rgb_2_hsv.cpp:45]   --->   Operation 15 'icmp' 'icmp_ln45' <Predicate = true> <Delay = 0.76> <CoreInst = "Cmp">   --->   Core 9 'Cmp' <Latency = 0> <II = 1> <Delay = 0.76> <FuncUnit> <Opcode : 'seteq' 'setne' 'setle' 'setge' 'setlt' 'setgt'> <InPorts = 2> <OutPorts = 1>
ST_1 : Operation 16 [1/1] (0.39ns)   --->   "%Cmin = select i1 %icmp_ln45, i8 %min_rg, i8 %in_packet_data_4" [hls_rgb_2_hsv.cpp:45]   --->   Operation 16 'select' 'Cmin' <Predicate = true> <Delay = 0.39> <CoreInst = "Sel">   --->   Core 73 'Sel' <Latency = 0> <II = 1> <Delay = 0.39> <FuncUnit> <Opcode : 'select'> <InPorts = 3> <OutPorts = 1>
ST_1 : Operation 17 [1/1] (0.76ns)   --->   "%icmp_ln46 = icmp_ugt  i8 %max_rg, i8 %in_packet_data_4" [hls_rgb_2_hsv.cpp:46]   --->   Operation 17 'icmp' 'icmp_ln46' <Predicate = true> <Delay = 0.76> <CoreInst = "Cmp">   --->   Core 9 'Cmp' <Latency = 0> <II = 1> <Delay = 0.76> <FuncUnit> <Opcode : 'seteq' 'setne' 'setle' 'setge' 'setlt' 'setgt'> <InPorts = 2> <OutPorts = 1>
ST_1 : Operation 18 [1/1] (0.39ns)   --->   "%Cmax = select i1 %icmp_ln46, i8 %max_rg, i8 %in_packet_data_4" [hls_rgb_2_hsv.cpp:46]   --->   Operation 18 'select' 'Cmax' <Predicate = true> <Delay = 0.39> <CoreInst = "Sel">   --->   Core 73 'Sel' <Latency = 0> <II = 1> <Delay = 0.39> <FuncUnit> <Opcode : 'select'> <InPorts = 3> <OutPorts = 1>
ST_1 : Operation 19 [1/1] (0.76ns)   --->   "%delta = sub i8 %Cmax, i8 %Cmin" [hls_rgb_2_hsv.cpp:47]   --->   Operation 19 'sub' 'delta' <Predicate = true> <Delay = 0.76> <CoreInst = "Adder">   --->   Core 1 'Adder' <Latency = 0> <II = 1> <Delay = 0.76> <FuncUnit> <Opcode : 'add' 'sub'> <InPorts = 2> <OutPorts = 1>
ST_1 : Operation 20 [1/1] (0.76ns)   --->   "%icmp_ln57 = icmp_eq  i8 %Cmax, i8 %Cmin" [hls_rgb_2_hsv.cpp:57]   --->   Operation 20 'icmp' 'icmp_ln57' <Predicate = true> <Delay = 0.76> <CoreInst = "Cmp">   --->   Core 9 'Cmp' <Latency = 0> <II = 1> <Delay = 0.76> <FuncUnit> <Opcode : 'seteq' 'setne' 'setle' 'setge' 'setlt' 'setgt'> <InPorts = 2> <OutPorts = 1>
ST_1 : Operation 21 [1/1] (0.76ns)   --->   "%icmp_ln60 = icmp_eq  i8 %Cmax, i8 %in_packet_data" [hls_rgb_2_hsv.cpp:60]   --->   Operation 21 'icmp' 'icmp_ln60' <Predicate = true> <Delay = 0.76> <CoreInst = "Cmp">   --->   Core 9 'Cmp' <Latency = 0> <II = 1> <Delay = 0.76> <FuncUnit> <Opcode : 'seteq' 'setne' 'setle' 'setge' 'setlt' 'setgt'> <InPorts = 2> <OutPorts = 1>
ST_1 : Operation 22 [1/1] (0.00ns)   --->   "%zext_ln61 = zext i8 %in_packet_data_3" [hls_rgb_2_hsv.cpp:61]   --->   Operation 22 'zext' 'zext_ln61' <Predicate = true> <Delay = 0.00>
ST_1 : Operation 23 [1/1] (0.00ns)   --->   "%zext_ln61_1 = zext i8 %in_packet_data_4" [hls_rgb_2_hsv.cpp:61]   --->   Operation 23 'zext' 'zext_ln61_1' <Predicate = true> <Delay = 0.00>
ST_1 : Operation 24 [1/1] (0.76ns)   --->   "%diff = sub i9 %zext_ln61, i9 %zext_ln61_1" [hls_rgb_2_hsv.cpp:61]   --->   Operation 24 'sub' 'diff' <Predicate = true> <Delay = 0.76> <CoreInst = "Adder">   --->   Core 1 'Adder' <Latency = 0> <II = 1> <Delay = 0.77> <FuncUnit> <Opcode : 'add' 'sub'> <InPorts = 2> <OutPorts = 1>
ST_1 : Operation 25 [1/1] (0.76ns)   --->   "%icmp_ln63 = icmp_eq  i8 %Cmax, i8 %in_packet_data_3" [hls_rgb_2_hsv.cpp:63]   --->   Operation 25 'icmp' 'icmp_ln63' <Predicate = true> <Delay = 0.76> <CoreInst = "Cmp">   --->   Core 9 'Cmp' <Latency = 0> <II = 1> <Delay = 0.76> <FuncUnit> <Opcode : 'seteq' 'setne' 'setle' 'setge' 'setlt' 'setgt'> <InPorts = 2> <OutPorts = 1>
ST_1 : Operation 26 [1/1] (0.00ns)   --->   "%zext_ln64 = zext i8 %in_packet_data" [hls_rgb_2_hsv.cpp:64]   --->   Operation 26 'zext' 'zext_ln64' <Predicate = true> <Delay = 0.00>
ST_1 : Operation 27 [1/1] (0.76ns)   --->   "%diff_2 = sub i9 %zext_ln61_1, i9 %zext_ln64" [hls_rgb_2_hsv.cpp:64]   --->   Operation 27 'sub' 'diff_2' <Predicate = true> <Delay = 0.76> <CoreInst = "Adder">   --->   Core 1 'Adder' <Latency = 0> <II = 1> <Delay = 0.77> <FuncUnit> <Opcode : 'add' 'sub'> <InPorts = 2> <OutPorts = 1>
ST_1 : Operation 28 [1/1] (0.76ns)   --->   "%diff_3 = sub i9 %zext_ln64, i9 %zext_ln61" [hls_rgb_2_hsv.cpp:67]   --->   Operation 28 'sub' 'diff_3' <Predicate = true> <Delay = 0.76> <CoreInst = "Adder">   --->   Core 1 'Adder' <Latency = 0> <II = 1> <Delay = 0.77> <FuncUnit> <Opcode : 'add' 'sub'> <InPorts = 2> <OutPorts = 1>
ST_1 : Operation 29 [1/1] (0.00ns) (grouped into LUT with out node and_ln63)   --->   "%xor_ln60 = xor i1 %icmp_ln60, i1 1" [hls_rgb_2_hsv.cpp:60]   --->   Operation 29 'xor' 'xor_ln60' <Predicate = true> <Delay = 0.00> <CoreInst = "LogicGate">   --->   Core 74 'LogicGate' <Latency = 0> <II = 1> <Delay = 0.28> <FuncUnit> <Opcode : 'and' 'or' 'xor'> <InPorts = 2> <OutPorts = 1>
ST_1 : Operation 30 [1/1] (0.28ns) (out node of the LUT)   --->   "%and_ln63 = and i1 %icmp_ln63, i1 %xor_ln60" [hls_rgb_2_hsv.cpp:63]   --->   Operation 30 'and' 'and_ln63' <Predicate = true> <Delay = 0.28> <CoreInst = "LogicGate">   --->   Core 74 'LogicGate' <Latency = 0> <II = 1> <Delay = 0.28> <FuncUnit> <Opcode : 'and' 'or' 'xor'> <InPorts = 2> <OutPorts = 1>
ST_1 : Operation 31 [1/1] (0.00ns)   --->   "%sel_tmp2 = bitconcatenate i2 @_ssdm_op_BitConcatenate.i2.i1.i1, i1 %icmp_ln60, i1 %and_ln63" [hls_rgb_2_hsv.cpp:60]   --->   Operation 31 'bitconcatenate' 'sel_tmp2' <Predicate = true> <Delay = 0.00>
ST_1 : Operation 32 [1/1] (0.42ns)   --->   "%diff_1 = sparsemux i9 @_ssdm_op_SparseMux.ap_auto.3i9.i9.i2, i2 2, i9 %diff, i2 1, i9 %diff_2, i2 0, i9 %diff_3, i9 0, i2 %sel_tmp2" [hls_rgb_2_hsv.cpp:61]   --->   Operation 32 'sparsemux' 'diff_1' <Predicate = true> <Delay = 0.42> <CoreInst = "OneHotSparseMux_HasDef">   --->   Core 152 'OneHotSparseMux_HasDef' <Latency = 0> <II = 1> <Delay = 0.42> <FuncUnit> <Opcode : 'sparsemux'> <InPorts = 2> <OutPorts = 1>
ST_1 : Operation 33 [1/1] (0.00ns)   --->   "%zext_ln71 = zext i8 %delta" [hls_rgb_2_hsv.cpp:71]   --->   Operation 33 'zext' 'zext_ln71' <Predicate = true> <Delay = 0.00>
ST_1 : Operation 34 [1/1] (0.00ns)   --->   "%INV_TBL_addr_1 = getelementptr i17 %INV_TBL, i64 0, i64 %zext_ln71" [hls_rgb_2_hsv.cpp:71]   --->   Operation 34 'getelementptr' 'INV_TBL_addr_1' <Predicate = true> <Delay = 0.00>
ST_1 : Operation 35 [2/2] (1.23ns)   --->   "%INV_TBL_load_1 = load i8 %INV_TBL_addr_1" [hls_rgb_2_hsv.cpp:71]   --->   Operation 35 'load' 'INV_TBL_load_1' <Predicate = true> <Delay = 1.23> <CoreInst = "ROM">   --->   Core 100 'ROM' <Latency = 1> <II = 1> <Delay = 1.23> <Storage> <Opcode : 'load'> <Ports = 0> <Width = 17> <Depth = 256> <ROM>
ST_1 : Operation 36 [1/1] (0.00ns)   --->   "%tmp_1 = partselect i2 @_ssdm_op_PartSelect.i2.i32.i32.i32, i32 %in_stream_read, i32 24, i32 25" [hls_rgb_2_hsv.cpp:88]   --->   Operation 36 'partselect' 'tmp_1' <Predicate = true> <Delay = 0.00>

State 2 <SV = 1> <Delay = 3.39>
ST_2 : Operation 37 [1/1] (0.00ns)   --->   "%tmp_2 = bitconcatenate i14 @_ssdm_op_BitConcatenate.i14.i9.i5, i9 %diff_1, i5 0" [hls_rgb_2_hsv.cpp:71]   --->   Operation 37 'bitconcatenate' 'tmp_2' <Predicate = (!icmp_ln57)> <Delay = 0.00>
ST_2 : Operation 38 [1/1] (0.00ns)   --->   "%sext_ln71 = sext i14 %tmp_2" [hls_rgb_2_hsv.cpp:71]   --->   Operation 38 'sext' 'sext_ln71' <Predicate = (!icmp_ln57)> <Delay = 0.00>
ST_2 : Operation 39 [1/1] (0.00ns)   --->   "%tmp_3 = bitconcatenate i10 @_ssdm_op_BitConcatenate.i10.i9.i1, i9 %diff_1, i1 0" [hls_rgb_2_hsv.cpp:71]   --->   Operation 39 'bitconcatenate' 'tmp_3' <Predicate = (!icmp_ln57)> <Delay = 0.00>
ST_2 : Operation 40 [1/1] (0.00ns)   --->   "%sext_ln71_2 = sext i10 %tmp_3" [hls_rgb_2_hsv.cpp:71]   --->   Operation 40 'sext' 'sext_ln71_2' <Predicate = (!icmp_ln57)> <Delay = 0.00>
ST_2 : Operation 41 [1/1] (2.39ns) (grouped into DSP with root node mul_ln71)   --->   "%sub_ln71 = sub i15 %sext_ln71, i15 %sext_ln71_2" [hls_rgb_2_hsv.cpp:71]   --->   Operation 41 'sub' 'sub_ln71' <Predicate = (!icmp_ln57)> <Delay = 2.39> <CoreInst = "DSP48">   --->   Core 124 'DSP48' <Latency = 3> <II = 1> <Delay = 0.53> <IPBlock> <Opcode : 'add' 'sub' 'mul' 'select'> <InPorts = 0> <OutPorts = 1> <Sync> <CReg>
ST_2 : Operation 42 [1/2] ( I:1.23ns O:1.23ns )   --->   "%INV_TBL_load_1 = load i8 %INV_TBL_addr_1" [hls_rgb_2_hsv.cpp:71]   --->   Operation 42 'load' 'INV_TBL_load_1' <Predicate = true> <Delay = 1.23> <CoreInst = "ROM">   --->   Core 100 'ROM' <Latency = 1> <II = 1> <Delay = 1.23> <Storage> <Opcode : 'load'> <Ports = 0> <Width = 17> <Depth = 256> <ROM>
ST_2 : Operation 43 [1/1] (0.00ns) (grouped into DSP with root node mul_ln71)   --->   "%sext_ln71_1 = sext i15 %sub_ln71" [hls_rgb_2_hsv.cpp:71]   --->   Operation 43 'sext' 'sext_ln71_1' <Predicate = (!icmp_ln57)> <Delay = 0.00>
ST_2 : Operation 44 [1/1] (0.00ns)   --->   "%zext_ln71_1 = zext i17 %INV_TBL_load_1" [hls_rgb_2_hsv.cpp:71]   --->   Operation 44 'zext' 'zext_ln71_1' <Predicate = (!icmp_ln57)> <Delay = 0.00>
ST_2 : Operation 45 [4/4] (0.99ns) (root node of the DSP)   --->   "%mul_ln71 = mul i28 %sext_ln71_1, i28 %zext_ln71_1" [hls_rgb_2_hsv.cpp:71]   --->   Operation 45 'mul' 'mul_ln71' <Predicate = (!icmp_ln57)> <Delay = 0.99> <CoreInst = "DSP48">   --->   Core 124 'DSP48' <Latency = 3> <II = 1> <Delay = 0.53> <IPBlock> <Opcode : 'add' 'sub' 'mul' 'select'> <InPorts = 0> <OutPorts = 1> <Sync> <CReg>

State 3 <SV = 2> <Delay = 0.99>
ST_3 : Operation 46 [3/4] (0.99ns) (root node of the DSP)   --->   "%mul_ln71 = mul i28 %sext_ln71_1, i28 %zext_ln71_1" [hls_rgb_2_hsv.cpp:71]   --->   Operation 46 'mul' 'mul_ln71' <Predicate = (!icmp_ln57)> <Delay = 0.99> <CoreInst = "DSP48">   --->   Core 124 'DSP48' <Latency = 3> <II = 1> <Delay = 0.53> <IPBlock> <Opcode : 'add' 'sub' 'mul' 'select'> <InPorts = 0> <OutPorts = 1> <Sync> <CReg>

State 4 <SV = 3> <Delay = 1.23>
ST_4 : Operation 47 [1/1] (0.76ns)   --->   "%icmp_ln52 = icmp_eq  i8 %Cmax, i8 0" [hls_rgb_2_hsv.cpp:52]   --->   Operation 47 'icmp' 'icmp_ln52' <Predicate = true> <Delay = 0.76> <CoreInst = "Cmp">   --->   Core 9 'Cmp' <Latency = 0> <II = 1> <Delay = 0.76> <FuncUnit> <Opcode : 'seteq' 'setne' 'setle' 'setge' 'setlt' 'setgt'> <InPorts = 2> <OutPorts = 1>
ST_4 : Operation 48 [1/1] (0.00ns)   --->   "%zext_ln53_1 = zext i8 %Cmax" [hls_rgb_2_hsv.cpp:53]   --->   Operation 48 'zext' 'zext_ln53_1' <Predicate = true> <Delay = 0.00>
ST_4 : Operation 49 [1/1] (0.00ns)   --->   "%INV_TBL_addr = getelementptr i17 %INV_TBL, i64 0, i64 %zext_ln53_1" [hls_rgb_2_hsv.cpp:53]   --->   Operation 49 'getelementptr' 'INV_TBL_addr' <Predicate = true> <Delay = 0.00>
ST_4 : Operation 50 [2/2] (1.23ns)   --->   "%INV_TBL_load = load i8 %INV_TBL_addr" [hls_rgb_2_hsv.cpp:53]   --->   Operation 50 'load' 'INV_TBL_load' <Predicate = true> <Delay = 1.23> <CoreInst = "ROM">   --->   Core 100 'ROM' <Latency = 1> <II = 1> <Delay = 1.23> <Storage> <Opcode : 'load'> <Ports = 0> <Width = 17> <Depth = 256> <ROM>
ST_4 : Operation 51 [2/4] (0.99ns) (root node of the DSP)   --->   "%mul_ln71 = mul i28 %sext_ln71_1, i28 %zext_ln71_1" [hls_rgb_2_hsv.cpp:71]   --->   Operation 51 'mul' 'mul_ln71' <Predicate = (!icmp_ln57)> <Delay = 0.99> <CoreInst = "DSP48">   --->   Core 124 'DSP48' <Latency = 3> <II = 1> <Delay = 0.53> <IPBlock> <Opcode : 'add' 'sub' 'mul' 'select'> <InPorts = 0> <OutPorts = 1> <Sync> <CReg>

State 5 <SV = 4> <Delay = 4.54>
ST_5 : Operation 52 [1/1] (0.00ns)   --->   "%zext_ln53 = zext i8 %delta" [hls_rgb_2_hsv.cpp:53]   --->   Operation 52 'zext' 'zext_ln53' <Predicate = (!icmp_ln52)> <Delay = 0.00>
ST_5 : Operation 53 [1/2] ( I:1.23ns O:1.23ns )   --->   "%INV_TBL_load = load i8 %INV_TBL_addr" [hls_rgb_2_hsv.cpp:53]   --->   Operation 53 'load' 'INV_TBL_load' <Predicate = true> <Delay = 1.23> <CoreInst = "ROM">   --->   Core 100 'ROM' <Latency = 1> <II = 1> <Delay = 1.23> <Storage> <Opcode : 'load'> <Ports = 0> <Width = 17> <Depth = 256> <ROM>
ST_5 : Operation 54 [1/1] (0.00ns)   --->   "%zext_ln53_2 = zext i17 %INV_TBL_load" [hls_rgb_2_hsv.cpp:53]   --->   Operation 54 'zext' 'zext_ln53_2' <Predicate = (!icmp_ln52)> <Delay = 0.00>
ST_5 : Operation 55 [1/1] (0.00ns)   --->   "%p_shl5 = bitconcatenate i16 @_ssdm_op_BitConcatenate.i16.i8.i8, i8 %delta, i8 0" [hls_rgb_2_hsv.cpp:53]   --->   Operation 55 'bitconcatenate' 'p_shl5' <Predicate = (!icmp_ln52)> <Delay = 0.00>
ST_5 : Operation 56 [1/1] (0.85ns)   --->   "%sub_ln53 = sub i16 %p_shl5, i16 %zext_ln53" [hls_rgb_2_hsv.cpp:53]   --->   Operation 56 'sub' 'sub_ln53' <Predicate = (!icmp_ln52)> <Delay = 0.85> <CoreInst = "Adder">   --->   Core 1 'Adder' <Latency = 0> <II = 1> <Delay = 0.85> <FuncUnit> <Opcode : 'add' 'sub'> <InPorts = 2> <OutPorts = 1>
ST_5 : Operation 57 [1/1] (0.00ns)   --->   "%zext_ln53_3 = zext i16 %sub_ln53" [hls_rgb_2_hsv.cpp:53]   --->   Operation 57 'zext' 'zext_ln53_3' <Predicate = (!icmp_ln52)> <Delay = 0.00>
ST_5 : Operation 58 [1/1] (2.41ns)   --->   "%sat_tmp = mul i24 %zext_ln53_3, i24 %zext_ln53_2" [hls_rgb_2_hsv.cpp:53]   --->   Operation 58 'mul' 'sat_tmp' <Predicate = (!icmp_ln52)> <Delay = 2.41> <CoreInst = "Multiplier">   --->   Core 3 'Multiplier' <Latency = 0> <II = 1> <Delay = 2.41> <FuncUnit> <Opcode : 'mul'> <InPorts = 2> <OutPorts = 1>
ST_5 : Operation 59 [1/1] (0.00ns) (grouped into LUT with out node hue_calc)   --->   "%offset = sparsemux i7 @_ssdm_op_SparseMux.ap_auto.3i7.i7.i2, i2 2, i7 0, i2 1, i7 60, i2 0, i7 120, i7 0, i2 %sel_tmp2" [hls_rgb_2_hsv.cpp:72]   --->   Operation 59 'sparsemux' 'offset' <Predicate = (!icmp_ln57)> <Delay = 0.00> <CoreInst = "OneHotSparseMux_HasDef">   --->   Core 152 'OneHotSparseMux_HasDef' <Latency = 0> <II = 1> <Delay = 0.42> <FuncUnit> <Opcode : 'sparsemux'> <InPorts = 2> <OutPorts = 1>
ST_5 : Operation 60 [1/4] (0.00ns) (root node of the DSP)   --->   "%mul_ln71 = mul i28 %sext_ln71_1, i28 %zext_ln71_1" [hls_rgb_2_hsv.cpp:71]   --->   Operation 60 'mul' 'mul_ln71' <Predicate = (!icmp_ln57)> <Delay = 0.00> <CoreInst = "DSP48">   --->   Core 124 'DSP48' <Latency = 3> <II = 1> <Delay = 0.53> <IPBlock> <Opcode : 'add' 'sub' 'mul' 'select'> <InPorts = 0> <OutPorts = 1> <Sync> <CReg>
ST_5 : Operation 61 [1/1] (0.00ns) (grouped into LUT with out node hue_calc)   --->   "%trunc_ln = partselect i12 @_ssdm_op_PartSelect.i12.i28.i32.i32, i28 %mul_ln71, i32 16, i32 27" [hls_rgb_2_hsv.cpp:72]   --->   Operation 61 'partselect' 'trunc_ln' <Predicate = (!icmp_ln57)> <Delay = 0.00>
ST_5 : Operation 62 [1/1] (0.00ns) (grouped into LUT with out node hue_calc)   --->   "%zext_ln72 = zext i7 %offset" [hls_rgb_2_hsv.cpp:72]   --->   Operation 62 'zext' 'zext_ln72' <Predicate = (!icmp_ln57)> <Delay = 0.00>
ST_5 : Operation 63 [1/1] (0.80ns) (out node of the LUT)   --->   "%hue_calc = add i12 %trunc_ln, i12 %zext_ln72" [hls_rgb_2_hsv.cpp:72]   --->   Operation 63 'add' 'hue_calc' <Predicate = (!icmp_ln57)> <Delay = 0.80> <CoreInst = "Adder">   --->   Core 1 'Adder' <Latency = 0> <II = 1> <Delay = 0.80> <FuncUnit> <Opcode : 'add' 'sub'> <InPorts = 2> <OutPorts = 1>
ST_5 : Operation 64 [1/1] (0.00ns) (grouped into LUT with out node hue_out_0)   --->   "%tmp_4 = bitselect i1 @_ssdm_op_BitSelect.i1.i12.i32, i12 %hue_calc, i32 11" [hls_rgb_2_hsv.cpp:75]   --->   Operation 64 'bitselect' 'tmp_4' <Predicate = (!icmp_ln57)> <Delay = 0.00>
ST_5 : Operation 65 [1/1] (0.00ns)   --->   "%trunc_ln76 = trunc i12 %hue_calc" [hls_rgb_2_hsv.cpp:76]   --->   Operation 65 'trunc' 'trunc_ln76' <Predicate = (!icmp_ln57)> <Delay = 0.00>
ST_5 : Operation 66 [1/1] (0.76ns)   --->   "%add_ln75 = add i8 %trunc_ln76, i8 180" [hls_rgb_2_hsv.cpp:75]   --->   Operation 66 'add' 'add_ln75' <Predicate = (!icmp_ln57)> <Delay = 0.76> <CoreInst = "Adder">   --->   Core 1 'Adder' <Latency = 0> <II = 1> <Delay = 0.76> <FuncUnit> <Opcode : 'add' 'sub'> <InPorts = 2> <OutPorts = 1>
ST_5 : Operation 67 [1/1] (0.00ns) (grouped into LUT with out node hue_out_0)   --->   "%select_ln75 = select i1 %tmp_4, i8 %add_ln75, i8 %trunc_ln76" [hls_rgb_2_hsv.cpp:75]   --->   Operation 67 'select' 'select_ln75' <Predicate = (!icmp_ln57)> <Delay = 0.00> <CoreInst = "Sel">   --->   Core 73 'Sel' <Latency = 0> <II = 1> <Delay = 0.39> <FuncUnit> <Opcode : 'select'> <InPorts = 3> <OutPorts = 1>
ST_5 : Operation 68 [1/1] (0.39ns) (out node of the LUT)   --->   "%hue_out_0 = select i1 %icmp_ln57, i8 0, i8 %select_ln75" [hls_rgb_2_hsv.cpp:57]   --->   Operation 68 'select' 'hue_out_0' <Predicate = true> <Delay = 0.39> <CoreInst = "Sel">   --->   Core 73 'Sel' <Latency = 0> <II = 1> <Delay = 0.39> <FuncUnit> <Opcode : 'select'> <InPorts = 3> <OutPorts = 1>
ST_5 : Operation 69 [1/1] (0.00ns)   --->   "%tmp = partselect i8 @_ssdm_op_PartSelect.i8.i24.i32.i32, i24 %sat_tmp, i32 16, i32 23" [hls_rgb_2_hsv.cpp:88]   --->   Operation 69 'partselect' 'tmp' <Predicate = (!icmp_ln52)> <Delay = 0.00>
ST_5 : Operation 70 [1/1] (0.39ns)   --->   "%empty = select i1 %icmp_ln52, i8 0, i8 %tmp" [hls_rgb_2_hsv.cpp:52]   --->   Operation 70 'select' 'empty' <Predicate = true> <Delay = 0.39> <CoreInst = "Sel">   --->   Core 73 'Sel' <Latency = 0> <II = 1> <Delay = 0.39> <FuncUnit> <Opcode : 'select'> <InPorts = 3> <OutPorts = 1>
ST_5 : Operation 71 [1/1] (0.00ns)   --->   "%or_ln88_7 = bitconcatenate i26 @_ssdm_op_BitConcatenate.i26.i2.i8.i8.i8, i2 %tmp_1, i8 %Cmax, i8 %empty, i8 %hue_out_0" [hls_rgb_2_hsv.cpp:88]   --->   Operation 71 'bitconcatenate' 'or_ln88_7' <Predicate = true> <Delay = 0.00>
ST_5 : Operation 72 [1/1] (0.00ns)   --->   "%zext_ln88 = zext i26 %or_ln88_7" [hls_rgb_2_hsv.cpp:88]   --->   Operation 72 'zext' 'zext_ln88' <Predicate = true> <Delay = 0.00>
ST_5 : Operation 73 [2/2] (0.49ns)   --->   "%write_ln88 = write void @_ssdm_op_Write.axis.volatile.i32P128A, i32 %out_stream, i32 %zext_ln88" [hls_rgb_2_hsv.cpp:88]   --->   Operation 73 'write' 'write_ln88' <Predicate = true> <Delay = 0.49> <CoreInst = "regslice">   --->   Core 147 'regslice' <Latency = 0> <II = 1> <Delay = 0.65> <Adapter> <Opcode : 'read' 'write'>

State 6 <SV = 5> <Delay = 0.49>
ST_6 : Operation 74 [1/1] (0.00ns)   --->   "%specpipeline_ln30 = specpipeline void @_ssdm_op_SpecPipeline, i32 1, i32 0, i32 0, i32 0, i32 4294967295, void @empty_1" [hls_rgb_2_hsv.cpp:30]   --->   Operation 74 'specpipeline' 'specpipeline_ln30' <Predicate = true> <Delay = 0.00>
ST_6 : Operation 75 [1/1] (0.00ns)   --->   "%spectopmodule_ln28 = spectopmodule void @_ssdm_op_SpecTopModule, void @empty_4" [hls_rgb_2_hsv.cpp:28]   --->   Operation 75 'spectopmodule' 'spectopmodule_ln28' <Predicate = true> <Delay = 0.00>
ST_6 : Operation 76 [1/1] (0.00ns)   --->   "%specinterface_ln28 = specinterface void @_ssdm_op_SpecInterface, i32 0, void @empty_5, i32 0, i32 0, void @empty_1, i32 0, i32 0, void @empty_1, void @empty_1, void @empty_1, i32 0, i32 0, i32 0, i32 0, void @empty_1, void @empty_1, i32 4294967295, i32 0, i32 0, i32 0" [hls_rgb_2_hsv.cpp:28]   --->   Operation 76 'specinterface' 'specinterface_ln28' <Predicate = true> <Delay = 0.00>
ST_6 : Operation 77 [1/1] (0.00ns)   --->   "%specinterface_ln0 = specinterface void @_ssdm_op_SpecInterface, i32 %in_stream, void @empty, i32 1, i32 1, void @empty_0, i32 0, i32 0, void @empty_1, void @empty_1, void @empty_1, i32 0, i32 0, i32 0, i32 0, void @empty_1, void @empty_1, i32 4294967295, i32 0, i32 0, i32 0"   --->   Operation 77 'specinterface' 'specinterface_ln0' <Predicate = true> <Delay = 0.00>
ST_6 : Operation 78 [1/1] (0.00ns)   --->   "%specbitsmap_ln0 = specbitsmap void @_ssdm_op_SpecBitsMap, i32 %in_stream"   --->   Operation 78 'specbitsmap' 'specbitsmap_ln0' <Predicate = true> <Delay = 0.00>
ST_6 : Operation 79 [1/1] (0.00ns)   --->   "%specinterface_ln0 = specinterface void @_ssdm_op_SpecInterface, i32 %out_stream, void @empty, i32 1, i32 1, void @empty_0, i32 0, i32 0, void @empty_1, void @empty_1, void @empty_1, i32 0, i32 0, i32 0, i32 0, void @empty_1, void @empty_1, i32 4294967295, i32 0, i32 0, i32 0"   --->   Operation 79 'specinterface' 'specinterface_ln0' <Predicate = true> <Delay = 0.00>
ST_6 : Operation 80 [1/1] (0.00ns)   --->   "%specbitsmap_ln0 = specbitsmap void @_ssdm_op_SpecBitsMap, i32 %out_stream"   --->   Operation 80 'specbitsmap' 'specbitsmap_ln0' <Predicate = true> <Delay = 0.00>
ST_6 : Operation 81 [1/1] (0.00ns)   --->   "%specinterface_ln0 = specinterface void @_ssdm_op_SpecInterface, i32 0, void @empty_2, i32 0, i32 0, void @empty_1, i32 0, i32 0, void @empty_3, void @empty_1, void @empty_1, i32 0, i32 0, i32 0, i32 0, void @empty_1, void @empty_1, i32 0, i32 0, i32 0, i32 0"   --->   Operation 81 'specinterface' 'specinterface_ln0' <Predicate = true> <Delay = 0.00>
ST_6 : Operation 82 [1/2] ( I:0.49ns O:0.49ns )   --->   "%write_ln88 = write void @_ssdm_op_Write.axis.volatile.i32P128A, i32 %out_stream, i32 %zext_ln88" [hls_rgb_2_hsv.cpp:88]   --->   Operation 82 'write' 'write_ln88' <Predicate = true> <Delay = 0.49> <CoreInst = "regslice">   --->   Core 147 'regslice' <Latency = 0> <II = 1> <Delay = 0.65> <Adapter> <Opcode : 'read' 'write'>
ST_6 : Operation 83 [1/1] (0.00ns)   --->   "%ret_ln89 = ret" [hls_rgb_2_hsv.cpp:89]   --->   Operation 83 'ret' 'ret_ln89' <Predicate = true> <Delay = 0.00>


============================================================
+ Verbose Summary: Binding
============================================================
STG Binding: 
---------------- STG Properties BEGIN ----------------
- Is combinational: 0
- Is one-state seq: 0
- Is datapath-only: 0
- Is pipelined: 1
- Is top level: 1
Port [ Return ] is wired: 1; IO mode=ap_ctrl_none:ce=0
Port [ in_stream]:  wired=1; compound=1; hidden=0; nouse=0; global=0; static=0; extern=0; dir=0; type=0; pingpong=0; private_global=0; IO mode=axis:ce=0
Port [ out_stream]:  wired=1; compound=1; hidden=0; nouse=0; global=0; static=0; extern=0; dir=1; type=0; pingpong=0; private_global=0; IO mode=axis:ce=0
Port [ INV_TBL]:  wired=0; compound=1; hidden=1; nouse=0; global=1; static=1; extern=0; dir=0; type=1; pingpong=0; private_global=1; MemPort=[11]; IO mode=ap_memory:ce=0
---------------- STG Properties END ------------------

---------------- Datapath Model BEGIN ----------------

<LifeTime>
<method=bitvector/>
in_stream_read     (read          ) [ 0000000]
in_packet_data     (trunc         ) [ 0000000]
in_packet_data_3   (partselect    ) [ 0000000]
in_packet_data_4   (partselect    ) [ 0000000]
icmp_ln43          (icmp          ) [ 0000000]
min_rg             (select        ) [ 0000000]
icmp_ln44          (icmp          ) [ 0000000]
max_rg             (select        ) [ 0000000]
icmp_ln45          (icmp          ) [ 0000000]
Cmin               (select        ) [ 0000000]
icmp_ln46          (icmp          ) [ 0000000]
Cmax               (select        ) [ 0111110]
delta              (sub           ) [ 0111110]
icmp_ln57          (icmp          ) [ 0111110]
icmp_ln60          (icmp          ) [ 0000000]
zext_ln61          (zext          ) [ 0000000]
zext_ln61_1        (zext          ) [ 0000000]
diff               (sub           ) [ 0000000]
icmp_ln63          (icmp          ) [ 0000000]
zext_ln64          (zext          ) [ 0000000]
diff_2             (sub           ) [ 0000000]
diff_3             (sub           ) [ 0000000]
xor_ln60           (xor           ) [ 0000000]
and_ln63           (and           ) [ 0000000]
sel_tmp2           (bitconcatenate) [ 0111110]
diff_1             (sparsemux     ) [ 0110000]
zext_ln71          (zext          ) [ 0000000]
INV_TBL_addr_1     (getelementptr ) [ 0110000]
tmp_1              (partselect    ) [ 0111110]
tmp_2              (bitconcatenate) [ 0000000]
sext_ln71          (sext          ) [ 0000000]
tmp_3              (bitconcatenate) [ 0000000]
sext_ln71_2        (sext          ) [ 0000000]
sub_ln71           (sub           ) [ 0000000]
INV_TBL_load_1     (load          ) [ 0000000]
sext_ln71_1        (sext          ) [ 0101110]
zext_ln71_1        (zext          ) [ 0101110]
icmp_ln52          (icmp          ) [ 0100010]
zext_ln53_1        (zext          ) [ 0000000]
INV_TBL_addr       (getelementptr ) [ 0100010]
zext_ln53          (zext          ) [ 0000000]
INV_TBL_load       (load          ) [ 0000000]
zext_ln53_2        (zext          ) [ 0000000]
p_shl5             (bitconcatenate) [ 0000000]
sub_ln53           (sub           ) [ 0000000]
zext_ln53_3        (zext          ) [ 0000000]
sat_tmp            (mul           ) [ 0000000]
offset             (sparsemux     ) [ 0000000]
mul_ln71           (mul           ) [ 0000000]
trunc_ln           (partselect    ) [ 0000000]
zext_ln72          (zext          ) [ 0000000]
hue_calc           (add           ) [ 0000000]
tmp_4              (bitselect     ) [ 0000000]
trunc_ln76         (trunc         ) [ 0000000]
add_ln75           (add           ) [ 0000000]
select_ln75        (select        ) [ 0000000]
hue_out_0          (select        ) [ 0000000]
tmp                (partselect    ) [ 0000000]
empty              (select        ) [ 0000000]
or_ln88_7          (bitconcatenate) [ 0000000]
zext_ln88          (zext          ) [ 0100001]
specpipeline_ln30  (specpipeline  ) [ 0000000]
spectopmodule_ln28 (spectopmodule ) [ 0000000]
specinterface_ln28 (specinterface ) [ 0000000]
specinterface_ln0  (specinterface ) [ 0000000]
specbitsmap_ln0    (specbitsmap   ) [ 0000000]
specinterface_ln0  (specinterface ) [ 0000000]
specbitsmap_ln0    (specbitsmap   ) [ 0000000]
specinterface_ln0  (specinterface ) [ 0000000]
write_ln88         (write         ) [ 0000000]
ret_ln89           (ret           ) [ 0000000]
</LifeTime>

<model>

<comp_list>
<comp id="0" class="1000" name="in_stream">
<pin_list>
<pin id="1" dir="1" index="0" bw="1" slack="0"/>
</pin_list>
<bind>
<StgValue><ssdm name="in_stream"/></StgValue>
</bind>
</comp>

<comp id="2" class="1000" name="out_stream">
<pin_list>
<pin id="3" dir="1" index="0" bw="1" slack="0"/>
</pin_list>
<bind>
<StgValue><ssdm name="out_stream"/></StgValue>
</bind>
</comp>

<comp id="4" class="1000" name="INV_TBL">
<pin_list>
<pin id="5" dir="1" index="0" bw="1" slack="0"/>
</pin_list>
<bind>
<StgValue><ssdm name="INV_TBL"/><MemPortTyVec>1 1 </MemPortTyVec>
</StgValue>
</bind>
</comp>

<comp id="6" class="1001" name="const_6">
<pin_list>
<pin id="7" dir="1" index="0" bw="1" slack="0"/>
</pin_list>
<bind>
<StgValue><ssdm name="_ssdm_op_Read.axis.volatile.i32P128A"/></StgValue>
</bind>
</comp>

<comp id="8" class="1001" name="const_8">
<pin_list>
<pin id="9" dir="1" index="0" bw="1" slack="0"/>
</pin_list>
<bind>
<StgValue><ssdm name="_ssdm_op_PartSelect.i8.i32.i32.i32"/></StgValue>
</bind>
</comp>

<comp id="10" class="1001" name="const_10">
<pin_list>
<pin id="11" dir="1" index="0" bw="1" slack="0"/>
</pin_list>
<bind>
<StgValue><ssdm name=""/></StgValue>
</bind>
</comp>

<comp id="12" class="1001" name="const_12">
<pin_list>
<pin id="13" dir="1" index="0" bw="1" slack="0"/>
</pin_list>
<bind>
<StgValue><ssdm name=""/></StgValue>
</bind>
</comp>

<comp id="14" class="1001" name="const_14">
<pin_list>
<pin id="15" dir="1" index="0" bw="1" slack="0"/>
</pin_list>
<bind>
<StgValue><ssdm name=""/></StgValue>
</bind>
</comp>

<comp id="16" class="1001" name="const_16">
<pin_list>
<pin id="17" dir="1" index="0" bw="1" slack="0"/>
</pin_list>
<bind>
<StgValue><ssdm name=""/></StgValue>
</bind>
</comp>

<comp id="18" class="1001" name="const_18">
<pin_list>
<pin id="19" dir="1" index="0" bw="1" slack="0"/>
</pin_list>
<bind>
<StgValue><ssdm name=""/></StgValue>
</bind>
</comp>

<comp id="20" class="1001" name="const_20">
<pin_list>
<pin id="21" dir="1" index="0" bw="1" slack="0"/>
</pin_list>
<bind>
<StgValue><ssdm name="_ssdm_op_BitConcatenate.i2.i1.i1"/></StgValue>
</bind>
</comp>

<comp id="22" class="1001" name="const_22">
<pin_list>
<pin id="23" dir="1" index="0" bw="1" slack="0"/>
</pin_list>
<bind>
<StgValue><ssdm name="_ssdm_op_SparseMux.ap_auto.3i9.i9.i2"/></StgValue>
</bind>
</comp>

<comp id="24" class="1001" name="const_24">
<pin_list>
<pin id="25" dir="1" index="0" bw="1" slack="0"/>
</pin_list>
<bind>
<StgValue><ssdm name=""/></StgValue>
</bind>
</comp>

<comp id="26" class="1001" name="const_26">
<pin_list>
<pin id="27" dir="1" index="0" bw="1" slack="0"/>
</pin_list>
<bind>
<StgValue><ssdm name=""/></StgValue>
</bind>
</comp>

<comp id="28" class="1001" name="const_28">
<pin_list>
<pin id="29" dir="1" index="0" bw="1" slack="0"/>
</pin_list>
<bind>
<StgValue><ssdm name=""/></StgValue>
</bind>
</comp>

<comp id="30" class="1001" name="const_30">
<pin_list>
<pin id="31" dir="1" index="0" bw="1" slack="0"/>
</pin_list>
<bind>
<StgValue><ssdm name=""/></StgValue>
</bind>
</comp>

<comp id="32" class="1001" name="const_32">
<pin_list>
<pin id="33" dir="1" index="0" bw="1" slack="0"/>
</pin_list>
<bind>
<StgValue><ssdm name=""/></StgValue>
</bind>
</comp>

<comp id="34" class="1001" name="const_34">
<pin_list>
<pin id="35" dir="1" index="0" bw="1" slack="0"/>
</pin_list>
<bind>
<StgValue><ssdm name="_ssdm_op_PartSelect.i2.i32.i32.i32"/></StgValue>
</bind>
</comp>

<comp id="36" class="1001" name="const_36">
<pin_list>
<pin id="37" dir="1" index="0" bw="1" slack="0"/>
</pin_list>
<bind>
<StgValue><ssdm name=""/></StgValue>
</bind>
</comp>

<comp id="38" class="1001" name="const_38">
<pin_list>
<pin id="39" dir="1" index="0" bw="1" slack="0"/>
</pin_list>
<bind>
<StgValue><ssdm name=""/></StgValue>
</bind>
</comp>

<comp id="40" class="1001" name="const_40">
<pin_list>
<pin id="41" dir="1" index="0" bw="1" slack="0"/>
</pin_list>
<bind>
<StgValue><ssdm name="_ssdm_op_BitConcatenate.i14.i9.i5"/></StgValue>
</bind>
</comp>

<comp id="42" class="1001" name="const_42">
<pin_list>
<pin id="43" dir="1" index="0" bw="1" slack="0"/>
</pin_list>
<bind>
<StgValue><ssdm name=""/></StgValue>
</bind>
</comp>

<comp id="44" class="1001" name="const_44">
<pin_list>
<pin id="45" dir="1" index="0" bw="1" slack="0"/>
</pin_list>
<bind>
<StgValue><ssdm name="_ssdm_op_BitConcatenate.i10.i9.i1"/></StgValue>
</bind>
</comp>

<comp id="46" class="1001" name="const_46">
<pin_list>
<pin id="47" dir="1" index="0" bw="1" slack="0"/>
</pin_list>
<bind>
<StgValue><ssdm name=""/></StgValue>
</bind>
</comp>

<comp id="48" class="1001" name="const_48">
<pin_list>
<pin id="49" dir="1" index="0" bw="1" slack="0"/>
</pin_list>
<bind>
<StgValue><ssdm name=""/></StgValue>
</bind>
</comp>

<comp id="50" class="1001" name="const_50">
<pin_list>
<pin id="51" dir="1" index="0" bw="1" slack="0"/>
</pin_list>
<bind>
<StgValue><ssdm name="_ssdm_op_BitConcatenate.i16.i8.i8"/></StgValue>
</bind>
</comp>

<comp id="52" class="1001" name="const_52">
<pin_list>
<pin id="53" dir="1" index="0" bw="1" slack="0"/>
</pin_list>
<bind>
<StgValue><ssdm name="_ssdm_op_SparseMux.ap_auto.3i7.i7.i2"/></StgValue>
</bind>
</comp>

<comp id="54" class="1001" name="const_54">
<pin_list>
<pin id="55" dir="1" index="0" bw="1" slack="0"/>
</pin_list>
<bind>
<StgValue><ssdm name=""/></StgValue>
</bind>
</comp>

<comp id="56" class="1001" name="const_56">
<pin_list>
<pin id="57" dir="1" index="0" bw="1" slack="0"/>
</pin_list>
<bind>
<StgValue><ssdm name=""/></StgValue>
</bind>
</comp>

<comp id="58" class="1001" name="const_58">
<pin_list>
<pin id="59" dir="1" index="0" bw="1" slack="0"/>
</pin_list>
<bind>
<StgValue><ssdm name=""/></StgValue>
</bind>
</comp>

<comp id="60" class="1001" name="const_60">
<pin_list>
<pin id="61" dir="1" index="0" bw="1" slack="0"/>
</pin_list>
<bind>
<StgValue><ssdm name=""/></StgValue>
</bind>
</comp>

<comp id="62" class="1001" name="const_62">
<pin_list>
<pin id="63" dir="1" index="0" bw="1" slack="0"/>
</pin_list>
<bind>
<StgValue><ssdm name="_ssdm_op_PartSelect.i12.i28.i32.i32"/></StgValue>
</bind>
</comp>

<comp id="64" class="1001" name="const_64">
<pin_list>
<pin id="65" dir="1" index="0" bw="1" slack="0"/>
</pin_list>
<bind>
<StgValue><ssdm name=""/></StgValue>
</bind>
</comp>

<comp id="66" class="1001" name="const_66">
<pin_list>
<pin id="67" dir="1" index="0" bw="1" slack="0"/>
</pin_list>
<bind>
<StgValue><ssdm name="_ssdm_op_BitSelect.i1.i12.i32"/></StgValue>
</bind>
</comp>

<comp id="68" class="1001" name="const_68">
<pin_list>
<pin id="69" dir="1" index="0" bw="1" slack="0"/>
</pin_list>
<bind>
<StgValue><ssdm name=""/></StgValue>
</bind>
</comp>

<comp id="70" class="1001" name="const_70">
<pin_list>
<pin id="71" dir="1" index="0" bw="1" slack="0"/>
</pin_list>
<bind>
<StgValue><ssdm name=""/></StgValue>
</bind>
</comp>

<comp id="72" class="1001" name="const_72">
<pin_list>
<pin id="73" dir="1" index="0" bw="1" slack="0"/>
</pin_list>
<bind>
<StgValue><ssdm name="_ssdm_op_PartSelect.i8.i24.i32.i32"/></StgValue>
</bind>
</comp>

<comp id="74" class="1001" name="const_74">
<pin_list>
<pin id="75" dir="1" index="0" bw="1" slack="0"/>
</pin_list>
<bind>
<StgValue><ssdm name="_ssdm_op_BitConcatenate.i26.i2.i8.i8.i8"/></StgValue>
</bind>
</comp>

<comp id="76" class="1001" name="const_76">
<pin_list>
<pin id="77" dir="1" index="0" bw="1" slack="0"/>
</pin_list>
<bind>
<StgValue><ssdm name="_ssdm_op_Write.axis.volatile.i32P128A"/></StgValue>
</bind>
</comp>

<comp id="78" class="1001" name="const_78">
<pin_list>
<pin id="79" dir="1" index="0" bw="1" slack="2147483647"/>
</pin_list>
<bind>
<StgValue><ssdm name="_ssdm_op_SpecPipeline"/></StgValue>
</bind>
</comp>

<comp id="80" class="1001" name="const_80">
<pin_list>
<pin id="81" dir="1" index="0" bw="1" slack="2147483647"/>
</pin_list>
<bind>
<StgValue><ssdm name=""/></StgValue>
</bind>
</comp>

<comp id="82" class="1001" name="const_82">
<pin_list>
<pin id="83" dir="1" index="0" bw="1" slack="2147483647"/>
</pin_list>
<bind>
<StgValue><ssdm name=""/></StgValue>
</bind>
</comp>

<comp id="84" class="1001" name="const_84">
<pin_list>
<pin id="85" dir="1" index="0" bw="1" slack="2147483647"/>
</pin_list>
<bind>
<StgValue><ssdm name=""/></StgValue>
</bind>
</comp>

<comp id="86" class="1001" name="const_86">
<pin_list>
<pin id="87" dir="1" index="0" bw="1" slack="2147483647"/>
</pin_list>
<bind>
<StgValue><ssdm name="empty_1"/></StgValue>
</bind>
</comp>

<comp id="88" class="1001" name="const_88">
<pin_list>
<pin id="89" dir="1" index="0" bw="1" slack="2147483647"/>
</pin_list>
<bind>
<StgValue><ssdm name="_ssdm_op_SpecTopModule"/></StgValue>
</bind>
</comp>

<comp id="90" class="1001" name="const_90">
<pin_list>
<pin id="91" dir="1" index="0" bw="1" slack="2147483647"/>
</pin_list>
<bind>
<StgValue><ssdm name="empty_4"/></StgValue>
</bind>
</comp>

<comp id="92" class="1001" name="const_92">
<pin_list>
<pin id="93" dir="1" index="0" bw="1" slack="2147483647"/>
</pin_list>
<bind>
<StgValue><ssdm name="_ssdm_op_SpecInterface"/></StgValue>
</bind>
</comp>

<comp id="94" class="1001" name="const_94">
<pin_list>
<pin id="95" dir="1" index="0" bw="1" slack="2147483647"/>
</pin_list>
<bind>
<StgValue><ssdm name="empty_5"/></StgValue>
</bind>
</comp>

<comp id="96" class="1001" name="const_96">
<pin_list>
<pin id="97" dir="1" index="0" bw="1" slack="2147483647"/>
</pin_list>
<bind>
<StgValue><ssdm name="empty"/></StgValue>
</bind>
</comp>

<comp id="98" class="1001" name="const_98">
<pin_list>
<pin id="99" dir="1" index="0" bw="1" slack="2147483647"/>
</pin_list>
<bind>
<StgValue><ssdm name="empty_0"/></StgValue>
</bind>
</comp>

<comp id="100" class="1001" name="const_100">
<pin_list>
<pin id="101" dir="1" index="0" bw="1" slack="2147483647"/>
</pin_list>
<bind>
<StgValue><ssdm name="_ssdm_op_SpecBitsMap"/></StgValue>
</bind>
</comp>

<comp id="102" class="1001" name="const_102">
<pin_list>
<pin id="103" dir="1" index="0" bw="1" slack="2147483647"/>
</pin_list>
<bind>
<StgValue><ssdm name="empty_2"/></StgValue>
</bind>
</comp>

<comp id="104" class="1001" name="const_104">
<pin_list>
<pin id="105" dir="1" index="0" bw="1" slack="2147483647"/>
</pin_list>
<bind>
<StgValue><ssdm name="empty_3"/></StgValue>
</bind>
</comp>

<comp id="106" class="1004" name="in_stream_read_read_fu_106">
<pin_list>
<pin id="107" dir="0" index="0" bw="32" slack="0"/>
<pin id="108" dir="0" index="1" bw="32" slack="0"/>
<pin id="109" dir="1" index="2" bw="32" slack="0"/>
</pin_list>
<bind>
<opcode="read(1150) " fcode="read"/>
<opset="in_stream_read/1 "/>
</bind>
</comp>

<comp id="112" class="1004" name="grp_write_fu_112">
<pin_list>
<pin id="113" dir="0" index="0" bw="0" slack="0"/>
<pin id="114" dir="0" index="1" bw="32" slack="0"/>
<pin id="115" dir="0" index="2" bw="26" slack="0"/>
<pin id="116" dir="1" index="3" bw="0" slack="2147483647"/>
</pin_list>
<bind>
<opcode="write(1151) " fcode="write"/>
<opset="write_ln88/5 "/>
</bind>
</comp>

<comp id="119" class="1004" name="INV_TBL_addr_1_gep_fu_119">
<pin_list>
<pin id="120" dir="0" index="0" bw="17" slack="0"/>
<pin id="121" dir="0" index="1" bw="1" slack="0"/>
<pin id="122" dir="0" index="2" bw="8" slack="0"/>
<pin id="123" dir="1" index="3" bw="8" slack="0"/>
</pin_list>
<bind>
<opcode="getelementptr(29) " fcode="getelementptr"/>
<opset="INV_TBL_addr_1/1 "/>
</bind>
</comp>

<comp id="126" class="1004" name="grp_access_fu_126">
<pin_list>
<pin id="127" dir="0" index="0" bw="8" slack="0"/>
<pin id="128" dir="0" index="1" bw="17" slack="2147483647"/>
<pin id="129" dir="0" index="2" bw="0" slack="0"/>
<pin id="131" dir="0" index="4" bw="8" slack="2147483647"/>
<pin id="132" dir="0" index="5" bw="17" slack="2147483647"/>
<pin id="133" dir="0" index="6" bw="0" slack="2147483647"/>
<pin id="130" dir="1" index="3" bw="17" slack="0"/>
<pin id="134" dir="1" index="7" bw="17" slack="0"/>
</pin_list>
<bind>
<opcode="load(27) " fcode="load"/>
<opset="INV_TBL_load_1/1 INV_TBL_load/4 "/>
</bind>
</comp>

<comp id="136" class="1004" name="INV_TBL_addr_gep_fu_136">
<pin_list>
<pin id="137" dir="0" index="0" bw="17" slack="0"/>
<pin id="138" dir="0" index="1" bw="1" slack="0"/>
<pin id="139" dir="0" index="2" bw="8" slack="0"/>
<pin id="140" dir="1" index="3" bw="8" slack="0"/>
</pin_list>
<bind>
<opcode="getelementptr(29) " fcode="getelementptr"/>
<opset="INV_TBL_addr/4 "/>
</bind>
</comp>

<comp id="144" class="1004" name="in_packet_data_fu_144">
<pin_list>
<pin id="145" dir="0" index="0" bw="32" slack="0"/>
<pin id="146" dir="1" index="1" bw="8" slack="0"/>
</pin_list>
<bind>
<opcode="trunc(33) " fcode="trunc"/>
<opset="in_packet_data/1 "/>
</bind>
</comp>

<comp id="148" class="1004" name="in_packet_data_3_fu_148">
<pin_list>
<pin id="149" dir="0" index="0" bw="8" slack="0"/>
<pin id="150" dir="0" index="1" bw="32" slack="0"/>
<pin id="151" dir="0" index="2" bw="5" slack="0"/>
<pin id="152" dir="0" index="3" bw="5" slack="0"/>
<pin id="153" dir="1" index="4" bw="8" slack="0"/>
</pin_list>
<bind>
<opcode="partselect(1002) " fcode="partselect"/>
<opset="in_packet_data_3/1 "/>
</bind>
</comp>

<comp id="158" class="1004" name="in_packet_data_4_fu_158">
<pin_list>
<pin id="159" dir="0" index="0" bw="8" slack="0"/>
<pin id="160" dir="0" index="1" bw="32" slack="0"/>
<pin id="161" dir="0" index="2" bw="6" slack="0"/>
<pin id="162" dir="0" index="3" bw="6" slack="0"/>
<pin id="163" dir="1" index="4" bw="8" slack="0"/>
</pin_list>
<bind>
<opcode="partselect(1002) " fcode="partselect"/>
<opset="in_packet_data_4/1 "/>
</bind>
</comp>

<comp id="168" class="1004" name="icmp_ln43_fu_168">
<pin_list>
<pin id="169" dir="0" index="0" bw="8" slack="0"/>
<pin id="170" dir="0" index="1" bw="8" slack="0"/>
<pin id="171" dir="1" index="2" bw="1" slack="0"/>
</pin_list>
<bind>
<opcode="icmp(45) " fcode="icmp"/>
<opset="icmp_ln43/1 "/>
</bind>
</comp>

<comp id="174" class="1004" name="min_rg_fu_174">
<pin_list>
<pin id="175" dir="0" index="0" bw="1" slack="0"/>
<pin id="176" dir="0" index="1" bw="8" slack="0"/>
<pin id="177" dir="0" index="2" bw="8" slack="0"/>
<pin id="178" dir="1" index="3" bw="8" slack="0"/>
</pin_list>
<bind>
<opcode="select(49) " fcode="select"/>
<opset="min_rg/1 "/>
</bind>
</comp>

<comp id="182" class="1004" name="icmp_ln44_fu_182">
<pin_list>
<pin id="183" dir="0" index="0" bw="8" slack="0"/>
<pin id="184" dir="0" index="1" bw="8" slack="0"/>
<pin id="185" dir="1" index="2" bw="1" slack="0"/>
</pin_list>
<bind>
<opcode="icmp(45) " fcode="icmp"/>
<opset="icmp_ln44/1 "/>
</bind>
</comp>

<comp id="188" class="1004" name="max_rg_fu_188">
<pin_list>
<pin id="189" dir="0" index="0" bw="1" slack="0"/>
<pin id="190" dir="0" index="1" bw="8" slack="0"/>
<pin id="191" dir="0" index="2" bw="8" slack="0"/>
<pin id="192" dir="1" index="3" bw="8" slack="0"/>
</pin_list>
<bind>
<opcode="select(49) " fcode="select"/>
<opset="max_rg/1 "/>
</bind>
</comp>

<comp id="196" class="1004" name="icmp_ln45_fu_196">
<pin_list>
<pin id="197" dir="0" index="0" bw="8" slack="0"/>
<pin id="198" dir="0" index="1" bw="8" slack="0"/>
<pin id="199" dir="1" index="2" bw="1" slack="0"/>
</pin_list>
<bind>
<opcode="icmp(45) " fcode="icmp"/>
<opset="icmp_ln45/1 "/>
</bind>
</comp>

<comp id="202" class="1004" name="Cmin_fu_202">
<pin_list>
<pin id="203" dir="0" index="0" bw="1" slack="0"/>
<pin id="204" dir="0" index="1" bw="8" slack="0"/>
<pin id="205" dir="0" index="2" bw="8" slack="0"/>
<pin id="206" dir="1" index="3" bw="8" slack="0"/>
</pin_list>
<bind>
<opcode="select(49) " fcode="select"/>
<opset="Cmin/1 "/>
</bind>
</comp>

<comp id="210" class="1004" name="icmp_ln46_fu_210">
<pin_list>
<pin id="211" dir="0" index="0" bw="8" slack="0"/>
<pin id="212" dir="0" index="1" bw="8" slack="0"/>
<pin id="213" dir="1" index="2" bw="1" slack="0"/>
</pin_list>
<bind>
<opcode="icmp(45) " fcode="icmp"/>
<opset="icmp_ln46/1 "/>
</bind>
</comp>

<comp id="216" class="1004" name="Cmax_fu_216">
<pin_list>
<pin id="217" dir="0" index="0" bw="1" slack="0"/>
<pin id="218" dir="0" index="1" bw="8" slack="0"/>
<pin id="219" dir="0" index="2" bw="8" slack="0"/>
<pin id="220" dir="1" index="3" bw="8" slack="0"/>
</pin_list>
<bind>
<opcode="select(49) " fcode="select"/>
<opset="Cmax/1 "/>
</bind>
</comp>

<comp id="224" class="1004" name="delta_fu_224">
<pin_list>
<pin id="225" dir="0" index="0" bw="8" slack="0"/>
<pin id="226" dir="0" index="1" bw="8" slack="0"/>
<pin id="227" dir="1" index="2" bw="8" slack="0"/>
</pin_list>
<bind>
<opcode="sub(10) " fcode="sub"/>
<opset="delta/1 "/>
</bind>
</comp>

<comp id="230" class="1004" name="icmp_ln57_fu_230">
<pin_list>
<pin id="231" dir="0" index="0" bw="8" slack="0"/>
<pin id="232" dir="0" index="1" bw="8" slack="0"/>
<pin id="233" dir="1" index="2" bw="1" slack="1"/>
</pin_list>
<bind>
<opcode="icmp(45) " fcode="icmp"/>
<opset="icmp_ln57/1 "/>
</bind>
</comp>

<comp id="236" class="1004" name="icmp_ln60_fu_236">
<pin_list>
<pin id="237" dir="0" index="0" bw="8" slack="0"/>
<pin id="238" dir="0" index="1" bw="8" slack="0"/>
<pin id="239" dir="1" index="2" bw="1" slack="0"/>
</pin_list>
<bind>
<opcode="icmp(45) " fcode="icmp"/>
<opset="icmp_ln60/1 "/>
</bind>
</comp>

<comp id="242" class="1004" name="zext_ln61_fu_242">
<pin_list>
<pin id="243" dir="0" index="0" bw="8" slack="0"/>
<pin id="244" dir="1" index="1" bw="9" slack="0"/>
</pin_list>
<bind>
<opcode="zext(34) " fcode="zext"/>
<opset="zext_ln61/1 "/>
</bind>
</comp>

<comp id="246" class="1004" name="zext_ln61_1_fu_246">
<pin_list>
<pin id="247" dir="0" index="0" bw="8" slack="0"/>
<pin id="248" dir="1" index="1" bw="9" slack="0"/>
</pin_list>
<bind>
<opcode="zext(34) " fcode="zext"/>
<opset="zext_ln61_1/1 "/>
</bind>
</comp>

<comp id="250" class="1004" name="diff_fu_250">
<pin_list>
<pin id="251" dir="0" index="0" bw="8" slack="0"/>
<pin id="252" dir="0" index="1" bw="8" slack="0"/>
<pin id="253" dir="1" index="2" bw="9" slack="0"/>
</pin_list>
<bind>
<opcode="sub(10) " fcode="sub"/>
<opset="diff/1 "/>
</bind>
</comp>

<comp id="256" class="1004" name="icmp_ln63_fu_256">
<pin_list>
<pin id="257" dir="0" index="0" bw="8" slack="0"/>
<pin id="258" dir="0" index="1" bw="8" slack="0"/>
<pin id="259" dir="1" index="2" bw="1" slack="0"/>
</pin_list>
<bind>
<opcode="icmp(45) " fcode="icmp"/>
<opset="icmp_ln63/1 "/>
</bind>
</comp>

<comp id="262" class="1004" name="zext_ln64_fu_262">
<pin_list>
<pin id="263" dir="0" index="0" bw="8" slack="0"/>
<pin id="264" dir="1" index="1" bw="9" slack="0"/>
</pin_list>
<bind>
<opcode="zext(34) " fcode="zext"/>
<opset="zext_ln64/1 "/>
</bind>
</comp>

<comp id="266" class="1004" name="diff_2_fu_266">
<pin_list>
<pin id="267" dir="0" index="0" bw="8" slack="0"/>
<pin id="268" dir="0" index="1" bw="8" slack="0"/>
<pin id="269" dir="1" index="2" bw="9" slack="0"/>
</pin_list>
<bind>
<opcode="sub(10) " fcode="sub"/>
<opset="diff_2/1 "/>
</bind>
</comp>

<comp id="272" class="1004" name="diff_3_fu_272">
<pin_list>
<pin id="273" dir="0" index="0" bw="8" slack="0"/>
<pin id="274" dir="0" index="1" bw="8" slack="0"/>
<pin id="275" dir="1" index="2" bw="9" slack="0"/>
</pin_list>
<bind>
<opcode="sub(10) " fcode="sub"/>
<opset="diff_3/1 "/>
</bind>
</comp>

<comp id="278" class="1004" name="xor_ln60_fu_278">
<pin_list>
<pin id="279" dir="0" index="0" bw="1" slack="0"/>
<pin id="280" dir="0" index="1" bw="1" slack="0"/>
<pin id="281" dir="1" index="2" bw="1" slack="0"/>
</pin_list>
<bind>
<opcode="xor(25) " fcode="xor"/>
<opset="xor_ln60/1 "/>
</bind>
</comp>

<comp id="284" class="1004" name="and_ln63_fu_284">
<pin_list>
<pin id="285" dir="0" index="0" bw="1" slack="0"/>
<pin id="286" dir="0" index="1" bw="1" slack="0"/>
<pin id="287" dir="1" index="2" bw="1" slack="0"/>
</pin_list>
<bind>
<opcode="and(23) " fcode="and"/>
<opset="and_ln63/1 "/>
</bind>
</comp>

<comp id="290" class="1004" name="sel_tmp2_fu_290">
<pin_list>
<pin id="291" dir="0" index="0" bw="2" slack="0"/>
<pin id="292" dir="0" index="1" bw="1" slack="0"/>
<pin id="293" dir="0" index="2" bw="1" slack="0"/>
<pin id="294" dir="1" index="3" bw="2" slack="0"/>
</pin_list>
<bind>
<opcode="bitconcatenate(1004) " fcode="bitconcatenate"/>
<opset="sel_tmp2/1 "/>
</bind>
</comp>

<comp id="298" class="1004" name="diff_1_fu_298">
<pin_list>
<pin id="299" dir="0" index="0" bw="9" slack="0"/>
<pin id="300" dir="0" index="1" bw="2" slack="0"/>
<pin id="301" dir="0" index="2" bw="9" slack="0"/>
<pin id="302" dir="0" index="3" bw="2" slack="0"/>
<pin id="303" dir="0" index="4" bw="9" slack="0"/>
<pin id="304" dir="0" index="5" bw="2" slack="0"/>
<pin id="305" dir="0" index="6" bw="9" slack="0"/>
<pin id="306" dir="0" index="7" bw="9" slack="0"/>
<pin id="307" dir="0" index="8" bw="2" slack="0"/>
<pin id="308" dir="1" index="9" bw="9" slack="1"/>
</pin_list>
<bind>
<opcode="sparsemux(1197) " fcode="sparsemux"/>
<opset="diff_1/1 "/>
</bind>
</comp>

<comp id="318" class="1004" name="zext_ln71_fu_318">
<pin_list>
<pin id="319" dir="0" index="0" bw="8" slack="0"/>
<pin id="320" dir="1" index="1" bw="64" slack="0"/>
</pin_list>
<bind>
<opcode="zext(34) " fcode="zext"/>
<opset="zext_ln71/1 "/>
</bind>
</comp>

<comp id="323" class="1004" name="tmp_1_fu_323">
<pin_list>
<pin id="324" dir="0" index="0" bw="2" slack="0"/>
<pin id="325" dir="0" index="1" bw="32" slack="0"/>
<pin id="326" dir="0" index="2" bw="6" slack="0"/>
<pin id="327" dir="0" index="3" bw="6" slack="0"/>
<pin id="328" dir="1" index="4" bw="2" slack="4"/>
</pin_list>
<bind>
<opcode="partselect(1002) " fcode="partselect"/>
<opset="tmp_1/1 "/>
</bind>
</comp>

<comp id="333" class="1004" name="tmp_2_fu_333">
<pin_list>
<pin id="334" dir="0" index="0" bw="14" slack="0"/>
<pin id="335" dir="0" index="1" bw="9" slack="1"/>
<pin id="336" dir="0" index="2" bw="1" slack="0"/>
<pin id="337" dir="1" index="3" bw="14" slack="0"/>
</pin_list>
<bind>
<opcode="bitconcatenate(1004) " fcode="bitconcatenate"/>
<opset="tmp_2/2 "/>
</bind>
</comp>

<comp id="340" class="1004" name="sext_ln71_fu_340">
<pin_list>
<pin id="341" dir="0" index="0" bw="14" slack="0"/>
<pin id="342" dir="1" index="1" bw="15" slack="0"/>
</pin_list>
<bind>
<opcode="sext(35) " fcode="sext"/>
<opset="sext_ln71/2 "/>
</bind>
</comp>

<comp id="344" class="1004" name="tmp_3_fu_344">
<pin_list>
<pin id="345" dir="0" index="0" bw="10" slack="0"/>
<pin id="346" dir="0" index="1" bw="9" slack="1"/>
<pin id="347" dir="0" index="2" bw="1" slack="0"/>
<pin id="348" dir="1" index="3" bw="10" slack="0"/>
</pin_list>
<bind>
<opcode="bitconcatenate(1004) " fcode="bitconcatenate"/>
<opset="tmp_3/2 "/>
</bind>
</comp>

<comp id="351" class="1004" name="sext_ln71_2_fu_351">
<pin_list>
<pin id="352" dir="0" index="0" bw="10" slack="0"/>
<pin id="353" dir="1" index="1" bw="15" slack="0"/>
</pin_list>
<bind>
<opcode="sext(35) " fcode="sext"/>
<opset="sext_ln71_2/2 "/>
</bind>
</comp>

<comp id="355" class="1004" name="zext_ln71_1_fu_355">
<pin_list>
<pin id="356" dir="0" index="0" bw="17" slack="0"/>
<pin id="357" dir="1" index="1" bw="28" slack="0"/>
</pin_list>
<bind>
<opcode="zext(34) " fcode="zext"/>
<opset="zext_ln71_1/2 "/>
</bind>
</comp>

<comp id="359" class="1004" name="icmp_ln52_fu_359">
<pin_list>
<pin id="360" dir="0" index="0" bw="8" slack="3"/>
<pin id="361" dir="0" index="1" bw="8" slack="0"/>
<pin id="362" dir="1" index="2" bw="1" slack="1"/>
</pin_list>
<bind>
<opcode="icmp(45) " fcode="icmp"/>
<opset="icmp_ln52/4 "/>
</bind>
</comp>

<comp id="364" class="1004" name="zext_ln53_1_fu_364">
<pin_list>
<pin id="365" dir="0" index="0" bw="8" slack="3"/>
<pin id="366" dir="1" index="1" bw="64" slack="0"/>
</pin_list>
<bind>
<opcode="zext(34) " fcode="zext"/>
<opset="zext_ln53_1/4 "/>
</bind>
</comp>

<comp id="368" class="1004" name="zext_ln53_fu_368">
<pin_list>
<pin id="369" dir="0" index="0" bw="8" slack="4"/>
<pin id="370" dir="1" index="1" bw="16" slack="0"/>
</pin_list>
<bind>
<opcode="zext(34) " fcode="zext"/>
<opset="zext_ln53/5 "/>
</bind>
</comp>

<comp id="371" class="1004" name="zext_ln53_2_fu_371">
<pin_list>
<pin id="372" dir="0" index="0" bw="17" slack="0"/>
<pin id="373" dir="1" index="1" bw="24" slack="0"/>
</pin_list>
<bind>
<opcode="zext(34) " fcode="zext"/>
<opset="zext_ln53_2/5 "/>
</bind>
</comp>

<comp id="375" class="1004" name="p_shl5_fu_375">
<pin_list>
<pin id="376" dir="0" index="0" bw="16" slack="0"/>
<pin id="377" dir="0" index="1" bw="8" slack="4"/>
<pin id="378" dir="0" index="2" bw="1" slack="0"/>
<pin id="379" dir="1" index="3" bw="16" slack="0"/>
</pin_list>
<bind>
<opcode="bitconcatenate(1004) " fcode="bitconcatenate"/>
<opset="p_shl5/5 "/>
</bind>
</comp>

<comp id="382" class="1004" name="sub_ln53_fu_382">
<pin_list>
<pin id="383" dir="0" index="0" bw="16" slack="0"/>
<pin id="384" dir="0" index="1" bw="8" slack="0"/>
<pin id="385" dir="1" index="2" bw="16" slack="0"/>
</pin_list>
<bind>
<opcode="sub(10) " fcode="sub"/>
<opset="sub_ln53/5 "/>
</bind>
</comp>

<comp id="388" class="1004" name="zext_ln53_3_fu_388">
<pin_list>
<pin id="389" dir="0" index="0" bw="16" slack="0"/>
<pin id="390" dir="1" index="1" bw="24" slack="0"/>
</pin_list>
<bind>
<opcode="zext(34) " fcode="zext"/>
<opset="zext_ln53_3/5 "/>
</bind>
</comp>

<comp id="392" class="1004" name="sat_tmp_fu_392">
<pin_list>
<pin id="393" dir="0" index="0" bw="16" slack="0"/>
<pin id="394" dir="0" index="1" bw="17" slack="0"/>
<pin id="395" dir="1" index="2" bw="24" slack="0"/>
</pin_list>
<bind>
<opcode="mul(12) " fcode="mul"/>
<opset="sat_tmp/5 "/>
</bind>
</comp>

<comp id="398" class="1004" name="offset_fu_398">
<pin_list>
<pin id="399" dir="0" index="0" bw="7" slack="0"/>
<pin id="400" dir="0" index="1" bw="2" slack="0"/>
<pin id="401" dir="0" index="2" bw="7" slack="0"/>
<pin id="402" dir="0" index="3" bw="2" slack="0"/>
<pin id="403" dir="0" index="4" bw="7" slack="0"/>
<pin id="404" dir="0" index="5" bw="2" slack="0"/>
<pin id="405" dir="0" index="6" bw="7" slack="0"/>
<pin id="406" dir="0" index="7" bw="7" slack="0"/>
<pin id="407" dir="0" index="8" bw="2" slack="4"/>
<pin id="408" dir="1" index="9" bw="7" slack="0"/>
</pin_list>
<bind>
<opcode="sparsemux(1197) " fcode="sparsemux"/>
<opset="offset/5 "/>
</bind>
</comp>

<comp id="417" class="1004" name="trunc_ln_fu_417">
<pin_list>
<pin id="418" dir="0" index="0" bw="12" slack="0"/>
<pin id="419" dir="0" index="1" bw="28" slack="0"/>
<pin id="420" dir="0" index="2" bw="6" slack="0"/>
<pin id="421" dir="0" index="3" bw="6" slack="0"/>
<pin id="422" dir="1" index="4" bw="12" slack="0"/>
</pin_list>
<bind>
<opcode="partselect(1002) " fcode="partselect"/>
<opset="trunc_ln/5 "/>
</bind>
</comp>

<comp id="426" class="1004" name="zext_ln72_fu_426">
<pin_list>
<pin id="427" dir="0" index="0" bw="7" slack="0"/>
<pin id="428" dir="1" index="1" bw="12" slack="0"/>
</pin_list>
<bind>
<opcode="zext(34) " fcode="zext"/>
<opset="zext_ln72/5 "/>
</bind>
</comp>

<comp id="430" class="1004" name="hue_calc_fu_430">
<pin_list>
<pin id="431" dir="0" index="0" bw="12" slack="0"/>
<pin id="432" dir="0" index="1" bw="7" slack="0"/>
<pin id="433" dir="1" index="2" bw="12" slack="0"/>
</pin_list>
<bind>
<opcode="add(8) " fcode="add"/>
<opset="hue_calc/5 "/>
</bind>
</comp>

<comp id="436" class="1004" name="tmp_4_fu_436">
<pin_list>
<pin id="437" dir="0" index="0" bw="1" slack="0"/>
<pin id="438" dir="0" index="1" bw="12" slack="0"/>
<pin id="439" dir="0" index="2" bw="5" slack="0"/>
<pin id="440" dir="1" index="3" bw="1" slack="0"/>
</pin_list>
<bind>
<opcode="bitselect(1000) " fcode="bitselect"/>
<opset="tmp_4/5 "/>
</bind>
</comp>

<comp id="444" class="1004" name="trunc_ln76_fu_444">
<pin_list>
<pin id="445" dir="0" index="0" bw="12" slack="0"/>
<pin id="446" dir="1" index="1" bw="8" slack="0"/>
</pin_list>
<bind>
<opcode="trunc(33) " fcode="trunc"/>
<opset="trunc_ln76/5 "/>
</bind>
</comp>

<comp id="448" class="1004" name="add_ln75_fu_448">
<pin_list>
<pin id="449" dir="0" index="0" bw="8" slack="0"/>
<pin id="450" dir="0" index="1" bw="8" slack="0"/>
<pin id="451" dir="1" index="2" bw="8" slack="0"/>
</pin_list>
<bind>
<opcode="add(8) " fcode="add"/>
<opset="add_ln75/5 "/>
</bind>
</comp>

<comp id="454" class="1004" name="select_ln75_fu_454">
<pin_list>
<pin id="455" dir="0" index="0" bw="1" slack="0"/>
<pin id="456" dir="0" index="1" bw="8" slack="0"/>
<pin id="457" dir="0" index="2" bw="8" slack="0"/>
<pin id="458" dir="1" index="3" bw="8" slack="0"/>
</pin_list>
<bind>
<opcode="select(49) " fcode="select"/>
<opset="select_ln75/5 "/>
</bind>
</comp>

<comp id="462" class="1004" name="hue_out_0_fu_462">
<pin_list>
<pin id="463" dir="0" index="0" bw="1" slack="4"/>
<pin id="464" dir="0" index="1" bw="8" slack="0"/>
<pin id="465" dir="0" index="2" bw="8" slack="0"/>
<pin id="466" dir="1" index="3" bw="8" slack="0"/>
</pin_list>
<bind>
<opcode="select(49) " fcode="select"/>
<opset="hue_out_0/5 "/>
</bind>
</comp>

<comp id="469" class="1004" name="tmp_fu_469">
<pin_list>
<pin id="470" dir="0" index="0" bw="8" slack="0"/>
<pin id="471" dir="0" index="1" bw="24" slack="0"/>
<pin id="472" dir="0" index="2" bw="6" slack="0"/>
<pin id="473" dir="0" index="3" bw="6" slack="0"/>
<pin id="474" dir="1" index="4" bw="8" slack="0"/>
</pin_list>
<bind>
<opcode="partselect(1002) " fcode="partselect"/>
<opset="tmp/5 "/>
</bind>
</comp>

<comp id="479" class="1004" name="empty_fu_479">
<pin_list>
<pin id="480" dir="0" index="0" bw="1" slack="1"/>
<pin id="481" dir="0" index="1" bw="8" slack="0"/>
<pin id="482" dir="0" index="2" bw="8" slack="0"/>
<pin id="483" dir="1" index="3" bw="8" slack="0"/>
</pin_list>
<bind>
<opcode="select(49) " fcode="select"/>
<opset="empty/5 "/>
</bind>
</comp>

<comp id="486" class="1004" name="or_ln88_7_fu_486">
<pin_list>
<pin id="487" dir="0" index="0" bw="26" slack="0"/>
<pin id="488" dir="0" index="1" bw="2" slack="4"/>
<pin id="489" dir="0" index="2" bw="8" slack="4"/>
<pin id="490" dir="0" index="3" bw="8" slack="0"/>
<pin id="491" dir="0" index="4" bw="8" slack="0"/>
<pin id="492" dir="1" index="5" bw="26" slack="0"/>
</pin_list>
<bind>
<opcode="bitconcatenate(1004) " fcode="bitconcatenate"/>
<opset="or_ln88_7/5 "/>
</bind>
</comp>

<comp id="496" class="1004" name="zext_ln88_fu_496">
<pin_list>
<pin id="497" dir="0" index="0" bw="26" slack="0"/>
<pin id="498" dir="1" index="1" bw="32" slack="0"/>
</pin_list>
<bind>
<opcode="zext(34) " fcode="zext"/>
<opset="zext_ln88/5 "/>
</bind>
</comp>

<comp id="501" class="1007" name="grp_fu_501">
<pin_list>
<pin id="502" dir="0" index="0" bw="14" slack="0"/>
<pin id="503" dir="0" index="1" bw="10" slack="0"/>
<pin id="504" dir="0" index="2" bw="17" slack="0"/>
<pin id="505" dir="1" index="3" bw="28" slack="0"/>
</pin_list>
<bind>
<opcode="submul(1171) " fcode="submul"/>
<opset="sub_ln71/2 sext_ln71_1/2 mul_ln71/2 "/>
</bind>
</comp>

<comp id="510" class="1005" name="Cmax_reg_510">
<pin_list>
<pin id="511" dir="0" index="0" bw="8" slack="3"/>
<pin id="512" dir="1" index="1" bw="8" slack="3"/>
</pin_list>
<bind>
<opset="Cmax "/>
</bind>
</comp>

<comp id="517" class="1005" name="delta_reg_517">
<pin_list>
<pin id="518" dir="0" index="0" bw="8" slack="4"/>
<pin id="519" dir="1" index="1" bw="8" slack="4"/>
</pin_list>
<bind>
<opset="delta "/>
</bind>
</comp>

<comp id="523" class="1005" name="icmp_ln57_reg_523">
<pin_list>
<pin id="524" dir="0" index="0" bw="1" slack="1"/>
<pin id="525" dir="1" index="1" bw="1" slack="4"/>
</pin_list>
<bind>
<opset="icmp_ln57 "/>
</bind>
</comp>

<comp id="528" class="1005" name="sel_tmp2_reg_528">
<pin_list>
<pin id="529" dir="0" index="0" bw="2" slack="4"/>
<pin id="530" dir="1" index="1" bw="2" slack="4"/>
</pin_list>
<bind>
<opset="sel_tmp2 "/>
</bind>
</comp>

<comp id="533" class="1005" name="diff_1_reg_533">
<pin_list>
<pin id="534" dir="0" index="0" bw="9" slack="1"/>
<pin id="535" dir="1" index="1" bw="9" slack="1"/>
</pin_list>
<bind>
<opset="diff_1 "/>
</bind>
</comp>

<comp id="539" class="1005" name="INV_TBL_addr_1_reg_539">
<pin_list>
<pin id="540" dir="0" index="0" bw="8" slack="1"/>
<pin id="541" dir="1" index="1" bw="8" slack="1"/>
</pin_list>
<bind>
<opset="INV_TBL_addr_1 "/>
</bind>
</comp>

<comp id="544" class="1005" name="tmp_1_reg_544">
<pin_list>
<pin id="545" dir="0" index="0" bw="2" slack="4"/>
<pin id="546" dir="1" index="1" bw="2" slack="4"/>
</pin_list>
<bind>
<opset="tmp_1 "/>
</bind>
</comp>

<comp id="549" class="1005" name="zext_ln71_1_reg_549">
<pin_list>
<pin id="550" dir="0" index="0" bw="28" slack="1"/>
<pin id="551" dir="1" index="1" bw="28" slack="1"/>
</pin_list>
<bind>
<opset="zext_ln71_1 "/>
</bind>
</comp>

<comp id="554" class="1005" name="icmp_ln52_reg_554">
<pin_list>
<pin id="555" dir="0" index="0" bw="1" slack="1"/>
<pin id="556" dir="1" index="1" bw="1" slack="1"/>
</pin_list>
<bind>
<opset="icmp_ln52 "/>
</bind>
</comp>

<comp id="559" class="1005" name="INV_TBL_addr_reg_559">
<pin_list>
<pin id="560" dir="0" index="0" bw="8" slack="1"/>
<pin id="561" dir="1" index="1" bw="8" slack="1"/>
</pin_list>
<bind>
<opset="INV_TBL_addr "/>
</bind>
</comp>

<comp id="564" class="1005" name="zext_ln88_reg_564">
<pin_list>
<pin id="565" dir="0" index="0" bw="32" slack="1"/>
<pin id="566" dir="1" index="1" bw="32" slack="1"/>
</pin_list>
<bind>
<opset="zext_ln88 "/>
</bind>
</comp>

</comp_list>

<net_list>
<net id="110"><net_src comp="6" pin="0"/><net_sink comp="106" pin=0"/></net>

<net id="111"><net_src comp="0" pin="0"/><net_sink comp="106" pin=1"/></net>

<net id="117"><net_src comp="76" pin="0"/><net_sink comp="112" pin=0"/></net>

<net id="118"><net_src comp="2" pin="0"/><net_sink comp="112" pin=1"/></net>

<net id="124"><net_src comp="4" pin="0"/><net_sink comp="119" pin=0"/></net>

<net id="125"><net_src comp="32" pin="0"/><net_sink comp="119" pin=1"/></net>

<net id="135"><net_src comp="119" pin="3"/><net_sink comp="126" pin=2"/></net>

<net id="141"><net_src comp="4" pin="0"/><net_sink comp="136" pin=0"/></net>

<net id="142"><net_src comp="32" pin="0"/><net_sink comp="136" pin=1"/></net>

<net id="143"><net_src comp="136" pin="3"/><net_sink comp="126" pin=0"/></net>

<net id="147"><net_src comp="106" pin="2"/><net_sink comp="144" pin=0"/></net>

<net id="154"><net_src comp="8" pin="0"/><net_sink comp="148" pin=0"/></net>

<net id="155"><net_src comp="106" pin="2"/><net_sink comp="148" pin=1"/></net>

<net id="156"><net_src comp="10" pin="0"/><net_sink comp="148" pin=2"/></net>

<net id="157"><net_src comp="12" pin="0"/><net_sink comp="148" pin=3"/></net>

<net id="164"><net_src comp="8" pin="0"/><net_sink comp="158" pin=0"/></net>

<net id="165"><net_src comp="106" pin="2"/><net_sink comp="158" pin=1"/></net>

<net id="166"><net_src comp="14" pin="0"/><net_sink comp="158" pin=2"/></net>

<net id="167"><net_src comp="16" pin="0"/><net_sink comp="158" pin=3"/></net>

<net id="172"><net_src comp="144" pin="1"/><net_sink comp="168" pin=0"/></net>

<net id="173"><net_src comp="148" pin="4"/><net_sink comp="168" pin=1"/></net>

<net id="179"><net_src comp="168" pin="2"/><net_sink comp="174" pin=0"/></net>

<net id="180"><net_src comp="144" pin="1"/><net_sink comp="174" pin=1"/></net>

<net id="181"><net_src comp="148" pin="4"/><net_sink comp="174" pin=2"/></net>

<net id="186"><net_src comp="144" pin="1"/><net_sink comp="182" pin=0"/></net>

<net id="187"><net_src comp="148" pin="4"/><net_sink comp="182" pin=1"/></net>

<net id="193"><net_src comp="182" pin="2"/><net_sink comp="188" pin=0"/></net>

<net id="194"><net_src comp="144" pin="1"/><net_sink comp="188" pin=1"/></net>

<net id="195"><net_src comp="148" pin="4"/><net_sink comp="188" pin=2"/></net>

<net id="200"><net_src comp="174" pin="3"/><net_sink comp="196" pin=0"/></net>

<net id="201"><net_src comp="158" pin="4"/><net_sink comp="196" pin=1"/></net>

<net id="207"><net_src comp="196" pin="2"/><net_sink comp="202" pin=0"/></net>

<net id="208"><net_src comp="174" pin="3"/><net_sink comp="202" pin=1"/></net>

<net id="209"><net_src comp="158" pin="4"/><net_sink comp="202" pin=2"/></net>

<net id="214"><net_src comp="188" pin="3"/><net_sink comp="210" pin=0"/></net>

<net id="215"><net_src comp="158" pin="4"/><net_sink comp="210" pin=1"/></net>

<net id="221"><net_src comp="210" pin="2"/><net_sink comp="216" pin=0"/></net>

<net id="222"><net_src comp="188" pin="3"/><net_sink comp="216" pin=1"/></net>

<net id="223"><net_src comp="158" pin="4"/><net_sink comp="216" pin=2"/></net>

<net id="228"><net_src comp="216" pin="3"/><net_sink comp="224" pin=0"/></net>

<net id="229"><net_src comp="202" pin="3"/><net_sink comp="224" pin=1"/></net>

<net id="234"><net_src comp="216" pin="3"/><net_sink comp="230" pin=0"/></net>

<net id="235"><net_src comp="202" pin="3"/><net_sink comp="230" pin=1"/></net>

<net id="240"><net_src comp="216" pin="3"/><net_sink comp="236" pin=0"/></net>

<net id="241"><net_src comp="144" pin="1"/><net_sink comp="236" pin=1"/></net>

<net id="245"><net_src comp="148" pin="4"/><net_sink comp="242" pin=0"/></net>

<net id="249"><net_src comp="158" pin="4"/><net_sink comp="246" pin=0"/></net>

<net id="254"><net_src comp="242" pin="1"/><net_sink comp="250" pin=0"/></net>

<net id="255"><net_src comp="246" pin="1"/><net_sink comp="250" pin=1"/></net>

<net id="260"><net_src comp="216" pin="3"/><net_sink comp="256" pin=0"/></net>

<net id="261"><net_src comp="148" pin="4"/><net_sink comp="256" pin=1"/></net>

<net id="265"><net_src comp="144" pin="1"/><net_sink comp="262" pin=0"/></net>

<net id="270"><net_src comp="246" pin="1"/><net_sink comp="266" pin=0"/></net>

<net id="271"><net_src comp="262" pin="1"/><net_sink comp="266" pin=1"/></net>

<net id="276"><net_src comp="262" pin="1"/><net_sink comp="272" pin=0"/></net>

<net id="277"><net_src comp="242" pin="1"/><net_sink comp="272" pin=1"/></net>

<net id="282"><net_src comp="236" pin="2"/><net_sink comp="278" pin=0"/></net>

<net id="283"><net_src comp="18" pin="0"/><net_sink comp="278" pin=1"/></net>

<net id="288"><net_src comp="256" pin="2"/><net_sink comp="284" pin=0"/></net>

<net id="289"><net_src comp="278" pin="2"/><net_sink comp="284" pin=1"/></net>

<net id="295"><net_src comp="20" pin="0"/><net_sink comp="290" pin=0"/></net>

<net id="296"><net_src comp="236" pin="2"/><net_sink comp="290" pin=1"/></net>

<net id="297"><net_src comp="284" pin="2"/><net_sink comp="290" pin=2"/></net>

<net id="309"><net_src comp="22" pin="0"/><net_sink comp="298" pin=0"/></net>

<net id="310"><net_src comp="24" pin="0"/><net_sink comp="298" pin=1"/></net>

<net id="311"><net_src comp="250" pin="2"/><net_sink comp="298" pin=2"/></net>

<net id="312"><net_src comp="26" pin="0"/><net_sink comp="298" pin=3"/></net>

<net id="313"><net_src comp="266" pin="2"/><net_sink comp="298" pin=4"/></net>

<net id="314"><net_src comp="28" pin="0"/><net_sink comp="298" pin=5"/></net>

<net id="315"><net_src comp="272" pin="2"/><net_sink comp="298" pin=6"/></net>

<net id="316"><net_src comp="30" pin="0"/><net_sink comp="298" pin=7"/></net>

<net id="317"><net_src comp="290" pin="3"/><net_sink comp="298" pin=8"/></net>

<net id="321"><net_src comp="224" pin="2"/><net_sink comp="318" pin=0"/></net>

<net id="322"><net_src comp="318" pin="1"/><net_sink comp="119" pin=2"/></net>

<net id="329"><net_src comp="34" pin="0"/><net_sink comp="323" pin=0"/></net>

<net id="330"><net_src comp="106" pin="2"/><net_sink comp="323" pin=1"/></net>

<net id="331"><net_src comp="36" pin="0"/><net_sink comp="323" pin=2"/></net>

<net id="332"><net_src comp="38" pin="0"/><net_sink comp="323" pin=3"/></net>

<net id="338"><net_src comp="40" pin="0"/><net_sink comp="333" pin=0"/></net>

<net id="339"><net_src comp="42" pin="0"/><net_sink comp="333" pin=2"/></net>

<net id="343"><net_src comp="333" pin="3"/><net_sink comp="340" pin=0"/></net>

<net id="349"><net_src comp="44" pin="0"/><net_sink comp="344" pin=0"/></net>

<net id="350"><net_src comp="46" pin="0"/><net_sink comp="344" pin=2"/></net>

<net id="354"><net_src comp="344" pin="3"/><net_sink comp="351" pin=0"/></net>

<net id="358"><net_src comp="126" pin="7"/><net_sink comp="355" pin=0"/></net>

<net id="363"><net_src comp="48" pin="0"/><net_sink comp="359" pin=1"/></net>

<net id="367"><net_src comp="364" pin="1"/><net_sink comp="136" pin=2"/></net>

<net id="374"><net_src comp="126" pin="3"/><net_sink comp="371" pin=0"/></net>

<net id="380"><net_src comp="50" pin="0"/><net_sink comp="375" pin=0"/></net>

<net id="381"><net_src comp="48" pin="0"/><net_sink comp="375" pin=2"/></net>

<net id="386"><net_src comp="375" pin="3"/><net_sink comp="382" pin=0"/></net>

<net id="387"><net_src comp="368" pin="1"/><net_sink comp="382" pin=1"/></net>

<net id="391"><net_src comp="382" pin="2"/><net_sink comp="388" pin=0"/></net>

<net id="396"><net_src comp="388" pin="1"/><net_sink comp="392" pin=0"/></net>

<net id="397"><net_src comp="371" pin="1"/><net_sink comp="392" pin=1"/></net>

<net id="409"><net_src comp="52" pin="0"/><net_sink comp="398" pin=0"/></net>

<net id="410"><net_src comp="24" pin="0"/><net_sink comp="398" pin=1"/></net>

<net id="411"><net_src comp="54" pin="0"/><net_sink comp="398" pin=2"/></net>

<net id="412"><net_src comp="26" pin="0"/><net_sink comp="398" pin=3"/></net>

<net id="413"><net_src comp="56" pin="0"/><net_sink comp="398" pin=4"/></net>

<net id="414"><net_src comp="28" pin="0"/><net_sink comp="398" pin=5"/></net>

<net id="415"><net_src comp="58" pin="0"/><net_sink comp="398" pin=6"/></net>

<net id="416"><net_src comp="60" pin="0"/><net_sink comp="398" pin=7"/></net>

<net id="423"><net_src comp="62" pin="0"/><net_sink comp="417" pin=0"/></net>

<net id="424"><net_src comp="14" pin="0"/><net_sink comp="417" pin=2"/></net>

<net id="425"><net_src comp="64" pin="0"/><net_sink comp="417" pin=3"/></net>

<net id="429"><net_src comp="398" pin="9"/><net_sink comp="426" pin=0"/></net>

<net id="434"><net_src comp="417" pin="4"/><net_sink comp="430" pin=0"/></net>

<net id="435"><net_src comp="426" pin="1"/><net_sink comp="430" pin=1"/></net>

<net id="441"><net_src comp="66" pin="0"/><net_sink comp="436" pin=0"/></net>

<net id="442"><net_src comp="430" pin="2"/><net_sink comp="436" pin=1"/></net>

<net id="443"><net_src comp="68" pin="0"/><net_sink comp="436" pin=2"/></net>

<net id="447"><net_src comp="430" pin="2"/><net_sink comp="444" pin=0"/></net>

<net id="452"><net_src comp="444" pin="1"/><net_sink comp="448" pin=0"/></net>

<net id="453"><net_src comp="70" pin="0"/><net_sink comp="448" pin=1"/></net>

<net id="459"><net_src comp="436" pin="3"/><net_sink comp="454" pin=0"/></net>

<net id="460"><net_src comp="448" pin="2"/><net_sink comp="454" pin=1"/></net>

<net id="461"><net_src comp="444" pin="1"/><net_sink comp="454" pin=2"/></net>

<net id="467"><net_src comp="48" pin="0"/><net_sink comp="462" pin=1"/></net>

<net id="468"><net_src comp="454" pin="3"/><net_sink comp="462" pin=2"/></net>

<net id="475"><net_src comp="72" pin="0"/><net_sink comp="469" pin=0"/></net>

<net id="476"><net_src comp="392" pin="2"/><net_sink comp="469" pin=1"/></net>

<net id="477"><net_src comp="14" pin="0"/><net_sink comp="469" pin=2"/></net>

<net id="478"><net_src comp="16" pin="0"/><net_sink comp="469" pin=3"/></net>

<net id="484"><net_src comp="48" pin="0"/><net_sink comp="479" pin=1"/></net>

<net id="485"><net_src comp="469" pin="4"/><net_sink comp="479" pin=2"/></net>

<net id="493"><net_src comp="74" pin="0"/><net_sink comp="486" pin=0"/></net>

<net id="494"><net_src comp="479" pin="3"/><net_sink comp="486" pin=3"/></net>

<net id="495"><net_src comp="462" pin="3"/><net_sink comp="486" pin=4"/></net>

<net id="499"><net_src comp="486" pin="5"/><net_sink comp="496" pin=0"/></net>

<net id="500"><net_src comp="496" pin="1"/><net_sink comp="112" pin=2"/></net>

<net id="506"><net_src comp="340" pin="1"/><net_sink comp="501" pin=0"/></net>

<net id="507"><net_src comp="351" pin="1"/><net_sink comp="501" pin=1"/></net>

<net id="508"><net_src comp="355" pin="1"/><net_sink comp="501" pin=2"/></net>

<net id="509"><net_src comp="501" pin="3"/><net_sink comp="417" pin=1"/></net>

<net id="513"><net_src comp="216" pin="3"/><net_sink comp="510" pin=0"/></net>

<net id="514"><net_src comp="510" pin="1"/><net_sink comp="359" pin=0"/></net>

<net id="515"><net_src comp="510" pin="1"/><net_sink comp="364" pin=0"/></net>

<net id="516"><net_src comp="510" pin="1"/><net_sink comp="486" pin=2"/></net>

<net id="520"><net_src comp="224" pin="2"/><net_sink comp="517" pin=0"/></net>

<net id="521"><net_src comp="517" pin="1"/><net_sink comp="368" pin=0"/></net>

<net id="522"><net_src comp="517" pin="1"/><net_sink comp="375" pin=1"/></net>

<net id="526"><net_src comp="230" pin="2"/><net_sink comp="523" pin=0"/></net>

<net id="527"><net_src comp="523" pin="1"/><net_sink comp="462" pin=0"/></net>

<net id="531"><net_src comp="290" pin="3"/><net_sink comp="528" pin=0"/></net>

<net id="532"><net_src comp="528" pin="1"/><net_sink comp="398" pin=8"/></net>

<net id="536"><net_src comp="298" pin="9"/><net_sink comp="533" pin=0"/></net>

<net id="537"><net_src comp="533" pin="1"/><net_sink comp="333" pin=1"/></net>

<net id="538"><net_src comp="533" pin="1"/><net_sink comp="344" pin=1"/></net>

<net id="542"><net_src comp="119" pin="3"/><net_sink comp="539" pin=0"/></net>

<net id="543"><net_src comp="539" pin="1"/><net_sink comp="126" pin=2"/></net>

<net id="547"><net_src comp="323" pin="4"/><net_sink comp="544" pin=0"/></net>

<net id="548"><net_src comp="544" pin="1"/><net_sink comp="486" pin=1"/></net>

<net id="552"><net_src comp="355" pin="1"/><net_sink comp="549" pin=0"/></net>

<net id="553"><net_src comp="549" pin="1"/><net_sink comp="501" pin=1"/></net>

<net id="557"><net_src comp="359" pin="2"/><net_sink comp="554" pin=0"/></net>

<net id="558"><net_src comp="554" pin="1"/><net_sink comp="479" pin=0"/></net>

<net id="562"><net_src comp="136" pin="3"/><net_sink comp="559" pin=0"/></net>

<net id="563"><net_src comp="559" pin="1"/><net_sink comp="126" pin=0"/></net>

<net id="567"><net_src comp="496" pin="1"/><net_sink comp="564" pin=0"/></net>

<net id="568"><net_src comp="564" pin="1"/><net_sink comp="112" pin=2"/></net>

</net_list>

</model> 
---------------- Datapath Model END ------------------

* FSMD analyzer results:
  - Output states:
	Port: out_stream | {6 }
 - Input state : 
	Port: hls_rgb_2_hsv : in_stream | {1 }
	Port: hls_rgb_2_hsv : INV_TBL | {1 2 4 5 }
  - Chain level:
	State 1
		icmp_ln43 : 1
		min_rg : 2
		icmp_ln44 : 1
		max_rg : 2
		icmp_ln45 : 3
		Cmin : 4
		icmp_ln46 : 3
		Cmax : 4
		delta : 5
		icmp_ln57 : 5
		icmp_ln60 : 5
		zext_ln61 : 1
		zext_ln61_1 : 1
		diff : 2
		icmp_ln63 : 5
		zext_ln64 : 1
		diff_2 : 2
		diff_3 : 2
		xor_ln60 : 6
		and_ln63 : 6
		sel_tmp2 : 6
		diff_1 : 7
		zext_ln71 : 6
		INV_TBL_addr_1 : 7
		INV_TBL_load_1 : 8
	State 2
		sext_ln71 : 1
		sext_ln71_2 : 1
		sub_ln71 : 2
		sext_ln71_1 : 3
		zext_ln71_1 : 1
		mul_ln71 : 4
	State 3
	State 4
		INV_TBL_addr : 1
		INV_TBL_load : 2
	State 5
		zext_ln53_2 : 1
		sub_ln53 : 1
		zext_ln53_3 : 2
		sat_tmp : 3
		trunc_ln : 1
		zext_ln72 : 1
		hue_calc : 2
		tmp_4 : 3
		trunc_ln76 : 3
		add_ln75 : 4
		select_ln75 : 5
		hue_out_0 : 6
		tmp : 4
		empty : 5
		or_ln88_7 : 7
		zext_ln88 : 8
		write_ln88 : 9
	State 6


============================================================
+ Verbose Summary: Datapath Resource usage 
============================================================

* Functional unit list:
|----------|----------------------------|---------|---------|---------|
| Operation|       Functional Unit      |   DSP   |    FF   |   LUT   |
|----------|----------------------------|---------|---------|---------|
|          |      icmp_ln43_fu_168      |    0    |    0    |    15   |
|          |      icmp_ln44_fu_182      |    0    |    0    |    15   |
|          |      icmp_ln45_fu_196      |    0    |    0    |    15   |
|   icmp   |      icmp_ln46_fu_210      |    0    |    0    |    15   |
|          |      icmp_ln57_fu_230      |    0    |    0    |    15   |
|          |      icmp_ln60_fu_236      |    0    |    0    |    15   |
|          |      icmp_ln63_fu_256      |    0    |    0    |    15   |
|          |      icmp_ln52_fu_359      |    0    |    0    |    15   |
|----------|----------------------------|---------|---------|---------|
|          |        delta_fu_224        |    0    |    0    |    15   |
|          |         diff_fu_250        |    0    |    0    |    15   |
|    sub   |        diff_2_fu_266       |    0    |    0    |    15   |
|          |        diff_3_fu_272       |    0    |    0    |    15   |
|          |       sub_ln53_fu_382      |    0    |    0    |    23   |
|----------|----------------------------|---------|---------|---------|
|          |        min_rg_fu_174       |    0    |    0    |    8    |
|          |        max_rg_fu_188       |    0    |    0    |    8    |
|          |         Cmin_fu_202        |    0    |    0    |    8    |
|  select  |         Cmax_fu_216        |    0    |    0    |    8    |
|          |     select_ln75_fu_454     |    0    |    0    |    8    |
|          |      hue_out_0_fu_462      |    0    |    0    |    8    |
|          |        empty_fu_479        |    0    |    0    |    8    |
|----------|----------------------------|---------|---------|---------|
|    add   |       hue_calc_fu_430      |    0    |    0    |    19   |
|          |       add_ln75_fu_448      |    0    |    0    |    15   |
|----------|----------------------------|---------|---------|---------|
| sparsemux|        diff_1_fu_298       |    0    |    0    |    9    |
|          |        offset_fu_398       |    0    |    0    |    9    |
|----------|----------------------------|---------|---------|---------|
|    mul   |       sat_tmp_fu_392       |    1    |    0    |    5    |
|----------|----------------------------|---------|---------|---------|
|    xor   |       xor_ln60_fu_278      |    0    |    0    |    2    |
|----------|----------------------------|---------|---------|---------|
|    and   |       and_ln63_fu_284      |    0    |    0    |    2    |
|----------|----------------------------|---------|---------|---------|
|  submul  |         grp_fu_501         |    1    |    0    |    0    |
|----------|----------------------------|---------|---------|---------|
|   read   | in_stream_read_read_fu_106 |    0    |    0    |    0    |
|----------|----------------------------|---------|---------|---------|
|   write  |      grp_write_fu_112      |    0    |    0    |    0    |
|----------|----------------------------|---------|---------|---------|
|   trunc  |    in_packet_data_fu_144   |    0    |    0    |    0    |
|          |      trunc_ln76_fu_444     |    0    |    0    |    0    |
|----------|----------------------------|---------|---------|---------|
|          |   in_packet_data_3_fu_148  |    0    |    0    |    0    |
|          |   in_packet_data_4_fu_158  |    0    |    0    |    0    |
|partselect|        tmp_1_fu_323        |    0    |    0    |    0    |
|          |       trunc_ln_fu_417      |    0    |    0    |    0    |
|          |         tmp_fu_469         |    0    |    0    |    0    |
|----------|----------------------------|---------|---------|---------|
|          |      zext_ln61_fu_242      |    0    |    0    |    0    |
|          |     zext_ln61_1_fu_246     |    0    |    0    |    0    |
|          |      zext_ln64_fu_262      |    0    |    0    |    0    |
|          |      zext_ln71_fu_318      |    0    |    0    |    0    |
|          |     zext_ln71_1_fu_355     |    0    |    0    |    0    |
|   zext   |     zext_ln53_1_fu_364     |    0    |    0    |    0    |
|          |      zext_ln53_fu_368      |    0    |    0    |    0    |
|          |     zext_ln53_2_fu_371     |    0    |    0    |    0    |
|          |     zext_ln53_3_fu_388     |    0    |    0    |    0    |
|          |      zext_ln72_fu_426      |    0    |    0    |    0    |
|          |      zext_ln88_fu_496      |    0    |    0    |    0    |
|----------|----------------------------|---------|---------|---------|
|          |       sel_tmp2_fu_290      |    0    |    0    |    0    |
|          |        tmp_2_fu_333        |    0    |    0    |    0    |
|bitconcatenate|        tmp_3_fu_344        |    0    |    0    |    0    |
|          |        p_shl5_fu_375       |    0    |    0    |    0    |
|          |      or_ln88_7_fu_486      |    0    |    0    |    0    |
|----------|----------------------------|---------|---------|---------|
|   sext   |      sext_ln71_fu_340      |    0    |    0    |    0    |
|          |     sext_ln71_2_fu_351     |    0    |    0    |    0    |
|----------|----------------------------|---------|---------|---------|
| bitselect|        tmp_4_fu_436        |    0    |    0    |    0    |
|----------|----------------------------|---------|---------|---------|
|   Total  |                            |    2    |    0    |   320   |
|----------|----------------------------|---------|---------|---------|

Memories:
+-------+--------+--------+--------+
|       |  BRAM  |   FF   |   LUT  |
+-------+--------+--------+--------+
|INV_TBL|    1   |    0   |    0   |
+-------+--------+--------+--------+
| Total |    1   |    0   |    0   |
+-------+--------+--------+--------+

* Register list:
+----------------------+--------+
|                      |   FF   |
+----------------------+--------+
|     Cmax_reg_510     |    8   |
|INV_TBL_addr_1_reg_539|    8   |
| INV_TBL_addr_reg_559 |    8   |
|     delta_reg_517    |    8   |
|    diff_1_reg_533    |    9   |
|   icmp_ln52_reg_554  |    1   |
|   icmp_ln57_reg_523  |    1   |
|   sel_tmp2_reg_528   |    2   |
|     tmp_1_reg_544    |    2   |
|  zext_ln71_1_reg_549 |   28   |
|   zext_ln88_reg_564  |   32   |
+----------------------+--------+
|         Total        |   107  |
+----------------------+--------+

* Multiplexer (MUX) list: 
|-------------------|------|------|------|--------||---------||---------||---------|
|        Comp       |  Pin | Size |  BW  | S x BW ||  Delay  ||    FF   ||   LUT   |
|-------------------|------|------|------|--------||---------||---------||---------|
|  grp_write_fu_112 |  p2  |   2  |  26  |   52   ||    0    ||    9    |
| grp_access_fu_126 |  p0  |   2  |   8  |   16   ||    0    ||    9    |
| grp_access_fu_126 |  p2  |   2  |   0  |    0   ||    0    ||    9    |
|     grp_fu_501    |  p1  |   2  |  10  |   20   ||    0    ||    9    |
|-------------------|------|------|------|--------||---------||---------||---------|
|       Total       |      |      |      |   88   ||  1.708  ||    0    ||    36   |
|-------------------|------|------|------|--------||---------||---------||---------|



* Summary:
+-----------+--------+--------+--------+--------+--------+
|           |  BRAM  |   DSP  |  Delay |   FF   |   LUT  |
+-----------+--------+--------+--------+--------+--------+
|  Function |    -   |    2   |    -   |    0   |   320  |
|   Memory  |    1   |    -   |    -   |    0   |    0   |
|Multiplexer|    -   |    -   |    1   |    0   |   36   |
|  Register |    -   |    -   |    -   |   107  |    -   |
+-----------+--------+--------+--------+--------+--------+
|   Total   |    1   |    2   |    1   |   107  |   356  |
+-----------+--------+--------+--------+--------+--------+
