

================================================================
== Vitis HLS Report for 'hls_rgb_2_hsv'
================================================================
* Date:           Thu Jun 25 09:47:59 2026

* Version:        2025.2 (Build 6295257 on Nov 14 2025)
* Project:        hls_rgb_2_hsv
* Solution:       hls (Vivado IP Flow Target)
* Product family: zynquplus
* Target device:  xck26-sfvc784-2LV-c


================================================================
== Performance Estimates
================================================================
+ Timing: 
    * Summary: 
    +--------+----------+----------+------------+
    |  Clock |  Target  | Estimated| Uncertainty|
    +--------+----------+----------+------------+
    |ap_clk  |  10.00 ns|  4.544 ns|     2.70 ns|
    +--------+----------+----------+------------+

+ Latency: 
    * Summary: 
    +---------+---------+-----------+-----------+-----+-----+---------+
    |  Latency (cycles) |   Latency (absolute)  |  Interval | Pipeline|
    |   min   |   max   |    min    |    max    | min | max |   Type  |
    +---------+---------+-----------+-----------+-----+-----+---------+
    |        5|        5|  50.000 ns|  50.000 ns|    1|    1|      yes|
    +---------+---------+-----------+-----------+-----+-----+---------+

    + Detail: 
        * Instance: 
        N/A

        * Loop: 
        N/A

============================================================
+ Verbose Summary: Synthesis Manager
============================================================
InlineROM: 1
ExposeGlobal: 0
============================================================
+ Verbose Summary: CDFG Model
============================================================
IsTopModel: 1
ResetActiveHigh: 1
IsCombinational: 0
IsDatapathOnly: 0
HasWiredReturn: 1
HasMFsm: 2
HasVarLatency: 0
IsPipeline: 1
IsRtlPipelined: 1
IsInstanceOverlapped: 0
IsDontTouch: 0
HasImplIP: 0
IsGatedGlobalClock: 0

+ Individual pipeline summary: 
  * Pipeline-0: initiation interval (II) = 1, depth = 6


============================================================
+ Verbose Summary: Schedule
============================================================
* Number of FSM states : 6
* Pipeline : 1
  Pipeline-0 : II = 1, D = 6, States = { 1 2 3 4 5 6 }
* Dataflow Pipeline: 0

* FSM state transitions: 
1 --> 2 
2 --> 3 
3 --> 4 
4 --> 5 
5 --> 6 
6 --> 

* FSM state operations: 

State 1 <SV = 0> <Delay = 4.39>
ST_1 : Operation 7 [1/1] ( I:0.07ns O:0.07ns )   --->   "%in_stream_read = read i32 @_ssdm_op_Read.axis.volatile.i32P128A, i32 %in_stream" [hls_rgb_2_hsv.cpp:38]   --->   Operation 7 'read' 'in_stream_read' <Predicate = true> <Delay = 0.07> <CoreInst = "regslice">   --->   Core 147 'regslice' <Latency = 0> <II = 1> <Delay = 0.65> <Adapter> <Opcode : 'read' 'write'>
ST_1 : Operation 8 [1/1] (0.00ns)   --->   "%in_packet_data = trunc i32 %in_stream_read" [hls_rgb_2_hsv.cpp:38]   --->   Operation 8 'trunc' 'in_packet_data' <Predicate = true> <Delay = 0.00>
ST_1 : Operation 9 [1/1] (0.00ns)   --->   "%in_packet_data_3 = partselect i8 @_ssdm_op_PartSelect.i8.i32.i32.i32, i32 %in_stream_read, i32 8, i32 15" [hls_rgb_2_hsv.cpp:38]   --->   Operation 9 'partselect' 'in_packet_data_3' <Predicate = true> <Delay = 0.00>
ST_1 : Operation 10 [1/1] (0.00ns)   --->   "%in_packet_data_4 = partselect i8 @_ssdm_op_PartSelect.i8.i32.i32.i32, i32 %in_stream_read, i32 16, i32 23" [hls_rgb_2_hsv.cpp:38]   --->   Operation 10 'partselect' 'in_packet_data_4' <Predicate = true> <Delay = 0.00>
ST_1 : Operation 11 [1/1] (0.76ns)   --->   "%icmp_ln43 = icmp_ult  i8 %in_packet_data, i8 %in_packet_data_3" [hls_rgb_2_hsv.cpp:43]   --->   Operation 11 'icmp' 'icmp_ln43' <Predicate = true> <Delay = 0.76> <CoreInst = "Cmp">   --->   Core 9 'Cmp' <Latency = 0> <II = 1> <Delay = 0.76> <FuncUnit> <Opcode : 'seteq' 'setne' 'setle' 'setge' 'setlt' 'setgt'> <InPorts = 2> <OutPorts = 1>
ST_1 : Operation 12 [1/1] (0.39ns)   --->   "%min_rg = select i1 %icmp_ln43, i8 %in_packet_data, i8 %in_packet_data_3" [hls_rgb_2_hsv.cpp:43]   --->   Operation 12 'select' 'min_rg' <Predicate = true> <Delay = 0.39> <CoreInst = "Sel">   --->   Core 73 'Sel' <Latency = 0> <II = 1> <Delay = 0.39> <FuncUnit> <Opcode : 'select'> <InPorts = 3> <OutPorts = 1>
ST_1 : Operation 13 [1/1] (0.76ns)   --->   "%icmp_ln44 = icmp_ugt  i8 %in_packet_data, i8 %in_packet_data_3" [hls_rgb_2_hsv.cpp:44]   --->   Operation 13 'icmp' 'icmp_ln44' <Predicate = true> <Delay = 0.76> <CoreInst = "Cmp">   --->   Core 9 'Cmp' <Latency = 0> <II = 1> <Delay = 0.76> <FuncUnit> <Opcode : 'seteq' 'setne' 'setle' 'setge' 'setlt' 'setgt'> <InPorts = 2> <OutPorts = 1>
ST_1 : Operation 14 [1/1] (0.39ns)   --->   "%max_rg = select i1 %icmp_ln44, i8 %in_packet_data, i8 %in_packet_data_3" [hls_rgb_2_hsv.cpp:44]   --->   Operation 14 'select' 'max_rg' <Predicate = true> <Delay = 0.39> <CoreInst = "Sel">   --->   Core 73 'Sel' <Latency = 0> <II = 1> <Delay = 0.39> <FuncUnit> <Opcode : 'select'> <InPorts = 3> <OutPorts = 1>
ST_1 : Operation 15 [1/1] (0.76ns)   --->   "%icmp_ln45 = icmp_ult  i8 %min_rg, i8 %in_packet_data_4" [hls_rgb_2_hsv.cpp:45]   --->   Operation 15 'icmp' 'icmp_ln45' <Predicate = true> <Delay = 0.76> <CoreInst = "Cmp">   --->   Core 9 'Cmp' <Latency = 0> <II = 1> <Delay = 0.76> <FuncUnit> <Opcode : 'seteq' 'setne' 'setle' 'setge' 'setlt' 'setgt'> <InPorts = 2> <OutPorts = 1>
ST_1 : Operation 16 [1/1] (0.39ns)   --->   "%Cmin = select i1 %icmp_ln45, i8 %min_rg, i8 %in_packet_data_4" [hls_rgb_2_hsv.cpp:45]   --->   Operation 16 'select' 'Cmin' <Predicate = true> <Delay = 0.39> <CoreInst = "Sel">   --->   Core 73 'Sel' <Latency = 0> <II = 1> <Delay = 0.39> <FuncUnit> <Opcode : 'select'> <InPorts = 3> <OutPorts = 1>
ST_1 : Operation 17 [1/1] (0.76ns)   --->   "%icmp_ln46 = icmp_ugt  i8 %max_rg, i8 %in_packet_data_4" [hls_rgb_2_hsv.cpp:46]   --->   Operation 17 'icmp' 'icmp_ln46' <Predicate = true> <Delay = 0.76> <CoreInst = "Cmp">   --->   Core 9 'Cmp' <Latency = 0> <II = 1> <Delay = 0.76> <FuncUnit> <Opcode : 'seteq' 'setne' 'setle' 'setge' 'setlt' 'setgt'> <InPorts = 2> <OutPorts = 1>
ST_1 : Operation 18 [1/1] (0.39ns)   --->   "%Cmax = select i1 %icmp_ln46, i8 %max_rg, i8 %in_packet_data_4" [hls_rgb_2_hsv.cpp:46]   --->   Operation 18 'select' 'Cmax' <Predicate = true> <Delay = 0.39> <CoreInst = "Sel">   --->   Core 73 'Sel' <Latency = 0> <II = 1> <Delay = 0.39> <FuncUnit> <Opcode : 'select'> <InPorts = 3> <OutPorts = 1>
ST_1 : Operation 19 [1/1] (0.76ns)   --->   "%delta = sub i8 %Cmax, i8 %Cmin" [hls_rgb_2_hsv.cpp:47]   --->   Operation 19 'sub' 'delta' <Predicate = true> <Delay = 0.76> <CoreInst = "Adder">   --->   Core 1 'Adder' <Latency = 0> <II = 1> <Delay = 0.76> <FuncUnit> <Opcode : 'add' 'sub'> <InPorts = 2> <OutPorts = 1>
ST_1 : Operation 20 [1/1] (0.76ns)   --->   "%icmp_ln57 = icmp_eq  i8 %Cmax, i8 %Cmin" [hls_rgb_2_hsv.cpp:57]   --->   Operation 20 'icmp' 'icmp_ln57' <Predicate = true> <Delay = 0.76> <CoreInst = "Cmp">   --->   Core 9 'Cmp' <Latency = 0> <II = 1> <Delay = 0.76> <FuncUnit> <Opcode : 'seteq' 'setne' 'setle' 'setge' 'setlt' 'setgt'> <InPorts = 2> <OutPorts = 1>
ST_1 : Operation 21 [1/1] (0.76ns)   --->   "%icmp_ln60 = icmp_eq  i8 %Cmax, i8 %in_packet_data" [hls_rgb_2_hsv.cpp:60]   --->   Operation 21 'icmp' 'icmp_ln60' <Predicate = true> <Delay = 0.76> <CoreInst = "Cmp">   --->   Core 9 'Cmp' <Latency = 0> <II = 1> <Delay = 0.76> <FuncUnit> <Opcode : 'seteq' 'setne' 'setle' 'setge' 'setlt' 'setgt'> <InPorts = 2> <OutPorts = 1>
ST_1 : Operation 22 [1/1] (0.00ns)   --->   "%zext_ln61 = zext i8 %in_packet_data_3" [hls_rgb_2_hsv.cpp:61]   --->   Operation 22 'zext' 'zext_ln61' <Predicate = true> <Delay = 0.00>
ST_1 : Operation 23 [1/1] (0.00ns)   --->   "%zext_ln61_1 = zext i8 %in_packet_data_4" [hls_rgb_2_hsv.cpp:61]   --->   Operation 23 'zext' 'zext_ln61_1' <Predicate = true> <Delay = 0.00>
ST_1 : Operation 24 [1/1] (0.76ns)   --->   "%diff = sub i9 %zext_ln61, i9 %zext_ln61_1" [hls_rgb_2_hsv.cpp:61]   --->   Operation 24 'sub' 'diff' <Predicate = true> <Delay = 0.76> <CoreInst = "Adder">   --->   Core 1 'Adder' <Latency = 0> <II = 1> <Delay = 0.76> <FuncUnit> <Opcode : 'add' 'sub'> <InPorts = 2> <OutPorts = 1>
ST_1 : Operation 25 [1/1] (0.76ns)   --->   "%icmp_ln63 = icmp_eq  i8 %Cmax, i8 %in_packet_data_3" [hls_rgb_2_hsv.cpp:63]   --->   Operation 25 'icmp' 'icmp_ln63' <Predicate = true> <Delay = 0.76> <CoreInst = "Cmp">   --->   Core 9 'Cmp' <Latency = 0> <II = 1> <Delay = 0.76> <FuncUnit> <Opcode : 'seteq' 'setne' 'setle' 'setge' 'setlt' 'setgt'> <InPorts = 2> <OutPorts = 1>
ST_1 : Operation 26 [1/1] (0.00ns)   --->   "%zext_ln64 = zext i8 %in_packet_data" [hls_rgb_2_hsv.cpp:64]   --->   Operation 26 'zext' 'zext_ln64' <Predicate = true> <Delay = 0.00>
ST_1 : Operation 27 [1/1] (0.76ns)   --->   "%diff_2 = sub i9 %zext_ln61_1, i9 %zext_ln64" [hls_rgb_2_hsv.cpp:64]   --->   Operation 27 'sub' 'diff_2' <Predicate = true> <Delay = 0.76> <CoreInst = "Adder">   --->   Core 1 'Adder' <Latency = 0> <II = 1> <Delay = 0.76> <FuncUnit> <Opcode : 'add' 'sub'> <InPorts = 2> <OutPorts = 1>
ST_1 : Operation 28 [1/1] (0.76ns)   --->   "%diff_3 = sub i9 %zext_ln64, i9 %zext_ln61" [hls_rgb_2_hsv.cpp:67]   --->   Operation 28 'sub' 'diff_3' <Predicate = true> <Delay = 0.76> <CoreInst = "Adder">   --->   Core 1 'Adder' <Latency = 0> <II = 1> <Delay = 0.76> <FuncUnit> <Opcode : 'add' 'sub'> <InPorts = 2> <OutPorts = 1>
ST_1 : Operation 29 [1/1] (0.00ns) (grouped into LUT with out node and_ln63)   --->   "%xor_ln60 = xor i1 %icmp_ln60, i1 1" [hls_rgb_2_hsv.cpp:60]   --->   Operation 29 'xor' 'xor_ln60' <Predicate = true> <Delay = 0.00> <CoreInst = "LogicGate">   --->   Core 74 'LogicGate' <Latency = 0> <II = 1> <Delay = 0.28> <FuncUnit> <Opcode : 'and' 'or' 'xor'> <InPorts = 2> <OutPorts = 1>
ST_1 : Operation 30 [1/1] (0.28ns) (out node of the LUT)   --->   "%and_ln63 = and i1 %icmp_ln63, i1 %xor_ln60" [hls_rgb_2_hsv.cpp:63]   --->   Operation 30 'and' 'and_ln63' <Predicate = true> <Delay = 0.28> <CoreInst = "LogicGate">   --->   Core 74 'LogicGate' <Latency = 0> <II = 1> <Delay = 0.28> <FuncUnit> <Opcode : 'and' 'or' 'xor'> <InPorts = 2> <OutPorts = 1>
ST_1 : Operation 31 [1/1] (0.00ns)   --->   "%sel_tmp2 = bitconcatenate i2 @_ssdm_op_BitConcatenate.i2.i1.i1, i1 %icmp_ln60, i1 %and_ln63" [hls_rgb_2_hsv.cpp:60]   --->   Operation 31 'bitconcatenate' 'sel_tmp2' <Predicate = true> <Delay = 0.00>
ST_1 : Operation 32 [1/1] (0.42ns)   --->   "%diff_1 = sparsemux i9 @_ssdm_op_SparseMux.ap_auto.3i9.i9.i2, i2 2, i9 %diff, i2 1, i9 %diff_2, i2 0, i9 %diff_3, i9 0, i2 %sel_tmp2" [hls_rgb_2_hsv.cpp:61]   --->   Operation 32 'sparsemux' 'diff_1' <Predicate = true> <Delay = 0.42> <CoreInst = "OneHotSparseMux_HasDef">   --->   Core 152 'OneHotSparseMux_HasDef' <Latency = 0> <II = 1> <Delay = 0.42> <FuncUnit> <Opcode : 'sparsemux'> <InPorts = 2> <OutPorts = 1>
ST_1 : Operation 33 [1/1] (0.00ns)   --->   "%zext_ln71 = zext i8 %delta" [hls_rgb_2_hsv.cpp:71]   --->   Operation 33 'zext' 'zext_ln71' <Predicate = true> <Delay = 0.00>
ST_1 : Operation 34 [1/1] (0.00ns)   --->   "%INV_TBL_addr_1 = getelementptr i17 %INV_TBL, i64 0, i64 %zext_ln71" [hls_rgb_2_hsv.cpp:71]   --->   Operation 34 'getelementptr' 'INV_TBL_addr_1' <Predicate = true> <Delay = 0.00>
ST_1 : Operation 35 [2/2] (1.23ns)   --->   "%INV_TBL_load_1 = load i8 %INV_TBL_addr_1" [hls_rgb_2_hsv.cpp:71]   --->   Operation 35 'load' 'INV_TBL_load_1' <Predicate = true> <Delay = 1.23> <CoreInst = "ROM">   --->   Core 100 'ROM' <Latency = 1> <II = 1> <Delay = 1.23> <Storage> <Opcode : 'load'> <Ports = 0> <Width = 17> <Depth = 256> <ROM>
ST_1 : Operation 36 [1/1] (0.00ns)   --->   "%tmp_1 = partselect i2 @_ssdm_op_PartSelect.i2.i32.i32.i32, i32 %in_stream_read, i32 24, i32 25" [hls_rgb_2_hsv.cpp:88]   --->   Operation 36 'partselect' 'tmp_1' <Predicate = true> <Delay = 0.00>

State 2 <SV = 1> <Delay = 3.39>
ST_2 : Operation 37 [1/1] (0.00ns)   --->   "%tmp_2 = bitconcatenate i14 @_ssdm_op_BitConcatenate.i14.i9.i5, i9 %diff_1, i5 0" [hls_rgb_2_hsv.cpp:71]   --->   Operation 37 'bitconcatenate' 'tmp_2' <Predicate = (!icmp_ln57)> <Delay = 0.00>
ST_2 : Operation 38 [1/1] (0.00ns)   --->   "%sext_ln71 = sext i14 %tmp_2" [hls_rgb_2_hsv.cpp:71]   --->   Operation 38 'sext' 'sext_ln71' <Predicate = (!icmp_ln57)> <Delay = 0.00>
ST_2 : Operation 39 [1/1] (0.00ns)   --->   "%tmp_3 = bitconcatenate i10 @_ssdm_op_BitConcatenate.i10.i9.i1, i9 %diff_1, i1 0" [hls_rgb_2_hsv.cpp:71]   --->   Operation 39 'bitconcatenate' 'tmp_3' <Predicate = (!icmp_ln57)> <Delay = 0.00>
ST_2 : Operation 40 [1/1] (0.00ns)   --->   "%sext_ln71_2 = sext i10 %tmp_3" [hls_rgb_2_hsv.cpp:71]   --->   Operation 40 'sext' 'sext_ln71_2' <Predicate = (!icmp_ln57)> <Delay = 0.00>
ST_2 : Operation 41 [1/1] (2.39ns) (grouped into DSP with root node mul_ln71)   --->   "%sub_ln71 = sub i15 %sext_ln71, i15 %sext_ln71_2" [hls_rgb_2_hsv.cpp:71]   --->   Operation 41 'sub' 'sub_ln71' <Predicate = (!icmp_ln57)> <Delay = 2.39> <CoreInst = "DSP48">   --->   Core 124 'DSP48' <Latency = 3> <II = 1> <Delay = 0.53> <IPBlock> <Opcode : 'add' 'sub' 'mul' 'select'> <InPorts = 0> <OutPorts = 1> <Sync> <CReg>
ST_2 : Operation 42 [1/2] ( I:1.23ns O:1.23ns )   --->   "%INV_TBL_load_1 = load i8 %INV_TBL_addr_1" [hls_rgb_2_hsv.cpp:71]   --->   Operation 42 'load' 'INV_TBL_load_1' <Predicate = true> <Delay = 1.23> <CoreInst = "ROM">   --->   Core 100 'ROM' <Latency = 1> <II = 1> <Delay = 1.23> <Storage> <Opcode : 'load'> <Ports = 0> <Width = 17> <Depth = 256> <ROM>
ST_2 : Operation 43 [1/1] (0.00ns) (grouped into DSP with root node mul_ln71)   --->   "%sext_ln71_1 = sext i15 %sub_ln71" [hls_rgb_2_hsv.cpp:71]   --->   Operation 43 'sext' 'sext_ln71_1' <Predicate = (!icmp_ln57)> <Delay = 0.00>
ST_2 : Operation 44 [1/1] (0.00ns)   --->   "%zext_ln71_1 = zext i17 %INV_TBL_load_1" [hls_rgb_2_hsv.cpp:71]   --->   Operation 44 'zext' 'zext_ln71_1' <Predicate = (!icmp_ln57)> <Delay = 0.00>
ST_2 : Operation 45 [4/4] (0.99ns) (root node of the DSP)   --->   "%mul_ln71 = mul i28 %sext_ln71_1, i28 %zext_ln71_1" [hls_rgb_2_hsv.cpp:71]   --->   Operation 45 'mul' 'mul_ln71' <Predicate = (!icmp_ln57)> <Delay = 0.99> <CoreInst = "DSP48">   --->   Core 124 'DSP48' <Latency = 3> <II = 1> <Delay = 0.53> <IPBlock> <Opcode : 'add' 'sub' 'mul' 'select'> <InPorts = 0> <OutPorts = 1> <Sync> <CReg>

State 3 <SV = 2> <Delay = 0.99>
ST_3 : Operation 46 [3/4] (0.99ns) (root node of the DSP)   --->   "%mul_ln71 = mul i28 %sext_ln71_1, i28 %zext_ln71_1" [hls_rgb_2_hsv.cpp:71]   --->   Operation 46 'mul' 'mul_ln71' <Predicate = (!icmp_ln57)> <Delay = 0.99> <CoreInst = "DSP48">   --->   Core 124 'DSP48' <Latency = 3> <II = 1> <Delay = 0.53> <IPBlock> <Opcode : 'add' 'sub' 'mul' 'select'> <InPorts = 0> <OutPorts = 1> <Sync> <CReg>

State 4 <SV = 3> <Delay = 1.23>
ST_4 : Operation 47 [1/1] (0.76ns)   --->   "%icmp_ln52 = icmp_eq  i8 %Cmax, i8 0" [hls_rgb_2_hsv.cpp:52]   --->   Operation 47 'icmp' 'icmp_ln52' <Predicate = true> <Delay = 0.76> <CoreInst = "Cmp">   --->   Core 9 'Cmp' <Latency = 0> <II = 1> <Delay = 0.76> <FuncUnit> <Opcode : 'seteq' 'setne' 'setle' 'setge' 'setlt' 'setgt'> <InPorts = 2> <OutPorts = 1>
ST_4 : Operation 48 [1/1] (0.00ns)   --->   "%zext_ln53_1 = zext i8 %Cmax" [hls_rgb_2_hsv.cpp:53]   --->   Operation 48 'zext' 'zext_ln53_1' <Predicate = true> <Delay = 0.00>
ST_4 : Operation 49 [1/1] (0.00ns)   --->   "%INV_TBL_addr = getelementptr i17 %INV_TBL, i64 0, i64 %zext_ln53_1" [hls_rgb_2_hsv.cpp:53]   --->   Operation 49 'getelementptr' 'INV_TBL_addr' <Predicate = true> <Delay = 0.00>
ST_4 : Operation 50 [2/2] (1.23ns)   --->   "%INV_TBL_load = load i8 %INV_TBL_addr" [hls_rgb_2_hsv.cpp:53]   --->   Operation 50 'load' 'INV_TBL_load' <Predicate = true> <Delay = 1.23> <CoreInst = "ROM">   --->   Core 100 'ROM' <Latency = 1> <II = 1> <Delay = 1.23> <Storage> <Opcode : 'load'> <Ports = 0> <Width = 17> <Depth = 256> <ROM>
ST_4 : Operation 51 [2/4] (0.99ns) (root node of the DSP)   --->   "%mul_ln71 = mul i28 %sext_ln71_1, i28 %zext_ln71_1" [hls_rgb_2_hsv.cpp:71]   --->   Operation 51 'mul' 'mul_ln71' <Predicate = (!icmp_ln57)> <Delay = 0.99> <CoreInst = "DSP48">   --->   Core 124 'DSP48' <Latency = 3> <II = 1> <Delay = 0.53> <IPBlock> <Opcode : 'add' 'sub' 'mul' 'select'> <InPorts = 0> <OutPorts = 1> <Sync> <CReg>

State 5 <SV = 4> <Delay = 4.54>
ST_5 : Operation 52 [1/1] (0.00ns)   --->   "%zext_ln53 = zext i8 %delta" [hls_rgb_2_hsv.cpp:53]   --->   Operation 52 'zext' 'zext_ln53' <Predicate = (!icmp_ln52)> <Delay = 0.00>
ST_5 : Operation 53 [1/2] ( I:1.23ns O:1.23ns )   --->   "%INV_TBL_load = load i8 %INV_TBL_addr" [hls_rgb_2_hsv.cpp:53]   --->   Operation 53 'load' 'INV_TBL_load' <Predicate = true> <Delay = 1.23> <CoreInst = "ROM">   --->   Core 100 'ROM' <Latency = 1> <II = 1> <Delay = 1.23> <Storage> <Opcode : 'load'> <Ports = 0> <Width = 17> <Depth = 256> <ROM>
ST_5 : Operation 54 [1/1] (0.00ns)   --->   "%zext_ln53_2 = zext i17 %INV_TBL_load" [hls_rgb_2_hsv.cpp:53]   --->   Operation 54 'zext' 'zext_ln53_2' <Predicate = (!icmp_ln52)> <Delay = 0.00>
ST_5 : Operation 55 [1/1] (0.00ns)   --->   "%p_shl5 = bitconcatenate i16 @_ssdm_op_BitConcatenate.i16.i8.i8, i8 %delta, i8 0" [hls_rgb_2_hsv.cpp:53]   --->   Operation 55 'bitconcatenate' 'p_shl5' <Predicate = (!icmp_ln52)> <Delay = 0.00>
ST_5 : Operation 56 [1/1] (0.85ns)   --->   "%sub_ln53 = sub i16 %p_shl5, i16 %zext_ln53" [hls_rgb_2_hsv.cpp:53]   --->   Operation 56 'sub' 'sub_ln53' <Predicate = (!icmp_ln52)> <Delay = 0.85> <CoreInst = "Adder">   --->   Core 1 'Adder' <Latency = 0> <II = 1> <Delay = 0.85> <FuncUnit> <Opcode : 'add' 'sub'> <InPorts = 2> <OutPorts = 1>
ST_5 : Operation 57 [1/1] (0.00ns)   --->   "%zext_ln53_3 = zext i16 %sub_ln53" [hls_rgb_2_hsv.cpp:53]   --->   Operation 57 'zext' 'zext_ln53_3' <Predicate = (!icmp_ln52)> <Delay = 0.00>
ST_5 : Operation 58 [1/1] (2.41ns)   --->   "%sat_tmp = mul i24 %zext_ln53_3, i24 %zext_ln53_2" [hls_rgb_2_hsv.cpp:53]   --->   Operation 58 'mul' 'sat_tmp' <Predicate = (!icmp_ln52)> <Delay = 2.41> <CoreInst = "Multiplier">   --->   Core 3 'Multiplier' <Latency = 0> <II = 1> <Delay = 2.41> <FuncUnit> <Opcode : 'mul'> <InPorts = 2> <OutPorts = 1>
ST_5 : Operation 59 [1/1] (0.00ns) (grouped into LUT with out node hue_calc)   --->   "%offset = sparsemux i7 @_ssdm_op_SparseMux.ap_auto.3i7.i7.i2, i2 2, i7 0, i2 1, i7 60, i2 0, i7 120, i7 0, i2 %sel_tmp2" [hls_rgb_2_hsv.cpp:72]   --->   Operation 59 'sparsemux' 'offset' <Predicate = (!icmp_ln57)> <Delay = 0.00> <CoreInst = "OneHotSparseMux_HasDef">   --->   Core 152 'OneHotSparseMux_HasDef' <Latency = 0> <II = 1> <Delay = 0.42> <FuncUnit> <Opcode : 'sparsemux'> <InPorts = 2> <OutPorts = 1>
ST_5 : Operation 60 [1/4] (0.00ns) (root node of the DSP)   --->   "%mul_ln71 = mul i28 %sext_ln71_1, i28 %zext_ln71_1" [hls_rgb_2_hsv.cpp:71]   --->   Operation 60 'mul' 'mul_ln71' <Predicate = (!icmp_ln57)> <Delay = 0.00> <CoreInst = "DSP48">   --->   Core 124 'DSP48' <Latency = 3> <II = 1> <Delay = 0.53> <IPBlock> <Opcode : 'add' 'sub' 'mul' 'select'> <InPorts = 0> <OutPorts = 1> <Sync> <CReg>
ST_5 : Operation 61 [1/1] (0.00ns) (grouped into LUT with out node hue_calc)   --->   "%trunc_ln = partselect i12 @_ssdm_op_PartSelect.i12.i28.i32.i32, i28 %mul_ln71, i32 16, i32 27" [hls_rgb_2_hsv.cpp:72]   --->   Operation 61 'partselect' 'trunc_ln' <Predicate = (!icmp_ln57)> <Delay = 0.00>
ST_5 : Operation 62 [1/1] (0.00ns) (grouped into LUT with out node hue_calc)   --->   "%zext_ln72 = zext i7 %offset" [hls_rgb_2_hsv.cpp:72]   --->   Operation 62 'zext' 'zext_ln72' <Predicate = (!icmp_ln57)> <Delay = 0.00>
ST_5 : Operation 63 [1/1] (0.80ns) (out node of the LUT)   --->   "%hue_calc = add i12 %trunc_ln, i12 %zext_ln72" [hls_rgb_2_hsv.cpp:72]   --->   Operation 63 'add' 'hue_calc' <Predicate = (!icmp_ln57)> <Delay = 0.80> <CoreInst = "Adder">   --->   Core 1 'Adder' <Latency = 0> <II = 1> <Delay = 0.80> <FuncUnit> <Opcode : 'add' 'sub'> <InPorts = 2> <OutPorts = 1>
ST_5 : Operation 64 [1/1] (0.00ns) (grouped into LUT with out node hue_out_0)   --->   "%tmp_4 = bitselect i1 @_ssdm_op_BitSelect.i1.i12.i32, i12 %hue_calc, i32 11" [hls_rgb_2_hsv.cpp:75]   --->   Operation 64 'bitselect' 'tmp_4' <Predicate = (!icmp_ln57)> <Delay = 0.00>
ST_5 : Operation 65 [1/1] (0.00ns)   --->   "%trunc_ln76 = trunc i12 %hue_calc" [hls_rgb_2_hsv.cpp:76]   --->   Operation 65 'trunc' 'trunc_ln76' <Predicate = (!icmp_ln57)> <Delay = 0.00>
ST_5 : Operation 66 [1/1] (0.76ns)   --->   "%add_ln75 = add i8 %trunc_ln76, i8 180" [hls_rgb_2_hsv.cpp:75]   --->   Operation 66 'add' 'add_ln75' <Predicate = (!icmp_ln57)> <Delay = 0.76> <CoreInst = "Adder">   --->   Core 1 'Adder' <Latency = 0> <II = 1> <Delay = 0.76> <FuncUnit> <Opcode : 'add' 'sub'> <InPorts = 2> <OutPorts = 1>
ST_5 : Operation 67 [1/1] (0.00ns) (grouped into LUT with out node hue_out_0)   --->   "%select_ln75 = select i1 %tmp_4, i8 %add_ln75, i8 %trunc_ln76" [hls_rgb_2_hsv.cpp:75]   --->   Operation 67 'select' 'select_ln75' <Predicate = (!icmp_ln57)> <Delay = 0.00> <CoreInst = "Sel">   --->   Core 73 'Sel' <Latency = 0> <II = 1> <Delay = 0.39> <FuncUnit> <Opcode : 'select'> <InPorts = 3> <OutPorts = 1>
ST_5 : Operation 68 [1/1] (0.39ns) (out node of the LUT)   --->   "%hue_out_0 = select i1 %icmp_ln57, i8 0, i8 %select_ln75" [hls_rgb_2_hsv.cpp:57]   --->   Operation 68 'select' 'hue_out_0' <Predicate = true> <Delay = 0.39> <CoreInst = "Sel">   --->   Core 73 'Sel' <Latency = 0> <II = 1> <Delay = 0.39> <FuncUnit> <Opcode : 'select'> <InPorts = 3> <OutPorts = 1>
ST_5 : Operation 69 [1/1] (0.00ns)   --->   "%tmp = partselect i8 @_ssdm_op_PartSelect.i8.i24.i32.i32, i24 %sat_tmp, i32 16, i32 23" [hls_rgb_2_hsv.cpp:88]   --->   Operation 69 'partselect' 'tmp' <Predicate = (!icmp_ln52)> <Delay = 0.00>
ST_5 : Operation 70 [1/1] (0.39ns)   --->   "%empty = select i1 %icmp_ln52, i8 0, i8 %tmp" [hls_rgb_2_hsv.cpp:52]   --->   Operation 70 'select' 'empty' <Predicate = true> <Delay = 0.39> <CoreInst = "Sel">   --->   Core 73 'Sel' <Latency = 0> <II = 1> <Delay = 0.39> <FuncUnit> <Opcode : 'select'> <InPorts = 3> <OutPorts = 1>
ST_5 : Operation 71 [1/1] (0.00ns)   --->   "%or_ln88_7 = bitconcatenate i26 @_ssdm_op_BitConcatenate.i26.i2.i8.i8.i8, i2 %tmp_1, i8 %Cmax, i8 %empty, i8 %hue_out_0" [hls_rgb_2_hsv.cpp:88]   --->   Operation 71 'bitconcatenate' 'or_ln88_7' <Predicate = true> <Delay = 0.00>
ST_5 : Operation 72 [1/1] (0.00ns)   --->   "%zext_ln88 = zext i26 %or_ln88_7" [hls_rgb_2_hsv.cpp:88]   --->   Operation 72 'zext' 'zext_ln88' <Predicate = true> <Delay = 0.00>
ST_5 : Operation 73 [2/2] (0.49ns)   --->   "%write_ln88 = write void @_ssdm_op_Write.axis.volatile.i32P128A, i32 %out_stream, i32 %zext_ln88" [hls_rgb_2_hsv.cpp:88]   --->   Operation 73 'write' 'write_ln88' <Predicate = true> <Delay = 0.49> <CoreInst = "regslice">   --->   Core 147 'regslice' <Latency = 0> <II = 1> <Delay = 0.65> <Adapter> <Opcode : 'read' 'write'>

State 6 <SV = 5> <Delay = 0.49>
ST_6 : Operation 74 [1/1] (0.00ns)   --->   "%specpipeline_ln30 = specpipeline void @_ssdm_op_SpecPipeline, i32 1, i32 0, i32 0, i32 0, i32 4294967295, void @empty_1" [hls_rgb_2_hsv.cpp:30]   --->   Operation 74 'specpipeline' 'specpipeline_ln30' <Predicate = true> <Delay = 0.00>
ST_6 : Operation 75 [1/1] (0.00ns)   --->   "%spectopmodule_ln28 = spectopmodule void @_ssdm_op_SpecTopModule, void @empty_4" [hls_rgb_2_hsv.cpp:28]   --->   Operation 75 'spectopmodule' 'spectopmodule_ln28' <Predicate = true> <Delay = 0.00>
ST_6 : Operation 76 [1/1] (0.00ns)   --->   "%specinterface_ln28 = specinterface void @_ssdm_op_SpecInterface, i32 0, void @empty_5, i32 0, i32 0, void @empty_1, i32 0, i32 0, void @empty_1, void @empty_1, void @empty_1, i32 0, i32 0, i32 0, i32 0, void @empty_1, void @empty_1, i32 4294967295, i32 0, i32 0, i32 0" [hls_rgb_2_hsv.cpp:28]   --->   Operation 76 'specinterface' 'specinterface_ln28' <Predicate = true> <Delay = 0.00>
ST_6 : Operation 77 [1/1] (0.00ns)   --->   "%specinterface_ln0 = specinterface void @_ssdm_op_SpecInterface, i32 %in_stream, void @empty, i32 1, i32 1, void @empty_0, i32 0, i32 0, void @empty_1, void @empty_1, void @empty_1, i32 0, i32 0, i32 0, i32 0, void @empty_1, void @empty_1, i32 4294967295, i32 0, i32 0, i32 0"   --->   Operation 77 'specinterface' 'specinterface_ln0' <Predicate = true> <Delay = 0.00>
ST_6 : Operation 78 [1/1] (0.00ns)   --->   "%specbitsmap_ln0 = specbitsmap void @_ssdm_op_SpecBitsMap, i32 %in_stream"   --->   Operation 78 'specbitsmap' 'specbitsmap_ln0' <Predicate = true> <Delay = 0.00>
ST_6 : Operation 79 [1/1] (0.00ns)   --->   "%specinterface_ln0 = specinterface void @_ssdm_op_SpecInterface, i32 %out_stream, void @empty, i32 1, i32 1, void @empty_0, i32 0, i32 0, void @empty_1, void @empty_1, void @empty_1, i32 0, i32 0, i32 0, i32 0, void @empty_1, void @empty_1, i32 4294967295, i32 0, i32 0, i32 0"   --->   Operation 79 'specinterface' 'specinterface_ln0' <Predicate = true> <Delay = 0.00>
ST_6 : Operation 80 [1/1] (0.00ns)   --->   "%specbitsmap_ln0 = specbitsmap void @_ssdm_op_SpecBitsMap, i32 %out_stream"   --->   Operation 80 'specbitsmap' 'specbitsmap_ln0' <Predicate = true> <Delay = 0.00>
ST_6 : Operation 81 [1/1] (0.00ns)   --->   "%specinterface_ln0 = specinterface void @_ssdm_op_SpecInterface, i32 0, void @empty_2, i32 0, i32 0, void @empty_1, i32 0, i32 0, void @empty_3, void @empty_1, void @empty_1, i32 0, i32 0, i32 0, i32 0, void @empty_1, void @empty_1, i32 0, i32 0, i32 0, i32 0"   --->   Operation 81 'specinterface' 'specinterface_ln0' <Predicate = true> <Delay = 0.00>
ST_6 : Operation 82 [1/2] ( I:0.49ns O:0.49ns )   --->   "%write_ln88 = write void @_ssdm_op_Write.axis.volatile.i32P128A, i32 %out_stream, i32 %zext_ln88" [hls_rgb_2_hsv.cpp:88]   --->   Operation 82 'write' 'write_ln88' <Predicate = true> <Delay = 0.49> <CoreInst = "regslice">   --->   Core 147 'regslice' <Latency = 0> <II = 1> <Delay = 0.65> <Adapter> <Opcode : 'read' 'write'>
ST_6 : Operation 83 [1/1] (0.00ns)   --->   "%ret_ln89 = ret" [hls_rgb_2_hsv.cpp:89]   --->   Operation 83 'ret' 'ret_ln89' <Predicate = true> <Delay = 0.00>


============================================================
+ Verbose Summary: Timing violations
============================================================
Target clock period: 10.000ns, clock uncertainty: 2.700ns.

 <State 1>: 4.397ns
The critical path consists of the following:
	axis read operation ('in_stream_read', hls_rgb_2_hsv.cpp:38) on port 'in_stream' (hls_rgb_2_hsv.cpp:38) [12]  (0.079 ns)
	'icmp' operation 1 bit ('icmp_ln43', hls_rgb_2_hsv.cpp:43) [16]  (0.765 ns)
	'select' operation 8 bit ('min_rg', hls_rgb_2_hsv.cpp:43) [17]  (0.393 ns)
	'icmp' operation 1 bit ('icmp_ln45', hls_rgb_2_hsv.cpp:45) [20]  (0.765 ns)
	'select' operation 8 bit ('Cmin', hls_rgb_2_hsv.cpp:45) [21]  (0.393 ns)
	'sub' operation 8 bit ('delta', hls_rgb_2_hsv.cpp:47) [24]  (0.765 ns)
	'getelementptr' operation 8 bit ('INV_TBL_addr_1', hls_rgb_2_hsv.cpp:71) [55]  (0.000 ns)
	'load' operation 17 bit ('INV_TBL_load_1', hls_rgb_2_hsv.cpp:71) on array 'INV_TBL' [56]  (1.237 ns)

 <State 2>: 3.392ns
The critical path consists of the following:
	'sub' operation 15 bit of DSP[59] ('sub_ln71', hls_rgb_2_hsv.cpp:71) [53]  (2.396 ns)
	'mul' operation 28 bit of DSP[59] ('mul_ln71', hls_rgb_2_hsv.cpp:71) [59]  (0.996 ns)

 <State 3>: 0.996ns
The critical path consists of the following:
	'mul' operation 28 bit of DSP[59] ('mul_ln71', hls_rgb_2_hsv.cpp:71) [59]  (0.996 ns)

 <State 4>: 1.237ns
The critical path consists of the following:
	'getelementptr' operation 8 bit ('INV_TBL_addr', hls_rgb_2_hsv.cpp:53) [28]  (0.000 ns)
	'load' operation 17 bit ('INV_TBL_load', hls_rgb_2_hsv.cpp:53) on array 'INV_TBL' [29]  (1.237 ns)

 <State 5>: 4.544ns
The critical path consists of the following:
	'load' operation 17 bit ('INV_TBL_load', hls_rgb_2_hsv.cpp:53) on array 'INV_TBL' [29]  (1.237 ns)
	'mul' operation 24 bit ('sat_tmp', hls_rgb_2_hsv.cpp:53) [34]  (2.417 ns)
	'select' operation 8 bit ('empty', hls_rgb_2_hsv.cpp:52) [69]  (0.393 ns)
	axis write operation ('write_ln88', hls_rgb_2_hsv.cpp:88) on port 'out_stream' (hls_rgb_2_hsv.cpp:88) [73]  (0.000 ns)
	blocking operation 0.497 ns on control path)

 <State 6>: 0.497ns
The critical path consists of the following:
	axis write operation ('write_ln88', hls_rgb_2_hsv.cpp:88) on port 'out_stream' (hls_rgb_2_hsv.cpp:88) [73]  (0.497 ns)


============================================================
+ Verbose Summary: Binding
============================================================
N/A
* FSMD analyzer results:
  - Output states:
 - Input state : 
  - Chain level:
	State 1
	State 2
	State 3
	State 4
	State 5
	State 6


============================================================
+ Verbose Summary: Datapath Resource usage 
============================================================
N/A
