

================================================================
== Vitis HLS Report for 'hls_histogram_gray'
================================================================
* Date:           Fri Apr 10 08:56:57 2026

* Version:        2025.2 (Build 6295257 on Nov 14 2025)
* Project:        hls_histogram
* Solution:       hls (Vivado IP Flow Target)
* Product family: zynquplus
* Target device:  xck26-sfvc784-2LV-c


================================================================
== Performance Estimates
================================================================
+ Timing: 
    * Summary: 
    +--------+----------+----------+------------+
    |  Clock |  Target  | Estimated| Uncertainty|
    +--------+----------+----------+------------+
    |ap_clk  |  10.00 ns|  6.788 ns|     2.70 ns|
    +--------+----------+----------+------------+

+ Latency: 
    * Summary: 
    +---------+---------+----------+----------+-----+-----+---------+
    |  Latency (cycles) |  Latency (absolute) |  Interval | Pipeline|
    |   min   |   max   |    min   |    max   | min | max |   Type  |
    +---------+---------+----------+----------+-----+-----+---------+
    |        ?|        ?|         ?|         ?|    ?|    ?|       no|
    +---------+---------+----------+----------+-----+-----+---------+

    + Detail: 
        * Instance: 
        N/A

        * Loop: 
        N/A

============================================================
+ Verbose Summary: Synthesis Manager
============================================================
InlineROM: 1
ExposeGlobal: 0
============================================================
+ Verbose Summary: CDFG Model
============================================================
IsTopModel: 1
ResetActiveHigh: 1
IsCombinational: 0
IsDatapathOnly: 0
HasWiredReturn: 1
HasMFsm: 0
HasVarLatency: 1
IsPipeline: 0
IsRtlPipelined: 0
IsInstanceOverlapped: 0
IsDontTouch: 0
HasImplIP: 0
IsGatedGlobalClock: 0


============================================================
+ Verbose Summary: Schedule
============================================================
* Number of FSM states : 7
* Pipeline : 0
* Dataflow Pipeline: 0

* FSM state transitions: 
1 --> 2 
2 --> 3 
3 --> 4 
4 --> 5 
5 --> 6 
6 --> 7 
7 --> 

* FSM state operations: 

State 1 <SV = 0> <Delay = 0.00>
ST_1 : Operation 8 [1/1] (0.00ns)   --->   "%old_pixel_loc = alloca i64 1"   --->   Operation 8 'alloca' 'old_pixel_loc' <Predicate = true> <Delay = 0.00>
ST_1 : Operation 9 [1/1] (0.00ns)   --->   "%old_count_loc = alloca i64 1"   --->   Operation 9 'alloca' 'old_count_loc' <Predicate = true> <Delay = 0.00>
ST_1 : Operation 10 [1/1] (0.00ns)   --->   "%local_hist = alloca i64 1" [./hls_histogram.hpp:18->hls_histogram.cpp:19]   --->   Operation 10 'alloca' 'local_hist' <Predicate = true> <Delay = 0.00> <CoreInst = "RAM_T2P_BRAM">   --->   Core 98 'RAM_T2P_BRAM' <Latency = 1> <II = 1> <Delay = 1.23> <Storage> <Opcode : 'load' 'store'> <Ports = 2> <Width = 32> <Depth = 256> <RAM>
ST_1 : Operation 11 [2/2] (0.00ns)   --->   "%call_ln0 = call void @hls_histogram_gray_Pipeline_VITIS_LOOP_22_1, i32 %local_hist"   --->   Operation 11 'call' 'call_ln0' <Predicate = true> <Delay = 0.00> <CoreType = "Generic">   --->   Generic Core

State 2 <SV = 1> <Delay = 1.63>
ST_2 : Operation 12 [1/2] (1.63ns)   --->   "%call_ln0 = call void @hls_histogram_gray_Pipeline_VITIS_LOOP_22_1, i32 %local_hist"   --->   Operation 12 'call' 'call_ln0' <Predicate = true> <Delay = 1.63> <CoreType = "Generic">   --->   Generic Core

State 3 <SV = 2> <Delay = 6.78>
ST_3 : Operation 13 [1/1] (1.00ns)   --->   "%height_read = read i32 @_ssdm_op_Read.s_axilite.i32, i32 %height"   --->   Operation 13 'read' 'height_read' <Predicate = true> <Delay = 1.00> <CoreInst = "s_axilite">   --->   Core 120 's_axilite' <Latency = 0> <II = 1> <Delay = 1.00> <Adapter> <Opcode : 'read' 'write'>
ST_3 : Operation 14 [1/1] (1.00ns)   --->   "%width_read = read i32 @_ssdm_op_Read.s_axilite.i32, i32 %width"   --->   Operation 14 'read' 'width_read' <Predicate = true> <Delay = 1.00> <CoreInst = "s_axilite">   --->   Core 120 's_axilite' <Latency = 0> <II = 1> <Delay = 1.00> <Adapter> <Opcode : 'read' 'write'>
ST_3 : Operation 15 [1/1] (3.42ns)   --->   "%total_pixels = mul i32 %height_read, i32 %width_read" [./hls_histogram.hpp:33->hls_histogram.cpp:19]   --->   Operation 15 'mul' 'total_pixels' <Predicate = true> <Delay = 3.42> <CoreInst = "Multiplier">   --->   Core 3 'Multiplier' <Latency = 0> <II = 1> <Delay = 3.42> <FuncUnit> <Opcode : 'mul'> <InPorts = 2> <OutPorts = 1>
ST_3 : Operation 16 [2/2] (2.36ns)   --->   "%call_ln33 = call void @hls_histogram_gray_Pipeline_VITIS_LOOP_36_2, i32 %total_pixels, i24 %stream_in, i32 %local_hist, i32 %old_count_loc, i8 %old_pixel_loc" [./hls_histogram.hpp:33->hls_histogram.cpp:19]   --->   Operation 16 'call' 'call_ln33' <Predicate = true> <Delay = 2.36> <CoreType = "Generic">   --->   Generic Core
ST_3 : Operation 17 [1/1] (1.01ns)   --->   "%icmp_ln36 = icmp_eq  i32 %total_pixels, i32 0" [./hls_histogram.hpp:36->hls_histogram.cpp:19]   --->   Operation 17 'icmp' 'icmp_ln36' <Predicate = true> <Delay = 1.01> <CoreInst = "Cmp">   --->   Core 9 'Cmp' <Latency = 0> <II = 1> <Delay = 1.01> <FuncUnit> <Opcode : 'seteq' 'setne' 'setle' 'setge' 'setlt' 'setgt'> <InPorts = 2> <OutPorts = 1>

State 4 <SV = 3> <Delay = 0.00>
ST_4 : Operation 18 [1/2] (0.00ns)   --->   "%call_ln33 = call void @hls_histogram_gray_Pipeline_VITIS_LOOP_36_2, i32 %total_pixels, i24 %stream_in, i32 %local_hist, i32 %old_count_loc, i8 %old_pixel_loc" [./hls_histogram.hpp:33->hls_histogram.cpp:19]   --->   Operation 18 'call' 'call_ln33' <Predicate = true> <Delay = 0.00> <CoreType = "Generic">   --->   Generic Core

State 5 <SV = 4> <Delay = 1.23>
ST_5 : Operation 19 [1/1] (0.00ns)   --->   "%spectopmodule_ln5 = spectopmodule void @_ssdm_op_SpecTopModule, void @empty_9" [hls_histogram.cpp:5]   --->   Operation 19 'spectopmodule' 'spectopmodule_ln5' <Predicate = true> <Delay = 0.00>
ST_5 : Operation 20 [1/1] (0.00ns)   --->   "%specinterface_ln0 = specinterface void @_ssdm_op_SpecInterface, i24 %stream_in, void @empty, i32 1, i32 1, void @empty_0, i32 0, i32 0, void @empty_1, void @empty_1, void @empty_1, i32 0, i32 0, i32 0, i32 0, void @empty_1, void @empty_1, i32 4294967295, i32 0, i32 0, i32 0"   --->   Operation 20 'specinterface' 'specinterface_ln0' <Predicate = true> <Delay = 0.00>
ST_5 : Operation 21 [1/1] (0.00ns)   --->   "%specbitsmap_ln0 = specbitsmap void @_ssdm_op_SpecBitsMap, i24 %stream_in"   --->   Operation 21 'specbitsmap' 'specbitsmap_ln0' <Predicate = true> <Delay = 0.00>
ST_5 : Operation 22 [1/1] (0.00ns)   --->   "%specinterface_ln0 = specinterface void @_ssdm_op_SpecInterface, i32 %hist_out, void @empty_2, i32 0, i32 0, void @empty_1, i32 0, i32 0, void @empty_3, void @empty_4, void @empty_1, i32 0, i32 0, i32 0, i32 0, void @empty_1, void @empty_1, i32 4294967295, i32 0, i32 0, i32 0"   --->   Operation 22 'specinterface' 'specinterface_ln0' <Predicate = true> <Delay = 0.00>
ST_5 : Operation 23 [1/1] (0.00ns)   --->   "%specinterface_ln0 = specinterface void @_ssdm_op_SpecInterface, i32 %hist_out, void @empty_5, i32 0, i32 0, void @empty_1, i32 1, i32 0, void @empty_1, void @empty_1, void @empty_1, i32 0, i32 0, i32 0, i32 0, void @empty_1, void @empty_1, i32 4294967295, i32 0, i32 0, i32 0"   --->   Operation 23 'specinterface' 'specinterface_ln0' <Predicate = true> <Delay = 0.00>
ST_5 : Operation 24 [1/1] (0.00ns)   --->   "%specmemcore_ln0 = specmemcore void @_ssdm_op_SpecMemCore, i32 %hist_out, i64 666, i64 207, i64 1, i1 0"   --->   Operation 24 'specmemcore' 'specmemcore_ln0' <Predicate = true> <Delay = 0.00>
ST_5 : Operation 25 [1/1] (0.00ns)   --->   "%specbitsmap_ln0 = specbitsmap void @_ssdm_op_SpecBitsMap, i32 %hist_out"   --->   Operation 25 'specbitsmap' 'specbitsmap_ln0' <Predicate = true> <Delay = 0.00>
ST_5 : Operation 26 [1/1] (0.00ns)   --->   "%specbitsmap_ln0 = specbitsmap void @_ssdm_op_SpecBitsMap, i32 %width"   --->   Operation 26 'specbitsmap' 'specbitsmap_ln0' <Predicate = true> <Delay = 0.00>
ST_5 : Operation 27 [1/1] (0.00ns)   --->   "%specinterface_ln0 = specinterface void @_ssdm_op_SpecInterface, i32 %width, void @empty_2, i32 4294967295, i32 4294967295, void @empty_1, i32 0, i32 0, void @empty_3, void @empty_6, void @empty_1, i32 0, i32 0, i32 0, i32 0, void @empty_1, void @empty_1, i32 4294967295, i32 0, i32 0, i32 0"   --->   Operation 27 'specinterface' 'specinterface_ln0' <Predicate = true> <Delay = 0.00>
ST_5 : Operation 28 [1/1] (0.00ns)   --->   "%specinterface_ln0 = specinterface void @_ssdm_op_SpecInterface, i32 %width, void @empty_7, i32 0, i32 0, void @empty_1, i32 0, i32 0, void @empty_1, void @empty_1, void @empty_1, i32 0, i32 0, i32 0, i32 0, void @empty_1, void @empty_1, i32 4294967295, i32 0, i32 0, i32 0"   --->   Operation 28 'specinterface' 'specinterface_ln0' <Predicate = true> <Delay = 0.00>
ST_5 : Operation 29 [1/1] (0.00ns)   --->   "%specbitsmap_ln0 = specbitsmap void @_ssdm_op_SpecBitsMap, i32 %height"   --->   Operation 29 'specbitsmap' 'specbitsmap_ln0' <Predicate = true> <Delay = 0.00>
ST_5 : Operation 30 [1/1] (0.00ns)   --->   "%specinterface_ln0 = specinterface void @_ssdm_op_SpecInterface, i32 %height, void @empty_2, i32 4294967295, i32 4294967295, void @empty_1, i32 0, i32 0, void @empty_3, void @empty_8, void @empty_1, i32 0, i32 0, i32 0, i32 0, void @empty_1, void @empty_1, i32 4294967295, i32 0, i32 0, i32 0"   --->   Operation 30 'specinterface' 'specinterface_ln0' <Predicate = true> <Delay = 0.00>
ST_5 : Operation 31 [1/1] (0.00ns)   --->   "%specinterface_ln0 = specinterface void @_ssdm_op_SpecInterface, i32 %height, void @empty_7, i32 0, i32 0, void @empty_1, i32 0, i32 0, void @empty_1, void @empty_1, void @empty_1, i32 0, i32 0, i32 0, i32 0, void @empty_1, void @empty_1, i32 4294967295, i32 0, i32 0, i32 0"   --->   Operation 31 'specinterface' 'specinterface_ln0' <Predicate = true> <Delay = 0.00>
ST_5 : Operation 32 [1/1] (0.00ns)   --->   "%specinterface_ln0 = specinterface void @_ssdm_op_SpecInterface, i32 0, void @empty_2, i32 0, i32 0, void @empty_1, i32 0, i32 0, void @empty_3, void @empty_1, void @empty_1, i32 0, i32 0, i32 0, i32 0, void @empty_1, void @empty_1, i32 0, i32 0, i32 0, i32 0"   --->   Operation 32 'specinterface' 'specinterface_ln0' <Predicate = true> <Delay = 0.00>
ST_5 : Operation 33 [1/1] (0.00ns)   --->   "%specmemcore_ln19 = specmemcore void @_ssdm_op_SpecMemCore, i32 %local_hist, i64 666, i64 30, i64 18446744073709551615, i1 0" [./hls_histogram.hpp:19->hls_histogram.cpp:19]   --->   Operation 33 'specmemcore' 'specmemcore_ln19' <Predicate = true> <Delay = 0.00>
ST_5 : Operation 34 [1/1] (0.00ns)   --->   "%old_count_loc_load = load i32 %old_count_loc"   --->   Operation 34 'load' 'old_count_loc_load' <Predicate = true> <Delay = 0.00>
ST_5 : Operation 35 [1/1] (0.00ns)   --->   "%old_pixel_loc_load = load i8 %old_pixel_loc"   --->   Operation 35 'load' 'old_pixel_loc_load' <Predicate = true> <Delay = 0.00>
ST_5 : Operation 36 [1/1] (0.00ns)   --->   "%br_ln36 = br i1 %icmp_ln36, void %if.then16.i.split, void %VITIS_LOOP_77_3.i" [./hls_histogram.hpp:36->hls_histogram.cpp:19]   --->   Operation 36 'br' 'br_ln36' <Predicate = true> <Delay = 0.00>
ST_5 : Operation 37 [1/1] (0.00ns)   --->   "%zext_ln73 = zext i8 %old_pixel_loc_load" [./hls_histogram.hpp:73->hls_histogram.cpp:19]   --->   Operation 37 'zext' 'zext_ln73' <Predicate = (!icmp_ln36)> <Delay = 0.00>
ST_5 : Operation 38 [1/1] (0.00ns)   --->   "%local_hist_addr_1 = getelementptr i32 %local_hist, i64 0, i64 %zext_ln73" [./hls_histogram.hpp:73->hls_histogram.cpp:19]   --->   Operation 38 'getelementptr' 'local_hist_addr_1' <Predicate = (!icmp_ln36)> <Delay = 0.00>
ST_5 : Operation 39 [1/1] ( I:1.23ns O:1.23ns )   --->   "%store_ln73 = store i32 %old_count_loc_load, i8 %local_hist_addr_1" [./hls_histogram.hpp:73->hls_histogram.cpp:19]   --->   Operation 39 'store' 'store_ln73' <Predicate = (!icmp_ln36)> <Delay = 1.23> <CoreInst = "RAM_T2P_BRAM">   --->   Core 98 'RAM_T2P_BRAM' <Latency = 1> <II = 1> <Delay = 1.23> <Storage> <Opcode : 'load' 'store'> <Ports = 2> <Width = 32> <Depth = 256> <RAM>
ST_5 : Operation 40 [1/1] (0.00ns)   --->   "%br_ln74 = br void %VITIS_LOOP_77_3.i" [./hls_histogram.hpp:74->hls_histogram.cpp:19]   --->   Operation 40 'br' 'br_ln74' <Predicate = (!icmp_ln36)> <Delay = 0.00>

State 6 <SV = 5> <Delay = 0.00>
ST_6 : Operation 41 [2/2] (0.00ns)   --->   "%call_ln0 = call void @hls_histogram_gray_Pipeline_VITIS_LOOP_77_3, i32 %local_hist, i32 %hist_out"   --->   Operation 41 'call' 'call_ln0' <Predicate = true> <Delay = 0.00> <CoreType = "Generic">   --->   Generic Core

State 7 <SV = 6> <Delay = 0.00>
ST_7 : Operation 42 [1/2] (0.00ns)   --->   "%call_ln0 = call void @hls_histogram_gray_Pipeline_VITIS_LOOP_77_3, i32 %local_hist, i32 %hist_out"   --->   Operation 42 'call' 'call_ln0' <Predicate = true> <Delay = 0.00> <CoreType = "Generic">   --->   Generic Core
ST_7 : Operation 43 [1/1] (0.00ns)   --->   "%ret_ln20 = ret" [hls_histogram.cpp:20]   --->   Operation 43 'ret' 'ret_ln20' <Predicate = true> <Delay = 0.00>


============================================================
+ Verbose Summary: Timing violations
============================================================
Target clock period: 10.000ns, clock uncertainty: 2.700ns.

 <State 1>: 0.000ns
The critical path consists of the following:

 <State 2>: 1.630ns
The critical path consists of the following:
	'call' operation ('call_ln0') to 'hls_histogram_gray_Pipeline_VITIS_LOOP_22_1' [25]  (1.630 ns)

 <State 3>: 6.788ns
The critical path consists of the following:
	s_axi read operation ('height_read') on port 'height' [5]  (1.000 ns)
	'mul' operation 32 bit ('total_pixels', ./hls_histogram.hpp:33->hls_histogram.cpp:19) [26]  (3.420 ns)
	'call' operation ('call_ln33', ./hls_histogram.hpp:33->hls_histogram.cpp:19) to 'hls_histogram_gray_Pipeline_VITIS_LOOP_36_2' [27]  (2.368 ns)

 <State 4>: 0.000ns
The critical path consists of the following:

 <State 5>: 1.237ns
The critical path consists of the following:
	'load' operation 32 bit ('old_count_loc_load') on local variable 'old_count_loc' [28]  (0.000 ns)
	'store' operation ('store_ln73', ./hls_histogram.hpp:73->hls_histogram.cpp:19) of variable 'old_count_loc_load' 32 bit on array 'local_hist', ./hls_histogram.hpp:18->hls_histogram.cpp:19 [35]  (1.237 ns)

 <State 6>: 0.000ns
The critical path consists of the following:

 <State 7>: 0.000ns
The critical path consists of the following:


============================================================
+ Verbose Summary: Binding
============================================================
N/A
* FSMD analyzer results:
  - Output states:
 - Input state : 
  - Chain level:
	State 1
	State 2
	State 3
	State 4
	State 5
	State 6
	State 7


============================================================
+ Verbose Summary: Datapath Resource usage 
============================================================
N/A
