

================================================================
== Vitis HLS Report for 'hls_histogram_gray_Pipeline_VITIS_LOOP_77_3'
================================================================
* Date:           Sat Apr  4 19:27:03 2026

* Version:        2025.2 (Build 6295257 on Nov 14 2025)
* Project:        hls_histogram
* Solution:       hls (Vivado IP Flow Target)
* Product family: zynquplus
* Target device:  xck26-sfvc784-2LV-c


================================================================
== Performance Estimates
================================================================
+ Timing: 
    * Summary: 
    +--------+----------+----------+------------+
    |  Clock |  Target  | Estimated| Uncertainty|
    +--------+----------+----------+------------+
    |ap_clk  |  10.00 ns|  1.664 ns|     2.70 ns|
    +--------+----------+----------+------------+

+ Latency: 
    * Summary: 
    +---------+---------+----------+----------+-----+-----+-------------------+
    |  Latency (cycles) |  Latency (absolute) |  Interval |      Pipeline     |
    |   min   |   max   |    min   |    max   | min | max |        Type       |
    +---------+---------+----------+----------+-----+-----+-------------------+
    |      259|      259|  2.590 us|  2.590 us|    0|    0|  loop pipeline stp|
    +---------+---------+----------+----------+-----+-----+-------------------+

    + Detail: 
        * Instance: 
        N/A

        * Loop: 
        +-------------------+---------+---------+----------+-----------+-----------+------+----------+
        |                   |  Latency (cycles) | Iteration|  Initiation Interval  | Trip |          |
        |     Loop Name     |   min   |   max   |  Latency |  achieved |   target  | Count| Pipelined|
        +-------------------+---------+---------+----------+-----------+-----------+------+----------+
        |- VITIS_LOOP_77_3  |      257|      257|         3|          1|          1|   256|       yes|
        +-------------------+---------+---------+----------+-----------+-----------+------+----------+



================================================================
== Utilization Estimates
================================================================
* Summary: 
+-----------------+---------+------+--------+--------+-----+
|       Name      | BRAM_18K|  DSP |   FF   |   LUT  | URAM|
+-----------------+---------+------+--------+--------+-----+
|DSP              |        -|     -|       -|       -|    -|
|Expression       |        -|     -|       0|      35|    -|
|FIFO             |        -|     -|       -|       -|    -|
|Instance         |        -|     -|       -|       -|    -|
|Memory           |        -|     -|       -|       -|    -|
|Multiplexer      |        -|     -|       0|      36|    -|
|Register         |        -|     -|      23|       -|    -|
+-----------------+---------+------+--------+--------+-----+
|Total            |        0|     0|      23|      71|    0|
+-----------------+---------+------+--------+--------+-----+
|Available        |      288|  1248|  234240|  117120|   64|
+-----------------+---------+------+--------+--------+-----+
|Utilization (%)  |        0|     0|      ~0|      ~0|    0|
+-----------------+---------+------+--------+--------+-----+

+ Detail: 
    * Instance: 
    N/A

    * DSP: 
    N/A

    * Memory: 
    N/A

    * FIFO: 
    N/A

    * Expression: 
    +--------------------+----------+----+---+----+------------+------------+
    |    Variable Name   | Operation| DSP| FF| LUT| Bitwidth P0| Bitwidth P1|
    +--------------------+----------+----+---+----+------------+------------+
    |add_ln77_fu_93_p2   |         +|   0|  0|  16|           9|           1|
    |icmp_ln77_fu_87_p2  |      icmp|   0|  0|  17|           9|          10|
    |ap_enable_pp0       |       xor|   0|  0|   2|           1|           2|
    +--------------------+----------+----+---+----+------------+------------+
    |Total               |          |   0|  0|  35|          19|          13|
    +--------------------+----------+----+---+----+------------+------------+

    * Multiplexer: 
    +-------------------------+----+-----------+-----+-----------+
    |           Name          | LUT| Input Size| Bits| Total Bits|
    +-------------------------+----+-----------+-----+-----------+
    |ap_done_int              |   9|          2|    1|          2|
    |ap_enable_reg_pp0_iter1  |   9|          2|    1|          2|
    |ap_sig_allocacmp_i_1     |   9|          2|    9|         18|
    |i_fu_48                  |   9|          2|    9|         18|
    +-------------------------+----+-----------+-----+-----------+
    |Total                    |  36|          8|   20|         40|
    +-------------------------+----+-----------+-----+-----------+

    * Register: 
    +----------------------------------+---+----+-----+-----------+
    |               Name               | FF| LUT| Bits| Const Bits|
    +----------------------------------+---+----+-----+-----------+
    |ap_CS_fsm                         |  1|   0|    1|          0|
    |ap_done_reg                       |  1|   0|    1|          0|
    |ap_enable_reg_pp0_iter1           |  1|   0|    1|          0|
    |ap_enable_reg_pp0_iter2           |  1|   0|    1|          0|
    |ap_loop_exit_ready_pp0_iter1_reg  |  1|   0|    1|          0|
    |i_fu_48                           |  9|   0|    9|          0|
    |zext_ln77_reg_120                 |  9|   0|   64|         55|
    +----------------------------------+---+----+-----+-----------+
    |Total                             | 23|   0|   78|         55|
    +----------------------------------+---+----+-----+-----------+



================================================================
== Interface
================================================================
* Summary: 
+---------------------+-----+-----+------------+---------------------------------------------+--------------+
|      RTL Ports      | Dir | Bits|  Protocol  |                Source Object                |    C Type    |
+---------------------+-----+-----+------------+---------------------------------------------+--------------+
|ap_clk               |   in|    1|  ap_ctrl_hs|  hls_histogram_gray_Pipeline_VITIS_LOOP_77_3|  return value|
|ap_rst               |   in|    1|  ap_ctrl_hs|  hls_histogram_gray_Pipeline_VITIS_LOOP_77_3|  return value|
|ap_start             |   in|    1|  ap_ctrl_hs|  hls_histogram_gray_Pipeline_VITIS_LOOP_77_3|  return value|
|ap_done              |  out|    1|  ap_ctrl_hs|  hls_histogram_gray_Pipeline_VITIS_LOOP_77_3|  return value|
|ap_idle              |  out|    1|  ap_ctrl_hs|  hls_histogram_gray_Pipeline_VITIS_LOOP_77_3|  return value|
|ap_ready             |  out|    1|  ap_ctrl_hs|  hls_histogram_gray_Pipeline_VITIS_LOOP_77_3|  return value|
|local_hist_address0  |  out|    8|   ap_memory|                                   local_hist|         array|
|local_hist_ce0       |  out|    1|   ap_memory|                                   local_hist|         array|
|local_hist_q0        |   in|   32|   ap_memory|                                   local_hist|         array|
|hist_out_address0    |  out|    8|   ap_memory|                                     hist_out|         array|
|hist_out_ce0         |  out|    1|   ap_memory|                                     hist_out|         array|
|hist_out_we0         |  out|    1|   ap_memory|                                     hist_out|         array|
|hist_out_d0          |  out|   32|   ap_memory|                                     hist_out|         array|
+---------------------+-----+-----+------------+---------------------------------------------+--------------+

============================================================
+ Verbose Summary: Synthesis Manager
============================================================
InlineROM: 1
ExposeGlobal: 0
============================================================
+ Verbose Summary: CDFG Model
============================================================
IsTopModel: 0
ResetActiveHigh: 1
IsCombinational: 2
IsDatapathOnly: 2
HasWiredReturn: 1
HasMFsm: 2
HasVarLatency: 1
IsPipeline: 0
IsRtlPipelined: 0
IsInstanceOverlapped: 0
IsDontTouch: 0
HasImplIP: 0
IsGatedGlobalClock: 0

+ Individual pipeline summary: 
  * Pipeline-0: initiation interval (II) = 1, depth = 3


============================================================
+ Verbose Summary: Schedule
============================================================
* Number of FSM states : 3
* Pipeline : 1
  Pipeline-0 : II = 1, D = 3, States = { 1 2 3 }
* Dataflow Pipeline: 0

* FSM state transitions: 
1 --> 2 
2 --> 3 
3 --> 

* FSM state operations: 

State 1 <SV = 0> <Delay = 1.66>
ST_1 : Operation 6 [1/1] (0.00ns)   --->   "%i = alloca i32 1" [./hls_histogram.hpp:77->hls_histogram.cpp:19]   --->   Operation 6 'alloca' 'i' <Predicate = true> <Delay = 0.00>
ST_1 : Operation 7 [1/1] (0.00ns)   --->   "%specmemcore_ln0 = specmemcore void @_ssdm_op_SpecMemCore, i32 %local_hist, i64 666, i64 30, i64 18446744073709551615, i1 0"   --->   Operation 7 'specmemcore' 'specmemcore_ln0' <Predicate = true> <Delay = 0.00>
ST_1 : Operation 8 [1/1] (0.00ns)   --->   "%specmemcore_ln0 = specmemcore void @_ssdm_op_SpecMemCore, i32 %hist_out, i64 666, i64 207, i64 1, i1 0"   --->   Operation 8 'specmemcore' 'specmemcore_ln0' <Predicate = true> <Delay = 0.00>
ST_1 : Operation 9 [1/1] (0.00ns)   --->   "%specinterface_ln0 = specinterface void @_ssdm_op_SpecInterface, i32 %hist_out, void @empty_5, i32 0, i32 0, void @empty_1, i32 1, i32 0, void @empty_1, void @empty_1, void @empty_1, i32 0, i32 0, i32 0, i32 0, void @empty_1, void @empty_1, i32 4294967295, i32 0, i32 0, i32 0"   --->   Operation 9 'specinterface' 'specinterface_ln0' <Predicate = true> <Delay = 0.00>
ST_1 : Operation 10 [1/1] (0.42ns)   --->   "%store_ln77 = store i9 0, i9 %i" [./hls_histogram.hpp:77->hls_histogram.cpp:19]   --->   Operation 10 'store' 'store_ln77' <Predicate = true> <Delay = 0.42>
ST_1 : Operation 11 [1/1] (0.00ns)   --->   "%br_ln0 = br void %for.inc30.i"   --->   Operation 11 'br' 'br_ln0' <Predicate = true> <Delay = 0.00>
ST_1 : Operation 12 [1/1] (0.00ns)   --->   "%i_1 = load i9 %i" [./hls_histogram.hpp:77->hls_histogram.cpp:19]   --->   Operation 12 'load' 'i_1' <Predicate = true> <Delay = 0.00>
ST_1 : Operation 13 [1/1] (0.77ns)   --->   "%icmp_ln77 = icmp_eq  i9 %i_1, i9 256" [./hls_histogram.hpp:77->hls_histogram.cpp:19]   --->   Operation 13 'icmp' 'icmp_ln77' <Predicate = true> <Delay = 0.77> <CoreInst = "Cmp">   --->   Core 9 'Cmp' <Latency = 0> <II = 1> <Delay = 0.78> <FuncUnit> <Opcode : 'seteq' 'setne' 'setle' 'setge' 'setlt' 'setgt'> <InPorts = 2> <OutPorts = 1>
ST_1 : Operation 14 [1/1] (0.77ns)   --->   "%add_ln77 = add i9 %i_1, i9 1" [./hls_histogram.hpp:77->hls_histogram.cpp:19]   --->   Operation 14 'add' 'add_ln77' <Predicate = true> <Delay = 0.77> <CoreInst = "Adder">   --->   Core 1 'Adder' <Latency = 0> <II = 1> <Delay = 0.77> <FuncUnit> <Opcode : 'add' 'sub'> <InPorts = 2> <OutPorts = 1>
ST_1 : Operation 15 [1/1] (0.00ns)   --->   "%br_ln77 = br i1 %icmp_ln77, void %for.inc30.i.split, void %_Z14histogram_coreILi8ELi256EEvRN3hls6streamI16axi_stream_videoI11color_pixelILi1EXT_EEELi0EEEP7ap_uintILi32EES9_S9_.exit.exitStub" [./hls_histogram.hpp:77->hls_histogram.cpp:19]   --->   Operation 15 'br' 'br_ln77' <Predicate = true> <Delay = 0.00>
ST_1 : Operation 16 [1/1] (0.00ns)   --->   "%zext_ln77 = zext i9 %i_1" [./hls_histogram.hpp:77->hls_histogram.cpp:19]   --->   Operation 16 'zext' 'zext_ln77' <Predicate = (!icmp_ln77)> <Delay = 0.00>
ST_1 : Operation 17 [1/1] (0.00ns)   --->   "%local_hist_addr = getelementptr i32 %local_hist, i64 0, i64 %zext_ln77" [./hls_histogram.hpp:80->hls_histogram.cpp:19]   --->   Operation 17 'getelementptr' 'local_hist_addr' <Predicate = (!icmp_ln77)> <Delay = 0.00>
ST_1 : Operation 18 [2/2] (1.23ns)   --->   "%local_hist_load = load i8 %local_hist_addr" [./hls_histogram.hpp:80->hls_histogram.cpp:19]   --->   Operation 18 'load' 'local_hist_load' <Predicate = (!icmp_ln77)> <Delay = 1.23> <CoreInst = "RAM_T2P_BRAM">   --->   Core 98 'RAM_T2P_BRAM' <Latency = 1> <II = 1> <Delay = 1.23> <Storage> <Opcode : 'load' 'store'> <Ports = 2> <Width = 32> <Depth = 256> <RAM>
ST_1 : Operation 19 [1/1] (0.42ns)   --->   "%store_ln77 = store i9 %add_ln77, i9 %i" [./hls_histogram.hpp:77->hls_histogram.cpp:19]   --->   Operation 19 'store' 'store_ln77' <Predicate = (!icmp_ln77)> <Delay = 0.42>

State 2 <SV = 1> <Delay = 1.23>
ST_2 : Operation 20 [1/2] ( I:1.23ns O:1.23ns )   --->   "%local_hist_load = load i8 %local_hist_addr" [./hls_histogram.hpp:80->hls_histogram.cpp:19]   --->   Operation 20 'load' 'local_hist_load' <Predicate = true> <Delay = 1.23> <CoreInst = "RAM_T2P_BRAM">   --->   Core 98 'RAM_T2P_BRAM' <Latency = 1> <II = 1> <Delay = 1.23> <Storage> <Opcode : 'load' 'store'> <Ports = 2> <Width = 32> <Depth = 256> <RAM>
ST_2 : Operation 21 [1/1] (0.00ns)   --->   "%hist_out_addr = getelementptr i32 %hist_out, i64 0, i64 %zext_ln77" [./hls_histogram.hpp:80->hls_histogram.cpp:19]   --->   Operation 21 'getelementptr' 'hist_out_addr' <Predicate = true> <Delay = 0.00>
ST_2 : Operation 22 [2/2] (0.00ns)   --->   "%store_ln80 = store i32 %local_hist_load, i8 %hist_out_addr" [./hls_histogram.hpp:80->hls_histogram.cpp:19]   --->   Operation 22 'store' 'store_ln80' <Predicate = true> <Delay = 0.00> <CoreInst = "RAM_1P">   --->   Core 87 'RAM_1P' <Latency = 1> <II = 1> <Delay = 1.23> <Storage> <Opcode : 'load' 'store'> <Ports = 1> <Width = 32> <Depth = 256> <RAM>
ST_2 : Operation 28 [1/1] (0.42ns)   --->   "%ret_ln0 = ret"   --->   Operation 28 'ret' 'ret_ln0' <Predicate = (icmp_ln77)> <Delay = 0.42>

State 3 <SV = 2> <Delay = 0.00>
ST_3 : Operation 23 [1/1] (0.00ns)   --->   "%specpipeline_ln79 = specpipeline void @_ssdm_op_SpecPipeline, i32 1, i32 0, i32 0, i32 0, i32 4294967295, void @empty_1" [./hls_histogram.hpp:79->hls_histogram.cpp:19]   --->   Operation 23 'specpipeline' 'specpipeline_ln79' <Predicate = true> <Delay = 0.00>
ST_3 : Operation 24 [1/1] (0.00ns)   --->   "%speclooptripcount_ln77 = speclooptripcount void @_ssdm_op_SpecLoopTripCount, i64 256, i64 256, i64 256" [./hls_histogram.hpp:77->hls_histogram.cpp:19]   --->   Operation 24 'speclooptripcount' 'speclooptripcount_ln77' <Predicate = true> <Delay = 0.00>
ST_3 : Operation 25 [1/1] (0.00ns)   --->   "%specloopname_ln77 = specloopname void @_ssdm_op_SpecLoopName, void @empty_10" [./hls_histogram.hpp:77->hls_histogram.cpp:19]   --->   Operation 25 'specloopname' 'specloopname_ln77' <Predicate = true> <Delay = 0.00>
ST_3 : Operation 26 [1/2] ( I:0.00ns O:0.00ns )   --->   "%store_ln80 = store i32 %local_hist_load, i8 %hist_out_addr" [./hls_histogram.hpp:80->hls_histogram.cpp:19]   --->   Operation 26 'store' 'store_ln80' <Predicate = true> <Delay = 0.00> <CoreInst = "RAM_1P">   --->   Core 87 'RAM_1P' <Latency = 1> <II = 1> <Delay = 1.23> <Storage> <Opcode : 'load' 'store'> <Ports = 1> <Width = 32> <Depth = 256> <RAM>
ST_3 : Operation 27 [1/1] (0.00ns)   --->   "%br_ln77 = br void %for.inc30.i" [./hls_histogram.hpp:77->hls_histogram.cpp:19]   --->   Operation 27 'br' 'br_ln77' <Predicate = true> <Delay = 0.00>


============================================================
+ Verbose Summary: Binding
============================================================
STG Binding: 
---------------- STG Properties BEGIN ----------------
- Is combinational: 0
- Is one-state seq: 0
- Is datapath-only: 0
- Is pipelined: 0
- Is top level: 0
Port [ Return ] is wired: 1; IO mode=ap_ctrl_hs:ce=0
Port [ local_hist]:  wired=1; compound=1; hidden=0; nouse=0; global=0; static=0; extern=0; dir=0; type=1; pingpong=0; private_global=0; MemPort=[13]; IO mode=ap_memory:ce=0
Port [ hist_out]:  wired=1; compound=1; hidden=0; nouse=0; global=0; static=0; extern=0; dir=1; type=1; pingpong=0; private_global=0; MemPort=[0]; IO mode=ap_memory:ce=0
---------------- STG Properties END ------------------

---------------- Datapath Model BEGIN ----------------

<LifeTime>
<method=bitvector/>
i                      (alloca           ) [ 0100]
specmemcore_ln0        (specmemcore      ) [ 0000]
specmemcore_ln0        (specmemcore      ) [ 0000]
specinterface_ln0      (specinterface    ) [ 0000]
store_ln77             (store            ) [ 0000]
br_ln0                 (br               ) [ 0000]
i_1                    (load             ) [ 0000]
icmp_ln77              (icmp             ) [ 0110]
add_ln77               (add              ) [ 0000]
br_ln77                (br               ) [ 0000]
zext_ln77              (zext             ) [ 0110]
local_hist_addr        (getelementptr    ) [ 0110]
store_ln77             (store            ) [ 0000]
local_hist_load        (load             ) [ 0101]
hist_out_addr          (getelementptr    ) [ 0101]
specpipeline_ln79      (specpipeline     ) [ 0000]
speclooptripcount_ln77 (speclooptripcount) [ 0000]
specloopname_ln77      (specloopname     ) [ 0000]
store_ln80             (store            ) [ 0000]
br_ln77                (br               ) [ 0000]
ret_ln0                (ret              ) [ 0000]
</LifeTime>

<model>

<comp_list>
<comp id="0" class="1000" name="local_hist">
<pin_list>
<pin id="1" dir="1" index="0" bw="1" slack="0"/>
</pin_list>
<bind>
<StgValue><ssdm name="local_hist"/><MemPortTyVec>1 3 </MemPortTyVec>
</StgValue>
</bind>
</comp>

<comp id="2" class="1000" name="hist_out">
<pin_list>
<pin id="3" dir="1" index="0" bw="1" slack="0"/>
</pin_list>
<bind>
<StgValue><ssdm name="hist_out"/><MemPortTyVec>0 </MemPortTyVec>
</StgValue>
</bind>
</comp>

<comp id="4" class="1001" name="const_4">
<pin_list>
<pin id="5" dir="1" index="0" bw="1" slack="0"/>
</pin_list>
<bind>
<StgValue><ssdm name=""/></StgValue>
</bind>
</comp>

<comp id="6" class="1001" name="const_6">
<pin_list>
<pin id="7" dir="1" index="0" bw="1" slack="2147483647"/>
</pin_list>
<bind>
<StgValue><ssdm name="_ssdm_op_SpecMemCore"/></StgValue>
</bind>
</comp>

<comp id="8" class="1001" name="const_8">
<pin_list>
<pin id="9" dir="1" index="0" bw="1" slack="2147483647"/>
</pin_list>
<bind>
<StgValue><ssdm name=""/></StgValue>
</bind>
</comp>

<comp id="10" class="1001" name="const_10">
<pin_list>
<pin id="11" dir="1" index="0" bw="1" slack="2147483647"/>
</pin_list>
<bind>
<StgValue><ssdm name=""/></StgValue>
</bind>
</comp>

<comp id="12" class="1001" name="const_12">
<pin_list>
<pin id="13" dir="1" index="0" bw="1" slack="2147483647"/>
</pin_list>
<bind>
<StgValue><ssdm name=""/></StgValue>
</bind>
</comp>

<comp id="14" class="1001" name="const_14">
<pin_list>
<pin id="15" dir="1" index="0" bw="1" slack="2147483647"/>
</pin_list>
<bind>
<StgValue><ssdm name=""/></StgValue>
</bind>
</comp>

<comp id="16" class="1001" name="const_16">
<pin_list>
<pin id="17" dir="1" index="0" bw="1" slack="2147483647"/>
</pin_list>
<bind>
<StgValue><ssdm name=""/></StgValue>
</bind>
</comp>

<comp id="18" class="1001" name="const_18">
<pin_list>
<pin id="19" dir="1" index="0" bw="1" slack="2147483647"/>
</pin_list>
<bind>
<StgValue><ssdm name=""/></StgValue>
</bind>
</comp>

<comp id="20" class="1001" name="const_20">
<pin_list>
<pin id="21" dir="1" index="0" bw="1" slack="2147483647"/>
</pin_list>
<bind>
<StgValue><ssdm name="_ssdm_op_SpecInterface"/></StgValue>
</bind>
</comp>

<comp id="22" class="1001" name="const_22">
<pin_list>
<pin id="23" dir="1" index="0" bw="1" slack="2147483647"/>
</pin_list>
<bind>
<StgValue><ssdm name="empty_5"/></StgValue>
</bind>
</comp>

<comp id="24" class="1001" name="const_24">
<pin_list>
<pin id="25" dir="1" index="0" bw="1" slack="2147483647"/>
</pin_list>
<bind>
<StgValue><ssdm name=""/></StgValue>
</bind>
</comp>

<comp id="26" class="1001" name="const_26">
<pin_list>
<pin id="27" dir="1" index="0" bw="1" slack="2147483647"/>
</pin_list>
<bind>
<StgValue><ssdm name="empty_1"/></StgValue>
</bind>
</comp>

<comp id="28" class="1001" name="const_28">
<pin_list>
<pin id="29" dir="1" index="0" bw="1" slack="2147483647"/>
</pin_list>
<bind>
<StgValue><ssdm name=""/></StgValue>
</bind>
</comp>

<comp id="30" class="1001" name="const_30">
<pin_list>
<pin id="31" dir="1" index="0" bw="1" slack="0"/>
</pin_list>
<bind>
<StgValue><ssdm name=""/></StgValue>
</bind>
</comp>

<comp id="32" class="1001" name="const_32">
<pin_list>
<pin id="33" dir="1" index="0" bw="1" slack="0"/>
</pin_list>
<bind>
<StgValue><ssdm name=""/></StgValue>
</bind>
</comp>

<comp id="34" class="1001" name="const_34">
<pin_list>
<pin id="35" dir="1" index="0" bw="1" slack="0"/>
</pin_list>
<bind>
<StgValue><ssdm name=""/></StgValue>
</bind>
</comp>

<comp id="36" class="1001" name="const_36">
<pin_list>
<pin id="37" dir="1" index="0" bw="1" slack="0"/>
</pin_list>
<bind>
<StgValue><ssdm name=""/></StgValue>
</bind>
</comp>

<comp id="38" class="1001" name="const_38">
<pin_list>
<pin id="39" dir="1" index="0" bw="1" slack="2147483647"/>
</pin_list>
<bind>
<StgValue><ssdm name="_ssdm_op_SpecPipeline"/></StgValue>
</bind>
</comp>

<comp id="40" class="1001" name="const_40">
<pin_list>
<pin id="41" dir="1" index="0" bw="1" slack="2147483647"/>
</pin_list>
<bind>
<StgValue><ssdm name="_ssdm_op_SpecLoopTripCount"/></StgValue>
</bind>
</comp>

<comp id="42" class="1001" name="const_42">
<pin_list>
<pin id="43" dir="1" index="0" bw="1" slack="2147483647"/>
</pin_list>
<bind>
<StgValue><ssdm name=""/></StgValue>
</bind>
</comp>

<comp id="44" class="1001" name="const_44">
<pin_list>
<pin id="45" dir="1" index="0" bw="1" slack="2147483647"/>
</pin_list>
<bind>
<StgValue><ssdm name="_ssdm_op_SpecLoopName"/></StgValue>
</bind>
</comp>

<comp id="46" class="1001" name="const_46">
<pin_list>
<pin id="47" dir="1" index="0" bw="1" slack="2147483647"/>
</pin_list>
<bind>
<StgValue><ssdm name="empty_10"/></StgValue>
</bind>
</comp>

<comp id="48" class="1004" name="i_fu_48">
<pin_list>
<pin id="49" dir="0" index="0" bw="1" slack="0"/>
<pin id="50" dir="1" index="1" bw="9" slack="0"/>
</pin_list>
<bind>
<opcode="alloca(26) " fcode="alloca"/>
<opset="i/1 "/>
</bind>
</comp>

<comp id="52" class="1004" name="local_hist_addr_gep_fu_52">
<pin_list>
<pin id="53" dir="0" index="0" bw="32" slack="0"/>
<pin id="54" dir="0" index="1" bw="1" slack="0"/>
<pin id="55" dir="0" index="2" bw="9" slack="0"/>
<pin id="56" dir="1" index="3" bw="8" slack="0"/>
</pin_list>
<bind>
<opcode="getelementptr(29) " fcode="getelementptr"/>
<opset="local_hist_addr/1 "/>
</bind>
</comp>

<comp id="59" class="1004" name="grp_access_fu_59">
<pin_list>
<pin id="60" dir="0" index="0" bw="8" slack="0"/>
<pin id="61" dir="0" index="1" bw="32" slack="2147483647"/>
<pin id="62" dir="0" index="2" bw="0" slack="2147483647"/>
<pin id="63" dir="1" index="3" bw="32" slack="0"/>
</pin_list>
<bind>
<opcode="load(27) " fcode="load"/>
<opset="local_hist_load/1 "/>
</bind>
</comp>

<comp id="65" class="1004" name="hist_out_addr_gep_fu_65">
<pin_list>
<pin id="66" dir="0" index="0" bw="32" slack="0"/>
<pin id="67" dir="0" index="1" bw="1" slack="0"/>
<pin id="68" dir="0" index="2" bw="9" slack="1"/>
<pin id="69" dir="1" index="3" bw="8" slack="0"/>
</pin_list>
<bind>
<opcode="getelementptr(29) " fcode="getelementptr"/>
<opset="hist_out_addr/2 "/>
</bind>
</comp>

<comp id="72" class="1004" name="grp_access_fu_72">
<pin_list>
<pin id="73" dir="0" index="0" bw="8" slack="0"/>
<pin id="74" dir="0" index="1" bw="32" slack="0"/>
<pin id="75" dir="0" index="2" bw="0" slack="2147483647"/>
<pin id="76" dir="1" index="3" bw="32" slack="2147483647"/>
</pin_list>
<bind>
<opcode="store(28) " fcode="store"/>
<opset="store_ln80/2 "/>
</bind>
</comp>

<comp id="79" class="1004" name="store_ln77_store_fu_79">
<pin_list>
<pin id="80" dir="0" index="0" bw="1" slack="0"/>
<pin id="81" dir="0" index="1" bw="9" slack="0"/>
<pin id="82" dir="1" index="2" bw="0" slack="2147483647"/>
</pin_list>
<bind>
<opcode="store(28) " fcode="store"/>
<opset="store_ln77/1 "/>
</bind>
</comp>

<comp id="84" class="1004" name="i_1_load_fu_84">
<pin_list>
<pin id="85" dir="0" index="0" bw="9" slack="0"/>
<pin id="86" dir="1" index="1" bw="9" slack="0"/>
</pin_list>
<bind>
<opcode="load(27) " fcode="load"/>
<opset="i_1/1 "/>
</bind>
</comp>

<comp id="87" class="1004" name="icmp_ln77_fu_87">
<pin_list>
<pin id="88" dir="0" index="0" bw="9" slack="0"/>
<pin id="89" dir="0" index="1" bw="9" slack="0"/>
<pin id="90" dir="1" index="2" bw="1" slack="1"/>
</pin_list>
<bind>
<opcode="icmp(45) " fcode="icmp"/>
<opset="icmp_ln77/1 "/>
</bind>
</comp>

<comp id="93" class="1004" name="add_ln77_fu_93">
<pin_list>
<pin id="94" dir="0" index="0" bw="9" slack="0"/>
<pin id="95" dir="0" index="1" bw="1" slack="0"/>
<pin id="96" dir="1" index="2" bw="9" slack="0"/>
</pin_list>
<bind>
<opcode="add(8) " fcode="add"/>
<opset="add_ln77/1 "/>
</bind>
</comp>

<comp id="99" class="1004" name="zext_ln77_fu_99">
<pin_list>
<pin id="100" dir="0" index="0" bw="9" slack="0"/>
<pin id="101" dir="1" index="1" bw="64" slack="0"/>
</pin_list>
<bind>
<opcode="zext(34) " fcode="zext"/>
<opset="zext_ln77/1 "/>
</bind>
</comp>

<comp id="104" class="1004" name="store_ln77_store_fu_104">
<pin_list>
<pin id="105" dir="0" index="0" bw="9" slack="0"/>
<pin id="106" dir="0" index="1" bw="9" slack="0"/>
<pin id="107" dir="1" index="2" bw="0" slack="2147483647"/>
</pin_list>
<bind>
<opcode="store(28) " fcode="store"/>
<opset="store_ln77/1 "/>
</bind>
</comp>

<comp id="109" class="1005" name="i_reg_109">
<pin_list>
<pin id="110" dir="0" index="0" bw="9" slack="0"/>
<pin id="111" dir="1" index="1" bw="9" slack="0"/>
</pin_list>
<bind>
<opset="i "/>
</bind>
</comp>

<comp id="116" class="1005" name="icmp_ln77_reg_116">
<pin_list>
<pin id="117" dir="0" index="0" bw="1" slack="1"/>
<pin id="118" dir="1" index="1" bw="1" slack="2147483647"/>
</pin_list>
<bind>
<opset="icmp_ln77 "/>
</bind>
</comp>

<comp id="120" class="1005" name="zext_ln77_reg_120">
<pin_list>
<pin id="121" dir="0" index="0" bw="64" slack="1"/>
<pin id="122" dir="1" index="1" bw="64" slack="1"/>
</pin_list>
<bind>
<opset="zext_ln77 "/>
</bind>
</comp>

<comp id="125" class="1005" name="local_hist_addr_reg_125">
<pin_list>
<pin id="126" dir="0" index="0" bw="8" slack="1"/>
<pin id="127" dir="1" index="1" bw="8" slack="1"/>
</pin_list>
<bind>
<opset="local_hist_addr "/>
</bind>
</comp>

<comp id="130" class="1005" name="local_hist_load_reg_130">
<pin_list>
<pin id="131" dir="0" index="0" bw="32" slack="1"/>
<pin id="132" dir="1" index="1" bw="32" slack="1"/>
</pin_list>
<bind>
<opset="local_hist_load "/>
</bind>
</comp>

<comp id="135" class="1005" name="hist_out_addr_reg_135">
<pin_list>
<pin id="136" dir="0" index="0" bw="8" slack="1"/>
<pin id="137" dir="1" index="1" bw="8" slack="1"/>
</pin_list>
<bind>
<opset="hist_out_addr "/>
</bind>
</comp>

</comp_list>

<net_list>
<net id="51"><net_src comp="4" pin="0"/><net_sink comp="48" pin=0"/></net>

<net id="57"><net_src comp="0" pin="0"/><net_sink comp="52" pin=0"/></net>

<net id="58"><net_src comp="36" pin="0"/><net_sink comp="52" pin=1"/></net>

<net id="64"><net_src comp="52" pin="3"/><net_sink comp="59" pin=0"/></net>

<net id="70"><net_src comp="2" pin="0"/><net_sink comp="65" pin=0"/></net>

<net id="71"><net_src comp="36" pin="0"/><net_sink comp="65" pin=1"/></net>

<net id="77"><net_src comp="59" pin="3"/><net_sink comp="72" pin=1"/></net>

<net id="78"><net_src comp="65" pin="3"/><net_sink comp="72" pin=0"/></net>

<net id="83"><net_src comp="30" pin="0"/><net_sink comp="79" pin=0"/></net>

<net id="91"><net_src comp="84" pin="1"/><net_sink comp="87" pin=0"/></net>

<net id="92"><net_src comp="32" pin="0"/><net_sink comp="87" pin=1"/></net>

<net id="97"><net_src comp="84" pin="1"/><net_sink comp="93" pin=0"/></net>

<net id="98"><net_src comp="34" pin="0"/><net_sink comp="93" pin=1"/></net>

<net id="102"><net_src comp="84" pin="1"/><net_sink comp="99" pin=0"/></net>

<net id="103"><net_src comp="99" pin="1"/><net_sink comp="52" pin=2"/></net>

<net id="108"><net_src comp="93" pin="2"/><net_sink comp="104" pin=0"/></net>

<net id="112"><net_src comp="48" pin="1"/><net_sink comp="109" pin=0"/></net>

<net id="113"><net_src comp="109" pin="1"/><net_sink comp="79" pin=1"/></net>

<net id="114"><net_src comp="109" pin="1"/><net_sink comp="84" pin=0"/></net>

<net id="115"><net_src comp="109" pin="1"/><net_sink comp="104" pin=1"/></net>

<net id="119"><net_src comp="87" pin="2"/><net_sink comp="116" pin=0"/></net>

<net id="123"><net_src comp="99" pin="1"/><net_sink comp="120" pin=0"/></net>

<net id="124"><net_src comp="120" pin="1"/><net_sink comp="65" pin=2"/></net>

<net id="128"><net_src comp="52" pin="3"/><net_sink comp="125" pin=0"/></net>

<net id="129"><net_src comp="125" pin="1"/><net_sink comp="59" pin=0"/></net>

<net id="133"><net_src comp="59" pin="3"/><net_sink comp="130" pin=0"/></net>

<net id="134"><net_src comp="130" pin="1"/><net_sink comp="72" pin=1"/></net>

<net id="138"><net_src comp="65" pin="3"/><net_sink comp="135" pin=0"/></net>

<net id="139"><net_src comp="135" pin="1"/><net_sink comp="72" pin=0"/></net>

</net_list>

</model> 
---------------- Datapath Model END ------------------

* FSMD analyzer results:
  - Output states:
	Port: hist_out | {2 3 }
 - Input state : 
	Port: hls_histogram_gray_Pipeline_VITIS_LOOP_77_3 : local_hist | {1 2 }
	Port: hls_histogram_gray_Pipeline_VITIS_LOOP_77_3 : hist_out | {}
  - Chain level:
	State 1
		store_ln77 : 1
		i_1 : 1
		icmp_ln77 : 2
		add_ln77 : 2
		br_ln77 : 3
		zext_ln77 : 2
		local_hist_addr : 3
		local_hist_load : 4
		store_ln77 : 3
	State 2
		store_ln80 : 1
	State 3


============================================================
+ Verbose Summary: Datapath Resource usage 
============================================================

* Functional unit list:
|----------|-----------------|---------|---------|
| Operation| Functional Unit |    FF   |   LUT   |
|----------|-----------------|---------|---------|
|   icmp   | icmp_ln77_fu_87 |    0    |    16   |
|----------|-----------------|---------|---------|
|    add   |  add_ln77_fu_93 |    0    |    16   |
|----------|-----------------|---------|---------|
|   zext   | zext_ln77_fu_99 |    0    |    0    |
|----------|-----------------|---------|---------|
|   Total  |                 |    0    |    32   |
|----------|-----------------|---------|---------|

Memories:
N/A

* Register list:
+-----------------------+--------+
|                       |   FF   |
+-----------------------+--------+
| hist_out_addr_reg_135 |    8   |
|       i_reg_109       |    9   |
|   icmp_ln77_reg_116   |    1   |
|local_hist_addr_reg_125|    8   |
|local_hist_load_reg_130|   32   |
|   zext_ln77_reg_120   |   64   |
+-----------------------+--------+
|         Total         |   122  |
+-----------------------+--------+

* Multiplexer (MUX) list: 
|------------------|------|------|------|--------||---------||---------||---------|
|       Comp       |  Pin | Size |  BW  | S x BW ||  Delay  ||    FF   ||   LUT   |
|------------------|------|------|------|--------||---------||---------||---------|
| grp_access_fu_59 |  p0  |   2  |   8  |   16   ||    0    ||    9    |
| grp_access_fu_72 |  p0  |   2  |   8  |   16   ||    0    ||    9    |
| grp_access_fu_72 |  p1  |   2  |  32  |   64   ||    0    ||    9    |
|------------------|------|------|------|--------||---------||---------||---------|
|       Total      |      |      |      |   96   ||  1.281  ||    0    ||    27   |
|------------------|------|------|------|--------||---------||---------||---------|



* Summary:
+-----------+--------+--------+--------+
|           |  Delay |   FF   |   LUT  |
+-----------+--------+--------+--------+
|  Function |    -   |    0   |   32   |
|   Memory  |    -   |    -   |    -   |
|Multiplexer|    1   |    0   |   27   |
|  Register |    -   |   122  |    -   |
+-----------+--------+--------+--------+
|   Total   |    1   |   122  |   59   |
+-----------+--------+--------+--------+
