

================================================================
== Vitis HLS Report for 'hls_histogram_gray_Pipeline_VITIS_LOOP_68_3'
================================================================
* Date:           Thu Jun 25 12:08:24 2026

* Version:        2025.2 (Build 6295257 on Nov 14 2025)
* Project:        hls_histogram
* Solution:       hls (Vivado IP Flow Target)
* Product family: zynquplus
* Target device:  xck26-sfvc784-2LV-c


================================================================
== Performance Estimates
================================================================
+ Timing: 
    * Summary: 
    +--------+----------+----------+------------+
    |  Clock |  Target  | Estimated| Uncertainty|
    +--------+----------+----------+------------+
    |ap_clk  |  10.00 ns|  1.664 ns|     2.70 ns|
    +--------+----------+----------+------------+

+ Latency: 
    * Summary: 
    +---------+---------+----------+----------+-----+-----+-------------------+
    |  Latency (cycles) |  Latency (absolute) |  Interval |      Pipeline     |
    |   min   |   max   |    min   |    max   | min | max |        Type       |
    +---------+---------+----------+----------+-----+-----+-------------------+
    |      259|      259|  2.590 us|  2.590 us|    0|    0|  loop pipeline stp|
    +---------+---------+----------+----------+-----+-----+-------------------+

    + Detail: 
        * Instance: 
        N/A

        * Loop: 
        +-------------------+---------+---------+----------+-----------+-----------+------+----------+
        |                   |  Latency (cycles) | Iteration|  Initiation Interval  | Trip |          |
        |     Loop Name     |   min   |   max   |  Latency |  achieved |   target  | Count| Pipelined|
        +-------------------+---------+---------+----------+-----------+-----------+------+----------+
        |- VITIS_LOOP_68_3  |      257|      257|         3|          1|          1|   256|       yes|
        +-------------------+---------+---------+----------+-----------+-----------+------+----------+

============================================================
+ Verbose Summary: Synthesis Manager
============================================================
InlineROM: 1
ExposeGlobal: 0
============================================================
+ Verbose Summary: CDFG Model
============================================================
IsTopModel: 0
ResetActiveHigh: 1
IsCombinational: 0
IsDatapathOnly: 0
HasWiredReturn: 1
HasMFsm: 2
HasVarLatency: 1
IsPipeline: 0
IsRtlPipelined: 0
IsInstanceOverlapped: 0
IsDontTouch: 0
HasImplIP: 0
IsGatedGlobalClock: 0

+ Individual pipeline summary: 
  * Pipeline-0: initiation interval (II) = 1, depth = 3


============================================================
+ Verbose Summary: Schedule
============================================================
* Number of FSM states : 3
* Pipeline : 1
  Pipeline-0 : II = 1, D = 3, States = { 1 2 3 }
* Dataflow Pipeline: 0

* FSM state transitions: 
1 --> 2 
2 --> 3 
3 --> 

* FSM state operations: 

State 1 <SV = 0> <Delay = 1.66>
ST_1 : Operation 6 [1/1] (0.00ns)   --->   "%i = alloca i32 1" [./hls_histogram.hpp:68->hls_histogram.cpp:17]   --->   Operation 6 'alloca' 'i' <Predicate = true> <Delay = 0.00>
ST_1 : Operation 7 [1/1] (0.00ns)   --->   "%specmemcore_ln0 = specmemcore void @_ssdm_op_SpecMemCore, i32 %local_hist, i64 666, i64 30, i64 18446744073709551615, i1 0"   --->   Operation 7 'specmemcore' 'specmemcore_ln0' <Predicate = true> <Delay = 0.00>
ST_1 : Operation 8 [1/1] (0.00ns)   --->   "%specmemcore_ln0 = specmemcore void @_ssdm_op_SpecMemCore, i32 %hist_out, i64 666, i64 207, i64 1, i1 0"   --->   Operation 8 'specmemcore' 'specmemcore_ln0' <Predicate = true> <Delay = 0.00>
ST_1 : Operation 9 [1/1] (0.00ns)   --->   "%specinterface_ln0 = specinterface void @_ssdm_op_SpecInterface, i32 %hist_out, void @empty_5, i32 0, i32 0, void @empty_1, i32 1, i32 0, void @empty_1, void @empty_1, void @empty_1, i32 0, i32 0, i32 0, i32 0, void @empty_1, void @empty_1, i32 4294967295, i32 0, i32 0, i32 0"   --->   Operation 9 'specinterface' 'specinterface_ln0' <Predicate = true> <Delay = 0.00>
ST_1 : Operation 10 [1/1] (0.42ns)   --->   "%store_ln68 = store i9 0, i9 %i" [./hls_histogram.hpp:68->hls_histogram.cpp:17]   --->   Operation 10 'store' 'store_ln68' <Predicate = true> <Delay = 0.42>
ST_1 : Operation 11 [1/1] (0.00ns)   --->   "%br_ln0 = br void %for.inc33.i"   --->   Operation 11 'br' 'br_ln0' <Predicate = true> <Delay = 0.00>
ST_1 : Operation 12 [1/1] (0.00ns)   --->   "%i_1 = load i9 %i" [./hls_histogram.hpp:68->hls_histogram.cpp:17]   --->   Operation 12 'load' 'i_1' <Predicate = true> <Delay = 0.00>
ST_1 : Operation 13 [1/1] (0.77ns)   --->   "%icmp_ln68 = icmp_eq  i9 %i_1, i9 256" [./hls_histogram.hpp:68->hls_histogram.cpp:17]   --->   Operation 13 'icmp' 'icmp_ln68' <Predicate = true> <Delay = 0.77> <CoreInst = "Cmp">   --->   Core 9 'Cmp' <Latency = 0> <II = 1> <Delay = 0.77> <FuncUnit> <Opcode : 'seteq' 'setne' 'setle' 'setge' 'setlt' 'setgt'> <InPorts = 2> <OutPorts = 1>
ST_1 : Operation 14 [1/1] (0.77ns)   --->   "%add_ln68 = add i9 %i_1, i9 1" [./hls_histogram.hpp:68->hls_histogram.cpp:17]   --->   Operation 14 'add' 'add_ln68' <Predicate = true> <Delay = 0.77> <CoreInst = "Adder">   --->   Core 1 'Adder' <Latency = 0> <II = 1> <Delay = 0.77> <FuncUnit> <Opcode : 'add' 'sub'> <InPorts = 2> <OutPorts = 1>
ST_1 : Operation 15 [1/1] (0.00ns)   --->   "%br_ln68 = br i1 %icmp_ln68, void %for.inc33.i.split, void %_Z14histogram_coreILi8ELi256EEvRN3hls6streamI16axi_stream_videoI11color_pixelILi1EXT_EEELi0EEEP7ap_uintILi32EES9_S9_.exit.exitStub" [./hls_histogram.hpp:68->hls_histogram.cpp:17]   --->   Operation 15 'br' 'br_ln68' <Predicate = true> <Delay = 0.00>
ST_1 : Operation 16 [1/1] (0.00ns)   --->   "%zext_ln68 = zext i9 %i_1" [./hls_histogram.hpp:68->hls_histogram.cpp:17]   --->   Operation 16 'zext' 'zext_ln68' <Predicate = (!icmp_ln68)> <Delay = 0.00>
ST_1 : Operation 17 [1/1] (0.00ns)   --->   "%local_hist_addr = getelementptr i32 %local_hist, i64 0, i64 %zext_ln68" [./hls_histogram.hpp:70->hls_histogram.cpp:17]   --->   Operation 17 'getelementptr' 'local_hist_addr' <Predicate = (!icmp_ln68)> <Delay = 0.00>
ST_1 : Operation 18 [2/2] (1.23ns)   --->   "%local_hist_load = load i8 %local_hist_addr" [./hls_histogram.hpp:70->hls_histogram.cpp:17]   --->   Operation 18 'load' 'local_hist_load' <Predicate = (!icmp_ln68)> <Delay = 1.23> <CoreInst = "RAM_T2P_BRAM">   --->   Core 98 'RAM_T2P_BRAM' <Latency = 1> <II = 1> <Delay = 1.23> <Storage> <Opcode : 'load' 'store'> <Ports = 2> <Width = 32> <Depth = 256> <RAM>
ST_1 : Operation 19 [1/1] (0.42ns)   --->   "%store_ln68 = store i9 %add_ln68, i9 %i" [./hls_histogram.hpp:68->hls_histogram.cpp:17]   --->   Operation 19 'store' 'store_ln68' <Predicate = (!icmp_ln68)> <Delay = 0.42>

State 2 <SV = 1> <Delay = 1.23>
ST_2 : Operation 20 [1/2] ( I:1.23ns O:1.23ns )   --->   "%local_hist_load = load i8 %local_hist_addr" [./hls_histogram.hpp:70->hls_histogram.cpp:17]   --->   Operation 20 'load' 'local_hist_load' <Predicate = true> <Delay = 1.23> <CoreInst = "RAM_T2P_BRAM">   --->   Core 98 'RAM_T2P_BRAM' <Latency = 1> <II = 1> <Delay = 1.23> <Storage> <Opcode : 'load' 'store'> <Ports = 2> <Width = 32> <Depth = 256> <RAM>
ST_2 : Operation 21 [1/1] (0.00ns)   --->   "%hist_out_addr = getelementptr i32 %hist_out, i64 0, i64 %zext_ln68" [./hls_histogram.hpp:70->hls_histogram.cpp:17]   --->   Operation 21 'getelementptr' 'hist_out_addr' <Predicate = true> <Delay = 0.00>
ST_2 : Operation 22 [2/2] (0.00ns)   --->   "%store_ln70 = store i32 %local_hist_load, i8 %hist_out_addr" [./hls_histogram.hpp:70->hls_histogram.cpp:17]   --->   Operation 22 'store' 'store_ln70' <Predicate = true> <Delay = 0.00> <CoreInst = "RAM_1P">   --->   Core 87 'RAM_1P' <Latency = 1> <II = 1> <Delay = 1.23> <Storage> <Opcode : 'load' 'store'> <Ports = 1> <Width = 32> <Depth = 256> <RAM>
ST_2 : Operation 28 [1/1] (0.42ns)   --->   "%ret_ln0 = ret"   --->   Operation 28 'ret' 'ret_ln0' <Predicate = (icmp_ln68)> <Delay = 0.42>

State 3 <SV = 2> <Delay = 0.00>
ST_3 : Operation 23 [1/1] (0.00ns)   --->   "%specpipeline_ln69 = specpipeline void @_ssdm_op_SpecPipeline, i32 1, i32 0, i32 0, i32 0, i32 4294967295, void @empty_1" [./hls_histogram.hpp:69->hls_histogram.cpp:17]   --->   Operation 23 'specpipeline' 'specpipeline_ln69' <Predicate = true> <Delay = 0.00>
ST_3 : Operation 24 [1/1] (0.00ns)   --->   "%speclooptripcount_ln68 = speclooptripcount void @_ssdm_op_SpecLoopTripCount, i64 256, i64 256, i64 256" [./hls_histogram.hpp:68->hls_histogram.cpp:17]   --->   Operation 24 'speclooptripcount' 'speclooptripcount_ln68' <Predicate = true> <Delay = 0.00>
ST_3 : Operation 25 [1/1] (0.00ns)   --->   "%specloopname_ln68 = specloopname void @_ssdm_op_SpecLoopName, void @empty_10" [./hls_histogram.hpp:68->hls_histogram.cpp:17]   --->   Operation 25 'specloopname' 'specloopname_ln68' <Predicate = true> <Delay = 0.00>
ST_3 : Operation 26 [1/2] ( I:0.00ns O:0.00ns )   --->   "%store_ln70 = store i32 %local_hist_load, i8 %hist_out_addr" [./hls_histogram.hpp:70->hls_histogram.cpp:17]   --->   Operation 26 'store' 'store_ln70' <Predicate = true> <Delay = 0.00> <CoreInst = "RAM_1P">   --->   Core 87 'RAM_1P' <Latency = 1> <II = 1> <Delay = 1.23> <Storage> <Opcode : 'load' 'store'> <Ports = 1> <Width = 32> <Depth = 256> <RAM>
ST_3 : Operation 27 [1/1] (0.00ns)   --->   "%br_ln68 = br void %for.inc33.i" [./hls_histogram.hpp:68->hls_histogram.cpp:17]   --->   Operation 27 'br' 'br_ln68' <Predicate = true> <Delay = 0.00>


============================================================
+ Verbose Summary: Timing violations
============================================================
Target clock period: 10.000ns, clock uncertainty: 2.700ns.

 <State 1>: 1.664ns
The critical path consists of the following:
	'store' operation ('store_ln68', ./hls_histogram.hpp:68->hls_histogram.cpp:17) of constant 0 9 bit on local variable 'i', ./hls_histogram.hpp:68->hls_histogram.cpp:17 [7]  (0.427 ns)
	'load' operation 9 bit ('i', ./hls_histogram.hpp:68->hls_histogram.cpp:17) on local variable 'i', ./hls_histogram.hpp:68->hls_histogram.cpp:17 [10]  (0.000 ns)
	'getelementptr' operation 8 bit ('local_hist_addr', ./hls_histogram.hpp:70->hls_histogram.cpp:17) [19]  (0.000 ns)
	'load' operation 32 bit ('local_hist_load', ./hls_histogram.hpp:70->hls_histogram.cpp:17) on array 'local_hist' [20]  (1.237 ns)

 <State 2>: 1.237ns
The critical path consists of the following:
	'load' operation 32 bit ('local_hist_load', ./hls_histogram.hpp:70->hls_histogram.cpp:17) on array 'local_hist' [20]  (1.237 ns)

 <State 3>: 0.000ns
The critical path consists of the following:


============================================================
+ Verbose Summary: Binding
============================================================
N/A
* FSMD analyzer results:
  - Output states:
 - Input state : 
  - Chain level:
	State 1
	State 2
	State 3


============================================================
+ Verbose Summary: Datapath Resource usage 
============================================================
N/A
