

================================================================
== Vitis HLS Report for 'hls_histogram_gray_Pipeline_VITIS_LOOP_36_2'
================================================================
* Date:           Fri Apr 10 08:56:57 2026

* Version:        2025.2 (Build 6295257 on Nov 14 2025)
* Project:        hls_histogram
* Solution:       hls (Vivado IP Flow Target)
* Product family: zynquplus
* Target device:  xck26-sfvc784-2LV-c


================================================================
== Performance Estimates
================================================================
+ Timing: 
    * Summary: 
    +--------+----------+----------+------------+
    |  Clock |  Target  | Estimated| Uncertainty|
    +--------+----------+----------+------------+
    |ap_clk  |  10.00 ns|  4.442 ns|     2.70 ns|
    +--------+----------+----------+------------+

+ Latency: 
    * Summary: 
    +---------+---------+----------+----------+-----+-----+-------------------+
    |  Latency (cycles) |  Latency (absolute) |  Interval |      Pipeline     |
    |   min   |   max   |    min   |    max   | min | max |        Type       |
    +---------+---------+----------+----------+-----+-----+-------------------+
    |        ?|        ?|         ?|         ?|    0|    0|  loop pipeline stp|
    +---------+---------+----------+----------+-----+-----+-------------------+

    + Detail: 
        * Instance: 
        N/A

        * Loop: 
        +-------------------+---------+---------+----------+-----------+-----------+------+----------+
        |                   |  Latency (cycles) | Iteration|  Initiation Interval  | Trip |          |
        |     Loop Name     |   min   |   max   |  Latency |  achieved |   target  | Count| Pipelined|
        +-------------------+---------+---------+----------+-----------+-----------+------+----------+
        |- VITIS_LOOP_36_2  |        ?|        ?|         3|          1|          1|     ?|       yes|
        +-------------------+---------+---------+----------+-----------+-----------+------+----------+

============================================================
+ Verbose Summary: Synthesis Manager
============================================================
InlineROM: 1
ExposeGlobal: 0
============================================================
+ Verbose Summary: CDFG Model
============================================================
IsTopModel: 0
ResetActiveHigh: 1
IsCombinational: 0
IsDatapathOnly: 0
HasWiredReturn: 1
HasMFsm: 2
HasVarLatency: 1
IsPipeline: 0
IsRtlPipelined: 0
IsInstanceOverlapped: 0
IsDontTouch: 0
HasImplIP: 0
IsGatedGlobalClock: 0

+ Individual pipeline summary: 
  * Pipeline-0: initiation interval (II) = 1, depth = 3


============================================================
+ Verbose Summary: Schedule
============================================================
* Number of FSM states : 3
* Pipeline : 1
  Pipeline-0 : II = 1, D = 3, States = { 1 2 3 }
* Dataflow Pipeline: 0

* FSM state transitions: 
1 --> 2 
2 --> 3 
3 --> 

* FSM state operations: 

State 1 <SV = 0> <Delay = 1.87>
ST_1 : Operation 6 [1/1] (0.00ns)   --->   "%old_pixel = alloca i32 1" [./hls_histogram.hpp:29->hls_histogram.cpp:19]   --->   Operation 6 'alloca' 'old_pixel' <Predicate = true> <Delay = 0.00>
ST_1 : Operation 7 [1/1] (0.00ns)   --->   "%i_1 = alloca i32 1" [./hls_histogram.hpp:36->hls_histogram.cpp:19]   --->   Operation 7 'alloca' 'i_1' <Predicate = true> <Delay = 0.00>
ST_1 : Operation 8 [1/1] (0.00ns)   --->   "%old_count = alloca i32 1" [./hls_histogram.hpp:30->hls_histogram.cpp:19]   --->   Operation 8 'alloca' 'old_count' <Predicate = true> <Delay = 0.00>
ST_1 : Operation 9 [1/1] (0.00ns)   --->   "%specmemcore_ln0 = specmemcore void @_ssdm_op_SpecMemCore, i32 %local_hist, i64 666, i64 30, i64 18446744073709551615, i1 0"   --->   Operation 9 'specmemcore' 'specmemcore_ln0' <Predicate = true> <Delay = 0.00>
ST_1 : Operation 10 [1/1] (0.00ns)   --->   "%specinterface_ln0 = specinterface void @_ssdm_op_SpecInterface, i24 %stream_in, void @empty, i32 0, i32 0, void @empty_0, i32 0, i32 0, void @empty_1, void @empty_1, void @empty_1, i32 0, i32 0, i32 0, i32 0, void @empty_1, void @empty_1, i32 4294967295, i32 0, i32 0, i32 0"   --->   Operation 10 'specinterface' 'specinterface_ln0' <Predicate = true> <Delay = 0.00>
ST_1 : Operation 11 [1/1] (0.00ns)   --->   "%total_pixels_read = read i32 @_ssdm_op_Read.ap_auto.i32, i32 %total_pixels"   --->   Operation 11 'read' 'total_pixels_read' <Predicate = true> <Delay = 0.00>
ST_1 : Operation 12 [1/1] (0.47ns)   --->   "%store_ln30 = store i32 0, i32 %old_count" [./hls_histogram.hpp:30->hls_histogram.cpp:19]   --->   Operation 12 'store' 'store_ln30' <Predicate = true> <Delay = 0.47>
ST_1 : Operation 13 [1/1] (0.42ns)   --->   "%store_ln36 = store i32 0, i32 %i_1" [./hls_histogram.hpp:36->hls_histogram.cpp:19]   --->   Operation 13 'store' 'store_ln36' <Predicate = true> <Delay = 0.42>
ST_1 : Operation 14 [1/1] (0.42ns)   --->   "%store_ln29 = store i8 0, i8 %old_pixel" [./hls_histogram.hpp:29->hls_histogram.cpp:19]   --->   Operation 14 'store' 'store_ln29' <Predicate = true> <Delay = 0.42>
ST_1 : Operation 15 [1/1] (0.42ns)   --->   "%br_ln36 = br void %for.body4.i" [./hls_histogram.hpp:36->hls_histogram.cpp:19]   --->   Operation 15 'br' 'br_ln36' <Predicate = true> <Delay = 0.42>
ST_1 : Operation 16 [1/1] (0.00ns)   --->   "%i = load i32 %i_1" [./hls_histogram.hpp:36->hls_histogram.cpp:19]   --->   Operation 16 'load' 'i' <Predicate = true> <Delay = 0.00>
ST_1 : Operation 17 [1/1] (1.01ns)   --->   "%icmp_ln36 = icmp_eq  i32 %i, i32 %total_pixels_read" [./hls_histogram.hpp:36->hls_histogram.cpp:19]   --->   Operation 17 'icmp' 'icmp_ln36' <Predicate = true> <Delay = 1.01> <CoreInst = "Cmp">   --->   Core 9 'Cmp' <Latency = 0> <II = 1> <Delay = 1.01> <FuncUnit> <Opcode : 'seteq' 'setne' 'setle' 'setge' 'setlt' 'setgt'> <InPorts = 2> <OutPorts = 1>
ST_1 : Operation 18 [1/1] (1.01ns)   --->   "%i_2 = add i32 %i, i32 1" [./hls_histogram.hpp:36->hls_histogram.cpp:19]   --->   Operation 18 'add' 'i_2' <Predicate = true> <Delay = 1.01> <CoreInst = "Adder">   --->   Core 1 'Adder' <Latency = 0> <II = 1> <Delay = 1.01> <FuncUnit> <Opcode : 'add' 'sub'> <InPorts = 2> <OutPorts = 1>
ST_1 : Operation 19 [1/1] (0.00ns)   --->   "%br_ln36 = br i1 %icmp_ln36, void %for.body4.i.split, void %if.then16.i.exitStub" [./hls_histogram.hpp:36->hls_histogram.cpp:19]   --->   Operation 19 'br' 'br_ln36' <Predicate = true> <Delay = 0.00>
ST_1 : Operation 20 [1/1] (0.42ns)   --->   "%store_ln36 = store i32 %i_2, i32 %i_1" [./hls_histogram.hpp:36->hls_histogram.cpp:19]   --->   Operation 20 'store' 'store_ln36' <Predicate = (!icmp_ln36)> <Delay = 0.42>
ST_1 : Operation 21 [1/1] (0.00ns)   --->   "%br_ln36 = br void %for.body4.i" [./hls_histogram.hpp:36->hls_histogram.cpp:19]   --->   Operation 21 'br' 'br_ln36' <Predicate = (!icmp_ln36)> <Delay = 0.00>

State 2 <SV = 1> <Delay = 2.36>
ST_2 : Operation 22 [1/1] (0.00ns)   --->   "%is_first_pixel = phi i1 1, void %newFuncRoot, i1 0, void %for.inc14.i"   --->   Operation 22 'phi' 'is_first_pixel' <Predicate = true> <Delay = 0.00>
ST_2 : Operation 23 [1/1] (0.00ns)   --->   "%old_pixel_1 = load i8 %old_pixel"   --->   Operation 23 'load' 'old_pixel_1' <Predicate = true> <Delay = 0.00>
ST_2 : Operation 24 [1/1] (0.00ns)   --->   "%specpipeline_ln38 = specpipeline void @_ssdm_op_SpecPipeline, i32 1, i32 0, i32 0, i32 0, i32 4294967295, void @empty_1" [./hls_histogram.hpp:38->hls_histogram.cpp:19]   --->   Operation 24 'specpipeline' 'specpipeline_ln38' <Predicate = (!icmp_ln36)> <Delay = 0.00>
ST_2 : Operation 25 [1/1] (0.00ns)   --->   "%specloopname_ln36 = specloopname void @_ssdm_op_SpecLoopName, void @empty_11" [./hls_histogram.hpp:36->hls_histogram.cpp:19]   --->   Operation 25 'specloopname' 'specloopname_ln36' <Predicate = (!icmp_ln36)> <Delay = 0.00>
ST_2 : Operation 26 [1/1] ( I:0.07ns O:0.07ns )   --->   "%stream_in_read = read i24 @_ssdm_op_Read.axis.volatile.i24P128A, i24 %stream_in" [./hls_histogram.hpp:41->hls_histogram.cpp:19]   --->   Operation 26 'read' 'stream_in_read' <Predicate = (!icmp_ln36)> <Delay = 0.07> <CoreInst = "regslice">   --->   Core 147 'regslice' <Latency = 0> <II = 1> <Delay = 0.62> <Adapter> <Opcode : 'read' 'write'>
ST_2 : Operation 27 [1/1] (0.00ns)   --->   "%old_pixel_2 = trunc i24 %stream_in_read" [./hls_histogram.hpp:41->hls_histogram.cpp:19]   --->   Operation 27 'trunc' 'old_pixel_2' <Predicate = (!icmp_ln36)> <Delay = 0.00>
ST_2 : Operation 28 [1/1] (0.76ns)   --->   "%icmp_ln47 = icmp_ne  i8 %old_pixel_2, i8 %old_pixel_1" [./hls_histogram.hpp:47->hls_histogram.cpp:19]   --->   Operation 28 'icmp' 'icmp_ln47' <Predicate = (!icmp_ln36)> <Delay = 0.76> <CoreInst = "Cmp">   --->   Core 9 'Cmp' <Latency = 0> <II = 1> <Delay = 0.76> <FuncUnit> <Opcode : 'seteq' 'setne' 'setle' 'setge' 'setlt' 'setgt'> <InPorts = 2> <OutPorts = 1>
ST_2 : Operation 29 [1/1] (0.28ns)   --->   "%or_ln47 = or i1 %is_first_pixel, i1 %icmp_ln47" [./hls_histogram.hpp:47->hls_histogram.cpp:19]   --->   Operation 29 'or' 'or_ln47' <Predicate = (!icmp_ln36)> <Delay = 0.28> <CoreInst = "LogicGate">   --->   Core 74 'LogicGate' <Latency = 0> <II = 1> <Delay = 0.28> <FuncUnit> <Opcode : 'and' 'or' 'xor'> <InPorts = 2> <OutPorts = 1>
ST_2 : Operation 30 [1/1] (0.00ns)   --->   "%br_ln47 = br i1 %or_ln47, void %for.inc14.i, void %if.else.i" [./hls_histogram.hpp:47->hls_histogram.cpp:19]   --->   Operation 30 'br' 'br_ln47' <Predicate = (!icmp_ln36)> <Delay = 0.00>
ST_2 : Operation 31 [1/1] (0.00ns)   --->   "%zext_ln55 = zext i8 %old_pixel_2" [./hls_histogram.hpp:55->hls_histogram.cpp:19]   --->   Operation 31 'zext' 'zext_ln55' <Predicate = (!icmp_ln36 & or_ln47)> <Delay = 0.00>
ST_2 : Operation 32 [1/1] (0.00ns)   --->   "%local_hist_addr = getelementptr i32 %local_hist, i64 0, i64 %zext_ln55" [./hls_histogram.hpp:55->hls_histogram.cpp:19]   --->   Operation 32 'getelementptr' 'local_hist_addr' <Predicate = (!icmp_ln36 & or_ln47)> <Delay = 0.00>
ST_2 : Operation 33 [2/2] (1.23ns)   --->   "%local_hist_load = load i8 %local_hist_addr" [./hls_histogram.hpp:55->hls_histogram.cpp:19]   --->   Operation 33 'load' 'local_hist_load' <Predicate = (!icmp_ln36 & or_ln47)> <Delay = 1.23> <CoreInst = "RAM_T2P_BRAM">   --->   Core 98 'RAM_T2P_BRAM' <Latency = 1> <II = 1> <Delay = 1.23> <Storage> <Opcode : 'load' 'store'> <Ports = 2> <Width = 32> <Depth = 256> <RAM>
ST_2 : Operation 34 [1/1] (0.00ns)   --->   "%br_ln58 = br i1 %is_first_pixel, void %if.then10.i, void %if.end.i" [./hls_histogram.hpp:58->hls_histogram.cpp:19]   --->   Operation 34 'br' 'br_ln58' <Predicate = (!icmp_ln36 & or_ln47)> <Delay = 0.00>
ST_2 : Operation 35 [1/1] (0.00ns)   --->   "%old_count_load_1 = load i32 %old_count" [./hls_histogram.hpp:60->hls_histogram.cpp:19]   --->   Operation 35 'load' 'old_count_load_1' <Predicate = (!icmp_ln36 & or_ln47 & !is_first_pixel)> <Delay = 0.00>
ST_2 : Operation 36 [1/1] (0.00ns)   --->   "%zext_ln60 = zext i8 %old_pixel_1" [./hls_histogram.hpp:60->hls_histogram.cpp:19]   --->   Operation 36 'zext' 'zext_ln60' <Predicate = (!icmp_ln36 & or_ln47 & !is_first_pixel)> <Delay = 0.00>
ST_2 : Operation 37 [1/1] (0.00ns)   --->   "%local_hist_addr_1 = getelementptr i32 %local_hist, i64 0, i64 %zext_ln60" [./hls_histogram.hpp:60->hls_histogram.cpp:19]   --->   Operation 37 'getelementptr' 'local_hist_addr_1' <Predicate = (!icmp_ln36 & or_ln47 & !is_first_pixel)> <Delay = 0.00>
ST_2 : Operation 38 [1/1] ( I:1.23ns O:1.23ns )   --->   "%store_ln60 = store i32 %old_count_load_1, i8 %local_hist_addr_1" [./hls_histogram.hpp:60->hls_histogram.cpp:19]   --->   Operation 38 'store' 'store_ln60' <Predicate = (!icmp_ln36 & or_ln47 & !is_first_pixel)> <Delay = 1.23> <CoreInst = "RAM_T2P_BRAM">   --->   Core 98 'RAM_T2P_BRAM' <Latency = 1> <II = 1> <Delay = 1.23> <Storage> <Opcode : 'load' 'store'> <Ports = 2> <Width = 32> <Depth = 256> <RAM>
ST_2 : Operation 39 [1/1] (0.00ns)   --->   "%br_ln61 = br void %if.end.i" [./hls_histogram.hpp:61->hls_histogram.cpp:19]   --->   Operation 39 'br' 'br_ln61' <Predicate = (!icmp_ln36 & or_ln47 & !is_first_pixel)> <Delay = 0.00>
ST_2 : Operation 40 [1/1] (0.42ns)   --->   "%store_ln29 = store i8 %old_pixel_2, i8 %old_pixel" [./hls_histogram.hpp:29->hls_histogram.cpp:19]   --->   Operation 40 'store' 'store_ln29' <Predicate = (!icmp_ln36)> <Delay = 0.42>
ST_2 : Operation 47 [1/1] (0.00ns)   --->   "%old_count_load = load i32 %old_count"   --->   Operation 47 'load' 'old_count_load' <Predicate = (icmp_ln36)> <Delay = 0.00>
ST_2 : Operation 48 [1/1] (0.00ns)   --->   "%write_ln0 = write void @_ssdm_op_Write.ap_auto.i32P0A, i32 %old_count_out, i32 %old_count_load"   --->   Operation 48 'write' 'write_ln0' <Predicate = (icmp_ln36)> <Delay = 0.00>
ST_2 : Operation 49 [1/1] (0.00ns)   --->   "%write_ln0 = write void @_ssdm_op_Write.ap_auto.i8P0A, i8 %old_pixel_out, i8 %old_pixel_1"   --->   Operation 49 'write' 'write_ln0' <Predicate = (icmp_ln36)> <Delay = 0.00>
ST_2 : Operation 50 [1/1] (0.42ns)   --->   "%ret_ln0 = ret"   --->   Operation 50 'ret' 'ret_ln0' <Predicate = (icmp_ln36)> <Delay = 0.42>

State 3 <SV = 2> <Delay = 4.44>
ST_3 : Operation 41 [1/2] ( I:1.23ns O:1.23ns )   --->   "%local_hist_load = load i8 %local_hist_addr" [./hls_histogram.hpp:55->hls_histogram.cpp:19]   --->   Operation 41 'load' 'local_hist_load' <Predicate = (or_ln47)> <Delay = 1.23> <CoreInst = "RAM_T2P_BRAM">   --->   Core 98 'RAM_T2P_BRAM' <Latency = 1> <II = 1> <Delay = 1.23> <Storage> <Opcode : 'load' 'store'> <Ports = 2> <Width = 32> <Depth = 256> <RAM>
ST_3 : Operation 42 [1/1] (0.47ns)   --->   "%store_ln30 = store i32 %local_hist_load, i32 %old_count" [./hls_histogram.hpp:30->hls_histogram.cpp:19]   --->   Operation 42 'store' 'store_ln30' <Predicate = (or_ln47)> <Delay = 0.47>
ST_3 : Operation 43 [1/1] (0.00ns)   --->   "%br_ln0 = br void %for.inc14.i"   --->   Operation 43 'br' 'br_ln0' <Predicate = (or_ln47)> <Delay = 0.00>
ST_3 : Operation 44 [1/1] (0.00ns)   --->   "%old_count_load_2 = load i32 %old_count" [./hls_histogram.hpp:44->hls_histogram.cpp:19]   --->   Operation 44 'load' 'old_count_load_2' <Predicate = (!icmp_ln36)> <Delay = 0.00>
ST_3 : Operation 45 [1/1] (1.01ns)   --->   "%current_count = add i32 %old_count_load_2, i32 1" [./hls_histogram.hpp:44->hls_histogram.cpp:19]   --->   Operation 45 'add' 'current_count' <Predicate = (!icmp_ln36)> <Delay = 1.01> <CoreInst = "Adder">   --->   Core 1 'Adder' <Latency = 0> <II = 1> <Delay = 1.01> <FuncUnit> <Opcode : 'add' 'sub'> <InPorts = 2> <OutPorts = 1>
ST_3 : Operation 46 [1/1] (0.47ns)   --->   "%store_ln30 = store i32 %current_count, i32 %old_count" [./hls_histogram.hpp:30->hls_histogram.cpp:19]   --->   Operation 46 'store' 'store_ln30' <Predicate = (!icmp_ln36)> <Delay = 0.47>


============================================================
+ Verbose Summary: Timing violations
============================================================
Target clock period: 10.000ns, clock uncertainty: 2.700ns.

 <State 1>: 1.870ns
The critical path consists of the following:
	'store' operation ('store_ln36', ./hls_histogram.hpp:36->hls_histogram.cpp:19) of constant 0 32 bit on local variable 'i', ./hls_histogram.hpp:36->hls_histogram.cpp:19 [13]  (0.427 ns)
	'load' operation 32 bit ('i', ./hls_histogram.hpp:36->hls_histogram.cpp:19) on local variable 'i', ./hls_histogram.hpp:36->hls_histogram.cpp:19 [19]  (0.000 ns)
	'icmp' operation 1 bit ('icmp_ln36', ./hls_histogram.hpp:36->hls_histogram.cpp:19) [20]  (1.016 ns)
	'store' operation ('store_ln36', ./hls_histogram.hpp:36->hls_histogram.cpp:19) of variable 'i', ./hls_histogram.hpp:36->hls_histogram.cpp:19 32 bit on local variable 'i', ./hls_histogram.hpp:36->hls_histogram.cpp:19 [49]  (0.427 ns)

 <State 2>: 2.368ns
The critical path consists of the following:
	axis read operation ('stream_in_read', ./hls_histogram.hpp:41->hls_histogram.cpp:19) on port 'stream_in' (./hls_histogram.hpp:41->hls_histogram.cpp:19) [26]  (0.079 ns)
	'icmp' operation 1 bit ('icmp_ln47', ./hls_histogram.hpp:47->hls_histogram.cpp:19) [28]  (0.765 ns)
	'or' operation 1 bit ('or_ln47', ./hls_histogram.hpp:47->hls_histogram.cpp:19) [29]  (0.287 ns)
	'store' operation ('store_ln60', ./hls_histogram.hpp:60->hls_histogram.cpp:19) of variable 'old_count_load_1', ./hls_histogram.hpp:60->hls_histogram.cpp:19 32 bit on array 'local_hist' [40]  (1.237 ns)

 <State 3>: 4.442ns
The critical path consists of the following:
	'load' operation 32 bit ('local_hist_load', ./hls_histogram.hpp:55->hls_histogram.cpp:19) on array 'local_hist' [34]  (1.237 ns)
	'store' operation ('store_ln30', ./hls_histogram.hpp:30->hls_histogram.cpp:19) of variable 'local_hist_load', ./hls_histogram.hpp:55->hls_histogram.cpp:19 32 bit on local variable 'old_count', ./hls_histogram.hpp:30->hls_histogram.cpp:19 [43]  (0.476 ns)
	'load' operation 32 bit ('old_count_load_2', ./hls_histogram.hpp:44->hls_histogram.cpp:19) on local variable 'old_count', ./hls_histogram.hpp:30->hls_histogram.cpp:19 [46]  (0.000 ns)
	'add' operation 32 bit ('current_count', ./hls_histogram.hpp:44->hls_histogram.cpp:19) [47]  (1.016 ns)
	'store' operation ('store_ln30', ./hls_histogram.hpp:30->hls_histogram.cpp:19) of variable 'current_count', ./hls_histogram.hpp:44->hls_histogram.cpp:19 32 bit on local variable 'old_count', ./hls_histogram.hpp:30->hls_histogram.cpp:19 [48]  (0.476 ns)
	'load' operation 32 bit ('old_count_load_1', ./hls_histogram.hpp:60->hls_histogram.cpp:19) on local variable 'old_count', ./hls_histogram.hpp:30->hls_histogram.cpp:19 [37]  (0.000 ns)
	'store' operation ('store_ln60', ./hls_histogram.hpp:60->hls_histogram.cpp:19) of variable 'old_count_load_1', ./hls_histogram.hpp:60->hls_histogram.cpp:19 32 bit on array 'local_hist' [40]  (1.237 ns)


============================================================
+ Verbose Summary: Binding
============================================================
N/A
* FSMD analyzer results:
  - Output states:
 - Input state : 
  - Chain level:
	State 1
	State 2
	State 3


============================================================
+ Verbose Summary: Datapath Resource usage 
============================================================
N/A
