

================================================================
== Vitis HLS Report for 'hls_histogram_gray'
================================================================
* Date:           Thu Jun 25 12:08:24 2026

* Version:        2025.2 (Build 6295257 on Nov 14 2025)
* Project:        hls_histogram
* Solution:       hls (Vivado IP Flow Target)
* Product family: zynquplus
* Target device:  xck26-sfvc784-2LV-c


================================================================
== Performance Estimates
================================================================
+ Timing: 
    * Summary: 
    +--------+----------+----------+------------+
    |  Clock |  Target  | Estimated| Uncertainty|
    +--------+----------+----------+------------+
    |ap_clk  |  10.00 ns|  6.788 ns|     2.70 ns|
    +--------+----------+----------+------------+

+ Latency: 
    * Summary: 
    +---------+---------+----------+----------+-----+-----+---------+
    |  Latency (cycles) |  Latency (absolute) |  Interval | Pipeline|
    |   min   |   max   |    min   |    max   | min | max |   Type  |
    +---------+---------+----------+----------+-----+-----+---------+
    |        ?|        ?|         ?|         ?|    ?|    ?|       no|
    +---------+---------+----------+----------+-----+-----+---------+

    + Detail: 
        * Instance: 
        +--------------------------------------------------------+---------------------------------------------+---------+---------+----------+----------+-----+-----+-------------------+
        |                                                        |                                             |  Latency (cycles) |  Latency (absolute) |  Interval |      Pipeline     |
        |                        Instance                        |                    Module                   |   min   |   max   |    min   |    max   | min | max |        Type       |
        +--------------------------------------------------------+---------------------------------------------+---------+---------+----------+----------+-----+-----+-------------------+
        |grp_hls_histogram_gray_Pipeline_VITIS_LOOP_19_1_fu_102  |hls_histogram_gray_Pipeline_VITIS_LOOP_19_1  |      258|      258|  2.580 us|  2.580 us|    0|    0|  loop pipeline stp|
        |grp_hls_histogram_gray_Pipeline_VITIS_LOOP_32_2_fu_108  |hls_histogram_gray_Pipeline_VITIS_LOOP_32_2  |        ?|        ?|         ?|         ?|    0|    0|  loop pipeline stp|
        |grp_hls_histogram_gray_Pipeline_VITIS_LOOP_68_3_fu_118  |hls_histogram_gray_Pipeline_VITIS_LOOP_68_3  |      259|      259|  2.590 us|  2.590 us|    0|    0|  loop pipeline stp|
        +--------------------------------------------------------+---------------------------------------------+---------+---------+----------+----------+-----+-----+-------------------+

        * Loop: 
        N/A

============================================================
+ Verbose Summary: Synthesis Manager
============================================================
InlineROM: 1
ExposeGlobal: 0
============================================================
+ Verbose Summary: CDFG Model
============================================================
IsTopModel: 1
ResetActiveHigh: 1
IsCombinational: 0
IsDatapathOnly: 0
HasWiredReturn: 1
HasMFsm: 0
HasVarLatency: 1
IsPipeline: 0
IsRtlPipelined: 0
IsInstanceOverlapped: 0
IsDontTouch: 0
HasImplIP: 0
IsGatedGlobalClock: 0


============================================================
+ Verbose Summary: Schedule
============================================================
* Number of FSM states : 7
* Pipeline : 0
* Dataflow Pipeline: 0

* FSM state transitions: 
1 --> 2 
2 --> 3 
3 --> 4 
4 --> 5 
5 --> 6 
6 --> 7 
7 --> 

* FSM state operations: 

State 1 <SV = 0> <Delay = 1.23>
ST_1 : Operation 8 [1/1] (0.00ns)   --->   "%old_pixel_loc = alloca i64 1"   --->   Operation 8 'alloca' 'old_pixel_loc' <Predicate = true> <Delay = 0.00>
ST_1 : Operation 9 [1/1] (0.00ns)   --->   "%old_count_loc = alloca i64 1"   --->   Operation 9 'alloca' 'old_count_loc' <Predicate = true> <Delay = 0.00>
ST_1 : Operation 10 [1/1] (1.23ns)   --->   "%local_hist = alloca i64 1" [./hls_histogram.hpp:15->hls_histogram.cpp:17]   --->   Operation 10 'alloca' 'local_hist' <Predicate = true> <Delay = 1.23> <CoreInst = "RAM_T2P_BRAM">   --->   Core 98 'RAM_T2P_BRAM' <Latency = 1> <II = 1> <Delay = 1.23> <Storage> <Opcode : 'load' 'store'> <Ports = 2> <Width = 32> <Depth = 256> <RAM>
ST_1 : Operation 11 [2/2] (0.00ns)   --->   "%call_ln0 = call void @hls_histogram_gray_Pipeline_VITIS_LOOP_19_1, i32 %local_hist"   --->   Operation 11 'call' 'call_ln0' <Predicate = true> <Delay = 0.00> <CoreType = "Generic">   --->   Generic Core

State 2 <SV = 1> <Delay = 1.63>
ST_2 : Operation 12 [1/2] (1.63ns)   --->   "%call_ln0 = call void @hls_histogram_gray_Pipeline_VITIS_LOOP_19_1, i32 %local_hist"   --->   Operation 12 'call' 'call_ln0' <Predicate = true> <Delay = 1.63> <CoreType = "Generic">   --->   Generic Core

State 3 <SV = 2> <Delay = 6.78>
ST_3 : Operation 13 [1/1] (1.00ns)   --->   "%height_read = read i32 @_ssdm_op_Read.s_axilite.i32, i32 %height"   --->   Operation 13 'read' 'height_read' <Predicate = true> <Delay = 1.00> <CoreInst = "s_axilite">   --->   Core 120 's_axilite' <Latency = 0> <II = 1> <Delay = 1.00> <Adapter> <Opcode : 'read' 'write'>
ST_3 : Operation 14 [1/1] (1.00ns)   --->   "%width_read = read i32 @_ssdm_op_Read.s_axilite.i32, i32 %width"   --->   Operation 14 'read' 'width_read' <Predicate = true> <Delay = 1.00> <CoreInst = "s_axilite">   --->   Core 120 's_axilite' <Latency = 0> <II = 1> <Delay = 1.00> <Adapter> <Opcode : 'read' 'write'>
ST_3 : Operation 15 [1/1] (3.42ns)   --->   "%total_pixels = mul i32 %height_read, i32 %width_read" [./hls_histogram.hpp:29->hls_histogram.cpp:17]   --->   Operation 15 'mul' 'total_pixels' <Predicate = true> <Delay = 3.42> <CoreInst = "Multiplier">   --->   Core 3 'Multiplier' <Latency = 0> <II = 1> <Delay = 3.42> <FuncUnit> <Opcode : 'mul'> <InPorts = 2> <OutPorts = 1>
ST_3 : Operation 16 [2/2] (2.36ns)   --->   "%call_ln29 = call void @hls_histogram_gray_Pipeline_VITIS_LOOP_32_2, i32 %total_pixels, i24 %stream_in, i32 %local_hist, i32 %old_count_loc, i8 %old_pixel_loc" [./hls_histogram.hpp:29->hls_histogram.cpp:17]   --->   Operation 16 'call' 'call_ln29' <Predicate = true> <Delay = 2.36> <CoreType = "Generic">   --->   Generic Core
ST_3 : Operation 17 [1/1] (1.01ns)   --->   "%icmp_ln32 = icmp_eq  i32 %total_pixels, i32 0" [./hls_histogram.hpp:32->hls_histogram.cpp:17]   --->   Operation 17 'icmp' 'icmp_ln32' <Predicate = true> <Delay = 1.01> <CoreInst = "Cmp">   --->   Core 9 'Cmp' <Latency = 0> <II = 1> <Delay = 1.01> <FuncUnit> <Opcode : 'seteq' 'setne' 'setle' 'setge' 'setlt' 'setgt'> <InPorts = 2> <OutPorts = 1>

State 4 <SV = 3> <Delay = 0.00>
ST_4 : Operation 18 [1/2] (0.00ns)   --->   "%call_ln29 = call void @hls_histogram_gray_Pipeline_VITIS_LOOP_32_2, i32 %total_pixels, i24 %stream_in, i32 %local_hist, i32 %old_count_loc, i8 %old_pixel_loc" [./hls_histogram.hpp:29->hls_histogram.cpp:17]   --->   Operation 18 'call' 'call_ln29' <Predicate = true> <Delay = 0.00> <CoreType = "Generic">   --->   Generic Core

State 5 <SV = 4> <Delay = 1.23>
ST_5 : Operation 19 [1/1] (0.00ns)   --->   "%spectopmodule_ln3 = spectopmodule void @_ssdm_op_SpecTopModule, void @empty_9" [hls_histogram.cpp:3]   --->   Operation 19 'spectopmodule' 'spectopmodule_ln3' <Predicate = true> <Delay = 0.00>
ST_5 : Operation 20 [1/1] (0.00ns)   --->   "%specinterface_ln0 = specinterface void @_ssdm_op_SpecInterface, i24 %stream_in, void @empty, i32 1, i32 1, void @empty_0, i32 0, i32 0, void @empty_1, void @empty_1, void @empty_1, i32 0, i32 0, i32 0, i32 0, void @empty_1, void @empty_1, i32 4294967295, i32 0, i32 0, i32 0"   --->   Operation 20 'specinterface' 'specinterface_ln0' <Predicate = true> <Delay = 0.00>
ST_5 : Operation 21 [1/1] (0.00ns)   --->   "%specbitsmap_ln0 = specbitsmap void @_ssdm_op_SpecBitsMap, i24 %stream_in"   --->   Operation 21 'specbitsmap' 'specbitsmap_ln0' <Predicate = true> <Delay = 0.00>
ST_5 : Operation 22 [1/1] (0.00ns)   --->   "%specinterface_ln0 = specinterface void @_ssdm_op_SpecInterface, i32 %hist_out, void @empty_2, i32 0, i32 0, void @empty_1, i32 0, i32 0, void @empty_3, void @empty_4, void @empty_1, i32 0, i32 0, i32 0, i32 0, void @empty_1, void @empty_1, i32 4294967295, i32 0, i32 0, i32 0"   --->   Operation 22 'specinterface' 'specinterface_ln0' <Predicate = true> <Delay = 0.00>
ST_5 : Operation 23 [1/1] (0.00ns)   --->   "%specinterface_ln0 = specinterface void @_ssdm_op_SpecInterface, i32 %hist_out, void @empty_5, i32 0, i32 0, void @empty_1, i32 1, i32 0, void @empty_1, void @empty_1, void @empty_1, i32 0, i32 0, i32 0, i32 0, void @empty_1, void @empty_1, i32 4294967295, i32 0, i32 0, i32 0"   --->   Operation 23 'specinterface' 'specinterface_ln0' <Predicate = true> <Delay = 0.00>
ST_5 : Operation 24 [1/1] (0.00ns)   --->   "%specmemcore_ln0 = specmemcore void @_ssdm_op_SpecMemCore, i32 %hist_out, i64 666, i64 207, i64 1, i1 0"   --->   Operation 24 'specmemcore' 'specmemcore_ln0' <Predicate = true> <Delay = 0.00>
ST_5 : Operation 25 [1/1] (0.00ns)   --->   "%specbitsmap_ln0 = specbitsmap void @_ssdm_op_SpecBitsMap, i32 %hist_out"   --->   Operation 25 'specbitsmap' 'specbitsmap_ln0' <Predicate = true> <Delay = 0.00>
ST_5 : Operation 26 [1/1] (0.00ns)   --->   "%specbitsmap_ln0 = specbitsmap void @_ssdm_op_SpecBitsMap, i32 %width"   --->   Operation 26 'specbitsmap' 'specbitsmap_ln0' <Predicate = true> <Delay = 0.00>
ST_5 : Operation 27 [1/1] (0.00ns)   --->   "%specinterface_ln0 = specinterface void @_ssdm_op_SpecInterface, i32 %width, void @empty_2, i32 4294967295, i32 4294967295, void @empty_1, i32 0, i32 0, void @empty_3, void @empty_6, void @empty_1, i32 0, i32 0, i32 0, i32 0, void @empty_1, void @empty_1, i32 4294967295, i32 0, i32 0, i32 0"   --->   Operation 27 'specinterface' 'specinterface_ln0' <Predicate = true> <Delay = 0.00>
ST_5 : Operation 28 [1/1] (0.00ns)   --->   "%specinterface_ln0 = specinterface void @_ssdm_op_SpecInterface, i32 %width, void @empty_7, i32 0, i32 0, void @empty_1, i32 0, i32 0, void @empty_1, void @empty_1, void @empty_1, i32 0, i32 0, i32 0, i32 0, void @empty_1, void @empty_1, i32 4294967295, i32 0, i32 0, i32 0"   --->   Operation 28 'specinterface' 'specinterface_ln0' <Predicate = true> <Delay = 0.00>
ST_5 : Operation 29 [1/1] (0.00ns)   --->   "%specbitsmap_ln0 = specbitsmap void @_ssdm_op_SpecBitsMap, i32 %height"   --->   Operation 29 'specbitsmap' 'specbitsmap_ln0' <Predicate = true> <Delay = 0.00>
ST_5 : Operation 30 [1/1] (0.00ns)   --->   "%specinterface_ln0 = specinterface void @_ssdm_op_SpecInterface, i32 %height, void @empty_2, i32 4294967295, i32 4294967295, void @empty_1, i32 0, i32 0, void @empty_3, void @empty_8, void @empty_1, i32 0, i32 0, i32 0, i32 0, void @empty_1, void @empty_1, i32 4294967295, i32 0, i32 0, i32 0"   --->   Operation 30 'specinterface' 'specinterface_ln0' <Predicate = true> <Delay = 0.00>
ST_5 : Operation 31 [1/1] (0.00ns)   --->   "%specinterface_ln0 = specinterface void @_ssdm_op_SpecInterface, i32 %height, void @empty_7, i32 0, i32 0, void @empty_1, i32 0, i32 0, void @empty_1, void @empty_1, void @empty_1, i32 0, i32 0, i32 0, i32 0, void @empty_1, void @empty_1, i32 4294967295, i32 0, i32 0, i32 0"   --->   Operation 31 'specinterface' 'specinterface_ln0' <Predicate = true> <Delay = 0.00>
ST_5 : Operation 32 [1/1] (0.00ns)   --->   "%specinterface_ln0 = specinterface void @_ssdm_op_SpecInterface, i32 0, void @empty_2, i32 0, i32 0, void @empty_1, i32 0, i32 0, void @empty_3, void @empty_1, void @empty_1, i32 0, i32 0, i32 0, i32 0, void @empty_1, void @empty_1, i32 0, i32 0, i32 0, i32 0"   --->   Operation 32 'specinterface' 'specinterface_ln0' <Predicate = true> <Delay = 0.00>
ST_5 : Operation 33 [1/1] (0.00ns)   --->   "%specmemcore_ln16 = specmemcore void @_ssdm_op_SpecMemCore, i32 %local_hist, i64 666, i64 30, i64 18446744073709551615, i1 0" [./hls_histogram.hpp:16->hls_histogram.cpp:17]   --->   Operation 33 'specmemcore' 'specmemcore_ln16' <Predicate = true> <Delay = 0.00>
ST_5 : Operation 34 [1/1] (0.00ns)   --->   "%old_count_loc_load = load i32 %old_count_loc"   --->   Operation 34 'load' 'old_count_loc_load' <Predicate = true> <Delay = 0.00>
ST_5 : Operation 35 [1/1] (0.00ns)   --->   "%old_pixel_loc_load = load i8 %old_pixel_loc"   --->   Operation 35 'load' 'old_pixel_loc_load' <Predicate = true> <Delay = 0.00>
ST_5 : Operation 36 [1/1] (0.00ns)   --->   "%br_ln32 = br i1 %icmp_ln32, void %if.then20.i.split, void %VITIS_LOOP_68_3.i" [./hls_histogram.hpp:32->hls_histogram.cpp:17]   --->   Operation 36 'br' 'br_ln32' <Predicate = true> <Delay = 0.00>
ST_5 : Operation 37 [1/1] (0.00ns)   --->   "%zext_ln64 = zext i8 %old_pixel_loc_load" [./hls_histogram.hpp:64->hls_histogram.cpp:17]   --->   Operation 37 'zext' 'zext_ln64' <Predicate = (!icmp_ln32)> <Delay = 0.00>
ST_5 : Operation 38 [1/1] (0.00ns)   --->   "%local_hist_addr_1 = getelementptr i32 %local_hist, i64 0, i64 %zext_ln64" [./hls_histogram.hpp:64->hls_histogram.cpp:17]   --->   Operation 38 'getelementptr' 'local_hist_addr_1' <Predicate = (!icmp_ln32)> <Delay = 0.00>
ST_5 : Operation 39 [1/1] ( I:1.23ns O:1.23ns )   --->   "%store_ln64 = store i32 %old_count_loc_load, i8 %local_hist_addr_1" [./hls_histogram.hpp:64->hls_histogram.cpp:17]   --->   Operation 39 'store' 'store_ln64' <Predicate = (!icmp_ln32)> <Delay = 1.23> <CoreInst = "RAM_T2P_BRAM">   --->   Core 98 'RAM_T2P_BRAM' <Latency = 1> <II = 1> <Delay = 1.23> <Storage> <Opcode : 'load' 'store'> <Ports = 2> <Width = 32> <Depth = 256> <RAM>
ST_5 : Operation 40 [1/1] (0.00ns)   --->   "%br_ln65 = br void %VITIS_LOOP_68_3.i" [./hls_histogram.hpp:65->hls_histogram.cpp:17]   --->   Operation 40 'br' 'br_ln65' <Predicate = (!icmp_ln32)> <Delay = 0.00>

State 6 <SV = 5> <Delay = 0.00>
ST_6 : Operation 41 [2/2] (0.00ns)   --->   "%call_ln0 = call void @hls_histogram_gray_Pipeline_VITIS_LOOP_68_3, i32 %local_hist, i32 %hist_out"   --->   Operation 41 'call' 'call_ln0' <Predicate = true> <Delay = 0.00> <CoreType = "Generic">   --->   Generic Core

State 7 <SV = 6> <Delay = 0.00>
ST_7 : Operation 42 [1/2] (0.00ns)   --->   "%call_ln0 = call void @hls_histogram_gray_Pipeline_VITIS_LOOP_68_3, i32 %local_hist, i32 %hist_out"   --->   Operation 42 'call' 'call_ln0' <Predicate = true> <Delay = 0.00> <CoreType = "Generic">   --->   Generic Core
ST_7 : Operation 43 [1/1] (0.00ns)   --->   "%ret_ln18 = ret" [hls_histogram.cpp:18]   --->   Operation 43 'ret' 'ret_ln18' <Predicate = true> <Delay = 0.00>


============================================================
+ Verbose Summary: Binding
============================================================
STG Binding: 
---------------- STG Properties BEGIN ----------------
- Is combinational: 0
- Is one-state seq: 0
- Is datapath-only: 0
- Is pipelined: 0
- Is top level: 1
Port [ Return ] is wired: 1; IO mode=ap_ctrl_hs:ce=0
Port [ stream_in]:  wired=1; compound=1; hidden=0; nouse=0; global=0; static=0; extern=0; dir=0; type=0; pingpong=0; private_global=0; IO mode=axis:ce=0
Port [ hist_out]:  wired=1; compound=1; hidden=0; nouse=0; global=0; static=0; extern=0; dir=1; type=1; pingpong=0; private_global=0; MemPort=[0]; IO mode=ap_memory:ce=0
Port [ width]:  wired=1; compound=0; hidden=0; nouse=0; global=0; static=0; extern=0; dir=0; type=0; pingpong=0; private_global=0; IO mode=ap_none:ce=0
Port [ height]:  wired=1; compound=0; hidden=0; nouse=0; global=0; static=0; extern=0; dir=0; type=0; pingpong=0; private_global=0; IO mode=ap_none:ce=0
---------------- STG Properties END ------------------

---------------- Datapath Model BEGIN ----------------

<LifeTime>
<method=bitvector/>
old_pixel_loc      (alloca       ) [ 00111100]
old_count_loc      (alloca       ) [ 00111100]
local_hist         (alloca       ) [ 00111111]
call_ln0           (call         ) [ 00000000]
height_read        (read         ) [ 00000000]
width_read         (read         ) [ 00000000]
total_pixels       (mul          ) [ 00001000]
icmp_ln32          (icmp         ) [ 00001100]
call_ln29          (call         ) [ 00000000]
spectopmodule_ln3  (spectopmodule) [ 00000000]
specinterface_ln0  (specinterface) [ 00000000]
specbitsmap_ln0    (specbitsmap  ) [ 00000000]
specinterface_ln0  (specinterface) [ 00000000]
specinterface_ln0  (specinterface) [ 00000000]
specmemcore_ln0    (specmemcore  ) [ 00000000]
specbitsmap_ln0    (specbitsmap  ) [ 00000000]
specbitsmap_ln0    (specbitsmap  ) [ 00000000]
specinterface_ln0  (specinterface) [ 00000000]
specinterface_ln0  (specinterface) [ 00000000]
specbitsmap_ln0    (specbitsmap  ) [ 00000000]
specinterface_ln0  (specinterface) [ 00000000]
specinterface_ln0  (specinterface) [ 00000000]
specinterface_ln0  (specinterface) [ 00000000]
specmemcore_ln16   (specmemcore  ) [ 00000000]
old_count_loc_load (load         ) [ 00000000]
old_pixel_loc_load (load         ) [ 00000000]
br_ln32            (br           ) [ 00000000]
zext_ln64          (zext         ) [ 00000000]
local_hist_addr_1  (getelementptr) [ 00000000]
store_ln64         (store        ) [ 00000000]
br_ln65            (br           ) [ 00000000]
call_ln0           (call         ) [ 00000000]
ret_ln18           (ret          ) [ 00000000]
</LifeTime>

<model>

<comp_list>
<comp id="0" class="1000" name="stream_in">
<pin_list>
<pin id="1" dir="1" index="0" bw="1" slack="0"/>
</pin_list>
<bind>
<StgValue><ssdm name="stream_in"/></StgValue>
</bind>
</comp>

<comp id="2" class="1000" name="hist_out">
<pin_list>
<pin id="3" dir="1" index="0" bw="1" slack="0"/>
</pin_list>
<bind>
<StgValue><ssdm name="hist_out"/><MemPortTyVec>0 </MemPortTyVec>
</StgValue>
</bind>
</comp>

<comp id="4" class="1000" name="width">
<pin_list>
<pin id="5" dir="1" index="0" bw="1" slack="0"/>
</pin_list>
<bind>
<StgValue><ssdm name="width"/></StgValue>
</bind>
</comp>

<comp id="6" class="1000" name="height">
<pin_list>
<pin id="7" dir="1" index="0" bw="1" slack="0"/>
</pin_list>
<bind>
<StgValue><ssdm name="height"/></StgValue>
</bind>
</comp>

<comp id="8" class="1001" name="const_8">
<pin_list>
<pin id="9" dir="1" index="0" bw="1" slack="0"/>
</pin_list>
<bind>
<StgValue><ssdm name=""/></StgValue>
</bind>
</comp>

<comp id="10" class="1001" name="const_10">
<pin_list>
<pin id="11" dir="1" index="0" bw="1" slack="0"/>
</pin_list>
<bind>
<StgValue><ssdm name="hls_histogram_gray_Pipeline_VITIS_LOOP_19_1"/></StgValue>
</bind>
</comp>

<comp id="12" class="1001" name="const_12">
<pin_list>
<pin id="13" dir="1" index="0" bw="1" slack="0"/>
</pin_list>
<bind>
<StgValue><ssdm name="_ssdm_op_Read.s_axilite.i32"/></StgValue>
</bind>
</comp>

<comp id="14" class="1001" name="const_14">
<pin_list>
<pin id="15" dir="1" index="0" bw="1" slack="0"/>
</pin_list>
<bind>
<StgValue><ssdm name="hls_histogram_gray_Pipeline_VITIS_LOOP_32_2"/></StgValue>
</bind>
</comp>

<comp id="16" class="1001" name="const_16">
<pin_list>
<pin id="17" dir="1" index="0" bw="1" slack="0"/>
</pin_list>
<bind>
<StgValue><ssdm name=""/></StgValue>
</bind>
</comp>

<comp id="18" class="1001" name="const_18">
<pin_list>
<pin id="19" dir="1" index="0" bw="1" slack="2147483647"/>
</pin_list>
<bind>
<StgValue><ssdm name="_ssdm_op_SpecTopModule"/></StgValue>
</bind>
</comp>

<comp id="20" class="1001" name="const_20">
<pin_list>
<pin id="21" dir="1" index="0" bw="1" slack="2147483647"/>
</pin_list>
<bind>
<StgValue><ssdm name="empty_9"/></StgValue>
</bind>
</comp>

<comp id="22" class="1001" name="const_22">
<pin_list>
<pin id="23" dir="1" index="0" bw="1" slack="2147483647"/>
</pin_list>
<bind>
<StgValue><ssdm name="_ssdm_op_SpecInterface"/></StgValue>
</bind>
</comp>

<comp id="24" class="1001" name="const_24">
<pin_list>
<pin id="25" dir="1" index="0" bw="1" slack="2147483647"/>
</pin_list>
<bind>
<StgValue><ssdm name="empty"/></StgValue>
</bind>
</comp>

<comp id="26" class="1001" name="const_26">
<pin_list>
<pin id="27" dir="1" index="0" bw="1" slack="2147483647"/>
</pin_list>
<bind>
<StgValue><ssdm name=""/></StgValue>
</bind>
</comp>

<comp id="28" class="1001" name="const_28">
<pin_list>
<pin id="29" dir="1" index="0" bw="1" slack="2147483647"/>
</pin_list>
<bind>
<StgValue><ssdm name="empty_0"/></StgValue>
</bind>
</comp>

<comp id="30" class="1001" name="const_30">
<pin_list>
<pin id="31" dir="1" index="0" bw="1" slack="2147483647"/>
</pin_list>
<bind>
<StgValue><ssdm name="empty_1"/></StgValue>
</bind>
</comp>

<comp id="32" class="1001" name="const_32">
<pin_list>
<pin id="33" dir="1" index="0" bw="1" slack="2147483647"/>
</pin_list>
<bind>
<StgValue><ssdm name=""/></StgValue>
</bind>
</comp>

<comp id="34" class="1001" name="const_34">
<pin_list>
<pin id="35" dir="1" index="0" bw="1" slack="2147483647"/>
</pin_list>
<bind>
<StgValue><ssdm name="_ssdm_op_SpecBitsMap"/></StgValue>
</bind>
</comp>

<comp id="36" class="1001" name="const_36">
<pin_list>
<pin id="37" dir="1" index="0" bw="1" slack="2147483647"/>
</pin_list>
<bind>
<StgValue><ssdm name="empty_2"/></StgValue>
</bind>
</comp>

<comp id="38" class="1001" name="const_38">
<pin_list>
<pin id="39" dir="1" index="0" bw="1" slack="2147483647"/>
</pin_list>
<bind>
<StgValue><ssdm name="empty_3"/></StgValue>
</bind>
</comp>

<comp id="40" class="1001" name="const_40">
<pin_list>
<pin id="41" dir="1" index="0" bw="1" slack="2147483647"/>
</pin_list>
<bind>
<StgValue><ssdm name="empty_4"/></StgValue>
</bind>
</comp>

<comp id="42" class="1001" name="const_42">
<pin_list>
<pin id="43" dir="1" index="0" bw="1" slack="2147483647"/>
</pin_list>
<bind>
<StgValue><ssdm name="empty_5"/></StgValue>
</bind>
</comp>

<comp id="44" class="1001" name="const_44">
<pin_list>
<pin id="45" dir="1" index="0" bw="1" slack="2147483647"/>
</pin_list>
<bind>
<StgValue><ssdm name="_ssdm_op_SpecMemCore"/></StgValue>
</bind>
</comp>

<comp id="46" class="1001" name="const_46">
<pin_list>
<pin id="47" dir="1" index="0" bw="1" slack="2147483647"/>
</pin_list>
<bind>
<StgValue><ssdm name=""/></StgValue>
</bind>
</comp>

<comp id="48" class="1001" name="const_48">
<pin_list>
<pin id="49" dir="1" index="0" bw="1" slack="2147483647"/>
</pin_list>
<bind>
<StgValue><ssdm name=""/></StgValue>
</bind>
</comp>

<comp id="50" class="1001" name="const_50">
<pin_list>
<pin id="51" dir="1" index="0" bw="1" slack="2147483647"/>
</pin_list>
<bind>
<StgValue><ssdm name=""/></StgValue>
</bind>
</comp>

<comp id="52" class="1001" name="const_52">
<pin_list>
<pin id="53" dir="1" index="0" bw="1" slack="2147483647"/>
</pin_list>
<bind>
<StgValue><ssdm name="empty_6"/></StgValue>
</bind>
</comp>

<comp id="54" class="1001" name="const_54">
<pin_list>
<pin id="55" dir="1" index="0" bw="1" slack="2147483647"/>
</pin_list>
<bind>
<StgValue><ssdm name="empty_7"/></StgValue>
</bind>
</comp>

<comp id="56" class="1001" name="const_56">
<pin_list>
<pin id="57" dir="1" index="0" bw="1" slack="2147483647"/>
</pin_list>
<bind>
<StgValue><ssdm name="empty_8"/></StgValue>
</bind>
</comp>

<comp id="58" class="1001" name="const_58">
<pin_list>
<pin id="59" dir="1" index="0" bw="1" slack="2147483647"/>
</pin_list>
<bind>
<StgValue><ssdm name=""/></StgValue>
</bind>
</comp>

<comp id="60" class="1001" name="const_60">
<pin_list>
<pin id="61" dir="1" index="0" bw="1" slack="2147483647"/>
</pin_list>
<bind>
<StgValue><ssdm name=""/></StgValue>
</bind>
</comp>

<comp id="62" class="1001" name="const_62">
<pin_list>
<pin id="63" dir="1" index="0" bw="1" slack="0"/>
</pin_list>
<bind>
<StgValue><ssdm name=""/></StgValue>
</bind>
</comp>

<comp id="64" class="1001" name="const_64">
<pin_list>
<pin id="65" dir="1" index="0" bw="1" slack="0"/>
</pin_list>
<bind>
<StgValue><ssdm name="hls_histogram_gray_Pipeline_VITIS_LOOP_68_3"/></StgValue>
</bind>
</comp>

<comp id="66" class="1004" name="old_pixel_loc_fu_66">
<pin_list>
<pin id="67" dir="0" index="0" bw="1" slack="0"/>
<pin id="68" dir="1" index="1" bw="8" slack="2"/>
</pin_list>
<bind>
<opcode="alloca(26) " fcode="alloca"/>
<opset="old_pixel_loc/1 "/>
</bind>
</comp>

<comp id="70" class="1004" name="old_count_loc_fu_70">
<pin_list>
<pin id="71" dir="0" index="0" bw="1" slack="0"/>
<pin id="72" dir="1" index="1" bw="32" slack="2"/>
</pin_list>
<bind>
<opcode="alloca(26) " fcode="alloca"/>
<opset="old_count_loc/1 "/>
</bind>
</comp>

<comp id="74" class="1004" name="local_hist_alloca_fu_74">
<pin_list>
<pin id="75" dir="0" index="0" bw="1" slack="0"/>
<pin id="76" dir="1" index="1" bw="32" slack="0"/>
</pin_list>
<bind>
<opcode="alloca(26) " fcode="alloca"/>
<opset="local_hist/1 "/>
</bind>
</comp>

<comp id="78" class="1004" name="height_read_read_fu_78">
<pin_list>
<pin id="79" dir="0" index="0" bw="32" slack="0"/>
<pin id="80" dir="0" index="1" bw="32" slack="0"/>
<pin id="81" dir="1" index="2" bw="32" slack="0"/>
</pin_list>
<bind>
<opcode="read(1150) " fcode="read"/>
<opset="height_read/3 "/>
</bind>
</comp>

<comp id="84" class="1004" name="width_read_read_fu_84">
<pin_list>
<pin id="85" dir="0" index="0" bw="32" slack="0"/>
<pin id="86" dir="0" index="1" bw="32" slack="0"/>
<pin id="87" dir="1" index="2" bw="32" slack="0"/>
</pin_list>
<bind>
<opcode="read(1150) " fcode="read"/>
<opset="width_read/3 "/>
</bind>
</comp>

<comp id="90" class="1004" name="local_hist_addr_1_gep_fu_90">
<pin_list>
<pin id="91" dir="0" index="0" bw="32" slack="2147483647"/>
<pin id="92" dir="0" index="1" bw="1" slack="0"/>
<pin id="93" dir="0" index="2" bw="8" slack="0"/>
<pin id="94" dir="1" index="3" bw="8" slack="0"/>
</pin_list>
<bind>
<opcode="getelementptr(29) " fcode="getelementptr"/>
<opset="local_hist_addr_1/5 "/>
</bind>
</comp>

<comp id="96" class="1004" name="store_ln64_access_fu_96">
<pin_list>
<pin id="97" dir="0" index="0" bw="8" slack="0"/>
<pin id="98" dir="0" index="1" bw="32" slack="0"/>
<pin id="99" dir="0" index="2" bw="0" slack="2147483647"/>
<pin id="100" dir="1" index="3" bw="32" slack="2147483647"/>
</pin_list>
<bind>
<opcode="store(28) " fcode="store"/>
<opset="store_ln64/5 "/>
</bind>
</comp>

<comp id="102" class="1004" name="grp_hls_histogram_gray_Pipeline_VITIS_LOOP_19_1_fu_102">
<pin_list>
<pin id="103" dir="0" index="0" bw="0" slack="0"/>
<pin id="104" dir="0" index="1" bw="32" slack="0"/>
<pin id="105" dir="1" index="2" bw="0" slack="2147483647"/>
</pin_list>
<bind>
<opcode="call(48) " fcode="call"/>
<opset="call_ln0/1 "/>
</bind>
</comp>

<comp id="108" class="1004" name="grp_hls_histogram_gray_Pipeline_VITIS_LOOP_32_2_fu_108">
<pin_list>
<pin id="109" dir="0" index="0" bw="0" slack="0"/>
<pin id="110" dir="0" index="1" bw="32" slack="0"/>
<pin id="111" dir="0" index="2" bw="24" slack="0"/>
<pin id="112" dir="0" index="3" bw="32" slack="2147483647"/>
<pin id="113" dir="0" index="4" bw="32" slack="2"/>
<pin id="114" dir="0" index="5" bw="8" slack="2"/>
<pin id="115" dir="1" index="6" bw="0" slack="2147483647"/>
</pin_list>
<bind>
<opcode="call(48) " fcode="call"/>
<opset="call_ln29/3 "/>
</bind>
</comp>

<comp id="118" class="1004" name="grp_hls_histogram_gray_Pipeline_VITIS_LOOP_68_3_fu_118">
<pin_list>
<pin id="119" dir="0" index="0" bw="0" slack="0"/>
<pin id="120" dir="0" index="1" bw="32" slack="2147483647"/>
<pin id="121" dir="0" index="2" bw="32" slack="0"/>
<pin id="122" dir="1" index="3" bw="0" slack="2147483647"/>
</pin_list>
<bind>
<opcode="call(48) " fcode="call"/>
<opset="call_ln0/6 "/>
</bind>
</comp>

<comp id="125" class="1004" name="total_pixels_fu_125">
<pin_list>
<pin id="126" dir="0" index="0" bw="32" slack="0"/>
<pin id="127" dir="0" index="1" bw="32" slack="0"/>
<pin id="128" dir="1" index="2" bw="32" slack="0"/>
</pin_list>
<bind>
<opcode="mul(12) " fcode="mul"/>
<opset="total_pixels/3 "/>
</bind>
</comp>

<comp id="132" class="1004" name="icmp_ln32_fu_132">
<pin_list>
<pin id="133" dir="0" index="0" bw="32" slack="0"/>
<pin id="134" dir="0" index="1" bw="1" slack="0"/>
<pin id="135" dir="1" index="2" bw="1" slack="2"/>
</pin_list>
<bind>
<opcode="icmp(45) " fcode="icmp"/>
<opset="icmp_ln32/3 "/>
</bind>
</comp>

<comp id="138" class="1004" name="old_count_loc_load_load_fu_138">
<pin_list>
<pin id="139" dir="0" index="0" bw="32" slack="4"/>
<pin id="140" dir="1" index="1" bw="32" slack="0"/>
</pin_list>
<bind>
<opcode="load(27) " fcode="load"/>
<opset="old_count_loc_load/5 "/>
</bind>
</comp>

<comp id="142" class="1004" name="old_pixel_loc_load_load_fu_142">
<pin_list>
<pin id="143" dir="0" index="0" bw="8" slack="4"/>
<pin id="144" dir="1" index="1" bw="8" slack="0"/>
</pin_list>
<bind>
<opcode="load(27) " fcode="load"/>
<opset="old_pixel_loc_load/5 "/>
</bind>
</comp>

<comp id="145" class="1004" name="zext_ln64_fu_145">
<pin_list>
<pin id="146" dir="0" index="0" bw="8" slack="0"/>
<pin id="147" dir="1" index="1" bw="64" slack="0"/>
</pin_list>
<bind>
<opcode="zext(34) " fcode="zext"/>
<opset="zext_ln64/5 "/>
</bind>
</comp>

<comp id="150" class="1005" name="old_pixel_loc_reg_150">
<pin_list>
<pin id="151" dir="0" index="0" bw="8" slack="2"/>
<pin id="152" dir="1" index="1" bw="8" slack="2"/>
</pin_list>
<bind>
<opset="old_pixel_loc "/>
</bind>
</comp>

<comp id="156" class="1005" name="old_count_loc_reg_156">
<pin_list>
<pin id="157" dir="0" index="0" bw="32" slack="2"/>
<pin id="158" dir="1" index="1" bw="32" slack="2"/>
</pin_list>
<bind>
<opset="old_count_loc "/>
</bind>
</comp>

<comp id="162" class="1005" name="total_pixels_reg_162">
<pin_list>
<pin id="163" dir="0" index="0" bw="32" slack="1"/>
<pin id="164" dir="1" index="1" bw="32" slack="1"/>
</pin_list>
<bind>
<opset="total_pixels "/>
</bind>
</comp>

<comp id="167" class="1005" name="icmp_ln32_reg_167">
<pin_list>
<pin id="168" dir="0" index="0" bw="1" slack="2"/>
<pin id="169" dir="1" index="1" bw="1" slack="2147483647"/>
</pin_list>
<bind>
<opset="icmp_ln32 "/>
</bind>
</comp>

</comp_list>

<net_list>
<net id="69"><net_src comp="8" pin="0"/><net_sink comp="66" pin=0"/></net>

<net id="73"><net_src comp="8" pin="0"/><net_sink comp="70" pin=0"/></net>

<net id="77"><net_src comp="8" pin="0"/><net_sink comp="74" pin=0"/></net>

<net id="82"><net_src comp="12" pin="0"/><net_sink comp="78" pin=0"/></net>

<net id="83"><net_src comp="6" pin="0"/><net_sink comp="78" pin=1"/></net>

<net id="88"><net_src comp="12" pin="0"/><net_sink comp="84" pin=0"/></net>

<net id="89"><net_src comp="4" pin="0"/><net_sink comp="84" pin=1"/></net>

<net id="95"><net_src comp="62" pin="0"/><net_sink comp="90" pin=1"/></net>

<net id="101"><net_src comp="90" pin="3"/><net_sink comp="96" pin=0"/></net>

<net id="106"><net_src comp="10" pin="0"/><net_sink comp="102" pin=0"/></net>

<net id="107"><net_src comp="74" pin="1"/><net_sink comp="102" pin=1"/></net>

<net id="116"><net_src comp="14" pin="0"/><net_sink comp="108" pin=0"/></net>

<net id="117"><net_src comp="0" pin="0"/><net_sink comp="108" pin=2"/></net>

<net id="123"><net_src comp="64" pin="0"/><net_sink comp="118" pin=0"/></net>

<net id="124"><net_src comp="2" pin="0"/><net_sink comp="118" pin=2"/></net>

<net id="129"><net_src comp="78" pin="2"/><net_sink comp="125" pin=0"/></net>

<net id="130"><net_src comp="84" pin="2"/><net_sink comp="125" pin=1"/></net>

<net id="131"><net_src comp="125" pin="2"/><net_sink comp="108" pin=1"/></net>

<net id="136"><net_src comp="125" pin="2"/><net_sink comp="132" pin=0"/></net>

<net id="137"><net_src comp="16" pin="0"/><net_sink comp="132" pin=1"/></net>

<net id="141"><net_src comp="138" pin="1"/><net_sink comp="96" pin=1"/></net>

<net id="148"><net_src comp="142" pin="1"/><net_sink comp="145" pin=0"/></net>

<net id="149"><net_src comp="145" pin="1"/><net_sink comp="90" pin=2"/></net>

<net id="153"><net_src comp="66" pin="1"/><net_sink comp="150" pin=0"/></net>

<net id="154"><net_src comp="150" pin="1"/><net_sink comp="108" pin=5"/></net>

<net id="155"><net_src comp="150" pin="1"/><net_sink comp="142" pin=0"/></net>

<net id="159"><net_src comp="70" pin="1"/><net_sink comp="156" pin=0"/></net>

<net id="160"><net_src comp="156" pin="1"/><net_sink comp="108" pin=4"/></net>

<net id="161"><net_src comp="156" pin="1"/><net_sink comp="138" pin=0"/></net>

<net id="165"><net_src comp="125" pin="2"/><net_sink comp="162" pin=0"/></net>

<net id="166"><net_src comp="162" pin="1"/><net_sink comp="108" pin=1"/></net>

<net id="170"><net_src comp="132" pin="2"/><net_sink comp="167" pin=0"/></net>

</net_list>

</model> 
---------------- Datapath Model END ------------------

* FSMD analyzer results:
  - Output states:
	Port: hist_out | {6 7 }
 - Input state : 
	Port: hls_histogram_gray : stream_in | {3 4 }
	Port: hls_histogram_gray : width | {3 }
	Port: hls_histogram_gray : height | {3 }
  - Chain level:
	State 1
		call_ln0 : 1
	State 2
	State 3
		call_ln29 : 1
		icmp_ln32 : 1
	State 4
	State 5
		zext_ln64 : 1
		local_hist_addr_1 : 2
		store_ln64 : 3
	State 6
	State 7


============================================================
+ Verbose Summary: Datapath Resource usage 
============================================================

* Functional unit list:
|----------|--------------------------------------------------------|---------|---------|---------|---------|
| Operation|                     Functional Unit                    |   DSP   |  Delay  |    FF   |   LUT   |
|----------|--------------------------------------------------------|---------|---------|---------|---------|
|          | grp_hls_histogram_gray_Pipeline_VITIS_LOOP_19_1_fu_102 |    0    |    0    |    9    |    32   |
|   call   | grp_hls_histogram_gray_Pipeline_VITIS_LOOP_32_2_fu_108 |    0    |  0.854  |    83   |   143   |
|          | grp_hls_histogram_gray_Pipeline_VITIS_LOOP_68_3_fu_118 |    0    |  1.281  |   122   |    59   |
|----------|--------------------------------------------------------|---------|---------|---------|---------|
|   icmp   |                    icmp_ln32_fu_132                    |    0    |    0    |    0    |    39   |
|----------|--------------------------------------------------------|---------|---------|---------|---------|
|    mul   |                   total_pixels_fu_125                  |    3    |    0    |    0    |    20   |
|----------|--------------------------------------------------------|---------|---------|---------|---------|
|   read   |                 height_read_read_fu_78                 |    0    |    0    |    0    |    0    |
|          |                  width_read_read_fu_84                 |    0    |    0    |    0    |    0    |
|----------|--------------------------------------------------------|---------|---------|---------|---------|
|   zext   |                    zext_ln64_fu_145                    |    0    |    0    |    0    |    0    |
|----------|--------------------------------------------------------|---------|---------|---------|---------|
|   Total  |                                                        |    3    |  2.135  |   214   |   293   |
|----------|--------------------------------------------------------|---------|---------|---------|---------|

Memories:
+----------+--------+--------+--------+
|          |  BRAM  |   FF   |   LUT  |
+----------+--------+--------+--------+
|local_hist|    2   |    0   |    0   |
+----------+--------+--------+--------+
|   Total  |    2   |    0   |    0   |
+----------+--------+--------+--------+

* Register list:
+---------------------+--------+
|                     |   FF   |
+---------------------+--------+
|  icmp_ln32_reg_167  |    1   |
|old_count_loc_reg_156|   32   |
|old_pixel_loc_reg_150|    8   |
| total_pixels_reg_162|   32   |
+---------------------+--------+
|        Total        |   73   |
+---------------------+--------+

* Multiplexer (MUX) list: 
|--------------------------------------------------------|------|------|------|--------||---------||---------||---------|
|                          Comp                          |  Pin | Size |  BW  | S x BW ||  Delay  ||    FF   ||   LUT   |
|--------------------------------------------------------|------|------|------|--------||---------||---------||---------|
| grp_hls_histogram_gray_Pipeline_VITIS_LOOP_32_2_fu_108 |  p1  |   2  |  32  |   64   ||    0    ||    9    |
|--------------------------------------------------------|------|------|------|--------||---------||---------||---------|
|                          Total                         |      |      |      |   64   ||  0.427  ||    0    ||    9    |
|--------------------------------------------------------|------|------|------|--------||---------||---------||---------|



* Summary:
+-----------+--------+--------+--------+--------+--------+
|           |  BRAM  |   DSP  |  Delay |   FF   |   LUT  |
+-----------+--------+--------+--------+--------+--------+
|  Function |    -   |    3   |    2   |   214  |   293  |
|   Memory  |    2   |    -   |    -   |    0   |    0   |
|Multiplexer|    -   |    -   |    0   |    0   |    9   |
|  Register |    -   |    -   |    -   |   73   |    -   |
+-----------+--------+--------+--------+--------+--------+
|   Total   |    2   |    3   |    2   |   287  |   302  |
+-----------+--------+--------+--------+--------+--------+
