

================================================================
== Vitis HLS Report for 'hls_histogram_gray_Pipeline_VITIS_LOOP_32_2'
================================================================
* Date:           Thu Jun 25 12:08:23 2026

* Version:        2025.2 (Build 6295257 on Nov 14 2025)
* Project:        hls_histogram
* Solution:       hls (Vivado IP Flow Target)
* Product family: zynquplus
* Target device:  xck26-sfvc784-2LV-c


================================================================
== Performance Estimates
================================================================
+ Timing: 
    * Summary: 
    +--------+----------+----------+------------+
    |  Clock |  Target  | Estimated| Uncertainty|
    +--------+----------+----------+------------+
    |ap_clk  |  10.00 ns|  4.442 ns|     2.70 ns|
    +--------+----------+----------+------------+

+ Latency: 
    * Summary: 
    +---------+---------+----------+----------+-----+-----+-------------------+
    |  Latency (cycles) |  Latency (absolute) |  Interval |      Pipeline     |
    |   min   |   max   |    min   |    max   | min | max |        Type       |
    +---------+---------+----------+----------+-----+-----+-------------------+
    |        ?|        ?|         ?|         ?|    0|    0|  loop pipeline stp|
    +---------+---------+----------+----------+-----+-----+-------------------+

    + Detail: 
        * Instance: 
        N/A

        * Loop: 
        +-------------------+---------+---------+----------+-----------+-----------+------+----------+
        |                   |  Latency (cycles) | Iteration|  Initiation Interval  | Trip |          |
        |     Loop Name     |   min   |   max   |  Latency |  achieved |   target  | Count| Pipelined|
        +-------------------+---------+---------+----------+-----------+-----------+------+----------+
        |- VITIS_LOOP_32_2  |        ?|        ?|         3|          1|          1|     ?|       yes|
        +-------------------+---------+---------+----------+-----------+-----------+------+----------+

============================================================
+ Verbose Summary: Synthesis Manager
============================================================
InlineROM: 1
ExposeGlobal: 0
============================================================
+ Verbose Summary: CDFG Model
============================================================
IsTopModel: 0
ResetActiveHigh: 1
IsCombinational: 0
IsDatapathOnly: 0
HasWiredReturn: 1
HasMFsm: 2
HasVarLatency: 1
IsPipeline: 0
IsRtlPipelined: 0
IsInstanceOverlapped: 0
IsDontTouch: 0
HasImplIP: 0
IsGatedGlobalClock: 0

+ Individual pipeline summary: 
  * Pipeline-0: initiation interval (II) = 1, depth = 3


============================================================
+ Verbose Summary: Schedule
============================================================
* Number of FSM states : 3
* Pipeline : 1
  Pipeline-0 : II = 1, D = 3, States = { 1 2 3 }
* Dataflow Pipeline: 0

* FSM state transitions: 
1 --> 2 
2 --> 3 
3 --> 

* FSM state operations: 

State 1 <SV = 0> <Delay = 1.87>
ST_1 : Operation 6 [1/1] (0.00ns)   --->   "%old_pixel = alloca i32 1" [./hls_histogram.hpp:25->hls_histogram.cpp:17]   --->   Operation 6 'alloca' 'old_pixel' <Predicate = true> <Delay = 0.00>
ST_1 : Operation 7 [1/1] (0.00ns)   --->   "%i_1 = alloca i32 1" [./hls_histogram.hpp:32->hls_histogram.cpp:17]   --->   Operation 7 'alloca' 'i_1' <Predicate = true> <Delay = 0.00>
ST_1 : Operation 8 [1/1] (0.00ns)   --->   "%old_count = alloca i32 1" [./hls_histogram.hpp:26->hls_histogram.cpp:17]   --->   Operation 8 'alloca' 'old_count' <Predicate = true> <Delay = 0.00>
ST_1 : Operation 9 [1/1] (0.00ns)   --->   "%specmemcore_ln0 = specmemcore void @_ssdm_op_SpecMemCore, i32 %local_hist, i64 666, i64 30, i64 18446744073709551615, i1 0"   --->   Operation 9 'specmemcore' 'specmemcore_ln0' <Predicate = true> <Delay = 0.00>
ST_1 : Operation 10 [1/1] (0.00ns)   --->   "%specinterface_ln0 = specinterface void @_ssdm_op_SpecInterface, i24 %stream_in, void @empty, i32 0, i32 0, void @empty_0, i32 0, i32 0, void @empty_1, void @empty_1, void @empty_1, i32 0, i32 0, i32 0, i32 0, void @empty_1, void @empty_1, i32 4294967295, i32 0, i32 0, i32 0"   --->   Operation 10 'specinterface' 'specinterface_ln0' <Predicate = true> <Delay = 0.00>
ST_1 : Operation 11 [1/1] (0.00ns)   --->   "%total_pixels_read = read i32 @_ssdm_op_Read.ap_auto.i32, i32 %total_pixels"   --->   Operation 11 'read' 'total_pixels_read' <Predicate = true> <Delay = 0.00>
ST_1 : Operation 12 [1/1] (0.47ns)   --->   "%store_ln26 = store i32 0, i32 %old_count" [./hls_histogram.hpp:26->hls_histogram.cpp:17]   --->   Operation 12 'store' 'store_ln26' <Predicate = true> <Delay = 0.47>
ST_1 : Operation 13 [1/1] (0.42ns)   --->   "%store_ln32 = store i32 0, i32 %i_1" [./hls_histogram.hpp:32->hls_histogram.cpp:17]   --->   Operation 13 'store' 'store_ln32' <Predicate = true> <Delay = 0.42>
ST_1 : Operation 14 [1/1] (0.42ns)   --->   "%store_ln25 = store i8 0, i8 %old_pixel" [./hls_histogram.hpp:25->hls_histogram.cpp:17]   --->   Operation 14 'store' 'store_ln25' <Predicate = true> <Delay = 0.42>
ST_1 : Operation 15 [1/1] (0.42ns)   --->   "%br_ln32 = br void %for.body5.i" [./hls_histogram.hpp:32->hls_histogram.cpp:17]   --->   Operation 15 'br' 'br_ln32' <Predicate = true> <Delay = 0.42>
ST_1 : Operation 16 [1/1] (0.00ns)   --->   "%i = load i32 %i_1" [./hls_histogram.hpp:32->hls_histogram.cpp:17]   --->   Operation 16 'load' 'i' <Predicate = true> <Delay = 0.00>
ST_1 : Operation 17 [1/1] (1.01ns)   --->   "%icmp_ln32 = icmp_eq  i32 %i, i32 %total_pixels_read" [./hls_histogram.hpp:32->hls_histogram.cpp:17]   --->   Operation 17 'icmp' 'icmp_ln32' <Predicate = true> <Delay = 1.01> <CoreInst = "Cmp">   --->   Core 9 'Cmp' <Latency = 0> <II = 1> <Delay = 1.01> <FuncUnit> <Opcode : 'seteq' 'setne' 'setle' 'setge' 'setlt' 'setgt'> <InPorts = 2> <OutPorts = 1>
ST_1 : Operation 18 [1/1] (1.01ns)   --->   "%i_2 = add i32 %i, i32 1" [./hls_histogram.hpp:32->hls_histogram.cpp:17]   --->   Operation 18 'add' 'i_2' <Predicate = true> <Delay = 1.01> <CoreInst = "Adder">   --->   Core 1 'Adder' <Latency = 0> <II = 1> <Delay = 1.01> <FuncUnit> <Opcode : 'add' 'sub'> <InPorts = 2> <OutPorts = 1>
ST_1 : Operation 19 [1/1] (0.00ns)   --->   "%br_ln32 = br i1 %icmp_ln32, void %for.body5.i.split, void %if.then20.i.exitStub" [./hls_histogram.hpp:32->hls_histogram.cpp:17]   --->   Operation 19 'br' 'br_ln32' <Predicate = true> <Delay = 0.00>
ST_1 : Operation 20 [1/1] (0.42ns)   --->   "%store_ln32 = store i32 %i_2, i32 %i_1" [./hls_histogram.hpp:32->hls_histogram.cpp:17]   --->   Operation 20 'store' 'store_ln32' <Predicate = (!icmp_ln32)> <Delay = 0.42>
ST_1 : Operation 21 [1/1] (0.00ns)   --->   "%br_ln32 = br void %for.body5.i" [./hls_histogram.hpp:32->hls_histogram.cpp:17]   --->   Operation 21 'br' 'br_ln32' <Predicate = (!icmp_ln32)> <Delay = 0.00>

State 2 <SV = 1> <Delay = 2.36>
ST_2 : Operation 22 [1/1] (0.00ns)   --->   "%is_first_pixel = phi i1 1, void %newFuncRoot, i1 0, void %for.inc18.i"   --->   Operation 22 'phi' 'is_first_pixel' <Predicate = true> <Delay = 0.00>
ST_2 : Operation 23 [1/1] (0.00ns)   --->   "%old_pixel_1 = load i8 %old_pixel"   --->   Operation 23 'load' 'old_pixel_1' <Predicate = true> <Delay = 0.00>
ST_2 : Operation 24 [1/1] (0.00ns)   --->   "%specpipeline_ln33 = specpipeline void @_ssdm_op_SpecPipeline, i32 1, i32 0, i32 0, i32 0, i32 4294967295, void @empty_1" [./hls_histogram.hpp:33->hls_histogram.cpp:17]   --->   Operation 24 'specpipeline' 'specpipeline_ln33' <Predicate = (!icmp_ln32)> <Delay = 0.00>
ST_2 : Operation 25 [1/1] (0.00ns)   --->   "%specloopname_ln32 = specloopname void @_ssdm_op_SpecLoopName, void @empty_11" [./hls_histogram.hpp:32->hls_histogram.cpp:17]   --->   Operation 25 'specloopname' 'specloopname_ln32' <Predicate = (!icmp_ln32)> <Delay = 0.00>
ST_2 : Operation 26 [1/1] ( I:0.07ns O:0.07ns )   --->   "%stream_in_read = read i24 @_ssdm_op_Read.axis.volatile.i24P128A, i24 %stream_in" [./hls_histogram.hpp:36->hls_histogram.cpp:17]   --->   Operation 26 'read' 'stream_in_read' <Predicate = (!icmp_ln32)> <Delay = 0.07> <CoreInst = "regslice">   --->   Core 147 'regslice' <Latency = 0> <II = 1> <Delay = 0.62> <Adapter> <Opcode : 'read' 'write'>
ST_2 : Operation 27 [1/1] (0.00ns)   --->   "%old_pixel_2 = trunc i24 %stream_in_read" [./hls_histogram.hpp:36->hls_histogram.cpp:17]   --->   Operation 27 'trunc' 'old_pixel_2' <Predicate = (!icmp_ln32)> <Delay = 0.00>
ST_2 : Operation 28 [1/1] (0.76ns)   --->   "%icmp_ln42 = icmp_ne  i8 %old_pixel_2, i8 %old_pixel_1" [./hls_histogram.hpp:42->hls_histogram.cpp:17]   --->   Operation 28 'icmp' 'icmp_ln42' <Predicate = (!icmp_ln32)> <Delay = 0.76> <CoreInst = "Cmp">   --->   Core 9 'Cmp' <Latency = 0> <II = 1> <Delay = 0.76> <FuncUnit> <Opcode : 'seteq' 'setne' 'setle' 'setge' 'setlt' 'setgt'> <InPorts = 2> <OutPorts = 1>
ST_2 : Operation 29 [1/1] (0.28ns)   --->   "%or_ln42 = or i1 %is_first_pixel, i1 %icmp_ln42" [./hls_histogram.hpp:42->hls_histogram.cpp:17]   --->   Operation 29 'or' 'or_ln42' <Predicate = (!icmp_ln32)> <Delay = 0.28> <CoreInst = "LogicGate">   --->   Core 74 'LogicGate' <Latency = 0> <II = 1> <Delay = 0.28> <FuncUnit> <Opcode : 'and' 'or' 'xor'> <InPorts = 2> <OutPorts = 1>
ST_2 : Operation 30 [1/1] (0.00ns)   --->   "%br_ln42 = br i1 %or_ln42, void %for.inc18.i, void %if.else.i" [./hls_histogram.hpp:42->hls_histogram.cpp:17]   --->   Operation 30 'br' 'br_ln42' <Predicate = (!icmp_ln32)> <Delay = 0.00>
ST_2 : Operation 31 [1/1] (0.00ns)   --->   "%zext_ln48 = zext i8 %old_pixel_2" [./hls_histogram.hpp:48->hls_histogram.cpp:17]   --->   Operation 31 'zext' 'zext_ln48' <Predicate = (!icmp_ln32 & or_ln42)> <Delay = 0.00>
ST_2 : Operation 32 [1/1] (0.00ns)   --->   "%local_hist_addr = getelementptr i32 %local_hist, i64 0, i64 %zext_ln48" [./hls_histogram.hpp:48->hls_histogram.cpp:17]   --->   Operation 32 'getelementptr' 'local_hist_addr' <Predicate = (!icmp_ln32 & or_ln42)> <Delay = 0.00>
ST_2 : Operation 33 [2/2] (1.23ns)   --->   "%local_hist_load = load i8 %local_hist_addr" [./hls_histogram.hpp:48->hls_histogram.cpp:17]   --->   Operation 33 'load' 'local_hist_load' <Predicate = (!icmp_ln32 & or_ln42)> <Delay = 1.23> <CoreInst = "RAM_T2P_BRAM">   --->   Core 98 'RAM_T2P_BRAM' <Latency = 1> <II = 1> <Delay = 1.23> <Storage> <Opcode : 'load' 'store'> <Ports = 2> <Width = 32> <Depth = 256> <RAM>
ST_2 : Operation 34 [1/1] (0.00ns)   --->   "%br_ln51 = br i1 %is_first_pixel, void %if.then14.i, void %if.end.i" [./hls_histogram.hpp:51->hls_histogram.cpp:17]   --->   Operation 34 'br' 'br_ln51' <Predicate = (!icmp_ln32 & or_ln42)> <Delay = 0.00>
ST_2 : Operation 35 [1/1] (0.00ns)   --->   "%old_count_load_1 = load i32 %old_count" [./hls_histogram.hpp:52->hls_histogram.cpp:17]   --->   Operation 35 'load' 'old_count_load_1' <Predicate = (!icmp_ln32 & or_ln42 & !is_first_pixel)> <Delay = 0.00>
ST_2 : Operation 36 [1/1] (0.00ns)   --->   "%zext_ln52 = zext i8 %old_pixel_1" [./hls_histogram.hpp:52->hls_histogram.cpp:17]   --->   Operation 36 'zext' 'zext_ln52' <Predicate = (!icmp_ln32 & or_ln42 & !is_first_pixel)> <Delay = 0.00>
ST_2 : Operation 37 [1/1] (0.00ns)   --->   "%local_hist_addr_1 = getelementptr i32 %local_hist, i64 0, i64 %zext_ln52" [./hls_histogram.hpp:52->hls_histogram.cpp:17]   --->   Operation 37 'getelementptr' 'local_hist_addr_1' <Predicate = (!icmp_ln32 & or_ln42 & !is_first_pixel)> <Delay = 0.00>
ST_2 : Operation 38 [1/1] ( I:1.23ns O:1.23ns )   --->   "%store_ln52 = store i32 %old_count_load_1, i8 %local_hist_addr_1" [./hls_histogram.hpp:52->hls_histogram.cpp:17]   --->   Operation 38 'store' 'store_ln52' <Predicate = (!icmp_ln32 & or_ln42 & !is_first_pixel)> <Delay = 1.23> <CoreInst = "RAM_T2P_BRAM">   --->   Core 98 'RAM_T2P_BRAM' <Latency = 1> <II = 1> <Delay = 1.23> <Storage> <Opcode : 'load' 'store'> <Ports = 2> <Width = 32> <Depth = 256> <RAM>
ST_2 : Operation 39 [1/1] (0.00ns)   --->   "%br_ln53 = br void %if.end.i" [./hls_histogram.hpp:53->hls_histogram.cpp:17]   --->   Operation 39 'br' 'br_ln53' <Predicate = (!icmp_ln32 & or_ln42 & !is_first_pixel)> <Delay = 0.00>
ST_2 : Operation 40 [1/1] (0.42ns)   --->   "%store_ln25 = store i8 %old_pixel_2, i8 %old_pixel" [./hls_histogram.hpp:25->hls_histogram.cpp:17]   --->   Operation 40 'store' 'store_ln25' <Predicate = (!icmp_ln32)> <Delay = 0.42>
ST_2 : Operation 47 [1/1] (0.00ns)   --->   "%old_count_load = load i32 %old_count"   --->   Operation 47 'load' 'old_count_load' <Predicate = (icmp_ln32)> <Delay = 0.00>
ST_2 : Operation 48 [1/1] (0.00ns)   --->   "%write_ln0 = write void @_ssdm_op_Write.ap_auto.i32P0A, i32 %old_count_out, i32 %old_count_load"   --->   Operation 48 'write' 'write_ln0' <Predicate = (icmp_ln32)> <Delay = 0.00>
ST_2 : Operation 49 [1/1] (0.00ns)   --->   "%write_ln0 = write void @_ssdm_op_Write.ap_auto.i8P0A, i8 %old_pixel_out, i8 %old_pixel_1"   --->   Operation 49 'write' 'write_ln0' <Predicate = (icmp_ln32)> <Delay = 0.00>
ST_2 : Operation 50 [1/1] (0.42ns)   --->   "%ret_ln0 = ret"   --->   Operation 50 'ret' 'ret_ln0' <Predicate = (icmp_ln32)> <Delay = 0.42>

State 3 <SV = 2> <Delay = 4.44>
ST_3 : Operation 41 [1/2] ( I:1.23ns O:1.23ns )   --->   "%local_hist_load = load i8 %local_hist_addr" [./hls_histogram.hpp:48->hls_histogram.cpp:17]   --->   Operation 41 'load' 'local_hist_load' <Predicate = (or_ln42)> <Delay = 1.23> <CoreInst = "RAM_T2P_BRAM">   --->   Core 98 'RAM_T2P_BRAM' <Latency = 1> <II = 1> <Delay = 1.23> <Storage> <Opcode : 'load' 'store'> <Ports = 2> <Width = 32> <Depth = 256> <RAM>
ST_3 : Operation 42 [1/1] (0.47ns)   --->   "%store_ln26 = store i32 %local_hist_load, i32 %old_count" [./hls_histogram.hpp:26->hls_histogram.cpp:17]   --->   Operation 42 'store' 'store_ln26' <Predicate = (or_ln42)> <Delay = 0.47>
ST_3 : Operation 43 [1/1] (0.00ns)   --->   "%br_ln0 = br void %for.inc18.i"   --->   Operation 43 'br' 'br_ln0' <Predicate = (or_ln42)> <Delay = 0.00>
ST_3 : Operation 44 [1/1] (0.00ns)   --->   "%old_count_load_2 = load i32 %old_count" [./hls_histogram.hpp:45->hls_histogram.cpp:17]   --->   Operation 44 'load' 'old_count_load_2' <Predicate = (!icmp_ln32)> <Delay = 0.00>
ST_3 : Operation 45 [1/1] (1.01ns)   --->   "%old_count_1 = add i32 %old_count_load_2, i32 1" [./hls_histogram.hpp:45->hls_histogram.cpp:17]   --->   Operation 45 'add' 'old_count_1' <Predicate = (!icmp_ln32)> <Delay = 1.01> <CoreInst = "Adder">   --->   Core 1 'Adder' <Latency = 0> <II = 1> <Delay = 1.01> <FuncUnit> <Opcode : 'add' 'sub'> <InPorts = 2> <OutPorts = 1>
ST_3 : Operation 46 [1/1] (0.47ns)   --->   "%store_ln26 = store i32 %old_count_1, i32 %old_count" [./hls_histogram.hpp:26->hls_histogram.cpp:17]   --->   Operation 46 'store' 'store_ln26' <Predicate = (!icmp_ln32)> <Delay = 0.47>


============================================================
+ Verbose Summary: Binding
============================================================
STG Binding: 
---------------- STG Properties BEGIN ----------------
- Is combinational: 0
- Is one-state seq: 0
- Is datapath-only: 0
- Is pipelined: 0
- Is top level: 0
Port [ Return ] is wired: 1; IO mode=ap_ctrl_hs:ce=0
Port [ total_pixels]:  wired=1; compound=0; hidden=0; nouse=0; global=0; static=0; extern=0; dir=0; type=0; pingpong=0; private_global=0; IO mode=ap_none:ce=0
Port [ stream_in]:  wired=1; compound=1; hidden=0; nouse=0; global=0; static=0; extern=0; dir=0; type=0; pingpong=0; private_global=0; IO mode=axis:ce=0
Port [ local_hist]:  wired=1; compound=1; hidden=0; nouse=0; global=0; static=0; extern=0; dir=2; type=1; pingpong=0; private_global=0; MemPort=[01]; IO mode=ap_memory:ce=0
Port [ old_count_out]:  wired=1; compound=0; hidden=0; nouse=0; global=0; static=0; extern=0; dir=1; type=0; pingpong=0; private_global=0; IO mode=ap_vld:ce=0
Port [ old_pixel_out]:  wired=1; compound=0; hidden=0; nouse=0; global=0; static=0; extern=0; dir=1; type=0; pingpong=0; private_global=0; IO mode=ap_vld:ce=0
---------------- STG Properties END ------------------

---------------- Datapath Model BEGIN ----------------

<LifeTime>
<method=bitvector/>
old_pixel         (alloca       ) [ 0110]
i_1               (alloca       ) [ 0100]
old_count         (alloca       ) [ 0111]
specmemcore_ln0   (specmemcore  ) [ 0000]
specinterface_ln0 (specinterface) [ 0000]
total_pixels_read (read         ) [ 0000]
store_ln26        (store        ) [ 0000]
store_ln32        (store        ) [ 0000]
store_ln25        (store        ) [ 0000]
br_ln32           (br           ) [ 0110]
i                 (load         ) [ 0000]
icmp_ln32         (icmp         ) [ 0111]
i_2               (add          ) [ 0000]
br_ln32           (br           ) [ 0000]
store_ln32        (store        ) [ 0000]
br_ln32           (br           ) [ 0110]
is_first_pixel    (phi          ) [ 0110]
old_pixel_1       (load         ) [ 0000]
specpipeline_ln33 (specpipeline ) [ 0000]
specloopname_ln32 (specloopname ) [ 0000]
stream_in_read    (read         ) [ 0000]
old_pixel_2       (trunc        ) [ 0000]
icmp_ln42         (icmp         ) [ 0000]
or_ln42           (or           ) [ 0111]
br_ln42           (br           ) [ 0000]
zext_ln48         (zext         ) [ 0000]
local_hist_addr   (getelementptr) [ 0101]
br_ln51           (br           ) [ 0000]
old_count_load_1  (load         ) [ 0000]
zext_ln52         (zext         ) [ 0000]
local_hist_addr_1 (getelementptr) [ 0000]
store_ln52        (store        ) [ 0000]
br_ln53           (br           ) [ 0000]
store_ln25        (store        ) [ 0000]
local_hist_load   (load         ) [ 0000]
store_ln26        (store        ) [ 0000]
br_ln0            (br           ) [ 0000]
old_count_load_2  (load         ) [ 0000]
old_count_1       (add          ) [ 0000]
store_ln26        (store        ) [ 0000]
old_count_load    (load         ) [ 0000]
write_ln0         (write        ) [ 0000]
write_ln0         (write        ) [ 0000]
ret_ln0           (ret          ) [ 0000]
</LifeTime>

<model>

<comp_list>
<comp id="0" class="1000" name="total_pixels">
<pin_list>
<pin id="1" dir="1" index="0" bw="1" slack="0"/>
</pin_list>
<bind>
<StgValue><ssdm name="total_pixels"/></StgValue>
</bind>
</comp>

<comp id="2" class="1000" name="stream_in">
<pin_list>
<pin id="3" dir="1" index="0" bw="1" slack="0"/>
</pin_list>
<bind>
<StgValue><ssdm name="stream_in"/></StgValue>
</bind>
</comp>

<comp id="4" class="1000" name="local_hist">
<pin_list>
<pin id="5" dir="1" index="0" bw="1" slack="0"/>
</pin_list>
<bind>
<StgValue><ssdm name="local_hist"/><MemPortTyVec>0 1 </MemPortTyVec>
</StgValue>
</bind>
</comp>

<comp id="6" class="1000" name="old_count_out">
<pin_list>
<pin id="7" dir="1" index="0" bw="1" slack="0"/>
</pin_list>
<bind>
<StgValue><ssdm name="old_count_out"/></StgValue>
</bind>
</comp>

<comp id="8" class="1000" name="old_pixel_out">
<pin_list>
<pin id="9" dir="1" index="0" bw="1" slack="0"/>
</pin_list>
<bind>
<StgValue><ssdm name="old_pixel_out"/></StgValue>
</bind>
</comp>

<comp id="10" class="1001" name="const_10">
<pin_list>
<pin id="11" dir="1" index="0" bw="1" slack="0"/>
</pin_list>
<bind>
<StgValue><ssdm name=""/></StgValue>
</bind>
</comp>

<comp id="12" class="1001" name="const_12">
<pin_list>
<pin id="13" dir="1" index="0" bw="1" slack="2147483647"/>
</pin_list>
<bind>
<StgValue><ssdm name="_ssdm_op_SpecMemCore"/></StgValue>
</bind>
</comp>

<comp id="14" class="1001" name="const_14">
<pin_list>
<pin id="15" dir="1" index="0" bw="1" slack="2147483647"/>
</pin_list>
<bind>
<StgValue><ssdm name=""/></StgValue>
</bind>
</comp>

<comp id="16" class="1001" name="const_16">
<pin_list>
<pin id="17" dir="1" index="0" bw="1" slack="2147483647"/>
</pin_list>
<bind>
<StgValue><ssdm name=""/></StgValue>
</bind>
</comp>

<comp id="18" class="1001" name="const_18">
<pin_list>
<pin id="19" dir="1" index="0" bw="1" slack="2147483647"/>
</pin_list>
<bind>
<StgValue><ssdm name=""/></StgValue>
</bind>
</comp>

<comp id="20" class="1001" name="const_20">
<pin_list>
<pin id="21" dir="1" index="0" bw="1" slack="1"/>
</pin_list>
<bind>
<StgValue><ssdm name=""/></StgValue>
</bind>
</comp>

<comp id="22" class="1001" name="const_22">
<pin_list>
<pin id="23" dir="1" index="0" bw="1" slack="2147483647"/>
</pin_list>
<bind>
<StgValue><ssdm name="_ssdm_op_SpecInterface"/></StgValue>
</bind>
</comp>

<comp id="24" class="1001" name="const_24">
<pin_list>
<pin id="25" dir="1" index="0" bw="1" slack="2147483647"/>
</pin_list>
<bind>
<StgValue><ssdm name="empty"/></StgValue>
</bind>
</comp>

<comp id="26" class="1001" name="const_26">
<pin_list>
<pin id="27" dir="1" index="0" bw="1" slack="0"/>
</pin_list>
<bind>
<StgValue><ssdm name=""/></StgValue>
</bind>
</comp>

<comp id="28" class="1001" name="const_28">
<pin_list>
<pin id="29" dir="1" index="0" bw="1" slack="2147483647"/>
</pin_list>
<bind>
<StgValue><ssdm name="empty_0"/></StgValue>
</bind>
</comp>

<comp id="30" class="1001" name="const_30">
<pin_list>
<pin id="31" dir="1" index="0" bw="1" slack="2147483647"/>
</pin_list>
<bind>
<StgValue><ssdm name="empty_1"/></StgValue>
</bind>
</comp>

<comp id="32" class="1001" name="const_32">
<pin_list>
<pin id="33" dir="1" index="0" bw="1" slack="2147483647"/>
</pin_list>
<bind>
<StgValue><ssdm name=""/></StgValue>
</bind>
</comp>

<comp id="34" class="1001" name="const_34">
<pin_list>
<pin id="35" dir="1" index="0" bw="1" slack="0"/>
</pin_list>
<bind>
<StgValue><ssdm name="_ssdm_op_Read.ap_auto.i32"/></StgValue>
</bind>
</comp>

<comp id="36" class="1001" name="const_36">
<pin_list>
<pin id="37" dir="1" index="0" bw="1" slack="0"/>
</pin_list>
<bind>
<StgValue><ssdm name=""/></StgValue>
</bind>
</comp>

<comp id="38" class="1001" name="const_38">
<pin_list>
<pin id="39" dir="1" index="0" bw="1" slack="1"/>
</pin_list>
<bind>
<StgValue><ssdm name=""/></StgValue>
</bind>
</comp>

<comp id="40" class="1001" name="const_40">
<pin_list>
<pin id="41" dir="1" index="0" bw="1" slack="2147483647"/>
</pin_list>
<bind>
<StgValue><ssdm name="_ssdm_op_SpecPipeline"/></StgValue>
</bind>
</comp>

<comp id="42" class="1001" name="const_42">
<pin_list>
<pin id="43" dir="1" index="0" bw="1" slack="2147483647"/>
</pin_list>
<bind>
<StgValue><ssdm name="_ssdm_op_SpecLoopName"/></StgValue>
</bind>
</comp>

<comp id="44" class="1001" name="const_44">
<pin_list>
<pin id="45" dir="1" index="0" bw="1" slack="2147483647"/>
</pin_list>
<bind>
<StgValue><ssdm name="empty_11"/></StgValue>
</bind>
</comp>

<comp id="46" class="1001" name="const_46">
<pin_list>
<pin id="47" dir="1" index="0" bw="1" slack="0"/>
</pin_list>
<bind>
<StgValue><ssdm name="_ssdm_op_Read.axis.volatile.i24P128A"/></StgValue>
</bind>
</comp>

<comp id="48" class="1001" name="const_48">
<pin_list>
<pin id="49" dir="1" index="0" bw="1" slack="0"/>
</pin_list>
<bind>
<StgValue><ssdm name=""/></StgValue>
</bind>
</comp>

<comp id="50" class="1001" name="const_50">
<pin_list>
<pin id="51" dir="1" index="0" bw="1" slack="0"/>
</pin_list>
<bind>
<StgValue><ssdm name="_ssdm_op_Write.ap_auto.i32P0A"/></StgValue>
</bind>
</comp>

<comp id="52" class="1001" name="const_52">
<pin_list>
<pin id="53" dir="1" index="0" bw="1" slack="0"/>
</pin_list>
<bind>
<StgValue><ssdm name="_ssdm_op_Write.ap_auto.i8P0A"/></StgValue>
</bind>
</comp>

<comp id="54" class="1004" name="old_pixel_fu_54">
<pin_list>
<pin id="55" dir="0" index="0" bw="1" slack="0"/>
<pin id="56" dir="1" index="1" bw="8" slack="0"/>
</pin_list>
<bind>
<opcode="alloca(26) " fcode="alloca"/>
<opset="old_pixel/1 "/>
</bind>
</comp>

<comp id="58" class="1004" name="i_1_fu_58">
<pin_list>
<pin id="59" dir="0" index="0" bw="1" slack="0"/>
<pin id="60" dir="1" index="1" bw="32" slack="0"/>
</pin_list>
<bind>
<opcode="alloca(26) " fcode="alloca"/>
<opset="i_1/1 "/>
</bind>
</comp>

<comp id="62" class="1004" name="old_count_fu_62">
<pin_list>
<pin id="63" dir="0" index="0" bw="1" slack="0"/>
<pin id="64" dir="1" index="1" bw="32" slack="0"/>
</pin_list>
<bind>
<opcode="alloca(26) " fcode="alloca"/>
<opset="old_count/1 "/>
</bind>
</comp>

<comp id="66" class="1004" name="total_pixels_read_read_fu_66">
<pin_list>
<pin id="67" dir="0" index="0" bw="32" slack="0"/>
<pin id="68" dir="0" index="1" bw="32" slack="0"/>
<pin id="69" dir="1" index="2" bw="32" slack="0"/>
</pin_list>
<bind>
<opcode="read(1150) " fcode="read"/>
<opset="total_pixels_read/1 "/>
</bind>
</comp>

<comp id="72" class="1004" name="stream_in_read_read_fu_72">
<pin_list>
<pin id="73" dir="0" index="0" bw="24" slack="0"/>
<pin id="74" dir="0" index="1" bw="24" slack="0"/>
<pin id="75" dir="1" index="2" bw="24" slack="0"/>
</pin_list>
<bind>
<opcode="read(1150) " fcode="read"/>
<opset="stream_in_read/2 "/>
</bind>
</comp>

<comp id="78" class="1004" name="write_ln0_write_fu_78">
<pin_list>
<pin id="79" dir="0" index="0" bw="0" slack="0"/>
<pin id="80" dir="0" index="1" bw="32" slack="0"/>
<pin id="81" dir="0" index="2" bw="32" slack="0"/>
<pin id="82" dir="1" index="3" bw="0" slack="2147483647"/>
</pin_list>
<bind>
<opcode="write(1151) " fcode="write"/>
<opset="write_ln0/2 "/>
</bind>
</comp>

<comp id="85" class="1004" name="write_ln0_write_fu_85">
<pin_list>
<pin id="86" dir="0" index="0" bw="0" slack="0"/>
<pin id="87" dir="0" index="1" bw="8" slack="0"/>
<pin id="88" dir="0" index="2" bw="8" slack="0"/>
<pin id="89" dir="1" index="3" bw="0" slack="2147483647"/>
</pin_list>
<bind>
<opcode="write(1151) " fcode="write"/>
<opset="write_ln0/2 "/>
</bind>
</comp>

<comp id="92" class="1004" name="local_hist_addr_gep_fu_92">
<pin_list>
<pin id="93" dir="0" index="0" bw="32" slack="0"/>
<pin id="94" dir="0" index="1" bw="1" slack="0"/>
<pin id="95" dir="0" index="2" bw="8" slack="0"/>
<pin id="96" dir="1" index="3" bw="8" slack="0"/>
</pin_list>
<bind>
<opcode="getelementptr(29) " fcode="getelementptr"/>
<opset="local_hist_addr/2 "/>
</bind>
</comp>

<comp id="99" class="1004" name="grp_access_fu_99">
<pin_list>
<pin id="100" dir="0" index="0" bw="8" slack="0"/>
<pin id="101" dir="0" index="1" bw="32" slack="0"/>
<pin id="102" dir="0" index="2" bw="0" slack="0"/>
<pin id="104" dir="0" index="4" bw="8" slack="2147483647"/>
<pin id="105" dir="0" index="5" bw="32" slack="2147483647"/>
<pin id="106" dir="0" index="6" bw="0" slack="2147483647"/>
<pin id="103" dir="1" index="3" bw="32" slack="2147483647"/>
<pin id="107" dir="1" index="7" bw="32" slack="0"/>
</pin_list>
<bind>
<opcode="load(27) store(28) " fcode="store"/>
<opset="local_hist_load/2 store_ln52/2 "/>
</bind>
</comp>

<comp id="109" class="1004" name="local_hist_addr_1_gep_fu_109">
<pin_list>
<pin id="110" dir="0" index="0" bw="32" slack="0"/>
<pin id="111" dir="0" index="1" bw="1" slack="0"/>
<pin id="112" dir="0" index="2" bw="8" slack="0"/>
<pin id="113" dir="1" index="3" bw="8" slack="0"/>
</pin_list>
<bind>
<opcode="getelementptr(29) " fcode="getelementptr"/>
<opset="local_hist_addr_1/2 "/>
</bind>
</comp>

<comp id="117" class="1005" name="is_first_pixel_reg_117">
<pin_list>
<pin id="118" dir="0" index="0" bw="1" slack="1"/>
<pin id="119" dir="1" index="1" bw="1" slack="1"/>
</pin_list>
<bind>
<opset="is_first_pixel (phireg) "/>
</bind>
</comp>

<comp id="122" class="1004" name="is_first_pixel_phi_fu_122">
<pin_list>
<pin id="123" dir="0" index="0" bw="1" slack="1"/>
<pin id="124" dir="0" index="1" bw="0" slack="2147483647"/>
<pin id="125" dir="0" index="2" bw="1" slack="1"/>
<pin id="126" dir="0" index="3" bw="0" slack="2147483647"/>
<pin id="127" dir="1" index="4" bw="1" slack="0"/>
</pin_list>
<bind>
<opcode="phi(47) " fcode="phi"/>
<opset="is_first_pixel/2 "/>
</bind>
</comp>

<comp id="130" class="1004" name="store_ln26_store_fu_130">
<pin_list>
<pin id="131" dir="0" index="0" bw="1" slack="0"/>
<pin id="132" dir="0" index="1" bw="32" slack="0"/>
<pin id="133" dir="1" index="2" bw="0" slack="2147483647"/>
</pin_list>
<bind>
<opcode="store(28) " fcode="store"/>
<opset="store_ln26/1 "/>
</bind>
</comp>

<comp id="135" class="1004" name="store_ln32_store_fu_135">
<pin_list>
<pin id="136" dir="0" index="0" bw="1" slack="0"/>
<pin id="137" dir="0" index="1" bw="32" slack="0"/>
<pin id="138" dir="1" index="2" bw="0" slack="2147483647"/>
</pin_list>
<bind>
<opcode="store(28) " fcode="store"/>
<opset="store_ln32/1 "/>
</bind>
</comp>

<comp id="140" class="1004" name="store_ln25_store_fu_140">
<pin_list>
<pin id="141" dir="0" index="0" bw="1" slack="0"/>
<pin id="142" dir="0" index="1" bw="8" slack="0"/>
<pin id="143" dir="1" index="2" bw="0" slack="2147483647"/>
</pin_list>
<bind>
<opcode="store(28) " fcode="store"/>
<opset="store_ln25/1 "/>
</bind>
</comp>

<comp id="145" class="1004" name="i_load_fu_145">
<pin_list>
<pin id="146" dir="0" index="0" bw="32" slack="0"/>
<pin id="147" dir="1" index="1" bw="32" slack="0"/>
</pin_list>
<bind>
<opcode="load(27) " fcode="load"/>
<opset="i/1 "/>
</bind>
</comp>

<comp id="148" class="1004" name="icmp_ln32_fu_148">
<pin_list>
<pin id="149" dir="0" index="0" bw="32" slack="0"/>
<pin id="150" dir="0" index="1" bw="32" slack="0"/>
<pin id="151" dir="1" index="2" bw="1" slack="1"/>
</pin_list>
<bind>
<opcode="icmp(45) " fcode="icmp"/>
<opset="icmp_ln32/1 "/>
</bind>
</comp>

<comp id="154" class="1004" name="i_2_fu_154">
<pin_list>
<pin id="155" dir="0" index="0" bw="32" slack="0"/>
<pin id="156" dir="0" index="1" bw="1" slack="0"/>
<pin id="157" dir="1" index="2" bw="32" slack="0"/>
</pin_list>
<bind>
<opcode="add(8) " fcode="add"/>
<opset="i_2/1 "/>
</bind>
</comp>

<comp id="160" class="1004" name="store_ln32_store_fu_160">
<pin_list>
<pin id="161" dir="0" index="0" bw="32" slack="0"/>
<pin id="162" dir="0" index="1" bw="32" slack="0"/>
<pin id="163" dir="1" index="2" bw="0" slack="2147483647"/>
</pin_list>
<bind>
<opcode="store(28) " fcode="store"/>
<opset="store_ln32/1 "/>
</bind>
</comp>

<comp id="165" class="1004" name="old_pixel_1_load_fu_165">
<pin_list>
<pin id="166" dir="0" index="0" bw="8" slack="1"/>
<pin id="167" dir="1" index="1" bw="8" slack="0"/>
</pin_list>
<bind>
<opcode="load(27) " fcode="load"/>
<opset="old_pixel_1/2 "/>
</bind>
</comp>

<comp id="169" class="1004" name="old_pixel_2_fu_169">
<pin_list>
<pin id="170" dir="0" index="0" bw="24" slack="0"/>
<pin id="171" dir="1" index="1" bw="8" slack="0"/>
</pin_list>
<bind>
<opcode="trunc(33) " fcode="trunc"/>
<opset="old_pixel_2/2 "/>
</bind>
</comp>

<comp id="173" class="1004" name="icmp_ln42_fu_173">
<pin_list>
<pin id="174" dir="0" index="0" bw="8" slack="0"/>
<pin id="175" dir="0" index="1" bw="8" slack="0"/>
<pin id="176" dir="1" index="2" bw="1" slack="0"/>
</pin_list>
<bind>
<opcode="icmp(45) " fcode="icmp"/>
<opset="icmp_ln42/2 "/>
</bind>
</comp>

<comp id="179" class="1004" name="or_ln42_fu_179">
<pin_list>
<pin id="180" dir="0" index="0" bw="1" slack="0"/>
<pin id="181" dir="0" index="1" bw="1" slack="0"/>
<pin id="182" dir="1" index="2" bw="1" slack="1"/>
</pin_list>
<bind>
<opcode="or(24) " fcode="or"/>
<opset="or_ln42/2 "/>
</bind>
</comp>

<comp id="185" class="1004" name="zext_ln48_fu_185">
<pin_list>
<pin id="186" dir="0" index="0" bw="8" slack="0"/>
<pin id="187" dir="1" index="1" bw="64" slack="0"/>
</pin_list>
<bind>
<opcode="zext(34) " fcode="zext"/>
<opset="zext_ln48/2 "/>
</bind>
</comp>

<comp id="190" class="1004" name="old_count_load_1_load_fu_190">
<pin_list>
<pin id="191" dir="0" index="0" bw="32" slack="1"/>
<pin id="192" dir="1" index="1" bw="32" slack="0"/>
</pin_list>
<bind>
<opcode="load(27) " fcode="load"/>
<opset="old_count_load_1/2 "/>
</bind>
</comp>

<comp id="194" class="1004" name="zext_ln52_fu_194">
<pin_list>
<pin id="195" dir="0" index="0" bw="8" slack="0"/>
<pin id="196" dir="1" index="1" bw="64" slack="0"/>
</pin_list>
<bind>
<opcode="zext(34) " fcode="zext"/>
<opset="zext_ln52/2 "/>
</bind>
</comp>

<comp id="199" class="1004" name="store_ln25_store_fu_199">
<pin_list>
<pin id="200" dir="0" index="0" bw="8" slack="0"/>
<pin id="201" dir="0" index="1" bw="8" slack="1"/>
<pin id="202" dir="1" index="2" bw="0" slack="2147483647"/>
</pin_list>
<bind>
<opcode="store(28) " fcode="store"/>
<opset="store_ln25/2 "/>
</bind>
</comp>

<comp id="204" class="1004" name="store_ln26_store_fu_204">
<pin_list>
<pin id="205" dir="0" index="0" bw="32" slack="0"/>
<pin id="206" dir="0" index="1" bw="32" slack="2"/>
<pin id="207" dir="1" index="2" bw="0" slack="2147483647"/>
</pin_list>
<bind>
<opcode="store(28) " fcode="store"/>
<opset="store_ln26/3 "/>
</bind>
</comp>

<comp id="209" class="1004" name="old_count_load_2_load_fu_209">
<pin_list>
<pin id="210" dir="0" index="0" bw="32" slack="2"/>
<pin id="211" dir="1" index="1" bw="32" slack="0"/>
</pin_list>
<bind>
<opcode="load(27) " fcode="load"/>
<opset="old_count_load_2/3 "/>
</bind>
</comp>

<comp id="212" class="1004" name="old_count_1_fu_212">
<pin_list>
<pin id="213" dir="0" index="0" bw="32" slack="0"/>
<pin id="214" dir="0" index="1" bw="1" slack="0"/>
<pin id="215" dir="1" index="2" bw="32" slack="0"/>
</pin_list>
<bind>
<opcode="add(8) " fcode="add"/>
<opset="old_count_1/3 "/>
</bind>
</comp>

<comp id="218" class="1004" name="store_ln26_store_fu_218">
<pin_list>
<pin id="219" dir="0" index="0" bw="32" slack="0"/>
<pin id="220" dir="0" index="1" bw="32" slack="2"/>
<pin id="221" dir="1" index="2" bw="0" slack="2147483647"/>
</pin_list>
<bind>
<opcode="store(28) " fcode="store"/>
<opset="store_ln26/3 "/>
</bind>
</comp>

<comp id="223" class="1004" name="old_count_load_load_fu_223">
<pin_list>
<pin id="224" dir="0" index="0" bw="32" slack="1"/>
<pin id="225" dir="1" index="1" bw="32" slack="0"/>
</pin_list>
<bind>
<opcode="load(27) " fcode="load"/>
<opset="old_count_load/2 "/>
</bind>
</comp>

<comp id="227" class="1005" name="old_pixel_reg_227">
<pin_list>
<pin id="228" dir="0" index="0" bw="8" slack="0"/>
<pin id="229" dir="1" index="1" bw="8" slack="0"/>
</pin_list>
<bind>
<opset="old_pixel "/>
</bind>
</comp>

<comp id="234" class="1005" name="i_1_reg_234">
<pin_list>
<pin id="235" dir="0" index="0" bw="32" slack="0"/>
<pin id="236" dir="1" index="1" bw="32" slack="0"/>
</pin_list>
<bind>
<opset="i_1 "/>
</bind>
</comp>

<comp id="241" class="1005" name="old_count_reg_241">
<pin_list>
<pin id="242" dir="0" index="0" bw="32" slack="0"/>
<pin id="243" dir="1" index="1" bw="32" slack="0"/>
</pin_list>
<bind>
<opset="old_count "/>
</bind>
</comp>

<comp id="251" class="1005" name="icmp_ln32_reg_251">
<pin_list>
<pin id="252" dir="0" index="0" bw="1" slack="1"/>
<pin id="253" dir="1" index="1" bw="1" slack="2147483647"/>
</pin_list>
<bind>
<opset="icmp_ln32 "/>
</bind>
</comp>

<comp id="255" class="1005" name="or_ln42_reg_255">
<pin_list>
<pin id="256" dir="0" index="0" bw="1" slack="1"/>
<pin id="257" dir="1" index="1" bw="1" slack="2147483647"/>
</pin_list>
<bind>
<opset="or_ln42 "/>
</bind>
</comp>

<comp id="259" class="1005" name="local_hist_addr_reg_259">
<pin_list>
<pin id="260" dir="0" index="0" bw="8" slack="1"/>
<pin id="261" dir="1" index="1" bw="8" slack="1"/>
</pin_list>
<bind>
<opset="local_hist_addr "/>
</bind>
</comp>

</comp_list>

<net_list>
<net id="57"><net_src comp="10" pin="0"/><net_sink comp="54" pin=0"/></net>

<net id="61"><net_src comp="10" pin="0"/><net_sink comp="58" pin=0"/></net>

<net id="65"><net_src comp="10" pin="0"/><net_sink comp="62" pin=0"/></net>

<net id="70"><net_src comp="34" pin="0"/><net_sink comp="66" pin=0"/></net>

<net id="71"><net_src comp="0" pin="0"/><net_sink comp="66" pin=1"/></net>

<net id="76"><net_src comp="46" pin="0"/><net_sink comp="72" pin=0"/></net>

<net id="77"><net_src comp="2" pin="0"/><net_sink comp="72" pin=1"/></net>

<net id="83"><net_src comp="50" pin="0"/><net_sink comp="78" pin=0"/></net>

<net id="84"><net_src comp="6" pin="0"/><net_sink comp="78" pin=1"/></net>

<net id="90"><net_src comp="52" pin="0"/><net_sink comp="85" pin=0"/></net>

<net id="91"><net_src comp="8" pin="0"/><net_sink comp="85" pin=1"/></net>

<net id="97"><net_src comp="4" pin="0"/><net_sink comp="92" pin=0"/></net>

<net id="98"><net_src comp="48" pin="0"/><net_sink comp="92" pin=1"/></net>

<net id="108"><net_src comp="92" pin="3"/><net_sink comp="99" pin=2"/></net>

<net id="114"><net_src comp="4" pin="0"/><net_sink comp="109" pin=0"/></net>

<net id="115"><net_src comp="48" pin="0"/><net_sink comp="109" pin=1"/></net>

<net id="116"><net_src comp="109" pin="3"/><net_sink comp="99" pin=0"/></net>

<net id="120"><net_src comp="38" pin="0"/><net_sink comp="117" pin=0"/></net>

<net id="121"><net_src comp="20" pin="0"/><net_sink comp="117" pin=0"/></net>

<net id="128"><net_src comp="117" pin="1"/><net_sink comp="122" pin=0"/></net>

<net id="129"><net_src comp="117" pin="1"/><net_sink comp="122" pin=2"/></net>

<net id="134"><net_src comp="26" pin="0"/><net_sink comp="130" pin=0"/></net>

<net id="139"><net_src comp="26" pin="0"/><net_sink comp="135" pin=0"/></net>

<net id="144"><net_src comp="36" pin="0"/><net_sink comp="140" pin=0"/></net>

<net id="152"><net_src comp="145" pin="1"/><net_sink comp="148" pin=0"/></net>

<net id="153"><net_src comp="66" pin="2"/><net_sink comp="148" pin=1"/></net>

<net id="158"><net_src comp="145" pin="1"/><net_sink comp="154" pin=0"/></net>

<net id="159"><net_src comp="10" pin="0"/><net_sink comp="154" pin=1"/></net>

<net id="164"><net_src comp="154" pin="2"/><net_sink comp="160" pin=0"/></net>

<net id="168"><net_src comp="165" pin="1"/><net_sink comp="85" pin=2"/></net>

<net id="172"><net_src comp="72" pin="2"/><net_sink comp="169" pin=0"/></net>

<net id="177"><net_src comp="169" pin="1"/><net_sink comp="173" pin=0"/></net>

<net id="178"><net_src comp="165" pin="1"/><net_sink comp="173" pin=1"/></net>

<net id="183"><net_src comp="122" pin="4"/><net_sink comp="179" pin=0"/></net>

<net id="184"><net_src comp="173" pin="2"/><net_sink comp="179" pin=1"/></net>

<net id="188"><net_src comp="169" pin="1"/><net_sink comp="185" pin=0"/></net>

<net id="189"><net_src comp="185" pin="1"/><net_sink comp="92" pin=2"/></net>

<net id="193"><net_src comp="190" pin="1"/><net_sink comp="99" pin=1"/></net>

<net id="197"><net_src comp="165" pin="1"/><net_sink comp="194" pin=0"/></net>

<net id="198"><net_src comp="194" pin="1"/><net_sink comp="109" pin=2"/></net>

<net id="203"><net_src comp="169" pin="1"/><net_sink comp="199" pin=0"/></net>

<net id="208"><net_src comp="99" pin="7"/><net_sink comp="204" pin=0"/></net>

<net id="216"><net_src comp="209" pin="1"/><net_sink comp="212" pin=0"/></net>

<net id="217"><net_src comp="10" pin="0"/><net_sink comp="212" pin=1"/></net>

<net id="222"><net_src comp="212" pin="2"/><net_sink comp="218" pin=0"/></net>

<net id="226"><net_src comp="223" pin="1"/><net_sink comp="78" pin=2"/></net>

<net id="230"><net_src comp="54" pin="1"/><net_sink comp="227" pin=0"/></net>

<net id="231"><net_src comp="227" pin="1"/><net_sink comp="140" pin=1"/></net>

<net id="232"><net_src comp="227" pin="1"/><net_sink comp="165" pin=0"/></net>

<net id="233"><net_src comp="227" pin="1"/><net_sink comp="199" pin=1"/></net>

<net id="237"><net_src comp="58" pin="1"/><net_sink comp="234" pin=0"/></net>

<net id="238"><net_src comp="234" pin="1"/><net_sink comp="135" pin=1"/></net>

<net id="239"><net_src comp="234" pin="1"/><net_sink comp="145" pin=0"/></net>

<net id="240"><net_src comp="234" pin="1"/><net_sink comp="160" pin=1"/></net>

<net id="244"><net_src comp="62" pin="1"/><net_sink comp="241" pin=0"/></net>

<net id="245"><net_src comp="241" pin="1"/><net_sink comp="130" pin=1"/></net>

<net id="246"><net_src comp="241" pin="1"/><net_sink comp="190" pin=0"/></net>

<net id="247"><net_src comp="241" pin="1"/><net_sink comp="204" pin=1"/></net>

<net id="248"><net_src comp="241" pin="1"/><net_sink comp="209" pin=0"/></net>

<net id="249"><net_src comp="241" pin="1"/><net_sink comp="218" pin=1"/></net>

<net id="250"><net_src comp="241" pin="1"/><net_sink comp="223" pin=0"/></net>

<net id="254"><net_src comp="148" pin="2"/><net_sink comp="251" pin=0"/></net>

<net id="258"><net_src comp="179" pin="2"/><net_sink comp="255" pin=0"/></net>

<net id="262"><net_src comp="92" pin="3"/><net_sink comp="259" pin=0"/></net>

<net id="263"><net_src comp="259" pin="1"/><net_sink comp="99" pin=2"/></net>

</net_list>

</model> 
---------------- Datapath Model END ------------------

* FSMD analyzer results:
  - Output states:
	Port: local_hist | {2 }
	Port: old_count_out | {2 }
	Port: old_pixel_out | {2 }
 - Input state : 
	Port: hls_histogram_gray_Pipeline_VITIS_LOOP_32_2 : total_pixels | {1 }
	Port: hls_histogram_gray_Pipeline_VITIS_LOOP_32_2 : stream_in | {2 }
	Port: hls_histogram_gray_Pipeline_VITIS_LOOP_32_2 : local_hist | {2 3 }
  - Chain level:
	State 1
		store_ln26 : 1
		store_ln32 : 1
		store_ln25 : 1
		i : 1
		icmp_ln32 : 2
		i_2 : 2
		br_ln32 : 3
		store_ln32 : 3
	State 2
		icmp_ln42 : 1
		or_ln42 : 2
		br_ln42 : 2
		zext_ln48 : 1
		local_hist_addr : 2
		local_hist_load : 3
		br_ln51 : 1
		zext_ln52 : 1
		local_hist_addr_1 : 2
		store_ln52 : 3
		store_ln25 : 1
		write_ln0 : 1
		write_ln0 : 1
	State 3
		store_ln26 : 1
		old_count_1 : 1
		store_ln26 : 2


============================================================
+ Verbose Summary: Datapath Resource usage 
============================================================

* Functional unit list:
|----------|------------------------------|---------|---------|
| Operation|        Functional Unit       |    FF   |   LUT   |
|----------|------------------------------|---------|---------|
|    add   |          i_2_fu_154          |    0    |    39   |
|          |      old_count_1_fu_212      |    0    |    39   |
|----------|------------------------------|---------|---------|
|   icmp   |       icmp_ln32_fu_148       |    0    |    39   |
|          |       icmp_ln42_fu_173       |    0    |    15   |
|----------|------------------------------|---------|---------|
|    or    |        or_ln42_fu_179        |    0    |    2    |
|----------|------------------------------|---------|---------|
|   read   | total_pixels_read_read_fu_66 |    0    |    0    |
|          |   stream_in_read_read_fu_72  |    0    |    0    |
|----------|------------------------------|---------|---------|
|   write  |     write_ln0_write_fu_78    |    0    |    0    |
|          |     write_ln0_write_fu_85    |    0    |    0    |
|----------|------------------------------|---------|---------|
|   trunc  |      old_pixel_2_fu_169      |    0    |    0    |
|----------|------------------------------|---------|---------|
|   zext   |       zext_ln48_fu_185       |    0    |    0    |
|          |       zext_ln52_fu_194       |    0    |    0    |
|----------|------------------------------|---------|---------|
|   Total  |                              |    0    |   134   |
|----------|------------------------------|---------|---------|

Memories:
N/A

* Register list:
+-----------------------+--------+
|                       |   FF   |
+-----------------------+--------+
|      i_1_reg_234      |   32   |
|   icmp_ln32_reg_251   |    1   |
| is_first_pixel_reg_117|    1   |
|local_hist_addr_reg_259|    8   |
|   old_count_reg_241   |   32   |
|   old_pixel_reg_227   |    8   |
|    or_ln42_reg_255    |    1   |
+-----------------------+--------+
|         Total         |   83   |
+-----------------------+--------+

* Multiplexer (MUX) list: 
|------------------------|------|------|------|--------||---------||---------||---------|
|          Comp          |  Pin | Size |  BW  | S x BW ||  Delay  ||    FF   ||   LUT   |
|------------------------|------|------|------|--------||---------||---------||---------|
|    grp_access_fu_99    |  p2  |   2  |   0  |    0   ||    0    ||    9    |
| is_first_pixel_reg_117 |  p0  |   2  |   1  |    2   |
|------------------------|------|------|------|--------||---------||---------||---------|
|          Total         |      |      |      |    2   ||  0.854  ||    0    ||    9    |
|------------------------|------|------|------|--------||---------||---------||---------|



* Summary:
+-----------+--------+--------+--------+
|           |  Delay |   FF   |   LUT  |
+-----------+--------+--------+--------+
|  Function |    -   |    0   |   134  |
|   Memory  |    -   |    -   |    -   |
|Multiplexer|    0   |    0   |    9   |
|  Register |    -   |   83   |    -   |
+-----------+--------+--------+--------+
|   Total   |    0   |   83   |   143  |
+-----------+--------+--------+--------+
