

================================================================
== Vitis HLS Report for 'hls_filter_median_3x3'
================================================================
* Date:           Fri Apr 10 08:17:48 2026

* Version:        2025.2 (Build 6295257 on Nov 14 2025)
* Project:        filter_2d_median
* Solution:       hls (Vivado IP Flow Target)
* Product family: zynquplus
* Target device:  xck26-sfvc784-2LV-c


================================================================
== Performance Estimates
================================================================
+ Timing: 
    * Summary: 
    +--------+----------+----------+------------+
    |  Clock |  Target  | Estimated| Uncertainty|
    +--------+----------+----------+------------+
    |ap_clk  |  10.00 ns|  6.789 ns|     2.70 ns|
    +--------+----------+----------+------------+

+ Latency: 
    * Summary: 
    +---------+----------+-----------+-----------+-----+----------+---------+
    |  Latency (cycles)  |   Latency (absolute)  |    Interval    | Pipeline|
    |   min   |    max   |    min    |    max    | min |    max   |   Type  |
    +---------+----------+-----------+-----------+-----+----------+---------+
    |        6|  67092487|  60.000 ns|  0.671 sec|    7|  67092488|       no|
    +---------+----------+-----------+-----------+-----+----------+---------+

    + Detail: 
        * Instance: 
        +----------------------------------------------------------+------------------------------------------------+---------+----------+-----------+-----------+-----+-----+-------------------+
        |                                                          |                                                |  Latency (cycles)  |   Latency (absolute)  |  Interval |      Pipeline     |
        |                         Instance                         |                     Module                     |   min   |    max   |    min    |    max    | min | max |        Type       |
        +----------------------------------------------------------+------------------------------------------------+---------+----------+-----------+-----------+-----+-----+-------------------+
        |grp_hls_filter_median_3x3_Pipeline_VITIS_LOOP_31_1_fu_56  |hls_filter_median_3x3_Pipeline_VITIS_LOOP_31_1  |        3|  67092484|  30.000 ns|  0.671 sec|    0|    0|  loop pipeline stp|
        +----------------------------------------------------------+------------------------------------------------+---------+----------+-----------+-----------+-----+-----+-------------------+

        * Loop: 
        N/A

============================================================
+ Verbose Summary: Synthesis Manager
============================================================
InlineROM: 1
ExposeGlobal: 0
============================================================
+ Verbose Summary: CDFG Model
============================================================
IsTopModel: 1
ResetActiveHigh: 1
IsCombinational: 0
IsDatapathOnly: 0
HasWiredReturn: 1
HasMFsm: 0
HasVarLatency: 1
IsPipeline: 0
IsRtlPipelined: 0
IsInstanceOverlapped: 0
IsDontTouch: 0
HasImplIP: 0
IsGatedGlobalClock: 0


============================================================
+ Verbose Summary: Schedule
============================================================
* Number of FSM states : 4
* Pipeline : 0
* Dataflow Pipeline: 0

* FSM state transitions: 
1 --> 2 
2 --> 3 
3 --> 4 
4 --> 

* FSM state operations: 

State 1 <SV = 0> <Delay = 0.00>

State 2 <SV = 1> <Delay = 6.78>
ST_2 : Operation 5 [1/1] (1.00ns)   --->   "%height_read = read i13 @_ssdm_op_Read.s_axilite.i13, i13 %height" [hls_filter_median.cpp:6]   --->   Operation 5 'read' 'height_read' <Predicate = true> <Delay = 1.00> <CoreInst = "s_axilite">   --->   Core 120 's_axilite' <Latency = 0> <II = 1> <Delay = 1.00> <Adapter> <Opcode : 'read' 'write'>
ST_2 : Operation 6 [1/1] (1.00ns)   --->   "%width_read = read i13 @_ssdm_op_Read.s_axilite.i13, i13 %width" [hls_filter_median.cpp:6]   --->   Operation 6 'read' 'width_read' <Predicate = true> <Delay = 1.00> <CoreInst = "s_axilite">   --->   Core 120 's_axilite' <Latency = 0> <II = 1> <Delay = 1.00> <Adapter> <Opcode : 'read' 'write'>
ST_2 : Operation 7 [1/1] (0.00ns)   --->   "%zext_ln117 = zext i13 %width_read" [hls_filter_median.cpp:117]   --->   Operation 7 'zext' 'zext_ln117' <Predicate = true> <Delay = 0.00>
ST_2 : Operation 8 [1/1] (0.82ns)   --->   "%add_ln117 = add i14 %zext_ln117, i14 16383" [hls_filter_median.cpp:117]   --->   Operation 8 'add' 'add_ln117' <Predicate = true> <Delay = 0.82> <CoreInst = "Adder">   --->   Core 1 'Adder' <Latency = 0> <II = 1> <Delay = 0.82> <FuncUnit> <Opcode : 'add' 'sub'> <InPorts = 2> <OutPorts = 1>
ST_2 : Operation 9 [1/1] (0.00ns)   --->   "%height_cast = zext i13 %height_read" [hls_filter_median.cpp:6]   --->   Operation 9 'zext' 'height_cast' <Predicate = true> <Delay = 0.00>
ST_2 : Operation 10 [1/1] (0.00ns)   --->   "%width_cast1 = zext i13 %width_read" [hls_filter_median.cpp:6]   --->   Operation 10 'zext' 'width_cast1' <Predicate = true> <Delay = 0.00>
ST_2 : Operation 11 [1/1] (2.23ns)   --->   "%mul_ln31 = mul i26 %height_cast, i26 %width_cast1" [hls_filter_median.cpp:31]   --->   Operation 11 'mul' 'mul_ln31' <Predicate = true> <Delay = 2.23> <CoreInst = "Multiplier">   --->   Core 3 'Multiplier' <Latency = 0> <II = 1> <Delay = 2.23> <FuncUnit> <Opcode : 'mul'> <InPorts = 2> <OutPorts = 1>
ST_2 : Operation 12 [2/2] (3.55ns)   --->   "%call_ln31 = call void @hls_filter_median_3x3_Pipeline_VITIS_LOOP_31_1, i26 %mul_ln31, i24 %s_axis_video, i14 %add_ln117, i24 %m_axis_video" [hls_filter_median.cpp:31]   --->   Operation 12 'call' 'call_ln31' <Predicate = true> <Delay = 3.55> <CoreType = "Generic">   --->   Generic Core

State 3 <SV = 2> <Delay = 5.10>
ST_3 : Operation 13 [1/2] (5.10ns)   --->   "%call_ln31 = call void @hls_filter_median_3x3_Pipeline_VITIS_LOOP_31_1, i26 %mul_ln31, i24 %s_axis_video, i14 %add_ln117, i24 %m_axis_video" [hls_filter_median.cpp:31]   --->   Operation 13 'call' 'call_ln31' <Predicate = true> <Delay = 5.10> <CoreType = "Generic">   --->   Generic Core

State 4 <SV = 3> <Delay = 0.00>
ST_4 : Operation 14 [1/1] (0.00ns)   --->   "%spectopmodule_ln3 = spectopmodule void @_ssdm_op_SpecTopModule, void @empty_7" [hls_filter_median.cpp:3]   --->   Operation 14 'spectopmodule' 'spectopmodule_ln3' <Predicate = true> <Delay = 0.00>
ST_4 : Operation 15 [1/1] (0.00ns)   --->   "%specinterface_ln0 = specinterface void @_ssdm_op_SpecInterface, i24 %s_axis_video, void @empty, i32 1, i32 1, void @empty_0, i32 0, i32 0, void @empty_1, void @empty_1, void @empty_1, i32 0, i32 0, i32 0, i32 0, void @empty_1, void @empty_1, i32 4294967295, i32 0, i32 0, i32 0"   --->   Operation 15 'specinterface' 'specinterface_ln0' <Predicate = true> <Delay = 0.00>
ST_4 : Operation 16 [1/1] (0.00ns)   --->   "%specbitsmap_ln0 = specbitsmap void @_ssdm_op_SpecBitsMap, i24 %s_axis_video"   --->   Operation 16 'specbitsmap' 'specbitsmap_ln0' <Predicate = true> <Delay = 0.00>
ST_4 : Operation 17 [1/1] (0.00ns)   --->   "%specinterface_ln0 = specinterface void @_ssdm_op_SpecInterface, i24 %m_axis_video, void @empty, i32 1, i32 1, void @empty_0, i32 0, i32 0, void @empty_1, void @empty_1, void @empty_1, i32 0, i32 0, i32 0, i32 0, void @empty_1, void @empty_1, i32 4294967295, i32 0, i32 0, i32 0"   --->   Operation 17 'specinterface' 'specinterface_ln0' <Predicate = true> <Delay = 0.00>
ST_4 : Operation 18 [1/1] (0.00ns)   --->   "%specbitsmap_ln0 = specbitsmap void @_ssdm_op_SpecBitsMap, i24 %m_axis_video"   --->   Operation 18 'specbitsmap' 'specbitsmap_ln0' <Predicate = true> <Delay = 0.00>
ST_4 : Operation 19 [1/1] (0.00ns)   --->   "%specbitsmap_ln0 = specbitsmap void @_ssdm_op_SpecBitsMap, i13 %width"   --->   Operation 19 'specbitsmap' 'specbitsmap_ln0' <Predicate = true> <Delay = 0.00>
ST_4 : Operation 20 [1/1] (0.00ns)   --->   "%specinterface_ln0 = specinterface void @_ssdm_op_SpecInterface, i13 %width, void @empty_2, i32 4294967295, i32 4294967295, void @empty_1, i32 0, i32 0, void @empty_3, void @empty_4, void @empty_1, i32 0, i32 0, i32 0, i32 0, void @empty_1, void @empty_1, i32 4294967295, i32 0, i32 0, i32 0"   --->   Operation 20 'specinterface' 'specinterface_ln0' <Predicate = true> <Delay = 0.00>
ST_4 : Operation 21 [1/1] (0.00ns)   --->   "%specinterface_ln0 = specinterface void @_ssdm_op_SpecInterface, i13 %width, void @empty_5, i32 0, i32 0, void @empty_1, i32 0, i32 0, void @empty_1, void @empty_1, void @empty_1, i32 0, i32 0, i32 0, i32 0, void @empty_1, void @empty_1, i32 4294967295, i32 0, i32 0, i32 0"   --->   Operation 21 'specinterface' 'specinterface_ln0' <Predicate = true> <Delay = 0.00>
ST_4 : Operation 22 [1/1] (0.00ns)   --->   "%specbitsmap_ln0 = specbitsmap void @_ssdm_op_SpecBitsMap, i13 %height"   --->   Operation 22 'specbitsmap' 'specbitsmap_ln0' <Predicate = true> <Delay = 0.00>
ST_4 : Operation 23 [1/1] (0.00ns)   --->   "%specinterface_ln0 = specinterface void @_ssdm_op_SpecInterface, i13 %height, void @empty_2, i32 4294967295, i32 4294967295, void @empty_1, i32 0, i32 0, void @empty_3, void @empty_6, void @empty_1, i32 0, i32 0, i32 0, i32 0, void @empty_1, void @empty_1, i32 4294967295, i32 0, i32 0, i32 0"   --->   Operation 23 'specinterface' 'specinterface_ln0' <Predicate = true> <Delay = 0.00>
ST_4 : Operation 24 [1/1] (0.00ns)   --->   "%specinterface_ln0 = specinterface void @_ssdm_op_SpecInterface, i13 %height, void @empty_5, i32 0, i32 0, void @empty_1, i32 0, i32 0, void @empty_1, void @empty_1, void @empty_1, i32 0, i32 0, i32 0, i32 0, void @empty_1, void @empty_1, i32 4294967295, i32 0, i32 0, i32 0"   --->   Operation 24 'specinterface' 'specinterface_ln0' <Predicate = true> <Delay = 0.00>
ST_4 : Operation 25 [1/1] (0.00ns)   --->   "%specinterface_ln0 = specinterface void @_ssdm_op_SpecInterface, i32 0, void @empty_2, i32 0, i32 0, void @empty_1, i32 0, i32 0, void @empty_3, void @empty_1, void @empty_1, i32 0, i32 0, i32 0, i32 0, void @empty_1, void @empty_1, i32 0, i32 0, i32 0, i32 0"   --->   Operation 25 'specinterface' 'specinterface_ln0' <Predicate = true> <Delay = 0.00>
ST_4 : Operation 26 [1/1] (0.00ns)   --->   "%ret_ln124 = ret" [hls_filter_median.cpp:124]   --->   Operation 26 'ret' 'ret_ln124' <Predicate = true> <Delay = 0.00>


============================================================
+ Verbose Summary: Binding
============================================================
STG Binding: 
---------------- STG Properties BEGIN ----------------
- Is combinational: 0
- Is one-state seq: 0
- Is datapath-only: 0
- Is pipelined: 0
- Is top level: 1
Port [ Return ] is wired: 1; IO mode=ap_ctrl_hs:ce=0
Port [ s_axis_video]:  wired=1; compound=1; hidden=0; nouse=0; global=0; static=0; extern=0; dir=0; type=0; pingpong=0; private_global=0; IO mode=axis:ce=0
Port [ m_axis_video]:  wired=1; compound=1; hidden=0; nouse=0; global=0; static=0; extern=0; dir=1; type=0; pingpong=0; private_global=0; IO mode=axis:ce=0
Port [ width]:  wired=1; compound=0; hidden=0; nouse=0; global=0; static=0; extern=0; dir=0; type=0; pingpong=0; private_global=0; IO mode=ap_none:ce=0
Port [ height]:  wired=1; compound=0; hidden=0; nouse=0; global=0; static=0; extern=0; dir=0; type=0; pingpong=0; private_global=0; IO mode=ap_none:ce=0
---------------- STG Properties END ------------------

---------------- Datapath Model BEGIN ----------------

<LifeTime>
<method=bitvector/>
height_read       (read         ) [ 00000]
width_read        (read         ) [ 00000]
zext_ln117        (zext         ) [ 00000]
add_ln117         (add          ) [ 00010]
height_cast       (zext         ) [ 00000]
width_cast1       (zext         ) [ 00000]
mul_ln31          (mul          ) [ 00010]
call_ln31         (call         ) [ 00000]
spectopmodule_ln3 (spectopmodule) [ 00000]
specinterface_ln0 (specinterface) [ 00000]
specbitsmap_ln0   (specbitsmap  ) [ 00000]
specinterface_ln0 (specinterface) [ 00000]
specbitsmap_ln0   (specbitsmap  ) [ 00000]
specbitsmap_ln0   (specbitsmap  ) [ 00000]
specinterface_ln0 (specinterface) [ 00000]
specinterface_ln0 (specinterface) [ 00000]
specbitsmap_ln0   (specbitsmap  ) [ 00000]
specinterface_ln0 (specinterface) [ 00000]
specinterface_ln0 (specinterface) [ 00000]
specinterface_ln0 (specinterface) [ 00000]
ret_ln124         (ret          ) [ 00000]
</LifeTime>

<model>

<comp_list>
<comp id="0" class="1000" name="s_axis_video">
<pin_list>
<pin id="1" dir="1" index="0" bw="1" slack="0"/>
</pin_list>
<bind>
<StgValue><ssdm name="s_axis_video"/></StgValue>
</bind>
</comp>

<comp id="2" class="1000" name="m_axis_video">
<pin_list>
<pin id="3" dir="1" index="0" bw="1" slack="0"/>
</pin_list>
<bind>
<StgValue><ssdm name="m_axis_video"/></StgValue>
</bind>
</comp>

<comp id="4" class="1000" name="width">
<pin_list>
<pin id="5" dir="1" index="0" bw="1" slack="0"/>
</pin_list>
<bind>
<StgValue><ssdm name="width"/></StgValue>
</bind>
</comp>

<comp id="6" class="1000" name="height">
<pin_list>
<pin id="7" dir="1" index="0" bw="1" slack="0"/>
</pin_list>
<bind>
<StgValue><ssdm name="height"/></StgValue>
</bind>
</comp>

<comp id="8" class="1001" name="const_8">
<pin_list>
<pin id="9" dir="1" index="0" bw="1" slack="0"/>
</pin_list>
<bind>
<StgValue><ssdm name="_ssdm_op_Read.s_axilite.i13"/></StgValue>
</bind>
</comp>

<comp id="10" class="1001" name="const_10">
<pin_list>
<pin id="11" dir="1" index="0" bw="1" slack="0"/>
</pin_list>
<bind>
<StgValue><ssdm name=""/></StgValue>
</bind>
</comp>

<comp id="12" class="1001" name="const_12">
<pin_list>
<pin id="13" dir="1" index="0" bw="1" slack="0"/>
</pin_list>
<bind>
<StgValue><ssdm name="hls_filter_median_3x3_Pipeline_VITIS_LOOP_31_1"/></StgValue>
</bind>
</comp>

<comp id="14" class="1001" name="const_14">
<pin_list>
<pin id="15" dir="1" index="0" bw="1" slack="2147483647"/>
</pin_list>
<bind>
<StgValue><ssdm name="_ssdm_op_SpecTopModule"/></StgValue>
</bind>
</comp>

<comp id="16" class="1001" name="const_16">
<pin_list>
<pin id="17" dir="1" index="0" bw="1" slack="2147483647"/>
</pin_list>
<bind>
<StgValue><ssdm name="empty_7"/></StgValue>
</bind>
</comp>

<comp id="18" class="1001" name="const_18">
<pin_list>
<pin id="19" dir="1" index="0" bw="1" slack="2147483647"/>
</pin_list>
<bind>
<StgValue><ssdm name="_ssdm_op_SpecInterface"/></StgValue>
</bind>
</comp>

<comp id="20" class="1001" name="const_20">
<pin_list>
<pin id="21" dir="1" index="0" bw="1" slack="2147483647"/>
</pin_list>
<bind>
<StgValue><ssdm name="empty"/></StgValue>
</bind>
</comp>

<comp id="22" class="1001" name="const_22">
<pin_list>
<pin id="23" dir="1" index="0" bw="1" slack="2147483647"/>
</pin_list>
<bind>
<StgValue><ssdm name=""/></StgValue>
</bind>
</comp>

<comp id="24" class="1001" name="const_24">
<pin_list>
<pin id="25" dir="1" index="0" bw="1" slack="2147483647"/>
</pin_list>
<bind>
<StgValue><ssdm name="empty_0"/></StgValue>
</bind>
</comp>

<comp id="26" class="1001" name="const_26">
<pin_list>
<pin id="27" dir="1" index="0" bw="1" slack="2147483647"/>
</pin_list>
<bind>
<StgValue><ssdm name=""/></StgValue>
</bind>
</comp>

<comp id="28" class="1001" name="const_28">
<pin_list>
<pin id="29" dir="1" index="0" bw="1" slack="2147483647"/>
</pin_list>
<bind>
<StgValue><ssdm name="empty_1"/></StgValue>
</bind>
</comp>

<comp id="30" class="1001" name="const_30">
<pin_list>
<pin id="31" dir="1" index="0" bw="1" slack="2147483647"/>
</pin_list>
<bind>
<StgValue><ssdm name=""/></StgValue>
</bind>
</comp>

<comp id="32" class="1001" name="const_32">
<pin_list>
<pin id="33" dir="1" index="0" bw="1" slack="2147483647"/>
</pin_list>
<bind>
<StgValue><ssdm name="_ssdm_op_SpecBitsMap"/></StgValue>
</bind>
</comp>

<comp id="34" class="1001" name="const_34">
<pin_list>
<pin id="35" dir="1" index="0" bw="1" slack="2147483647"/>
</pin_list>
<bind>
<StgValue><ssdm name="empty_2"/></StgValue>
</bind>
</comp>

<comp id="36" class="1001" name="const_36">
<pin_list>
<pin id="37" dir="1" index="0" bw="1" slack="2147483647"/>
</pin_list>
<bind>
<StgValue><ssdm name="empty_3"/></StgValue>
</bind>
</comp>

<comp id="38" class="1001" name="const_38">
<pin_list>
<pin id="39" dir="1" index="0" bw="1" slack="2147483647"/>
</pin_list>
<bind>
<StgValue><ssdm name="empty_4"/></StgValue>
</bind>
</comp>

<comp id="40" class="1001" name="const_40">
<pin_list>
<pin id="41" dir="1" index="0" bw="1" slack="2147483647"/>
</pin_list>
<bind>
<StgValue><ssdm name="empty_5"/></StgValue>
</bind>
</comp>

<comp id="42" class="1001" name="const_42">
<pin_list>
<pin id="43" dir="1" index="0" bw="1" slack="2147483647"/>
</pin_list>
<bind>
<StgValue><ssdm name="empty_6"/></StgValue>
</bind>
</comp>

<comp id="44" class="1004" name="height_read_read_fu_44">
<pin_list>
<pin id="45" dir="0" index="0" bw="13" slack="0"/>
<pin id="46" dir="0" index="1" bw="13" slack="0"/>
<pin id="47" dir="1" index="2" bw="13" slack="0"/>
</pin_list>
<bind>
<opcode="read(1150) " fcode="read"/>
<opset="height_read/2 "/>
</bind>
</comp>

<comp id="50" class="1004" name="width_read_read_fu_50">
<pin_list>
<pin id="51" dir="0" index="0" bw="13" slack="0"/>
<pin id="52" dir="0" index="1" bw="13" slack="0"/>
<pin id="53" dir="1" index="2" bw="13" slack="0"/>
</pin_list>
<bind>
<opcode="read(1150) " fcode="read"/>
<opset="width_read/2 "/>
</bind>
</comp>

<comp id="56" class="1004" name="grp_hls_filter_median_3x3_Pipeline_VITIS_LOOP_31_1_fu_56">
<pin_list>
<pin id="57" dir="0" index="0" bw="0" slack="0"/>
<pin id="58" dir="0" index="1" bw="26" slack="0"/>
<pin id="59" dir="0" index="2" bw="24" slack="0"/>
<pin id="60" dir="0" index="3" bw="14" slack="0"/>
<pin id="61" dir="0" index="4" bw="24" slack="0"/>
<pin id="62" dir="1" index="5" bw="0" slack="2147483647"/>
</pin_list>
<bind>
<opcode="call(48) " fcode="call"/>
<opset="call_ln31/2 "/>
</bind>
</comp>

<comp id="66" class="1004" name="zext_ln117_fu_66">
<pin_list>
<pin id="67" dir="0" index="0" bw="13" slack="0"/>
<pin id="68" dir="1" index="1" bw="14" slack="0"/>
</pin_list>
<bind>
<opcode="zext(34) " fcode="zext"/>
<opset="zext_ln117/2 "/>
</bind>
</comp>

<comp id="70" class="1004" name="add_ln117_fu_70">
<pin_list>
<pin id="71" dir="0" index="0" bw="13" slack="0"/>
<pin id="72" dir="0" index="1" bw="1" slack="0"/>
<pin id="73" dir="1" index="2" bw="14" slack="0"/>
</pin_list>
<bind>
<opcode="add(8) " fcode="add"/>
<opset="add_ln117/2 "/>
</bind>
</comp>

<comp id="77" class="1004" name="height_cast_fu_77">
<pin_list>
<pin id="78" dir="0" index="0" bw="13" slack="0"/>
<pin id="79" dir="1" index="1" bw="26" slack="0"/>
</pin_list>
<bind>
<opcode="zext(34) " fcode="zext"/>
<opset="height_cast/2 "/>
</bind>
</comp>

<comp id="81" class="1004" name="width_cast1_fu_81">
<pin_list>
<pin id="82" dir="0" index="0" bw="13" slack="0"/>
<pin id="83" dir="1" index="1" bw="26" slack="0"/>
</pin_list>
<bind>
<opcode="zext(34) " fcode="zext"/>
<opset="width_cast1/2 "/>
</bind>
</comp>

<comp id="85" class="1004" name="mul_ln31_fu_85">
<pin_list>
<pin id="86" dir="0" index="0" bw="13" slack="0"/>
<pin id="87" dir="0" index="1" bw="13" slack="0"/>
<pin id="88" dir="1" index="2" bw="26" slack="0"/>
</pin_list>
<bind>
<opcode="mul(12) " fcode="mul"/>
<opset="mul_ln31/2 "/>
</bind>
</comp>

<comp id="92" class="1005" name="add_ln117_reg_92">
<pin_list>
<pin id="93" dir="0" index="0" bw="14" slack="1"/>
<pin id="94" dir="1" index="1" bw="14" slack="1"/>
</pin_list>
<bind>
<opset="add_ln117 "/>
</bind>
</comp>

<comp id="97" class="1005" name="mul_ln31_reg_97">
<pin_list>
<pin id="98" dir="0" index="0" bw="26" slack="1"/>
<pin id="99" dir="1" index="1" bw="26" slack="1"/>
</pin_list>
<bind>
<opset="mul_ln31 "/>
</bind>
</comp>

</comp_list>

<net_list>
<net id="48"><net_src comp="8" pin="0"/><net_sink comp="44" pin=0"/></net>

<net id="49"><net_src comp="6" pin="0"/><net_sink comp="44" pin=1"/></net>

<net id="54"><net_src comp="8" pin="0"/><net_sink comp="50" pin=0"/></net>

<net id="55"><net_src comp="4" pin="0"/><net_sink comp="50" pin=1"/></net>

<net id="63"><net_src comp="12" pin="0"/><net_sink comp="56" pin=0"/></net>

<net id="64"><net_src comp="0" pin="0"/><net_sink comp="56" pin=2"/></net>

<net id="65"><net_src comp="2" pin="0"/><net_sink comp="56" pin=4"/></net>

<net id="69"><net_src comp="50" pin="2"/><net_sink comp="66" pin=0"/></net>

<net id="74"><net_src comp="66" pin="1"/><net_sink comp="70" pin=0"/></net>

<net id="75"><net_src comp="10" pin="0"/><net_sink comp="70" pin=1"/></net>

<net id="76"><net_src comp="70" pin="2"/><net_sink comp="56" pin=3"/></net>

<net id="80"><net_src comp="44" pin="2"/><net_sink comp="77" pin=0"/></net>

<net id="84"><net_src comp="50" pin="2"/><net_sink comp="81" pin=0"/></net>

<net id="89"><net_src comp="77" pin="1"/><net_sink comp="85" pin=0"/></net>

<net id="90"><net_src comp="81" pin="1"/><net_sink comp="85" pin=1"/></net>

<net id="91"><net_src comp="85" pin="2"/><net_sink comp="56" pin=1"/></net>

<net id="95"><net_src comp="70" pin="2"/><net_sink comp="92" pin=0"/></net>

<net id="96"><net_src comp="92" pin="1"/><net_sink comp="56" pin=3"/></net>

<net id="100"><net_src comp="85" pin="2"/><net_sink comp="97" pin=0"/></net>

<net id="101"><net_src comp="97" pin="1"/><net_sink comp="56" pin=1"/></net>

</net_list>

</model> 
---------------- Datapath Model END ------------------

* FSMD analyzer results:
  - Output states:
	Port: m_axis_video | {2 3 }
 - Input state : 
	Port: hls_filter_median_3x3 : s_axis_video | {2 3 }
	Port: hls_filter_median_3x3 : width | {2 }
	Port: hls_filter_median_3x3 : height | {2 }
  - Chain level:
	State 1
	State 2
		add_ln117 : 1
		mul_ln31 : 1
		call_ln31 : 2
	State 3
	State 4


============================================================
+ Verbose Summary: Datapath Resource usage 
============================================================

* Functional unit list:
|----------|----------------------------------------------------------|---------|---------|---------|---------|---------|---------|
| Operation|                      Functional Unit                     |   BRAM  |   DSP   |  Delay  |    FF   |   LUT   |   URAM  |
|----------|----------------------------------------------------------|---------|---------|---------|---------|---------|---------|
|   call   | grp_hls_filter_median_3x3_Pipeline_VITIS_LOOP_31_1_fu_56 |    8    |    0    |  0.854  |   348   |   1103  |    0    |
|----------|----------------------------------------------------------|---------|---------|---------|---------|---------|---------|
|    add   |                      add_ln117_fu_70                     |    0    |    0    |    0    |    0    |    20   |    0    |
|----------|----------------------------------------------------------|---------|---------|---------|---------|---------|---------|
|    mul   |                      mul_ln31_fu_85                      |    0    |    1    |    0    |    0    |    5    |    0    |
|----------|----------------------------------------------------------|---------|---------|---------|---------|---------|---------|
|   read   |                  height_read_read_fu_44                  |    0    |    0    |    0    |    0    |    0    |    0    |
|          |                   width_read_read_fu_50                  |    0    |    0    |    0    |    0    |    0    |    0    |
|----------|----------------------------------------------------------|---------|---------|---------|---------|---------|---------|
|          |                     zext_ln117_fu_66                     |    0    |    0    |    0    |    0    |    0    |    0    |
|   zext   |                     height_cast_fu_77                    |    0    |    0    |    0    |    0    |    0    |    0    |
|          |                     width_cast1_fu_81                    |    0    |    0    |    0    |    0    |    0    |    0    |
|----------|----------------------------------------------------------|---------|---------|---------|---------|---------|---------|
|   Total  |                                                          |    8    |    1    |  0.854  |   348   |   1128  |    0    |
|----------|----------------------------------------------------------|---------|---------|---------|---------|---------|---------|

Memories:
N/A

* Register list:
+----------------+--------+
|                |   FF   |
+----------------+--------+
|add_ln117_reg_92|   14   |
| mul_ln31_reg_97|   26   |
+----------------+--------+
|      Total     |   40   |
+----------------+--------+

* Multiplexer (MUX) list: 
|----------------------------------------------------------|------|------|------|--------||---------||---------||---------|
|                           Comp                           |  Pin | Size |  BW  | S x BW ||  Delay  ||    FF   ||   LUT   |
|----------------------------------------------------------|------|------|------|--------||---------||---------||---------|
| grp_hls_filter_median_3x3_Pipeline_VITIS_LOOP_31_1_fu_56 |  p1  |   2  |  26  |   52   ||    0    ||    9    |
| grp_hls_filter_median_3x3_Pipeline_VITIS_LOOP_31_1_fu_56 |  p3  |   2  |  14  |   28   ||    0    ||    9    |
|----------------------------------------------------------|------|------|------|--------||---------||---------||---------|
|                           Total                          |      |      |      |   80   ||  0.854  ||    0    ||    18   |
|----------------------------------------------------------|------|------|------|--------||---------||---------||---------|



* Summary:
+-----------+--------+--------+--------+--------+--------+--------+
|           |  BRAM  |   DSP  |  Delay |   FF   |   LUT  |  URAM  |
+-----------+--------+--------+--------+--------+--------+--------+
|  Function |    8   |    1   |    0   |   348  |  1128  |    0   |
|   Memory  |    -   |    -   |    -   |    -   |    -   |    -   |
|Multiplexer|    -   |    -   |    0   |    0   |   18   |    -   |
|  Register |    -   |    -   |    -   |   40   |    -   |    -   |
+-----------+--------+--------+--------+--------+--------+--------+
|   Total   |    8   |    1   |    1   |   388  |  1146  |    0   |
+-----------+--------+--------+--------+--------+--------+--------+
