

================================================================
== Vitis HLS Report for 'hls_filter_median_3x3_Pipeline_VITIS_LOOP_34_1'
================================================================
* Date:           Thu Jun 18 19:19:21 2026

* Version:        2025.2 (Build 6295257 on Nov 14 2025)
* Project:        filter_2d_median
* Solution:       hls (Vivado IP Flow Target)
* Product family: zynquplus
* Target device:  xck26-sfvc784-2LV-c


================================================================
== Performance Estimates
================================================================
+ Timing: 
    * Summary: 
    +--------+----------+----------+------------+
    |  Clock |  Target  | Estimated| Uncertainty|
    +--------+----------+----------+------------+
    |ap_clk  |  10.00 ns|  6.262 ns|     2.70 ns|
    +--------+----------+----------+------------+

+ Latency: 
    * Summary: 
    +---------+----------+-----------+-----------+-----+-----+-------------------+
    |  Latency (cycles)  |   Latency (absolute)  |  Interval |      Pipeline     |
    |   min   |    max   |    min    |    max    | min | max |        Type       |
    +---------+----------+-----------+-----------+-----+-----+-------------------+
    |        3|  67092484|  30.000 ns|  0.671 sec|    0|    0|  loop pipeline stp|
    +---------+----------+-----------+-----------+-----+-----+-------------------+

    + Detail: 
        * Instance: 
        N/A

        * Loop: 
        +-------------------+---------+----------+----------+-----------+-----------+--------------+----------+
        |                   |  Latency (cycles)  | Iteration|  Initiation Interval  |     Trip     |          |
        |     Loop Name     |   min   |    max   |  Latency |  achieved |   target  |     Count    | Pipelined|
        +-------------------+---------+----------+----------+-----------+-----------+--------------+----------+
        |- VITIS_LOOP_34_1  |        1|  67092482|         3|          1|          1|  0 ~ 67092481|       yes|
        +-------------------+---------+----------+----------+-----------+-----------+--------------+----------+

============================================================
+ Verbose Summary: Synthesis Manager
============================================================
InlineROM: 1
ExposeGlobal: 0
============================================================
+ Verbose Summary: CDFG Model
============================================================
IsTopModel: 0
ResetActiveHigh: 1
IsCombinational: 0
IsDatapathOnly: 0
HasWiredReturn: 1
HasMFsm: 2
HasVarLatency: 1
IsPipeline: 0
IsRtlPipelined: 0
IsInstanceOverlapped: 0
IsDontTouch: 0
HasImplIP: 0
IsGatedGlobalClock: 0

+ Individual pipeline summary: 
  * Pipeline-0: initiation interval (II) = 1, depth = 4


============================================================
+ Verbose Summary: Schedule
============================================================
* Number of FSM states : 4
* Pipeline : 1
  Pipeline-0 : II = 1, D = 4, States = { 1 2 3 4 }
* Dataflow Pipeline: 0

* FSM state transitions: 
1 --> 2 
2 --> 3 
3 --> 4 
4 --> 

* FSM state operations: 

State 1 <SV = 0> <Delay = 0.42>
ST_1 : Operation 6 [1/1] (0.00ns)   --->   "%reuse_addr_reg6 = alloca i32 1"   --->   Operation 6 'alloca' 'reuse_addr_reg6' <Predicate = true> <Delay = 0.00>
ST_1 : Operation 7 [1/1] (0.00ns)   --->   "%reuse_reg5 = alloca i32 1"   --->   Operation 7 'alloca' 'reuse_reg5' <Predicate = true> <Delay = 0.00>
ST_1 : Operation 8 [1/1] (0.00ns)   --->   "%reuse_addr_reg = alloca i32 1"   --->   Operation 8 'alloca' 'reuse_addr_reg' <Predicate = true> <Delay = 0.00>
ST_1 : Operation 9 [1/1] (0.00ns)   --->   "%reuse_reg = alloca i32 1"   --->   Operation 9 'alloca' 'reuse_reg' <Predicate = true> <Delay = 0.00>
ST_1 : Operation 10 [1/1] (0.00ns)   --->   "%x = alloca i32 1" [hls_filter_median.cpp:26]   --->   Operation 10 'alloca' 'x' <Predicate = true> <Delay = 0.00>
ST_1 : Operation 11 [1/1] (0.00ns)   --->   "%y = alloca i32 1" [hls_filter_median.cpp:27]   --->   Operation 11 'alloca' 'y' <Predicate = true> <Delay = 0.00>
ST_1 : Operation 12 [1/1] (0.00ns)   --->   "%i = alloca i32 1" [hls_filter_median.cpp:34]   --->   Operation 12 'alloca' 'i' <Predicate = true> <Delay = 0.00>
ST_1 : Operation 13 [1/1] (0.00ns)   --->   "%a = alloca i32 1" [./hls_filter_median.hpp:172->hls_filter_median.cpp:79]   --->   Operation 13 'alloca' 'a' <Predicate = true> <Delay = 0.00>
ST_1 : Operation 14 [1/1] (0.00ns)   --->   "%a_1 = alloca i32 1" [./hls_filter_median.hpp:172->hls_filter_median.cpp:79]   --->   Operation 14 'alloca' 'a_1' <Predicate = true> <Delay = 0.00>
ST_1 : Operation 15 [1/1] (0.00ns)   --->   "%a_2 = alloca i32 1" [./hls_filter_median.hpp:172->hls_filter_median.cpp:79]   --->   Operation 15 'alloca' 'a_2' <Predicate = true> <Delay = 0.00>
ST_1 : Operation 16 [1/1] (0.00ns)   --->   "%out_x = alloca i32 1" [hls_filter_median.cpp:28]   --->   Operation 16 'alloca' 'out_x' <Predicate = true> <Delay = 0.00>
ST_1 : Operation 17 [1/1] (0.00ns)   --->   "%out_y = alloca i32 1" [hls_filter_median.cpp:29]   --->   Operation 17 'alloca' 'out_y' <Predicate = true> <Delay = 0.00>
ST_1 : Operation 18 [1/1] (0.00ns)   --->   "%b = alloca i32 1" [./hls_filter_median.hpp:172->hls_filter_median.cpp:79]   --->   Operation 18 'alloca' 'b' <Predicate = true> <Delay = 0.00>
ST_1 : Operation 19 [1/1] (0.00ns)   --->   "%b_1 = alloca i32 1" [./hls_filter_median.hpp:172->hls_filter_median.cpp:79]   --->   Operation 19 'alloca' 'b_1' <Predicate = true> <Delay = 0.00>
ST_1 : Operation 20 [1/1] (0.00ns)   --->   "%b_2 = alloca i32 1" [./hls_filter_median.hpp:172->hls_filter_median.cpp:79]   --->   Operation 20 'alloca' 'b_2' <Predicate = true> <Delay = 0.00>
ST_1 : Operation 21 [1/1] (0.00ns)   --->   "%specinterface_ln0 = specinterface void @_ssdm_op_SpecInterface, i24 %m_axis_video, void @empty, i32 0, i32 0, void @empty_0, i32 0, i32 0, void @empty_1, void @empty_1, void @empty_1, i32 0, i32 0, i32 0, i32 0, void @empty_1, void @empty_1, i32 4294967295, i32 0, i32 0, i32 0"   --->   Operation 21 'specinterface' 'specinterface_ln0' <Predicate = true> <Delay = 0.00>
ST_1 : Operation 22 [1/1] (0.00ns)   --->   "%specinterface_ln0 = specinterface void @_ssdm_op_SpecInterface, i24 %s_axis_video, void @empty, i32 0, i32 0, void @empty_0, i32 0, i32 0, void @empty_1, void @empty_1, void @empty_1, i32 0, i32 0, i32 0, i32 0, void @empty_1, void @empty_1, i32 4294967295, i32 0, i32 0, i32 0"   --->   Operation 22 'specinterface' 'specinterface_ln0' <Predicate = true> <Delay = 0.00>
ST_1 : Operation 23 [1/1] (0.00ns)   --->   "%add_ln116_read = read i14 @_ssdm_op_Read.ap_auto.i14, i14 %add_ln116"   --->   Operation 23 'read' 'add_ln116_read' <Predicate = true> <Delay = 0.00>
ST_1 : Operation 24 [1/1] (0.00ns)   --->   "%add_ln134_read = read i14 @_ssdm_op_Read.ap_auto.i14, i14 %add_ln134"   --->   Operation 24 'read' 'add_ln134_read' <Predicate = true> <Delay = 0.00>
ST_1 : Operation 25 [1/1] (0.00ns)   --->   "%mul_ln34_read = read i26 @_ssdm_op_Read.ap_auto.i26, i26 %mul_ln34"   --->   Operation 25 'read' 'mul_ln34_read' <Predicate = true> <Delay = 0.00>
ST_1 : Operation 26 [1/1] (0.00ns)   --->   "%line_buffer_1 = alloca i64 1" [hls_filter_median.cpp:18]   --->   Operation 26 'alloca' 'line_buffer_1' <Predicate = true> <Delay = 0.00> <CoreInst = "RAM">   --->   Core 82 'RAM' <Latency = 1> <II = 1> <Delay = 1.23> <Storage> <Opcode : 'load' 'store'> <Ports = 2> <Width = 8> <Depth = 7680> <RAM>
ST_1 : Operation 27 [1/1] (0.00ns)   --->   "%line_buffer = alloca i64 1" [hls_filter_median.cpp:18]   --->   Operation 27 'alloca' 'line_buffer' <Predicate = true> <Delay = 0.00> <CoreInst = "RAM">   --->   Core 82 'RAM' <Latency = 1> <II = 1> <Delay = 1.23> <Storage> <Opcode : 'load' 'store'> <Ports = 2> <Width = 8> <Depth = 7680> <RAM>
ST_1 : Operation 28 [1/1] (0.42ns)   --->   "%store_ln29 = store i13 0, i13 %out_y" [hls_filter_median.cpp:29]   --->   Operation 28 'store' 'store_ln29' <Predicate = true> <Delay = 0.42>
ST_1 : Operation 29 [1/1] (0.42ns)   --->   "%store_ln28 = store i13 0, i13 %out_x" [hls_filter_median.cpp:28]   --->   Operation 29 'store' 'store_ln28' <Predicate = true> <Delay = 0.42>
ST_1 : Operation 30 [1/1] (0.42ns)   --->   "%store_ln34 = store i26 0, i26 %i" [hls_filter_median.cpp:34]   --->   Operation 30 'store' 'store_ln34' <Predicate = true> <Delay = 0.42>
ST_1 : Operation 31 [1/1] (0.42ns)   --->   "%store_ln27 = store i13 0, i13 %y" [hls_filter_median.cpp:27]   --->   Operation 31 'store' 'store_ln27' <Predicate = true> <Delay = 0.42>
ST_1 : Operation 32 [1/1] (0.42ns)   --->   "%store_ln26 = store i13 0, i13 %x" [hls_filter_median.cpp:26]   --->   Operation 32 'store' 'store_ln26' <Predicate = true> <Delay = 0.42>
ST_1 : Operation 33 [1/1] (0.42ns)   --->   "%store_ln0 = store i8 0, i8 %reuse_reg"   --->   Operation 33 'store' 'store_ln0' <Predicate = true> <Delay = 0.42>
ST_1 : Operation 34 [1/1] (0.42ns)   --->   "%store_ln0 = store i64 18446744073709551615, i64 %reuse_addr_reg"   --->   Operation 34 'store' 'store_ln0' <Predicate = true> <Delay = 0.42>
ST_1 : Operation 35 [1/1] (0.42ns)   --->   "%store_ln0 = store i8 0, i8 %reuse_reg5"   --->   Operation 35 'store' 'store_ln0' <Predicate = true> <Delay = 0.42>
ST_1 : Operation 36 [1/1] (0.42ns)   --->   "%store_ln0 = store i64 18446744073709551615, i64 %reuse_addr_reg6"   --->   Operation 36 'store' 'store_ln0' <Predicate = true> <Delay = 0.42>
ST_1 : Operation 37 [1/1] (0.00ns)   --->   "%br_ln34 = br void %for.body" [hls_filter_median.cpp:34]   --->   Operation 37 'br' 'br_ln34' <Predicate = true> <Delay = 0.00>

State 2 <SV = 1> <Delay = 1.56>
ST_2 : Operation 38 [1/1] (0.00ns)   --->   "%x_3 = load i13 %x" [hls_filter_median.cpp:138]   --->   Operation 38 'load' 'x_3' <Predicate = true> <Delay = 0.00>
ST_2 : Operation 39 [1/1] (0.00ns)   --->   "%y_3 = load i13 %y" [hls_filter_median.cpp:136]   --->   Operation 39 'load' 'y_3' <Predicate = true> <Delay = 0.00>
ST_2 : Operation 40 [1/1] (0.00ns)   --->   "%i_2 = load i26 %i" [hls_filter_median.cpp:34]   --->   Operation 40 'load' 'i_2' <Predicate = true> <Delay = 0.00>
ST_2 : Operation 41 [1/1] (0.95ns)   --->   "%icmp_ln34 = icmp_eq  i26 %i_2, i26 %mul_ln34_read" [hls_filter_median.cpp:34]   --->   Operation 41 'icmp' 'icmp_ln34' <Predicate = true> <Delay = 0.95> <CoreInst = "Cmp">   --->   Core 9 'Cmp' <Latency = 0> <II = 1> <Delay = 0.95> <FuncUnit> <Opcode : 'seteq' 'setne' 'setle' 'setge' 'setlt' 'setgt'> <InPorts = 2> <OutPorts = 1>
ST_2 : Operation 42 [1/1] (0.00ns)   --->   "%br_ln34 = br i1 %icmp_ln34, void %for.body.split, void %for.end131.exitStub" [hls_filter_median.cpp:34]   --->   Operation 42 'br' 'br_ln34' <Predicate = true> <Delay = 0.00>
ST_2 : Operation 43 [1/1] (0.95ns)   --->   "%i_1 = add i26 %i_2, i26 1" [hls_filter_median.cpp:34]   --->   Operation 43 'add' 'i_1' <Predicate = (!icmp_ln34)> <Delay = 0.95> <CoreInst = "Adder">   --->   Core 1 'Adder' <Latency = 0> <II = 1> <Delay = 0.95> <FuncUnit> <Opcode : 'add' 'sub'> <InPorts = 2> <OutPorts = 1>
ST_2 : Operation 44 [1/1] (0.00ns)   --->   "%zext_ln56 = zext i13 %x_3" [hls_filter_median.cpp:56]   --->   Operation 44 'zext' 'zext_ln56' <Predicate = (!icmp_ln34)> <Delay = 0.00>
ST_2 : Operation 45 [1/1] (0.00ns)   --->   "%line_buffer_addr = getelementptr i8 %line_buffer, i64 0, i64 %zext_ln56" [hls_filter_median.cpp:56]   --->   Operation 45 'getelementptr' 'line_buffer_addr' <Predicate = (!icmp_ln34)> <Delay = 0.00>
ST_2 : Operation 46 [1/1] (0.00ns)   --->   "%reuse_addr_reg6_load = load i64 %reuse_addr_reg6"   --->   Operation 46 'load' 'reuse_addr_reg6_load' <Predicate = (!icmp_ln34)> <Delay = 0.00>
ST_2 : Operation 47 [2/2] (1.23ns)   --->   "%line_buffer_load = load i13 %line_buffer_addr" [hls_filter_median.cpp:56]   --->   Operation 47 'load' 'line_buffer_load' <Predicate = (!icmp_ln34)> <Delay = 1.23> <CoreInst = "RAM">   --->   Core 82 'RAM' <Latency = 1> <II = 1> <Delay = 1.23> <Storage> <Opcode : 'load' 'store'> <Ports = 2> <Width = 8> <Depth = 7680> <RAM>
ST_2 : Operation 48 [1/1] (1.08ns)   --->   "%addr_cmp9 = icmp_eq  i64 %reuse_addr_reg6_load, i64 %zext_ln56" [hls_filter_median.cpp:56]   --->   Operation 48 'icmp' 'addr_cmp9' <Predicate = (!icmp_ln34)> <Delay = 1.08> <CoreInst = "Cmp">   --->   Core 9 'Cmp' <Latency = 0> <II = 1> <Delay = 1.08> <FuncUnit> <Opcode : 'seteq' 'setne' 'setle' 'setge' 'setlt' 'setgt'> <InPorts = 2> <OutPorts = 1>
ST_2 : Operation 49 [1/1] (0.00ns)   --->   "%line_buffer_1_addr = getelementptr i8 %line_buffer_1, i64 0, i64 %zext_ln56" [hls_filter_median.cpp:56]   --->   Operation 49 'getelementptr' 'line_buffer_1_addr' <Predicate = (!icmp_ln34)> <Delay = 0.00>
ST_2 : Operation 50 [1/1] (0.00ns)   --->   "%reuse_addr_reg_load = load i64 %reuse_addr_reg"   --->   Operation 50 'load' 'reuse_addr_reg_load' <Predicate = (!icmp_ln34)> <Delay = 0.00>
ST_2 : Operation 51 [2/2] (1.23ns)   --->   "%line_buffer_1_load = load i13 %line_buffer_1_addr" [hls_filter_median.cpp:56]   --->   Operation 51 'load' 'line_buffer_1_load' <Predicate = (!icmp_ln34)> <Delay = 1.23> <CoreInst = "RAM">   --->   Core 82 'RAM' <Latency = 1> <II = 1> <Delay = 1.23> <Storage> <Opcode : 'load' 'store'> <Ports = 2> <Width = 8> <Depth = 7680> <RAM>
ST_2 : Operation 52 [1/1] (1.08ns)   --->   "%addr_cmp = icmp_eq  i64 %reuse_addr_reg_load, i64 %zext_ln56" [hls_filter_median.cpp:56]   --->   Operation 52 'icmp' 'addr_cmp' <Predicate = (!icmp_ln34)> <Delay = 1.08> <CoreInst = "Cmp">   --->   Core 9 'Cmp' <Latency = 0> <II = 1> <Delay = 1.08> <FuncUnit> <Opcode : 'seteq' 'setne' 'setle' 'setge' 'setlt' 'setgt'> <InPorts = 2> <OutPorts = 1>
ST_2 : Operation 53 [1/1] (0.42ns)   --->   "%store_ln56 = store i64 %zext_ln56, i64 %reuse_addr_reg6" [hls_filter_median.cpp:56]   --->   Operation 53 'store' 'store_ln56' <Predicate = (!icmp_ln34)> <Delay = 0.42>
ST_2 : Operation 54 [1/1] (0.42ns)   --->   "%store_ln56 = store i64 %zext_ln56, i64 %reuse_addr_reg" [hls_filter_median.cpp:56]   --->   Operation 54 'store' 'store_ln56' <Predicate = (!icmp_ln34)> <Delay = 0.42>
ST_2 : Operation 55 [1/1] (0.00ns)   --->   "%tmp = partselect i12 @_ssdm_op_PartSelect.i12.i13.i32.i32, i13 %x_3, i32 1, i32 12" [hls_filter_median.cpp:104]   --->   Operation 55 'partselect' 'tmp' <Predicate = (!icmp_ln34)> <Delay = 0.00>
ST_2 : Operation 56 [1/1] (0.80ns)   --->   "%icmp_ln104 = icmp_ne  i12 %tmp, i12 0" [hls_filter_median.cpp:104]   --->   Operation 56 'icmp' 'icmp_ln104' <Predicate = (!icmp_ln34)> <Delay = 0.80> <CoreInst = "Cmp">   --->   Core 9 'Cmp' <Latency = 0> <II = 1> <Delay = 0.80> <FuncUnit> <Opcode : 'seteq' 'setne' 'setle' 'setge' 'setlt' 'setgt'> <InPorts = 2> <OutPorts = 1>
ST_2 : Operation 57 [1/1] (0.00ns)   --->   "%tmp_2 = partselect i12 @_ssdm_op_PartSelect.i12.i13.i32.i32, i13 %y_3, i32 1, i32 12" [hls_filter_median.cpp:104]   --->   Operation 57 'partselect' 'tmp_2' <Predicate = (!icmp_ln34)> <Delay = 0.00>
ST_2 : Operation 58 [1/1] (0.80ns)   --->   "%icmp_ln104_1 = icmp_ne  i12 %tmp_2, i12 0" [hls_filter_median.cpp:104]   --->   Operation 58 'icmp' 'icmp_ln104_1' <Predicate = (!icmp_ln34)> <Delay = 0.80> <CoreInst = "Cmp">   --->   Core 9 'Cmp' <Latency = 0> <II = 1> <Delay = 0.80> <FuncUnit> <Opcode : 'seteq' 'setne' 'setle' 'setge' 'setlt' 'setgt'> <InPorts = 2> <OutPorts = 1>
ST_2 : Operation 59 [1/1] (0.28ns)   --->   "%and_ln104 = and i1 %icmp_ln104, i1 %icmp_ln104_1" [hls_filter_median.cpp:104]   --->   Operation 59 'and' 'and_ln104' <Predicate = (!icmp_ln34)> <Delay = 0.28> <CoreInst = "LogicGate">   --->   Core 74 'LogicGate' <Latency = 0> <II = 1> <Delay = 0.28> <FuncUnit> <Opcode : 'and' 'or' 'xor'> <InPorts = 2> <OutPorts = 1>
ST_2 : Operation 60 [1/1] (0.00ns)   --->   "%br_ln104 = br i1 %and_ln104, void %if.end120, void %if.then" [hls_filter_median.cpp:104]   --->   Operation 60 'br' 'br_ln104' <Predicate = (!icmp_ln34)> <Delay = 0.00>
ST_2 : Operation 61 [1/1] (0.00ns)   --->   "%out_x_load = load i13 %out_x" [hls_filter_median.cpp:126]   --->   Operation 61 'load' 'out_x_load' <Predicate = (!icmp_ln34 & and_ln104)> <Delay = 0.00>
ST_2 : Operation 62 [1/1] (0.00ns)   --->   "%out_y_load = load i13 %out_y" [hls_filter_median.cpp:124]   --->   Operation 62 'load' 'out_y_load' <Predicate = (!icmp_ln34 & and_ln104)> <Delay = 0.00>
ST_2 : Operation 63 [1/1] (0.00ns) (grouped into LUT with out node icmp_ln113)   --->   "%or_ln113 = or i13 %out_x_load, i13 %out_y_load" [hls_filter_median.cpp:113]   --->   Operation 63 'or' 'or_ln113' <Predicate = (!icmp_ln34 & and_ln104)> <Delay = 0.00> <CoreInst = "LogicGate">   --->   Core 74 'LogicGate' <Latency = 0> <II = 1> <Delay = 0.33> <FuncUnit> <Opcode : 'and' 'or' 'xor'> <InPorts = 2> <OutPorts = 1>
ST_2 : Operation 64 [1/1] (0.82ns) (out node of the LUT)   --->   "%icmp_ln113 = icmp_eq  i13 %or_ln113, i13 0" [hls_filter_median.cpp:113]   --->   Operation 64 'icmp' 'icmp_ln113' <Predicate = (!icmp_ln34 & and_ln104)> <Delay = 0.82> <CoreInst = "Cmp">   --->   Core 9 'Cmp' <Latency = 0> <II = 1> <Delay = 0.82> <FuncUnit> <Opcode : 'seteq' 'setne' 'setle' 'setge' 'setlt' 'setgt'> <InPorts = 2> <OutPorts = 1>
ST_2 : Operation 65 [1/1] (0.00ns)   --->   "%zext_ln116 = zext i13 %out_x_load" [hls_filter_median.cpp:116]   --->   Operation 65 'zext' 'zext_ln116' <Predicate = (!icmp_ln34 & and_ln104)> <Delay = 0.00>
ST_2 : Operation 66 [1/1] (0.83ns)   --->   "%icmp_ln116 = icmp_eq  i14 %add_ln116_read, i14 %zext_ln116" [hls_filter_median.cpp:116]   --->   Operation 66 'icmp' 'icmp_ln116' <Predicate = (!icmp_ln34 & and_ln104)> <Delay = 0.83> <CoreInst = "Cmp">   --->   Core 9 'Cmp' <Latency = 0> <II = 1> <Delay = 0.83> <FuncUnit> <Opcode : 'seteq' 'setne' 'setle' 'setge' 'setlt' 'setgt'> <InPorts = 2> <OutPorts = 1>
ST_2 : Operation 67 [1/1] (0.82ns)   --->   "%out_y_1 = add i13 %out_y_load, i13 1" [hls_filter_median.cpp:124]   --->   Operation 67 'add' 'out_y_1' <Predicate = (!icmp_ln34 & and_ln104)> <Delay = 0.82> <CoreInst = "Adder">   --->   Core 1 'Adder' <Latency = 0> <II = 1> <Delay = 0.82> <FuncUnit> <Opcode : 'add' 'sub'> <InPorts = 2> <OutPorts = 1>
ST_2 : Operation 68 [1/1] (0.82ns)   --->   "%out_x_1 = add i13 %out_x_load, i13 1" [hls_filter_median.cpp:126]   --->   Operation 68 'add' 'out_x_1' <Predicate = (!icmp_ln34 & and_ln104)> <Delay = 0.82> <CoreInst = "Adder">   --->   Core 1 'Adder' <Latency = 0> <II = 1> <Delay = 0.82> <FuncUnit> <Opcode : 'add' 'sub'> <InPorts = 2> <OutPorts = 1>
ST_2 : Operation 69 [1/1] (0.30ns)   --->   "%out_x_2 = select i1 %icmp_ln116, i13 0, i13 %out_x_1" [hls_filter_median.cpp:122]   --->   Operation 69 'select' 'out_x_2' <Predicate = (!icmp_ln34 & and_ln104)> <Delay = 0.30> <CoreInst = "Sel">   --->   Core 73 'Sel' <Latency = 0> <II = 1> <Delay = 0.30> <FuncUnit> <Opcode : 'select'> <InPorts = 3> <OutPorts = 1>
ST_2 : Operation 70 [1/1] (0.30ns)   --->   "%out_y_2 = select i1 %icmp_ln116, i13 %out_y_1, i13 %out_y_load" [hls_filter_median.cpp:122]   --->   Operation 70 'select' 'out_y_2' <Predicate = (!icmp_ln34 & and_ln104)> <Delay = 0.30> <CoreInst = "Sel">   --->   Core 73 'Sel' <Latency = 0> <II = 1> <Delay = 0.30> <FuncUnit> <Opcode : 'select'> <InPorts = 3> <OutPorts = 1>
ST_2 : Operation 71 [1/1] (0.42ns)   --->   "%store_ln29 = store i13 %out_y_2, i13 %out_y" [hls_filter_median.cpp:29]   --->   Operation 71 'store' 'store_ln29' <Predicate = (!icmp_ln34 & and_ln104)> <Delay = 0.42>
ST_2 : Operation 72 [1/1] (0.42ns)   --->   "%store_ln28 = store i13 %out_x_2, i13 %out_x" [hls_filter_median.cpp:28]   --->   Operation 72 'store' 'store_ln28' <Predicate = (!icmp_ln34 & and_ln104)> <Delay = 0.42>
ST_2 : Operation 73 [1/1] (0.00ns)   --->   "%zext_ln134 = zext i13 %x_3" [hls_filter_median.cpp:134]   --->   Operation 73 'zext' 'zext_ln134' <Predicate = (!icmp_ln34)> <Delay = 0.00>
ST_2 : Operation 74 [1/1] (0.83ns)   --->   "%icmp_ln134 = icmp_eq  i14 %add_ln134_read, i14 %zext_ln134" [hls_filter_median.cpp:134]   --->   Operation 74 'icmp' 'icmp_ln134' <Predicate = (!icmp_ln34)> <Delay = 0.83> <CoreInst = "Cmp">   --->   Core 9 'Cmp' <Latency = 0> <II = 1> <Delay = 0.83> <FuncUnit> <Opcode : 'seteq' 'setne' 'setle' 'setge' 'setlt' 'setgt'> <InPorts = 2> <OutPorts = 1>
ST_2 : Operation 75 [1/1] (0.82ns)   --->   "%y_4 = add i13 %y_3, i13 1" [hls_filter_median.cpp:136]   --->   Operation 75 'add' 'y_4' <Predicate = (!icmp_ln34)> <Delay = 0.82> <CoreInst = "Adder">   --->   Core 1 'Adder' <Latency = 0> <II = 1> <Delay = 0.82> <FuncUnit> <Opcode : 'add' 'sub'> <InPorts = 2> <OutPorts = 1>
ST_2 : Operation 76 [1/1] (0.82ns)   --->   "%x_4 = add i13 %x_3, i13 1" [hls_filter_median.cpp:138]   --->   Operation 76 'add' 'x_4' <Predicate = (!icmp_ln34)> <Delay = 0.82> <CoreInst = "Adder">   --->   Core 1 'Adder' <Latency = 0> <II = 1> <Delay = 0.82> <FuncUnit> <Opcode : 'add' 'sub'> <InPorts = 2> <OutPorts = 1>
ST_2 : Operation 77 [1/1] (0.30ns)   --->   "%x_5 = select i1 %icmp_ln134, i13 0, i13 %x_4" [hls_filter_median.cpp:134]   --->   Operation 77 'select' 'x_5' <Predicate = (!icmp_ln34)> <Delay = 0.30> <CoreInst = "Sel">   --->   Core 73 'Sel' <Latency = 0> <II = 1> <Delay = 0.30> <FuncUnit> <Opcode : 'select'> <InPorts = 3> <OutPorts = 1>
ST_2 : Operation 78 [1/1] (0.30ns)   --->   "%y_5 = select i1 %icmp_ln134, i13 %y_4, i13 %y_3" [hls_filter_median.cpp:134]   --->   Operation 78 'select' 'y_5' <Predicate = (!icmp_ln34)> <Delay = 0.30> <CoreInst = "Sel">   --->   Core 73 'Sel' <Latency = 0> <II = 1> <Delay = 0.30> <FuncUnit> <Opcode : 'select'> <InPorts = 3> <OutPorts = 1>
ST_2 : Operation 79 [1/1] (0.42ns)   --->   "%store_ln34 = store i26 %i_1, i26 %i" [hls_filter_median.cpp:34]   --->   Operation 79 'store' 'store_ln34' <Predicate = (!icmp_ln34)> <Delay = 0.42>
ST_2 : Operation 80 [1/1] (0.42ns)   --->   "%store_ln27 = store i13 %y_5, i13 %y" [hls_filter_median.cpp:27]   --->   Operation 80 'store' 'store_ln27' <Predicate = (!icmp_ln34)> <Delay = 0.42>
ST_2 : Operation 81 [1/1] (0.42ns)   --->   "%store_ln26 = store i13 %x_5, i13 %x" [hls_filter_median.cpp:26]   --->   Operation 81 'store' 'store_ln26' <Predicate = (!icmp_ln34)> <Delay = 0.42>

State 3 <SV = 2> <Delay = 6.26>
ST_3 : Operation 82 [1/1] (0.00ns)   --->   "%b_3 = load i8 %b" [./hls_filter_median.hpp:167->./hls_filter_median.hpp:174->hls_filter_median.cpp:79]   --->   Operation 82 'load' 'b_3' <Predicate = true> <Delay = 0.00>
ST_3 : Operation 83 [1/1] (0.00ns)   --->   "%b_4 = load i8 %b_1" [./hls_filter_median.hpp:167->./hls_filter_median.hpp:174->hls_filter_median.cpp:79]   --->   Operation 83 'load' 'b_4' <Predicate = true> <Delay = 0.00>
ST_3 : Operation 84 [1/1] (0.00ns)   --->   "%b_5 = load i8 %b_2" [./hls_filter_median.hpp:167->./hls_filter_median.hpp:174->hls_filter_median.cpp:79]   --->   Operation 84 'load' 'b_5' <Predicate = true> <Delay = 0.00>
ST_3 : Operation 85 [1/1] (0.00ns)   --->   "%a_load = load i8 %a" [./hls_filter_median.hpp:167->./hls_filter_median.hpp:174->hls_filter_median.cpp:79]   --->   Operation 85 'load' 'a_load' <Predicate = (!icmp_ln34)> <Delay = 0.00>
ST_3 : Operation 86 [1/1] (0.00ns)   --->   "%a_1_load = load i8 %a_1" [./hls_filter_median.hpp:167->./hls_filter_median.hpp:174->hls_filter_median.cpp:79]   --->   Operation 86 'load' 'a_1_load' <Predicate = (!icmp_ln34)> <Delay = 0.00>
ST_3 : Operation 87 [1/1] (0.00ns)   --->   "%a_2_load = load i8 %a_2" [./hls_filter_median.hpp:167->./hls_filter_median.hpp:174->hls_filter_median.cpp:79]   --->   Operation 87 'load' 'a_2_load' <Predicate = (!icmp_ln34)> <Delay = 0.00>
ST_3 : Operation 88 [1/1] ( I:0.07ns O:0.07ns )   --->   "%s_axis_video_read = read i24 @_ssdm_op_Read.axis.volatile.i24P128A, i24 %s_axis_video" [hls_filter_median.cpp:42]   --->   Operation 88 'read' 's_axis_video_read' <Predicate = (!icmp_ln34)> <Delay = 0.07> <CoreInst = "regslice">   --->   Core 147 'regslice' <Latency = 0> <II = 1> <Delay = 0.62> <Adapter> <Opcode : 'read' 'write'>
ST_3 : Operation 89 [1/1] (0.00ns)   --->   "%new_pixel = trunc i24 %s_axis_video_read" [hls_filter_median.cpp:42]   --->   Operation 89 'trunc' 'new_pixel' <Predicate = (!icmp_ln34)> <Delay = 0.00>
ST_3 : Operation 90 [1/1] (0.00ns)   --->   "%reuse_reg5_load = load i8 %reuse_reg5"   --->   Operation 90 'load' 'reuse_reg5_load' <Predicate = (!icmp_ln34 & addr_cmp9)> <Delay = 0.00>
ST_3 : Operation 91 [1/2] ( I:1.23ns O:1.23ns )   --->   "%line_buffer_load = load i13 %line_buffer_addr" [hls_filter_median.cpp:56]   --->   Operation 91 'load' 'line_buffer_load' <Predicate = (!icmp_ln34)> <Delay = 1.23> <CoreInst = "RAM">   --->   Core 82 'RAM' <Latency = 1> <II = 1> <Delay = 1.23> <Storage> <Opcode : 'load' 'store'> <Ports = 2> <Width = 8> <Depth = 7680> <RAM>
ST_3 : Operation 92 [1/1] (0.39ns)   --->   "%c = select i1 %addr_cmp9, i8 %reuse_reg5_load, i8 %line_buffer_load" [hls_filter_median.cpp:56]   --->   Operation 92 'select' 'c' <Predicate = (!icmp_ln34)> <Delay = 0.39> <CoreInst = "Sel">   --->   Core 73 'Sel' <Latency = 0> <II = 1> <Delay = 0.39> <FuncUnit> <Opcode : 'select'> <InPorts = 3> <OutPorts = 1>
ST_3 : Operation 93 [1/1] (0.00ns)   --->   "%reuse_reg_load = load i8 %reuse_reg"   --->   Operation 93 'load' 'reuse_reg_load' <Predicate = (!icmp_ln34 & addr_cmp)> <Delay = 0.00>
ST_3 : Operation 94 [1/2] ( I:1.23ns O:1.23ns )   --->   "%line_buffer_1_load = load i13 %line_buffer_1_addr" [hls_filter_median.cpp:56]   --->   Operation 94 'load' 'line_buffer_1_load' <Predicate = (!icmp_ln34)> <Delay = 1.23> <CoreInst = "RAM">   --->   Core 82 'RAM' <Latency = 1> <II = 1> <Delay = 1.23> <Storage> <Opcode : 'load' 'store'> <Ports = 2> <Width = 8> <Depth = 7680> <RAM>
ST_3 : Operation 95 [1/1] (0.39ns)   --->   "%c_1 = select i1 %addr_cmp, i8 %reuse_reg_load, i8 %line_buffer_1_load" [hls_filter_median.cpp:56]   --->   Operation 95 'select' 'c_1' <Predicate = (!icmp_ln34)> <Delay = 0.39> <CoreInst = "Sel">   --->   Core 73 'Sel' <Latency = 0> <II = 1> <Delay = 0.39> <FuncUnit> <Opcode : 'select'> <InPorts = 3> <OutPorts = 1>
ST_3 : Operation 96 [1/1] ( I:1.23ns O:1.23ns )   --->   "%store_ln64 = store i8 %c_1, i13 %line_buffer_addr" [hls_filter_median.cpp:64]   --->   Operation 96 'store' 'store_ln64' <Predicate = (!icmp_ln34)> <Delay = 1.23> <CoreInst = "RAM">   --->   Core 82 'RAM' <Latency = 1> <II = 1> <Delay = 1.23> <Storage> <Opcode : 'load' 'store'> <Ports = 2> <Width = 8> <Depth = 7680> <RAM>
ST_3 : Operation 97 [1/1] (0.42ns)   --->   "%store_ln56 = store i8 %c_1, i8 %reuse_reg5" [hls_filter_median.cpp:56]   --->   Operation 97 'store' 'store_ln56' <Predicate = (!icmp_ln34)> <Delay = 0.42>
ST_3 : Operation 98 [1/1] ( I:1.23ns O:1.23ns )   --->   "%store_ln67 = store i8 %new_pixel, i13 %line_buffer_1_addr" [hls_filter_median.cpp:67]   --->   Operation 98 'store' 'store_ln67' <Predicate = (!icmp_ln34)> <Delay = 1.23> <CoreInst = "RAM">   --->   Core 82 'RAM' <Latency = 1> <II = 1> <Delay = 1.23> <Storage> <Opcode : 'load' 'store'> <Ports = 2> <Width = 8> <Depth = 7680> <RAM>
ST_3 : Operation 99 [1/1] (0.42ns)   --->   "%store_ln42 = store i8 %new_pixel, i8 %reuse_reg" [hls_filter_median.cpp:42]   --->   Operation 99 'store' 'store_ln42' <Predicate = (!icmp_ln34)> <Delay = 0.42>
ST_3 : Operation 100 [1/1] (0.76ns)   --->   "%icmp_ln159 = icmp_ult  i8 %a_load, i8 %b_3" [./hls_filter_median.hpp:159->./hls_filter_median.hpp:173->hls_filter_median.cpp:79]   --->   Operation 100 'icmp' 'icmp_ln159' <Predicate = (!icmp_ln34)> <Delay = 0.76> <CoreInst = "Cmp">   --->   Core 9 'Cmp' <Latency = 0> <II = 1> <Delay = 0.76> <FuncUnit> <Opcode : 'seteq' 'setne' 'setle' 'setge' 'setlt' 'setgt'> <InPorts = 2> <OutPorts = 1>
ST_3 : Operation 101 [1/1] (0.39ns)   --->   "%tmp_min1 = select i1 %icmp_ln159, i8 %a_load, i8 %b_3" [./hls_filter_median.hpp:159->./hls_filter_median.hpp:173->hls_filter_median.cpp:79]   --->   Operation 101 'select' 'tmp_min1' <Predicate = (!icmp_ln34)> <Delay = 0.39> <CoreInst = "Sel">   --->   Core 73 'Sel' <Latency = 0> <II = 1> <Delay = 0.39> <FuncUnit> <Opcode : 'select'> <InPorts = 3> <OutPorts = 1>
ST_3 : Operation 102 [1/1] (0.76ns)   --->   "%icmp_ln167 = icmp_ugt  i8 %a_load, i8 %b_3" [./hls_filter_median.hpp:167->./hls_filter_median.hpp:174->hls_filter_median.cpp:79]   --->   Operation 102 'icmp' 'icmp_ln167' <Predicate = (!icmp_ln34)> <Delay = 0.76> <CoreInst = "Cmp">   --->   Core 9 'Cmp' <Latency = 0> <II = 1> <Delay = 0.76> <FuncUnit> <Opcode : 'seteq' 'setne' 'setle' 'setge' 'setlt' 'setgt'> <InPorts = 2> <OutPorts = 1>
ST_3 : Operation 103 [1/1] (0.39ns)   --->   "%tmp_max1 = select i1 %icmp_ln167, i8 %a_load, i8 %b_3" [./hls_filter_median.hpp:167->./hls_filter_median.hpp:174->hls_filter_median.cpp:79]   --->   Operation 103 'select' 'tmp_max1' <Predicate = (!icmp_ln34)> <Delay = 0.39> <CoreInst = "Sel">   --->   Core 73 'Sel' <Latency = 0> <II = 1> <Delay = 0.39> <FuncUnit> <Opcode : 'select'> <InPorts = 3> <OutPorts = 1>
ST_3 : Operation 104 [1/1] (0.76ns)   --->   "%icmp_ln159_1 = icmp_ult  i8 %tmp_min1, i8 %c" [./hls_filter_median.hpp:159->./hls_filter_median.hpp:176->hls_filter_median.cpp:79]   --->   Operation 104 'icmp' 'icmp_ln159_1' <Predicate = (!icmp_ln34)> <Delay = 0.76> <CoreInst = "Cmp">   --->   Core 9 'Cmp' <Latency = 0> <II = 1> <Delay = 0.76> <FuncUnit> <Opcode : 'seteq' 'setne' 'setle' 'setge' 'setlt' 'setgt'> <InPorts = 2> <OutPorts = 1>
ST_3 : Operation 105 [1/1] (0.39ns)   --->   "%min = select i1 %icmp_ln159_1, i8 %tmp_min1, i8 %c" [./hls_filter_median.hpp:159->./hls_filter_median.hpp:176->hls_filter_median.cpp:79]   --->   Operation 105 'select' 'min' <Predicate = (!icmp_ln34)> <Delay = 0.39> <CoreInst = "Sel">   --->   Core 73 'Sel' <Latency = 0> <II = 1> <Delay = 0.39> <FuncUnit> <Opcode : 'select'> <InPorts = 3> <OutPorts = 1>
ST_3 : Operation 106 [1/1] (0.76ns)   --->   "%icmp_ln167_1 = icmp_ugt  i8 %tmp_min1, i8 %c" [./hls_filter_median.hpp:167->./hls_filter_median.hpp:177->hls_filter_median.cpp:79]   --->   Operation 106 'icmp' 'icmp_ln167_1' <Predicate = (!icmp_ln34)> <Delay = 0.76> <CoreInst = "Cmp">   --->   Core 9 'Cmp' <Latency = 0> <II = 1> <Delay = 0.76> <FuncUnit> <Opcode : 'seteq' 'setne' 'setle' 'setge' 'setlt' 'setgt'> <InPorts = 2> <OutPorts = 1>
ST_3 : Operation 107 [1/1] (0.39ns)   --->   "%tmp_max2 = select i1 %icmp_ln167_1, i8 %tmp_min1, i8 %c" [./hls_filter_median.hpp:167->./hls_filter_median.hpp:177->hls_filter_median.cpp:79]   --->   Operation 107 'select' 'tmp_max2' <Predicate = (!icmp_ln34)> <Delay = 0.39> <CoreInst = "Sel">   --->   Core 73 'Sel' <Latency = 0> <II = 1> <Delay = 0.39> <FuncUnit> <Opcode : 'select'> <InPorts = 3> <OutPorts = 1>
ST_3 : Operation 108 [1/1] (0.76ns)   --->   "%icmp_ln159_2 = icmp_ult  i8 %tmp_max1, i8 %tmp_max2" [./hls_filter_median.hpp:159->./hls_filter_median.hpp:179->hls_filter_median.cpp:79]   --->   Operation 108 'icmp' 'icmp_ln159_2' <Predicate = (!icmp_ln34)> <Delay = 0.76> <CoreInst = "Cmp">   --->   Core 9 'Cmp' <Latency = 0> <II = 1> <Delay = 0.76> <FuncUnit> <Opcode : 'seteq' 'setne' 'setle' 'setge' 'setlt' 'setgt'> <InPorts = 2> <OutPorts = 1>
ST_3 : Operation 109 [1/1] (0.39ns)   --->   "%med = select i1 %icmp_ln159_2, i8 %tmp_max1, i8 %tmp_max2" [./hls_filter_median.hpp:159->./hls_filter_median.hpp:179->hls_filter_median.cpp:79]   --->   Operation 109 'select' 'med' <Predicate = (!icmp_ln34)> <Delay = 0.39> <CoreInst = "Sel">   --->   Core 73 'Sel' <Latency = 0> <II = 1> <Delay = 0.39> <FuncUnit> <Opcode : 'select'> <InPorts = 3> <OutPorts = 1>
ST_3 : Operation 110 [1/1] (0.76ns)   --->   "%icmp_ln167_2 = icmp_ugt  i8 %tmp_max1, i8 %tmp_max2" [./hls_filter_median.hpp:167->./hls_filter_median.hpp:180->hls_filter_median.cpp:79]   --->   Operation 110 'icmp' 'icmp_ln167_2' <Predicate = (!icmp_ln34)> <Delay = 0.76> <CoreInst = "Cmp">   --->   Core 9 'Cmp' <Latency = 0> <II = 1> <Delay = 0.76> <FuncUnit> <Opcode : 'seteq' 'setne' 'setle' 'setge' 'setlt' 'setgt'> <InPorts = 2> <OutPorts = 1>
ST_3 : Operation 111 [1/1] (0.39ns)   --->   "%max = select i1 %icmp_ln167_2, i8 %tmp_max1, i8 %tmp_max2" [./hls_filter_median.hpp:167->./hls_filter_median.hpp:180->hls_filter_median.cpp:79]   --->   Operation 111 'select' 'max' <Predicate = (!icmp_ln34)> <Delay = 0.39> <CoreInst = "Sel">   --->   Core 73 'Sel' <Latency = 0> <II = 1> <Delay = 0.39> <FuncUnit> <Opcode : 'select'> <InPorts = 3> <OutPorts = 1>
ST_3 : Operation 112 [1/1] (0.76ns)   --->   "%icmp_ln159_3 = icmp_ult  i8 %a_1_load, i8 %b_4" [./hls_filter_median.hpp:159->./hls_filter_median.hpp:173->hls_filter_median.cpp:79]   --->   Operation 112 'icmp' 'icmp_ln159_3' <Predicate = (!icmp_ln34)> <Delay = 0.76> <CoreInst = "Cmp">   --->   Core 9 'Cmp' <Latency = 0> <II = 1> <Delay = 0.76> <FuncUnit> <Opcode : 'seteq' 'setne' 'setle' 'setge' 'setlt' 'setgt'> <InPorts = 2> <OutPorts = 1>
ST_3 : Operation 113 [1/1] (0.39ns)   --->   "%tmp_min1_1 = select i1 %icmp_ln159_3, i8 %a_1_load, i8 %b_4" [./hls_filter_median.hpp:159->./hls_filter_median.hpp:173->hls_filter_median.cpp:79]   --->   Operation 113 'select' 'tmp_min1_1' <Predicate = (!icmp_ln34)> <Delay = 0.39> <CoreInst = "Sel">   --->   Core 73 'Sel' <Latency = 0> <II = 1> <Delay = 0.39> <FuncUnit> <Opcode : 'select'> <InPorts = 3> <OutPorts = 1>
ST_3 : Operation 114 [1/1] (0.76ns)   --->   "%icmp_ln167_3 = icmp_ugt  i8 %a_1_load, i8 %b_4" [./hls_filter_median.hpp:167->./hls_filter_median.hpp:174->hls_filter_median.cpp:79]   --->   Operation 114 'icmp' 'icmp_ln167_3' <Predicate = (!icmp_ln34)> <Delay = 0.76> <CoreInst = "Cmp">   --->   Core 9 'Cmp' <Latency = 0> <II = 1> <Delay = 0.76> <FuncUnit> <Opcode : 'seteq' 'setne' 'setle' 'setge' 'setlt' 'setgt'> <InPorts = 2> <OutPorts = 1>
ST_3 : Operation 115 [1/1] (0.39ns)   --->   "%tmp_max1_1 = select i1 %icmp_ln167_3, i8 %a_1_load, i8 %b_4" [./hls_filter_median.hpp:167->./hls_filter_median.hpp:174->hls_filter_median.cpp:79]   --->   Operation 115 'select' 'tmp_max1_1' <Predicate = (!icmp_ln34)> <Delay = 0.39> <CoreInst = "Sel">   --->   Core 73 'Sel' <Latency = 0> <II = 1> <Delay = 0.39> <FuncUnit> <Opcode : 'select'> <InPorts = 3> <OutPorts = 1>
ST_3 : Operation 116 [1/1] (0.76ns)   --->   "%icmp_ln159_4 = icmp_ult  i8 %tmp_min1_1, i8 %c_1" [./hls_filter_median.hpp:159->./hls_filter_median.hpp:176->hls_filter_median.cpp:79]   --->   Operation 116 'icmp' 'icmp_ln159_4' <Predicate = (!icmp_ln34)> <Delay = 0.76> <CoreInst = "Cmp">   --->   Core 9 'Cmp' <Latency = 0> <II = 1> <Delay = 0.76> <FuncUnit> <Opcode : 'seteq' 'setne' 'setle' 'setge' 'setlt' 'setgt'> <InPorts = 2> <OutPorts = 1>
ST_3 : Operation 117 [1/1] (0.39ns)   --->   "%min_3 = select i1 %icmp_ln159_4, i8 %tmp_min1_1, i8 %c_1" [./hls_filter_median.hpp:159->./hls_filter_median.hpp:176->hls_filter_median.cpp:79]   --->   Operation 117 'select' 'min_3' <Predicate = (!icmp_ln34)> <Delay = 0.39> <CoreInst = "Sel">   --->   Core 73 'Sel' <Latency = 0> <II = 1> <Delay = 0.39> <FuncUnit> <Opcode : 'select'> <InPorts = 3> <OutPorts = 1>
ST_3 : Operation 118 [1/1] (0.76ns)   --->   "%icmp_ln167_4 = icmp_ugt  i8 %tmp_min1_1, i8 %c_1" [./hls_filter_median.hpp:167->./hls_filter_median.hpp:177->hls_filter_median.cpp:79]   --->   Operation 118 'icmp' 'icmp_ln167_4' <Predicate = (!icmp_ln34)> <Delay = 0.76> <CoreInst = "Cmp">   --->   Core 9 'Cmp' <Latency = 0> <II = 1> <Delay = 0.76> <FuncUnit> <Opcode : 'seteq' 'setne' 'setle' 'setge' 'setlt' 'setgt'> <InPorts = 2> <OutPorts = 1>
ST_3 : Operation 119 [1/1] (0.39ns)   --->   "%tmp_max2_1 = select i1 %icmp_ln167_4, i8 %tmp_min1_1, i8 %c_1" [./hls_filter_median.hpp:167->./hls_filter_median.hpp:177->hls_filter_median.cpp:79]   --->   Operation 119 'select' 'tmp_max2_1' <Predicate = (!icmp_ln34)> <Delay = 0.39> <CoreInst = "Sel">   --->   Core 73 'Sel' <Latency = 0> <II = 1> <Delay = 0.39> <FuncUnit> <Opcode : 'select'> <InPorts = 3> <OutPorts = 1>
ST_3 : Operation 120 [1/1] (0.76ns)   --->   "%icmp_ln159_5 = icmp_ult  i8 %tmp_max1_1, i8 %tmp_max2_1" [./hls_filter_median.hpp:159->./hls_filter_median.hpp:179->hls_filter_median.cpp:79]   --->   Operation 120 'icmp' 'icmp_ln159_5' <Predicate = (!icmp_ln34)> <Delay = 0.76> <CoreInst = "Cmp">   --->   Core 9 'Cmp' <Latency = 0> <II = 1> <Delay = 0.76> <FuncUnit> <Opcode : 'seteq' 'setne' 'setle' 'setge' 'setlt' 'setgt'> <InPorts = 2> <OutPorts = 1>
ST_3 : Operation 121 [1/1] (0.39ns)   --->   "%med_3 = select i1 %icmp_ln159_5, i8 %tmp_max1_1, i8 %tmp_max2_1" [./hls_filter_median.hpp:159->./hls_filter_median.hpp:179->hls_filter_median.cpp:79]   --->   Operation 121 'select' 'med_3' <Predicate = (!icmp_ln34)> <Delay = 0.39> <CoreInst = "Sel">   --->   Core 73 'Sel' <Latency = 0> <II = 1> <Delay = 0.39> <FuncUnit> <Opcode : 'select'> <InPorts = 3> <OutPorts = 1>
ST_3 : Operation 122 [1/1] (0.76ns)   --->   "%icmp_ln167_5 = icmp_ugt  i8 %tmp_max1_1, i8 %tmp_max2_1" [./hls_filter_median.hpp:167->./hls_filter_median.hpp:180->hls_filter_median.cpp:79]   --->   Operation 122 'icmp' 'icmp_ln167_5' <Predicate = (!icmp_ln34)> <Delay = 0.76> <CoreInst = "Cmp">   --->   Core 9 'Cmp' <Latency = 0> <II = 1> <Delay = 0.76> <FuncUnit> <Opcode : 'seteq' 'setne' 'setle' 'setge' 'setlt' 'setgt'> <InPorts = 2> <OutPorts = 1>
ST_3 : Operation 123 [1/1] (0.39ns)   --->   "%max_3 = select i1 %icmp_ln167_5, i8 %tmp_max1_1, i8 %tmp_max2_1" [./hls_filter_median.hpp:167->./hls_filter_median.hpp:180->hls_filter_median.cpp:79]   --->   Operation 123 'select' 'max_3' <Predicate = (!icmp_ln34)> <Delay = 0.39> <CoreInst = "Sel">   --->   Core 73 'Sel' <Latency = 0> <II = 1> <Delay = 0.39> <FuncUnit> <Opcode : 'select'> <InPorts = 3> <OutPorts = 1>
ST_3 : Operation 124 [1/1] (0.76ns)   --->   "%icmp_ln159_6 = icmp_ult  i8 %a_2_load, i8 %b_5" [./hls_filter_median.hpp:159->./hls_filter_median.hpp:173->hls_filter_median.cpp:79]   --->   Operation 124 'icmp' 'icmp_ln159_6' <Predicate = (!icmp_ln34)> <Delay = 0.76> <CoreInst = "Cmp">   --->   Core 9 'Cmp' <Latency = 0> <II = 1> <Delay = 0.76> <FuncUnit> <Opcode : 'seteq' 'setne' 'setle' 'setge' 'setlt' 'setgt'> <InPorts = 2> <OutPorts = 1>
ST_3 : Operation 125 [1/1] (0.39ns)   --->   "%tmp_min1_2 = select i1 %icmp_ln159_6, i8 %a_2_load, i8 %b_5" [./hls_filter_median.hpp:159->./hls_filter_median.hpp:173->hls_filter_median.cpp:79]   --->   Operation 125 'select' 'tmp_min1_2' <Predicate = (!icmp_ln34)> <Delay = 0.39> <CoreInst = "Sel">   --->   Core 73 'Sel' <Latency = 0> <II = 1> <Delay = 0.39> <FuncUnit> <Opcode : 'select'> <InPorts = 3> <OutPorts = 1>
ST_3 : Operation 126 [1/1] (0.76ns)   --->   "%icmp_ln167_6 = icmp_ugt  i8 %a_2_load, i8 %b_5" [./hls_filter_median.hpp:167->./hls_filter_median.hpp:174->hls_filter_median.cpp:79]   --->   Operation 126 'icmp' 'icmp_ln167_6' <Predicate = (!icmp_ln34)> <Delay = 0.76> <CoreInst = "Cmp">   --->   Core 9 'Cmp' <Latency = 0> <II = 1> <Delay = 0.76> <FuncUnit> <Opcode : 'seteq' 'setne' 'setle' 'setge' 'setlt' 'setgt'> <InPorts = 2> <OutPorts = 1>
ST_3 : Operation 127 [1/1] (0.39ns)   --->   "%tmp_max1_2 = select i1 %icmp_ln167_6, i8 %a_2_load, i8 %b_5" [./hls_filter_median.hpp:167->./hls_filter_median.hpp:174->hls_filter_median.cpp:79]   --->   Operation 127 'select' 'tmp_max1_2' <Predicate = (!icmp_ln34)> <Delay = 0.39> <CoreInst = "Sel">   --->   Core 73 'Sel' <Latency = 0> <II = 1> <Delay = 0.39> <FuncUnit> <Opcode : 'select'> <InPorts = 3> <OutPorts = 1>
ST_3 : Operation 128 [1/1] (0.76ns)   --->   "%icmp_ln159_7 = icmp_ult  i8 %tmp_min1_2, i8 %new_pixel" [./hls_filter_median.hpp:159->./hls_filter_median.hpp:176->hls_filter_median.cpp:79]   --->   Operation 128 'icmp' 'icmp_ln159_7' <Predicate = (!icmp_ln34)> <Delay = 0.76> <CoreInst = "Cmp">   --->   Core 9 'Cmp' <Latency = 0> <II = 1> <Delay = 0.76> <FuncUnit> <Opcode : 'seteq' 'setne' 'setle' 'setge' 'setlt' 'setgt'> <InPorts = 2> <OutPorts = 1>
ST_3 : Operation 129 [1/1] (0.39ns)   --->   "%min_4 = select i1 %icmp_ln159_7, i8 %tmp_min1_2, i8 %new_pixel" [./hls_filter_median.hpp:159->./hls_filter_median.hpp:176->hls_filter_median.cpp:79]   --->   Operation 129 'select' 'min_4' <Predicate = (!icmp_ln34)> <Delay = 0.39> <CoreInst = "Sel">   --->   Core 73 'Sel' <Latency = 0> <II = 1> <Delay = 0.39> <FuncUnit> <Opcode : 'select'> <InPorts = 3> <OutPorts = 1>
ST_3 : Operation 130 [1/1] (0.76ns)   --->   "%icmp_ln167_7 = icmp_ugt  i8 %tmp_min1_2, i8 %new_pixel" [./hls_filter_median.hpp:167->./hls_filter_median.hpp:177->hls_filter_median.cpp:79]   --->   Operation 130 'icmp' 'icmp_ln167_7' <Predicate = (!icmp_ln34)> <Delay = 0.76> <CoreInst = "Cmp">   --->   Core 9 'Cmp' <Latency = 0> <II = 1> <Delay = 0.76> <FuncUnit> <Opcode : 'seteq' 'setne' 'setle' 'setge' 'setlt' 'setgt'> <InPorts = 2> <OutPorts = 1>
ST_3 : Operation 131 [1/1] (0.39ns)   --->   "%tmp_max2_2 = select i1 %icmp_ln167_7, i8 %tmp_min1_2, i8 %new_pixel" [./hls_filter_median.hpp:167->./hls_filter_median.hpp:177->hls_filter_median.cpp:79]   --->   Operation 131 'select' 'tmp_max2_2' <Predicate = (!icmp_ln34)> <Delay = 0.39> <CoreInst = "Sel">   --->   Core 73 'Sel' <Latency = 0> <II = 1> <Delay = 0.39> <FuncUnit> <Opcode : 'select'> <InPorts = 3> <OutPorts = 1>
ST_3 : Operation 132 [1/1] (0.76ns)   --->   "%icmp_ln159_8 = icmp_ult  i8 %tmp_max1_2, i8 %tmp_max2_2" [./hls_filter_median.hpp:159->./hls_filter_median.hpp:179->hls_filter_median.cpp:79]   --->   Operation 132 'icmp' 'icmp_ln159_8' <Predicate = (!icmp_ln34)> <Delay = 0.76> <CoreInst = "Cmp">   --->   Core 9 'Cmp' <Latency = 0> <II = 1> <Delay = 0.76> <FuncUnit> <Opcode : 'seteq' 'setne' 'setle' 'setge' 'setlt' 'setgt'> <InPorts = 2> <OutPorts = 1>
ST_3 : Operation 133 [1/1] (0.39ns)   --->   "%med_4 = select i1 %icmp_ln159_8, i8 %tmp_max1_2, i8 %tmp_max2_2" [./hls_filter_median.hpp:159->./hls_filter_median.hpp:179->hls_filter_median.cpp:79]   --->   Operation 133 'select' 'med_4' <Predicate = (!icmp_ln34)> <Delay = 0.39> <CoreInst = "Sel">   --->   Core 73 'Sel' <Latency = 0> <II = 1> <Delay = 0.39> <FuncUnit> <Opcode : 'select'> <InPorts = 3> <OutPorts = 1>
ST_3 : Operation 134 [1/1] (0.76ns)   --->   "%icmp_ln167_8 = icmp_ugt  i8 %tmp_max1_2, i8 %tmp_max2_2" [./hls_filter_median.hpp:167->./hls_filter_median.hpp:180->hls_filter_median.cpp:79]   --->   Operation 134 'icmp' 'icmp_ln167_8' <Predicate = (!icmp_ln34)> <Delay = 0.76> <CoreInst = "Cmp">   --->   Core 9 'Cmp' <Latency = 0> <II = 1> <Delay = 0.76> <FuncUnit> <Opcode : 'seteq' 'setne' 'setle' 'setge' 'setlt' 'setgt'> <InPorts = 2> <OutPorts = 1>
ST_3 : Operation 135 [1/1] (0.39ns)   --->   "%max_4 = select i1 %icmp_ln167_8, i8 %tmp_max1_2, i8 %tmp_max2_2" [./hls_filter_median.hpp:167->./hls_filter_median.hpp:180->hls_filter_median.cpp:79]   --->   Operation 135 'select' 'max_4' <Predicate = (!icmp_ln34)> <Delay = 0.39> <CoreInst = "Sel">   --->   Core 73 'Sel' <Latency = 0> <II = 1> <Delay = 0.39> <FuncUnit> <Opcode : 'select'> <InPorts = 3> <OutPorts = 1>
ST_3 : Operation 136 [1/1] (0.76ns)   --->   "%icmp_ln159_9 = icmp_ult  i8 %min, i8 %min_3" [./hls_filter_median.hpp:159->./hls_filter_median.hpp:173->hls_filter_median.cpp:84]   --->   Operation 136 'icmp' 'icmp_ln159_9' <Predicate = (!icmp_ln34)> <Delay = 0.76> <CoreInst = "Cmp">   --->   Core 9 'Cmp' <Latency = 0> <II = 1> <Delay = 0.76> <FuncUnit> <Opcode : 'seteq' 'setne' 'setle' 'setge' 'setlt' 'setgt'> <InPorts = 2> <OutPorts = 1>
ST_3 : Operation 137 [1/1] (0.39ns)   --->   "%tmp_min1_3 = select i1 %icmp_ln159_9, i8 %min, i8 %min_3" [./hls_filter_median.hpp:159->./hls_filter_median.hpp:173->hls_filter_median.cpp:84]   --->   Operation 137 'select' 'tmp_min1_3' <Predicate = (!icmp_ln34)> <Delay = 0.39> <CoreInst = "Sel">   --->   Core 73 'Sel' <Latency = 0> <II = 1> <Delay = 0.39> <FuncUnit> <Opcode : 'select'> <InPorts = 3> <OutPorts = 1>
ST_3 : Operation 138 [1/1] (0.76ns)   --->   "%icmp_ln167_9 = icmp_ugt  i8 %min, i8 %min_3" [./hls_filter_median.hpp:167->./hls_filter_median.hpp:174->hls_filter_median.cpp:84]   --->   Operation 138 'icmp' 'icmp_ln167_9' <Predicate = (!icmp_ln34)> <Delay = 0.76> <CoreInst = "Cmp">   --->   Core 9 'Cmp' <Latency = 0> <II = 1> <Delay = 0.76> <FuncUnit> <Opcode : 'seteq' 'setne' 'setle' 'setge' 'setlt' 'setgt'> <InPorts = 2> <OutPorts = 1>
ST_3 : Operation 139 [1/1] (0.39ns)   --->   "%tmp_max1_3 = select i1 %icmp_ln167_9, i8 %min, i8 %min_3" [./hls_filter_median.hpp:167->./hls_filter_median.hpp:174->hls_filter_median.cpp:84]   --->   Operation 139 'select' 'tmp_max1_3' <Predicate = (!icmp_ln34)> <Delay = 0.39> <CoreInst = "Sel">   --->   Core 73 'Sel' <Latency = 0> <II = 1> <Delay = 0.39> <FuncUnit> <Opcode : 'select'> <InPorts = 3> <OutPorts = 1>
ST_3 : Operation 140 [1/1] (0.76ns)   --->   "%icmp_ln167_10 = icmp_ugt  i8 %tmp_min1_3, i8 %min_4" [./hls_filter_median.hpp:167->./hls_filter_median.hpp:177->hls_filter_median.cpp:84]   --->   Operation 140 'icmp' 'icmp_ln167_10' <Predicate = (!icmp_ln34)> <Delay = 0.76> <CoreInst = "Cmp">   --->   Core 9 'Cmp' <Latency = 0> <II = 1> <Delay = 0.76> <FuncUnit> <Opcode : 'seteq' 'setne' 'setle' 'setge' 'setlt' 'setgt'> <InPorts = 2> <OutPorts = 1>
ST_3 : Operation 141 [1/1] (0.39ns)   --->   "%tmp_max2_3 = select i1 %icmp_ln167_10, i8 %tmp_min1_3, i8 %min_4" [./hls_filter_median.hpp:167->./hls_filter_median.hpp:177->hls_filter_median.cpp:84]   --->   Operation 141 'select' 'tmp_max2_3' <Predicate = (!icmp_ln34)> <Delay = 0.39> <CoreInst = "Sel">   --->   Core 73 'Sel' <Latency = 0> <II = 1> <Delay = 0.39> <FuncUnit> <Opcode : 'select'> <InPorts = 3> <OutPorts = 1>
ST_3 : Operation 142 [1/1] (0.76ns)   --->   "%icmp_ln167_11 = icmp_ugt  i8 %tmp_max1_3, i8 %tmp_max2_3" [./hls_filter_median.hpp:167->./hls_filter_median.hpp:180->hls_filter_median.cpp:84]   --->   Operation 142 'icmp' 'icmp_ln167_11' <Predicate = (!icmp_ln34)> <Delay = 0.76> <CoreInst = "Cmp">   --->   Core 9 'Cmp' <Latency = 0> <II = 1> <Delay = 0.76> <FuncUnit> <Opcode : 'seteq' 'setne' 'setle' 'setge' 'setlt' 'setgt'> <InPorts = 2> <OutPorts = 1>
ST_3 : Operation 143 [1/1] (0.39ns)   --->   "%a_6 = select i1 %icmp_ln167_11, i8 %tmp_max1_3, i8 %tmp_max2_3" [./hls_filter_median.hpp:167->./hls_filter_median.hpp:180->hls_filter_median.cpp:84]   --->   Operation 143 'select' 'a_6' <Predicate = (!icmp_ln34)> <Delay = 0.39> <CoreInst = "Sel">   --->   Core 73 'Sel' <Latency = 0> <II = 1> <Delay = 0.39> <FuncUnit> <Opcode : 'select'> <InPorts = 3> <OutPorts = 1>
ST_3 : Operation 144 [1/1] (0.76ns)   --->   "%icmp_ln159_10 = icmp_ult  i8 %med, i8 %med_3" [./hls_filter_median.hpp:159->./hls_filter_median.hpp:173->hls_filter_median.cpp:87]   --->   Operation 144 'icmp' 'icmp_ln159_10' <Predicate = (!icmp_ln34)> <Delay = 0.76> <CoreInst = "Cmp">   --->   Core 9 'Cmp' <Latency = 0> <II = 1> <Delay = 0.76> <FuncUnit> <Opcode : 'seteq' 'setne' 'setle' 'setge' 'setlt' 'setgt'> <InPorts = 2> <OutPorts = 1>
ST_3 : Operation 145 [1/1] (0.39ns)   --->   "%tmp_min1_4 = select i1 %icmp_ln159_10, i8 %med, i8 %med_3" [./hls_filter_median.hpp:159->./hls_filter_median.hpp:173->hls_filter_median.cpp:87]   --->   Operation 145 'select' 'tmp_min1_4' <Predicate = (!icmp_ln34)> <Delay = 0.39> <CoreInst = "Sel">   --->   Core 73 'Sel' <Latency = 0> <II = 1> <Delay = 0.39> <FuncUnit> <Opcode : 'select'> <InPorts = 3> <OutPorts = 1>
ST_3 : Operation 146 [1/1] (0.76ns)   --->   "%icmp_ln167_12 = icmp_ugt  i8 %med, i8 %med_3" [./hls_filter_median.hpp:167->./hls_filter_median.hpp:174->hls_filter_median.cpp:87]   --->   Operation 146 'icmp' 'icmp_ln167_12' <Predicate = (!icmp_ln34)> <Delay = 0.76> <CoreInst = "Cmp">   --->   Core 9 'Cmp' <Latency = 0> <II = 1> <Delay = 0.76> <FuncUnit> <Opcode : 'seteq' 'setne' 'setle' 'setge' 'setlt' 'setgt'> <InPorts = 2> <OutPorts = 1>
ST_3 : Operation 147 [1/1] (0.39ns)   --->   "%tmp_max1_4 = select i1 %icmp_ln167_12, i8 %med, i8 %med_3" [./hls_filter_median.hpp:167->./hls_filter_median.hpp:174->hls_filter_median.cpp:87]   --->   Operation 147 'select' 'tmp_max1_4' <Predicate = (!icmp_ln34)> <Delay = 0.39> <CoreInst = "Sel">   --->   Core 73 'Sel' <Latency = 0> <II = 1> <Delay = 0.39> <FuncUnit> <Opcode : 'select'> <InPorts = 3> <OutPorts = 1>
ST_3 : Operation 148 [1/1] (0.76ns)   --->   "%icmp_ln167_13 = icmp_ugt  i8 %tmp_min1_4, i8 %med_4" [./hls_filter_median.hpp:167->./hls_filter_median.hpp:177->hls_filter_median.cpp:87]   --->   Operation 148 'icmp' 'icmp_ln167_13' <Predicate = (!icmp_ln34)> <Delay = 0.76> <CoreInst = "Cmp">   --->   Core 9 'Cmp' <Latency = 0> <II = 1> <Delay = 0.76> <FuncUnit> <Opcode : 'seteq' 'setne' 'setle' 'setge' 'setlt' 'setgt'> <InPorts = 2> <OutPorts = 1>
ST_3 : Operation 149 [1/1] (0.39ns)   --->   "%tmp_max2_4 = select i1 %icmp_ln167_13, i8 %tmp_min1_4, i8 %med_4" [./hls_filter_median.hpp:167->./hls_filter_median.hpp:177->hls_filter_median.cpp:87]   --->   Operation 149 'select' 'tmp_max2_4' <Predicate = (!icmp_ln34)> <Delay = 0.39> <CoreInst = "Sel">   --->   Core 73 'Sel' <Latency = 0> <II = 1> <Delay = 0.39> <FuncUnit> <Opcode : 'select'> <InPorts = 3> <OutPorts = 1>
ST_3 : Operation 150 [1/1] (0.76ns)   --->   "%icmp_ln159_12 = icmp_ult  i8 %max, i8 %max_3" [./hls_filter_median.hpp:159->./hls_filter_median.hpp:173->hls_filter_median.cpp:90]   --->   Operation 150 'icmp' 'icmp_ln159_12' <Predicate = (!icmp_ln34)> <Delay = 0.76> <CoreInst = "Cmp">   --->   Core 9 'Cmp' <Latency = 0> <II = 1> <Delay = 0.76> <FuncUnit> <Opcode : 'seteq' 'setne' 'setle' 'setge' 'setlt' 'setgt'> <InPorts = 2> <OutPorts = 1>
ST_3 : Operation 151 [1/1] (0.39ns)   --->   "%tmp_min1_5 = select i1 %icmp_ln159_12, i8 %max, i8 %max_3" [./hls_filter_median.hpp:159->./hls_filter_median.hpp:173->hls_filter_median.cpp:90]   --->   Operation 151 'select' 'tmp_min1_5' <Predicate = (!icmp_ln34)> <Delay = 0.39> <CoreInst = "Sel">   --->   Core 73 'Sel' <Latency = 0> <II = 1> <Delay = 0.39> <FuncUnit> <Opcode : 'select'> <InPorts = 3> <OutPorts = 1>
ST_3 : Operation 152 [1/1] (0.76ns)   --->   "%icmp_ln159_13 = icmp_ult  i8 %tmp_min1_5, i8 %max_4" [./hls_filter_median.hpp:159->./hls_filter_median.hpp:176->hls_filter_median.cpp:90]   --->   Operation 152 'icmp' 'icmp_ln159_13' <Predicate = (!icmp_ln34)> <Delay = 0.76> <CoreInst = "Cmp">   --->   Core 9 'Cmp' <Latency = 0> <II = 1> <Delay = 0.76> <FuncUnit> <Opcode : 'seteq' 'setne' 'setle' 'setge' 'setlt' 'setgt'> <InPorts = 2> <OutPorts = 1>
ST_3 : Operation 153 [1/1] (0.39ns)   --->   "%c_6 = select i1 %icmp_ln159_13, i8 %tmp_min1_5, i8 %max_4" [./hls_filter_median.hpp:159->./hls_filter_median.hpp:176->hls_filter_median.cpp:90]   --->   Operation 153 'select' 'c_6' <Predicate = (!icmp_ln34)> <Delay = 0.39> <CoreInst = "Sel">   --->   Core 73 'Sel' <Latency = 0> <II = 1> <Delay = 0.39> <FuncUnit> <Opcode : 'select'> <InPorts = 3> <OutPorts = 1>
ST_3 : Operation 154 [1/1] (0.00ns)   --->   "%store_ln172 = store i8 %new_pixel, i8 %b_2" [./hls_filter_median.hpp:172->hls_filter_median.cpp:79]   --->   Operation 154 'store' 'store_ln172' <Predicate = (!icmp_ln34)> <Delay = 0.00>
ST_3 : Operation 155 [1/1] (0.00ns)   --->   "%store_ln172 = store i8 %c_1, i8 %b_1" [./hls_filter_median.hpp:172->hls_filter_median.cpp:79]   --->   Operation 155 'store' 'store_ln172' <Predicate = (!icmp_ln34)> <Delay = 0.00>
ST_3 : Operation 156 [1/1] (0.00ns)   --->   "%store_ln172 = store i8 %c, i8 %b" [./hls_filter_median.hpp:172->hls_filter_median.cpp:79]   --->   Operation 156 'store' 'store_ln172' <Predicate = (!icmp_ln34)> <Delay = 0.00>
ST_3 : Operation 157 [1/1] (0.00ns)   --->   "%store_ln172 = store i8 %b_5, i8 %a_2" [./hls_filter_median.hpp:172->hls_filter_median.cpp:79]   --->   Operation 157 'store' 'store_ln172' <Predicate = (!icmp_ln34)> <Delay = 0.00>
ST_3 : Operation 158 [1/1] (0.00ns)   --->   "%store_ln172 = store i8 %b_4, i8 %a_1" [./hls_filter_median.hpp:172->hls_filter_median.cpp:79]   --->   Operation 158 'store' 'store_ln172' <Predicate = (!icmp_ln34)> <Delay = 0.00>
ST_3 : Operation 159 [1/1] (0.00ns)   --->   "%store_ln172 = store i8 %b_3, i8 %a" [./hls_filter_median.hpp:172->hls_filter_median.cpp:79]   --->   Operation 159 'store' 'store_ln172' <Predicate = (!icmp_ln34)> <Delay = 0.00>
ST_3 : Operation 160 [1/1] (0.00ns)   --->   "%br_ln34 = br void %for.body" [hls_filter_median.cpp:34]   --->   Operation 160 'br' 'br_ln34' <Predicate = (!icmp_ln34)> <Delay = 0.00>
ST_3 : Operation 178 [1/1] (0.42ns)   --->   "%ret_ln0 = ret"   --->   Operation 178 'ret' 'ret_ln0' <Predicate = (icmp_ln34)> <Delay = 0.42>

State 4 <SV = 3> <Delay = 5.10>
ST_4 : Operation 161 [1/1] (0.00ns)   --->   "%specpipeline_ln35 = specpipeline void @_ssdm_op_SpecPipeline, i32 1, i32 0, i32 0, i32 0, i32 4294967295, void @empty_1" [hls_filter_median.cpp:35]   --->   Operation 161 'specpipeline' 'specpipeline_ln35' <Predicate = true> <Delay = 0.00>
ST_4 : Operation 162 [1/1] (0.00ns)   --->   "%speclooptripcount_ln26 = speclooptripcount void @_ssdm_op_SpecLoopTripCount, i64 0, i64 67092481, i64 33546240" [hls_filter_median.cpp:26]   --->   Operation 162 'speclooptripcount' 'speclooptripcount_ln26' <Predicate = true> <Delay = 0.00>
ST_4 : Operation 163 [1/1] (0.00ns)   --->   "%specloopname_ln34 = specloopname void @_ssdm_op_SpecLoopName, void @empty_8" [hls_filter_median.cpp:34]   --->   Operation 163 'specloopname' 'specloopname_ln34' <Predicate = true> <Delay = 0.00>
ST_4 : Operation 164 [1/1] (0.76ns)   --->   "%icmp_ln159_11 = icmp_ult  i8 %tmp_max1_4, i8 %tmp_max2_4" [./hls_filter_median.hpp:159->./hls_filter_median.hpp:179->hls_filter_median.cpp:87]   --->   Operation 164 'icmp' 'icmp_ln159_11' <Predicate = true> <Delay = 0.76> <CoreInst = "Cmp">   --->   Core 9 'Cmp' <Latency = 0> <II = 1> <Delay = 0.76> <FuncUnit> <Opcode : 'seteq' 'setne' 'setle' 'setge' 'setlt' 'setgt'> <InPorts = 2> <OutPorts = 1>
ST_4 : Operation 165 [1/1] (0.39ns)   --->   "%b_10 = select i1 %icmp_ln159_11, i8 %tmp_max1_4, i8 %tmp_max2_4" [./hls_filter_median.hpp:159->./hls_filter_median.hpp:179->hls_filter_median.cpp:87]   --->   Operation 165 'select' 'b_10' <Predicate = true> <Delay = 0.39> <CoreInst = "Sel">   --->   Core 73 'Sel' <Latency = 0> <II = 1> <Delay = 0.39> <FuncUnit> <Opcode : 'select'> <InPorts = 3> <OutPorts = 1>
ST_4 : Operation 166 [1/1] (0.76ns)   --->   "%icmp_ln159_14 = icmp_ult  i8 %a_6, i8 %b_10" [./hls_filter_median.hpp:159->./hls_filter_median.hpp:173->hls_filter_median.cpp:94]   --->   Operation 166 'icmp' 'icmp_ln159_14' <Predicate = true> <Delay = 0.76> <CoreInst = "Cmp">   --->   Core 9 'Cmp' <Latency = 0> <II = 1> <Delay = 0.76> <FuncUnit> <Opcode : 'seteq' 'setne' 'setle' 'setge' 'setlt' 'setgt'> <InPorts = 2> <OutPorts = 1>
ST_4 : Operation 167 [1/1] (0.39ns)   --->   "%tmp_min1_6 = select i1 %icmp_ln159_14, i8 %a_6, i8 %b_10" [./hls_filter_median.hpp:159->./hls_filter_median.hpp:173->hls_filter_median.cpp:94]   --->   Operation 167 'select' 'tmp_min1_6' <Predicate = true> <Delay = 0.39> <CoreInst = "Sel">   --->   Core 73 'Sel' <Latency = 0> <II = 1> <Delay = 0.39> <FuncUnit> <Opcode : 'select'> <InPorts = 3> <OutPorts = 1>
ST_4 : Operation 168 [1/1] (0.76ns)   --->   "%icmp_ln167_14 = icmp_ugt  i8 %a_6, i8 %b_10" [./hls_filter_median.hpp:167->./hls_filter_median.hpp:174->hls_filter_median.cpp:94]   --->   Operation 168 'icmp' 'icmp_ln167_14' <Predicate = true> <Delay = 0.76> <CoreInst = "Cmp">   --->   Core 9 'Cmp' <Latency = 0> <II = 1> <Delay = 0.76> <FuncUnit> <Opcode : 'seteq' 'setne' 'setle' 'setge' 'setlt' 'setgt'> <InPorts = 2> <OutPorts = 1>
ST_4 : Operation 169 [1/1] (0.39ns)   --->   "%tmp_max1_5 = select i1 %icmp_ln167_14, i8 %a_6, i8 %b_10" [./hls_filter_median.hpp:167->./hls_filter_median.hpp:174->hls_filter_median.cpp:94]   --->   Operation 169 'select' 'tmp_max1_5' <Predicate = true> <Delay = 0.39> <CoreInst = "Sel">   --->   Core 73 'Sel' <Latency = 0> <II = 1> <Delay = 0.39> <FuncUnit> <Opcode : 'select'> <InPorts = 3> <OutPorts = 1>
ST_4 : Operation 170 [1/1] (0.76ns)   --->   "%icmp_ln167_15 = icmp_ugt  i8 %tmp_min1_6, i8 %c_6" [./hls_filter_median.hpp:167->./hls_filter_median.hpp:177->hls_filter_median.cpp:94]   --->   Operation 170 'icmp' 'icmp_ln167_15' <Predicate = true> <Delay = 0.76> <CoreInst = "Cmp">   --->   Core 9 'Cmp' <Latency = 0> <II = 1> <Delay = 0.76> <FuncUnit> <Opcode : 'seteq' 'setne' 'setle' 'setge' 'setlt' 'setgt'> <InPorts = 2> <OutPorts = 1>
ST_4 : Operation 171 [1/1] (0.39ns)   --->   "%tmp_max2_5 = select i1 %icmp_ln167_15, i8 %tmp_min1_6, i8 %c_6" [./hls_filter_median.hpp:167->./hls_filter_median.hpp:177->hls_filter_median.cpp:94]   --->   Operation 171 'select' 'tmp_max2_5' <Predicate = true> <Delay = 0.39> <CoreInst = "Sel">   --->   Core 73 'Sel' <Latency = 0> <II = 1> <Delay = 0.39> <FuncUnit> <Opcode : 'select'> <InPorts = 3> <OutPorts = 1>
ST_4 : Operation 172 [1/1] (0.76ns)   --->   "%icmp_ln159_15 = icmp_ult  i8 %tmp_max1_5, i8 %tmp_max2_5" [./hls_filter_median.hpp:159->./hls_filter_median.hpp:179->hls_filter_median.cpp:94]   --->   Operation 172 'icmp' 'icmp_ln159_15' <Predicate = true> <Delay = 0.76> <CoreInst = "Cmp">   --->   Core 9 'Cmp' <Latency = 0> <II = 1> <Delay = 0.76> <FuncUnit> <Opcode : 'seteq' 'setne' 'setle' 'setge' 'setlt' 'setgt'> <InPorts = 2> <OutPorts = 1>
ST_4 : Operation 173 [1/1] (0.39ns)   --->   "%final_med = select i1 %icmp_ln159_15, i8 %tmp_max1_5, i8 %tmp_max2_5" [./hls_filter_median.hpp:159->./hls_filter_median.hpp:179->hls_filter_median.cpp:94]   --->   Operation 173 'select' 'final_med' <Predicate = true> <Delay = 0.39> <CoreInst = "Sel">   --->   Core 73 'Sel' <Latency = 0> <II = 1> <Delay = 0.39> <FuncUnit> <Opcode : 'select'> <InPorts = 3> <OutPorts = 1>
ST_4 : Operation 174 [1/1] (0.00ns)   --->   "%tmp_1 = bitconcatenate i17 @_ssdm_op_BitConcatenate.i17.i1.i7.i1.i8, i1 %icmp_ln116, i7 0, i1 %icmp_ln113, i8 %final_med" [hls_filter_median.cpp:119]   --->   Operation 174 'bitconcatenate' 'tmp_1' <Predicate = (and_ln104)> <Delay = 0.00>
ST_4 : Operation 175 [1/1] (0.00ns)   --->   "%zext_ln119 = zext i17 %tmp_1" [hls_filter_median.cpp:119]   --->   Operation 175 'zext' 'zext_ln119' <Predicate = (and_ln104)> <Delay = 0.00>
ST_4 : Operation 176 [1/1] ( I:0.47ns O:0.47ns )   --->   "%write_ln119 = write void @_ssdm_op_Write.axis.volatile.i24P128A, i24 %m_axis_video, i24 %zext_ln119" [hls_filter_median.cpp:119]   --->   Operation 176 'write' 'write_ln119' <Predicate = (and_ln104)> <Delay = 0.47> <CoreInst = "regslice">   --->   Core 147 'regslice' <Latency = 0> <II = 1> <Delay = 0.62> <Adapter> <Opcode : 'read' 'write'>
ST_4 : Operation 177 [1/1] (0.00ns)   --->   "%br_ln128 = br void %if.end120" [hls_filter_median.cpp:128]   --->   Operation 177 'br' 'br_ln128' <Predicate = (and_ln104)> <Delay = 0.00>


============================================================
+ Verbose Summary: Timing violations
============================================================
Target clock period: 10.000ns, clock uncertainty: 2.700ns.

 <State 1>: 0.427ns
The critical path consists of the following:
	'alloca' operation 13 bit ('out_y', hls_filter_median.cpp:29) [17]  (0.000 ns)
	'store' operation ('store_ln29', hls_filter_median.cpp:29) of constant 0 13 bit on local variable 'out_y', hls_filter_median.cpp:29 [28]  (0.427 ns)

 <State 2>: 1.562ns
The critical path consists of the following:
	'load' operation 13 bit ('out_x_load', hls_filter_median.cpp:126) on local variable 'out_x', hls_filter_median.cpp:28 [147]  (0.000 ns)
	'icmp' operation 1 bit ('icmp_ln116', hls_filter_median.cpp:116) [152]  (0.831 ns)
	'select' operation 13 bit ('out_y', hls_filter_median.cpp:122) [159]  (0.303 ns)
	'store' operation ('store_ln29', hls_filter_median.cpp:29) of variable 'out_y', hls_filter_median.cpp:122 13 bit on local variable 'out_y', hls_filter_median.cpp:29 [160]  (0.427 ns)

 <State 3>: 6.262ns
The critical path consists of the following:
	'load' operation 8 bit ('line_buffer_load', hls_filter_median.cpp:56) on array 'line_buffer', hls_filter_median.cpp:18 [61]  (1.237 ns)
	'select' operation 8 bit ('c', hls_filter_median.cpp:56) [63]  (0.393 ns)
	'icmp' operation 1 bit ('icmp_ln159_1', ./hls_filter_median.hpp:159->./hls_filter_median.hpp:176->hls_filter_median.cpp:79) [80]  (0.765 ns)
	'select' operation 8 bit ('min', ./hls_filter_median.hpp:159->./hls_filter_median.hpp:176->hls_filter_median.cpp:79) [81]  (0.393 ns)
	'icmp' operation 1 bit ('icmp_ln159_9', ./hls_filter_median.hpp:159->./hls_filter_median.hpp:173->hls_filter_median.cpp:84) [112]  (0.765 ns)
	'select' operation 8 bit ('tmp_min1', ./hls_filter_median.hpp:159->./hls_filter_median.hpp:173->hls_filter_median.cpp:84) [113]  (0.393 ns)
	'icmp' operation 1 bit ('icmp_ln167_10', ./hls_filter_median.hpp:167->./hls_filter_median.hpp:177->hls_filter_median.cpp:84) [116]  (0.765 ns)
	'select' operation 8 bit ('tmp_max2', ./hls_filter_median.hpp:167->./hls_filter_median.hpp:177->hls_filter_median.cpp:84) [117]  (0.393 ns)
	'icmp' operation 1 bit ('icmp_ln167_11', ./hls_filter_median.hpp:167->./hls_filter_median.hpp:180->hls_filter_median.cpp:84) [118]  (0.765 ns)
	'select' operation 8 bit ('a', ./hls_filter_median.hpp:167->./hls_filter_median.hpp:180->hls_filter_median.cpp:84) [119]  (0.393 ns)

 <State 4>: 5.107ns
The critical path consists of the following:
	'icmp' operation 1 bit ('icmp_ln159_11', ./hls_filter_median.hpp:159->./hls_filter_median.hpp:179->hls_filter_median.cpp:87) [126]  (0.765 ns)
	'select' operation 8 bit ('b', ./hls_filter_median.hpp:159->./hls_filter_median.hpp:179->hls_filter_median.cpp:87) [127]  (0.393 ns)
	'icmp' operation 1 bit ('icmp_ln159_14', ./hls_filter_median.hpp:159->./hls_filter_median.hpp:173->hls_filter_median.cpp:94) [132]  (0.765 ns)
	'select' operation 8 bit ('tmp_min1', ./hls_filter_median.hpp:159->./hls_filter_median.hpp:173->hls_filter_median.cpp:94) [133]  (0.393 ns)
	'icmp' operation 1 bit ('icmp_ln167_15', ./hls_filter_median.hpp:167->./hls_filter_median.hpp:177->hls_filter_median.cpp:94) [136]  (0.765 ns)
	'select' operation 8 bit ('tmp_max2', ./hls_filter_median.hpp:167->./hls_filter_median.hpp:177->hls_filter_median.cpp:94) [137]  (0.393 ns)
	'icmp' operation 1 bit ('icmp_ln159_15', ./hls_filter_median.hpp:159->./hls_filter_median.hpp:179->hls_filter_median.cpp:94) [138]  (0.765 ns)
	'select' operation 8 bit ('final_med', ./hls_filter_median.hpp:159->./hls_filter_median.hpp:179->hls_filter_median.cpp:94) [139]  (0.393 ns)
	axis write operation ('write_ln119', hls_filter_median.cpp:119) on port 'm_axis_video' (hls_filter_median.cpp:119) [155]  (0.475 ns)


============================================================
+ Verbose Summary: Binding
============================================================
N/A
* FSMD analyzer results:
  - Output states:
 - Input state : 
  - Chain level:
	State 1
	State 2
	State 3
	State 4


============================================================
+ Verbose Summary: Datapath Resource usage 
============================================================
N/A
