

================================================================
== Vitis HLS Report for 'hls_filter_median_3x3_Pipeline_VITIS_LOOP_31_1'
================================================================
* Date:           Fri Apr 10 08:17:48 2026

* Version:        2025.2 (Build 6295257 on Nov 14 2025)
* Project:        filter_2d_median
* Solution:       hls (Vivado IP Flow Target)
* Product family: zynquplus
* Target device:  xck26-sfvc784-2LV-c


================================================================
== Performance Estimates
================================================================
+ Timing: 
    * Summary: 
    +--------+----------+----------+------------+
    |  Clock |  Target  | Estimated| Uncertainty|
    +--------+----------+----------+------------+
    |ap_clk  |  10.00 ns|  6.262 ns|     2.70 ns|
    +--------+----------+----------+------------+

+ Latency: 
    * Summary: 
    +---------+----------+-----------+-----------+-----+-----+-------------------+
    |  Latency (cycles)  |   Latency (absolute)  |  Interval |      Pipeline     |
    |   min   |    max   |    min    |    max    | min | max |        Type       |
    +---------+----------+-----------+-----------+-----+-----+-------------------+
    |        3|  67092484|  30.000 ns|  0.671 sec|    0|    0|  loop pipeline stp|
    +---------+----------+-----------+-----------+-----+-----+-------------------+

    + Detail: 
        * Instance: 
        N/A

        * Loop: 
        +-------------------+---------+----------+----------+-----------+-----------+--------------+----------+
        |                   |  Latency (cycles)  | Iteration|  Initiation Interval  |     Trip     |          |
        |     Loop Name     |   min   |    max   |  Latency |  achieved |   target  |     Count    | Pipelined|
        +-------------------+---------+----------+----------+-----------+-----------+--------------+----------+
        |- VITIS_LOOP_31_1  |        1|  67092482|         3|          1|          1|  0 ~ 67092481|       yes|
        +-------------------+---------+----------+----------+-----------+-----------+--------------+----------+

============================================================
+ Verbose Summary: Synthesis Manager
============================================================
InlineROM: 1
ExposeGlobal: 0
============================================================
+ Verbose Summary: CDFG Model
============================================================
IsTopModel: 0
ResetActiveHigh: 1
IsCombinational: 0
IsDatapathOnly: 0
HasWiredReturn: 1
HasMFsm: 2
HasVarLatency: 1
IsPipeline: 0
IsRtlPipelined: 0
IsInstanceOverlapped: 0
IsDontTouch: 0
HasImplIP: 0
IsGatedGlobalClock: 0

+ Individual pipeline summary: 
  * Pipeline-0: initiation interval (II) = 1, depth = 4


============================================================
+ Verbose Summary: Schedule
============================================================
* Number of FSM states : 4
* Pipeline : 1
  Pipeline-0 : II = 1, D = 4, States = { 1 2 3 4 }
* Dataflow Pipeline: 0

* FSM state transitions: 
1 --> 2 
2 --> 3 
3 --> 4 
4 --> 

* FSM state operations: 

State 1 <SV = 0> <Delay = 0.42>
ST_1 : Operation 6 [1/1] (0.00ns)   --->   "%reuse_addr_reg5 = alloca i32 1"   --->   Operation 6 'alloca' 'reuse_addr_reg5' <Predicate = true> <Delay = 0.00>
ST_1 : Operation 7 [1/1] (0.00ns)   --->   "%reuse_reg4 = alloca i32 1"   --->   Operation 7 'alloca' 'reuse_reg4' <Predicate = true> <Delay = 0.00>
ST_1 : Operation 8 [1/1] (0.00ns)   --->   "%reuse_addr_reg = alloca i32 1"   --->   Operation 8 'alloca' 'reuse_addr_reg' <Predicate = true> <Delay = 0.00>
ST_1 : Operation 9 [1/1] (0.00ns)   --->   "%reuse_reg = alloca i32 1"   --->   Operation 9 'alloca' 'reuse_reg' <Predicate = true> <Delay = 0.00>
ST_1 : Operation 10 [1/1] (0.00ns)   --->   "%x = alloca i32 1" [hls_filter_median.cpp:24]   --->   Operation 10 'alloca' 'x' <Predicate = true> <Delay = 0.00>
ST_1 : Operation 11 [1/1] (0.00ns)   --->   "%y = alloca i32 1" [hls_filter_median.cpp:25]   --->   Operation 11 'alloca' 'y' <Predicate = true> <Delay = 0.00>
ST_1 : Operation 12 [1/1] (0.00ns)   --->   "%i = alloca i32 1" [hls_filter_median.cpp:31]   --->   Operation 12 'alloca' 'i' <Predicate = true> <Delay = 0.00>
ST_1 : Operation 13 [1/1] (0.00ns)   --->   "%a = alloca i32 1" [./hls_filter_median.hpp:168->hls_filter_median.cpp:76]   --->   Operation 13 'alloca' 'a' <Predicate = true> <Delay = 0.00>
ST_1 : Operation 14 [1/1] (0.00ns)   --->   "%a_1 = alloca i32 1" [./hls_filter_median.hpp:168->hls_filter_median.cpp:76]   --->   Operation 14 'alloca' 'a_1' <Predicate = true> <Delay = 0.00>
ST_1 : Operation 15 [1/1] (0.00ns)   --->   "%a_2 = alloca i32 1" [./hls_filter_median.hpp:168->hls_filter_median.cpp:76]   --->   Operation 15 'alloca' 'a_2' <Predicate = true> <Delay = 0.00>
ST_1 : Operation 16 [1/1] (0.00ns)   --->   "%sof_flag = alloca i32 1" [hls_filter_median.cpp:26]   --->   Operation 16 'alloca' 'sof_flag' <Predicate = true> <Delay = 0.00>
ST_1 : Operation 17 [1/1] (0.00ns)   --->   "%b = alloca i32 1" [./hls_filter_median.hpp:168->hls_filter_median.cpp:76]   --->   Operation 17 'alloca' 'b' <Predicate = true> <Delay = 0.00>
ST_1 : Operation 18 [1/1] (0.00ns)   --->   "%b_1 = alloca i32 1" [./hls_filter_median.hpp:168->hls_filter_median.cpp:76]   --->   Operation 18 'alloca' 'b_1' <Predicate = true> <Delay = 0.00>
ST_1 : Operation 19 [1/1] (0.00ns)   --->   "%b_2 = alloca i32 1" [./hls_filter_median.hpp:168->hls_filter_median.cpp:76]   --->   Operation 19 'alloca' 'b_2' <Predicate = true> <Delay = 0.00>
ST_1 : Operation 20 [1/1] (0.00ns)   --->   "%specinterface_ln0 = specinterface void @_ssdm_op_SpecInterface, i24 %m_axis_video, void @empty, i32 0, i32 0, void @empty_0, i32 0, i32 0, void @empty_1, void @empty_1, void @empty_1, i32 0, i32 0, i32 0, i32 0, void @empty_1, void @empty_1, i32 4294967295, i32 0, i32 0, i32 0"   --->   Operation 20 'specinterface' 'specinterface_ln0' <Predicate = true> <Delay = 0.00>
ST_1 : Operation 21 [1/1] (0.00ns)   --->   "%specinterface_ln0 = specinterface void @_ssdm_op_SpecInterface, i24 %s_axis_video, void @empty, i32 0, i32 0, void @empty_0, i32 0, i32 0, void @empty_1, void @empty_1, void @empty_1, i32 0, i32 0, i32 0, i32 0, void @empty_1, void @empty_1, i32 4294967295, i32 0, i32 0, i32 0"   --->   Operation 21 'specinterface' 'specinterface_ln0' <Predicate = true> <Delay = 0.00>
ST_1 : Operation 22 [1/1] (0.00ns)   --->   "%add_ln117_read = read i14 @_ssdm_op_Read.ap_auto.i14, i14 %add_ln117"   --->   Operation 22 'read' 'add_ln117_read' <Predicate = true> <Delay = 0.00>
ST_1 : Operation 23 [1/1] (0.00ns)   --->   "%mul_ln31_read = read i26 @_ssdm_op_Read.ap_auto.i26, i26 %mul_ln31"   --->   Operation 23 'read' 'mul_ln31_read' <Predicate = true> <Delay = 0.00>
ST_1 : Operation 24 [1/1] (0.00ns)   --->   "%line_buffer_1 = alloca i64 1" [hls_filter_median.cpp:17]   --->   Operation 24 'alloca' 'line_buffer_1' <Predicate = true> <Delay = 0.00> <CoreInst = "RAM">   --->   Core 82 'RAM' <Latency = 1> <II = 1> <Delay = 1.23> <Storage> <Opcode : 'load' 'store'> <Ports = 2> <Width = 8> <Depth = 7680> <RAM>
ST_1 : Operation 25 [1/1] (0.00ns)   --->   "%line_buffer = alloca i64 1" [hls_filter_median.cpp:17]   --->   Operation 25 'alloca' 'line_buffer' <Predicate = true> <Delay = 0.00> <CoreInst = "RAM">   --->   Core 82 'RAM' <Latency = 1> <II = 1> <Delay = 1.23> <Storage> <Opcode : 'load' 'store'> <Ports = 2> <Width = 8> <Depth = 7680> <RAM>
ST_1 : Operation 26 [1/1] (0.42ns)   --->   "%store_ln26 = store i1 1, i1 %sof_flag" [hls_filter_median.cpp:26]   --->   Operation 26 'store' 'store_ln26' <Predicate = true> <Delay = 0.42>
ST_1 : Operation 27 [1/1] (0.42ns)   --->   "%store_ln31 = store i26 0, i26 %i" [hls_filter_median.cpp:31]   --->   Operation 27 'store' 'store_ln31' <Predicate = true> <Delay = 0.42>
ST_1 : Operation 28 [1/1] (0.42ns)   --->   "%store_ln25 = store i13 0, i13 %y" [hls_filter_median.cpp:25]   --->   Operation 28 'store' 'store_ln25' <Predicate = true> <Delay = 0.42>
ST_1 : Operation 29 [1/1] (0.42ns)   --->   "%store_ln24 = store i13 0, i13 %x" [hls_filter_median.cpp:24]   --->   Operation 29 'store' 'store_ln24' <Predicate = true> <Delay = 0.42>
ST_1 : Operation 30 [1/1] (0.42ns)   --->   "%store_ln0 = store i8 0, i8 %reuse_reg"   --->   Operation 30 'store' 'store_ln0' <Predicate = true> <Delay = 0.42>
ST_1 : Operation 31 [1/1] (0.42ns)   --->   "%store_ln0 = store i64 18446744073709551615, i64 %reuse_addr_reg"   --->   Operation 31 'store' 'store_ln0' <Predicate = true> <Delay = 0.42>
ST_1 : Operation 32 [1/1] (0.42ns)   --->   "%store_ln0 = store i8 0, i8 %reuse_reg4"   --->   Operation 32 'store' 'store_ln0' <Predicate = true> <Delay = 0.42>
ST_1 : Operation 33 [1/1] (0.42ns)   --->   "%store_ln0 = store i64 18446744073709551615, i64 %reuse_addr_reg5"   --->   Operation 33 'store' 'store_ln0' <Predicate = true> <Delay = 0.42>
ST_1 : Operation 34 [1/1] (0.00ns)   --->   "%br_ln31 = br void %for.body" [hls_filter_median.cpp:31]   --->   Operation 34 'br' 'br_ln31' <Predicate = true> <Delay = 0.00>

State 2 <SV = 1> <Delay = 1.56>
ST_2 : Operation 35 [1/1] (0.00ns)   --->   "%x_3 = load i13 %x" [hls_filter_median.cpp:121]   --->   Operation 35 'load' 'x_3' <Predicate = true> <Delay = 0.00>
ST_2 : Operation 36 [1/1] (0.00ns)   --->   "%y_3 = load i13 %y" [hls_filter_median.cpp:119]   --->   Operation 36 'load' 'y_3' <Predicate = true> <Delay = 0.00>
ST_2 : Operation 37 [1/1] (0.00ns)   --->   "%i_2 = load i26 %i" [hls_filter_median.cpp:31]   --->   Operation 37 'load' 'i_2' <Predicate = true> <Delay = 0.00>
ST_2 : Operation 38 [1/1] (0.95ns)   --->   "%icmp_ln31 = icmp_eq  i26 %i_2, i26 %mul_ln31_read" [hls_filter_median.cpp:31]   --->   Operation 38 'icmp' 'icmp_ln31' <Predicate = true> <Delay = 0.95> <CoreInst = "Cmp">   --->   Core 9 'Cmp' <Latency = 0> <II = 1> <Delay = 0.95> <FuncUnit> <Opcode : 'seteq' 'setne' 'setle' 'setge' 'setlt' 'setgt'> <InPorts = 2> <OutPorts = 1>
ST_2 : Operation 39 [1/1] (0.00ns)   --->   "%br_ln31 = br i1 %icmp_ln31, void %for.body.split, void %for.end119.exitStub" [hls_filter_median.cpp:31]   --->   Operation 39 'br' 'br_ln31' <Predicate = true> <Delay = 0.00>
ST_2 : Operation 40 [1/1] (0.95ns)   --->   "%i_1 = add i26 %i_2, i26 1" [hls_filter_median.cpp:31]   --->   Operation 40 'add' 'i_1' <Predicate = (!icmp_ln31)> <Delay = 0.95> <CoreInst = "Adder">   --->   Core 1 'Adder' <Latency = 0> <II = 1> <Delay = 0.95> <FuncUnit> <Opcode : 'add' 'sub'> <InPorts = 2> <OutPorts = 1>
ST_2 : Operation 41 [1/1] (0.00ns)   --->   "%zext_ln53 = zext i13 %x_3" [hls_filter_median.cpp:53]   --->   Operation 41 'zext' 'zext_ln53' <Predicate = (!icmp_ln31)> <Delay = 0.00>
ST_2 : Operation 42 [1/1] (0.00ns)   --->   "%line_buffer_addr = getelementptr i8 %line_buffer, i64 0, i64 %zext_ln53" [hls_filter_median.cpp:53]   --->   Operation 42 'getelementptr' 'line_buffer_addr' <Predicate = (!icmp_ln31)> <Delay = 0.00>
ST_2 : Operation 43 [1/1] (0.00ns)   --->   "%reuse_addr_reg5_load = load i64 %reuse_addr_reg5"   --->   Operation 43 'load' 'reuse_addr_reg5_load' <Predicate = (!icmp_ln31)> <Delay = 0.00>
ST_2 : Operation 44 [2/2] (1.23ns)   --->   "%line_buffer_load = load i13 %line_buffer_addr" [hls_filter_median.cpp:53]   --->   Operation 44 'load' 'line_buffer_load' <Predicate = (!icmp_ln31)> <Delay = 1.23> <CoreInst = "RAM">   --->   Core 82 'RAM' <Latency = 1> <II = 1> <Delay = 1.23> <Storage> <Opcode : 'load' 'store'> <Ports = 2> <Width = 8> <Depth = 7680> <RAM>
ST_2 : Operation 45 [1/1] (1.08ns)   --->   "%addr_cmp8 = icmp_eq  i64 %reuse_addr_reg5_load, i64 %zext_ln53" [hls_filter_median.cpp:53]   --->   Operation 45 'icmp' 'addr_cmp8' <Predicate = (!icmp_ln31)> <Delay = 1.08> <CoreInst = "Cmp">   --->   Core 9 'Cmp' <Latency = 0> <II = 1> <Delay = 1.08> <FuncUnit> <Opcode : 'seteq' 'setne' 'setle' 'setge' 'setlt' 'setgt'> <InPorts = 2> <OutPorts = 1>
ST_2 : Operation 46 [1/1] (0.00ns)   --->   "%line_buffer_1_addr = getelementptr i8 %line_buffer_1, i64 0, i64 %zext_ln53" [hls_filter_median.cpp:53]   --->   Operation 46 'getelementptr' 'line_buffer_1_addr' <Predicate = (!icmp_ln31)> <Delay = 0.00>
ST_2 : Operation 47 [1/1] (0.00ns)   --->   "%reuse_addr_reg_load = load i64 %reuse_addr_reg"   --->   Operation 47 'load' 'reuse_addr_reg_load' <Predicate = (!icmp_ln31)> <Delay = 0.00>
ST_2 : Operation 48 [2/2] (1.23ns)   --->   "%line_buffer_1_load = load i13 %line_buffer_1_addr" [hls_filter_median.cpp:53]   --->   Operation 48 'load' 'line_buffer_1_load' <Predicate = (!icmp_ln31)> <Delay = 1.23> <CoreInst = "RAM">   --->   Core 82 'RAM' <Latency = 1> <II = 1> <Delay = 1.23> <Storage> <Opcode : 'load' 'store'> <Ports = 2> <Width = 8> <Depth = 7680> <RAM>
ST_2 : Operation 49 [1/1] (1.08ns)   --->   "%addr_cmp = icmp_eq  i64 %reuse_addr_reg_load, i64 %zext_ln53" [hls_filter_median.cpp:53]   --->   Operation 49 'icmp' 'addr_cmp' <Predicate = (!icmp_ln31)> <Delay = 1.08> <CoreInst = "Cmp">   --->   Core 9 'Cmp' <Latency = 0> <II = 1> <Delay = 1.08> <FuncUnit> <Opcode : 'seteq' 'setne' 'setle' 'setge' 'setlt' 'setgt'> <InPorts = 2> <OutPorts = 1>
ST_2 : Operation 50 [1/1] (0.42ns)   --->   "%store_ln53 = store i64 %zext_ln53, i64 %reuse_addr_reg5" [hls_filter_median.cpp:53]   --->   Operation 50 'store' 'store_ln53' <Predicate = (!icmp_ln31)> <Delay = 0.42>
ST_2 : Operation 51 [1/1] (0.42ns)   --->   "%store_ln53 = store i64 %zext_ln53, i64 %reuse_addr_reg" [hls_filter_median.cpp:53]   --->   Operation 51 'store' 'store_ln53' <Predicate = (!icmp_ln31)> <Delay = 0.42>
ST_2 : Operation 52 [1/1] (0.00ns)   --->   "%tmp = partselect i12 @_ssdm_op_PartSelect.i12.i13.i32.i32, i13 %x_3, i32 1, i32 12" [hls_filter_median.cpp:99]   --->   Operation 52 'partselect' 'tmp' <Predicate = (!icmp_ln31)> <Delay = 0.00>
ST_2 : Operation 53 [1/1] (0.80ns)   --->   "%icmp_ln99 = icmp_ne  i12 %tmp, i12 0" [hls_filter_median.cpp:99]   --->   Operation 53 'icmp' 'icmp_ln99' <Predicate = (!icmp_ln31)> <Delay = 0.80> <CoreInst = "Cmp">   --->   Core 9 'Cmp' <Latency = 0> <II = 1> <Delay = 0.80> <FuncUnit> <Opcode : 'seteq' 'setne' 'setle' 'setge' 'setlt' 'setgt'> <InPorts = 2> <OutPorts = 1>
ST_2 : Operation 54 [1/1] (0.00ns)   --->   "%tmp_2 = partselect i12 @_ssdm_op_PartSelect.i12.i13.i32.i32, i13 %y_3, i32 1, i32 12" [hls_filter_median.cpp:99]   --->   Operation 54 'partselect' 'tmp_2' <Predicate = (!icmp_ln31)> <Delay = 0.00>
ST_2 : Operation 55 [1/1] (0.80ns)   --->   "%icmp_ln99_1 = icmp_ne  i12 %tmp_2, i12 0" [hls_filter_median.cpp:99]   --->   Operation 55 'icmp' 'icmp_ln99_1' <Predicate = (!icmp_ln31)> <Delay = 0.80> <CoreInst = "Cmp">   --->   Core 9 'Cmp' <Latency = 0> <II = 1> <Delay = 0.80> <FuncUnit> <Opcode : 'seteq' 'setne' 'setle' 'setge' 'setlt' 'setgt'> <InPorts = 2> <OutPorts = 1>
ST_2 : Operation 56 [1/1] (0.28ns)   --->   "%and_ln99 = and i1 %icmp_ln99, i1 %icmp_ln99_1" [hls_filter_median.cpp:99]   --->   Operation 56 'and' 'and_ln99' <Predicate = (!icmp_ln31)> <Delay = 0.28> <CoreInst = "LogicGate">   --->   Core 74 'LogicGate' <Latency = 0> <II = 1> <Delay = 0.28> <FuncUnit> <Opcode : 'and' 'or' 'xor'> <InPorts = 2> <OutPorts = 1>
ST_2 : Operation 57 [1/1] (0.00ns)   --->   "%zext_ln117 = zext i13 %x_3" [hls_filter_median.cpp:117]   --->   Operation 57 'zext' 'zext_ln117' <Predicate = (!icmp_ln31)> <Delay = 0.00>
ST_2 : Operation 58 [1/1] (0.83ns)   --->   "%icmp_ln117 = icmp_eq  i14 %add_ln117_read, i14 %zext_ln117" [hls_filter_median.cpp:117]   --->   Operation 58 'icmp' 'icmp_ln117' <Predicate = (!icmp_ln31)> <Delay = 0.83> <CoreInst = "Cmp">   --->   Core 9 'Cmp' <Latency = 0> <II = 1> <Delay = 0.83> <FuncUnit> <Opcode : 'seteq' 'setne' 'setle' 'setge' 'setlt' 'setgt'> <InPorts = 2> <OutPorts = 1>
ST_2 : Operation 59 [1/1] (0.00ns)   --->   "%br_ln99 = br i1 %and_ln99, void %if.end, void %if.then" [hls_filter_median.cpp:99]   --->   Operation 59 'br' 'br_ln99' <Predicate = (!icmp_ln31)> <Delay = 0.00>
ST_2 : Operation 60 [1/1] (0.82ns)   --->   "%y_4 = add i13 %y_3, i13 1" [hls_filter_median.cpp:119]   --->   Operation 60 'add' 'y_4' <Predicate = (!icmp_ln31)> <Delay = 0.82> <CoreInst = "Adder">   --->   Core 1 'Adder' <Latency = 0> <II = 1> <Delay = 0.82> <FuncUnit> <Opcode : 'add' 'sub'> <InPorts = 2> <OutPorts = 1>
ST_2 : Operation 61 [1/1] (0.82ns)   --->   "%x_4 = add i13 %x_3, i13 1" [hls_filter_median.cpp:121]   --->   Operation 61 'add' 'x_4' <Predicate = (!icmp_ln31)> <Delay = 0.82> <CoreInst = "Adder">   --->   Core 1 'Adder' <Latency = 0> <II = 1> <Delay = 0.82> <FuncUnit> <Opcode : 'add' 'sub'> <InPorts = 2> <OutPorts = 1>
ST_2 : Operation 62 [1/1] (0.30ns)   --->   "%x_5 = select i1 %icmp_ln117, i13 0, i13 %x_4" [hls_filter_median.cpp:117]   --->   Operation 62 'select' 'x_5' <Predicate = (!icmp_ln31)> <Delay = 0.30> <CoreInst = "Sel">   --->   Core 73 'Sel' <Latency = 0> <II = 1> <Delay = 0.30> <FuncUnit> <Opcode : 'select'> <InPorts = 3> <OutPorts = 1>
ST_2 : Operation 63 [1/1] (0.30ns)   --->   "%y_5 = select i1 %icmp_ln117, i13 %y_4, i13 %y_3" [hls_filter_median.cpp:117]   --->   Operation 63 'select' 'y_5' <Predicate = (!icmp_ln31)> <Delay = 0.30> <CoreInst = "Sel">   --->   Core 73 'Sel' <Latency = 0> <II = 1> <Delay = 0.30> <FuncUnit> <Opcode : 'select'> <InPorts = 3> <OutPorts = 1>
ST_2 : Operation 64 [1/1] (0.42ns)   --->   "%store_ln31 = store i26 %i_1, i26 %i" [hls_filter_median.cpp:31]   --->   Operation 64 'store' 'store_ln31' <Predicate = (!icmp_ln31)> <Delay = 0.42>
ST_2 : Operation 65 [1/1] (0.42ns)   --->   "%store_ln25 = store i13 %y_5, i13 %y" [hls_filter_median.cpp:25]   --->   Operation 65 'store' 'store_ln25' <Predicate = (!icmp_ln31)> <Delay = 0.42>
ST_2 : Operation 66 [1/1] (0.42ns)   --->   "%store_ln24 = store i13 %x_5, i13 %x" [hls_filter_median.cpp:24]   --->   Operation 66 'store' 'store_ln24' <Predicate = (!icmp_ln31)> <Delay = 0.42>

State 3 <SV = 2> <Delay = 6.26>
ST_3 : Operation 67 [1/1] (0.00ns)   --->   "%b_3 = load i8 %b" [./hls_filter_median.hpp:163->./hls_filter_median.hpp:170->hls_filter_median.cpp:76]   --->   Operation 67 'load' 'b_3' <Predicate = true> <Delay = 0.00>
ST_3 : Operation 68 [1/1] (0.00ns)   --->   "%b_4 = load i8 %b_1" [./hls_filter_median.hpp:163->./hls_filter_median.hpp:170->hls_filter_median.cpp:76]   --->   Operation 68 'load' 'b_4' <Predicate = true> <Delay = 0.00>
ST_3 : Operation 69 [1/1] (0.00ns)   --->   "%b_5 = load i8 %b_2" [./hls_filter_median.hpp:163->./hls_filter_median.hpp:170->hls_filter_median.cpp:76]   --->   Operation 69 'load' 'b_5' <Predicate = true> <Delay = 0.00>
ST_3 : Operation 70 [1/1] (0.00ns)   --->   "%a_load = load i8 %a" [./hls_filter_median.hpp:163->./hls_filter_median.hpp:170->hls_filter_median.cpp:76]   --->   Operation 70 'load' 'a_load' <Predicate = (!icmp_ln31)> <Delay = 0.00>
ST_3 : Operation 71 [1/1] (0.00ns)   --->   "%a_1_load = load i8 %a_1" [./hls_filter_median.hpp:163->./hls_filter_median.hpp:170->hls_filter_median.cpp:76]   --->   Operation 71 'load' 'a_1_load' <Predicate = (!icmp_ln31)> <Delay = 0.00>
ST_3 : Operation 72 [1/1] (0.00ns)   --->   "%a_2_load = load i8 %a_2" [./hls_filter_median.hpp:163->./hls_filter_median.hpp:170->hls_filter_median.cpp:76]   --->   Operation 72 'load' 'a_2_load' <Predicate = (!icmp_ln31)> <Delay = 0.00>
ST_3 : Operation 73 [1/1] ( I:0.07ns O:0.07ns )   --->   "%s_axis_video_read = read i24 @_ssdm_op_Read.axis.volatile.i24P128A, i24 %s_axis_video" [hls_filter_median.cpp:39]   --->   Operation 73 'read' 's_axis_video_read' <Predicate = (!icmp_ln31)> <Delay = 0.07> <CoreInst = "regslice">   --->   Core 147 'regslice' <Latency = 0> <II = 1> <Delay = 0.62> <Adapter> <Opcode : 'read' 'write'>
ST_3 : Operation 74 [1/1] (0.00ns)   --->   "%new_pixel = trunc i24 %s_axis_video_read" [hls_filter_median.cpp:39]   --->   Operation 74 'trunc' 'new_pixel' <Predicate = (!icmp_ln31)> <Delay = 0.00>
ST_3 : Operation 75 [1/1] (0.00ns)   --->   "%reuse_reg4_load = load i8 %reuse_reg4"   --->   Operation 75 'load' 'reuse_reg4_load' <Predicate = (!icmp_ln31 & addr_cmp8)> <Delay = 0.00>
ST_3 : Operation 76 [1/2] ( I:1.23ns O:1.23ns )   --->   "%line_buffer_load = load i13 %line_buffer_addr" [hls_filter_median.cpp:53]   --->   Operation 76 'load' 'line_buffer_load' <Predicate = (!icmp_ln31)> <Delay = 1.23> <CoreInst = "RAM">   --->   Core 82 'RAM' <Latency = 1> <II = 1> <Delay = 1.23> <Storage> <Opcode : 'load' 'store'> <Ports = 2> <Width = 8> <Depth = 7680> <RAM>
ST_3 : Operation 77 [1/1] (0.39ns)   --->   "%c = select i1 %addr_cmp8, i8 %reuse_reg4_load, i8 %line_buffer_load" [hls_filter_median.cpp:53]   --->   Operation 77 'select' 'c' <Predicate = (!icmp_ln31)> <Delay = 0.39> <CoreInst = "Sel">   --->   Core 73 'Sel' <Latency = 0> <II = 1> <Delay = 0.39> <FuncUnit> <Opcode : 'select'> <InPorts = 3> <OutPorts = 1>
ST_3 : Operation 78 [1/1] (0.00ns)   --->   "%reuse_reg_load = load i8 %reuse_reg"   --->   Operation 78 'load' 'reuse_reg_load' <Predicate = (!icmp_ln31 & addr_cmp)> <Delay = 0.00>
ST_3 : Operation 79 [1/2] ( I:1.23ns O:1.23ns )   --->   "%line_buffer_1_load = load i13 %line_buffer_1_addr" [hls_filter_median.cpp:53]   --->   Operation 79 'load' 'line_buffer_1_load' <Predicate = (!icmp_ln31)> <Delay = 1.23> <CoreInst = "RAM">   --->   Core 82 'RAM' <Latency = 1> <II = 1> <Delay = 1.23> <Storage> <Opcode : 'load' 'store'> <Ports = 2> <Width = 8> <Depth = 7680> <RAM>
ST_3 : Operation 80 [1/1] (0.39ns)   --->   "%c_1 = select i1 %addr_cmp, i8 %reuse_reg_load, i8 %line_buffer_1_load" [hls_filter_median.cpp:53]   --->   Operation 80 'select' 'c_1' <Predicate = (!icmp_ln31)> <Delay = 0.39> <CoreInst = "Sel">   --->   Core 73 'Sel' <Latency = 0> <II = 1> <Delay = 0.39> <FuncUnit> <Opcode : 'select'> <InPorts = 3> <OutPorts = 1>
ST_3 : Operation 81 [1/1] ( I:1.23ns O:1.23ns )   --->   "%store_ln61 = store i8 %c_1, i13 %line_buffer_addr" [hls_filter_median.cpp:61]   --->   Operation 81 'store' 'store_ln61' <Predicate = (!icmp_ln31)> <Delay = 1.23> <CoreInst = "RAM">   --->   Core 82 'RAM' <Latency = 1> <II = 1> <Delay = 1.23> <Storage> <Opcode : 'load' 'store'> <Ports = 2> <Width = 8> <Depth = 7680> <RAM>
ST_3 : Operation 82 [1/1] (0.42ns)   --->   "%store_ln53 = store i8 %c_1, i8 %reuse_reg4" [hls_filter_median.cpp:53]   --->   Operation 82 'store' 'store_ln53' <Predicate = (!icmp_ln31)> <Delay = 0.42>
ST_3 : Operation 83 [1/1] ( I:1.23ns O:1.23ns )   --->   "%store_ln64 = store i8 %new_pixel, i13 %line_buffer_1_addr" [hls_filter_median.cpp:64]   --->   Operation 83 'store' 'store_ln64' <Predicate = (!icmp_ln31)> <Delay = 1.23> <CoreInst = "RAM">   --->   Core 82 'RAM' <Latency = 1> <II = 1> <Delay = 1.23> <Storage> <Opcode : 'load' 'store'> <Ports = 2> <Width = 8> <Depth = 7680> <RAM>
ST_3 : Operation 84 [1/1] (0.42ns)   --->   "%store_ln39 = store i8 %new_pixel, i8 %reuse_reg" [hls_filter_median.cpp:39]   --->   Operation 84 'store' 'store_ln39' <Predicate = (!icmp_ln31)> <Delay = 0.42>
ST_3 : Operation 85 [1/1] (0.76ns)   --->   "%icmp_ln155 = icmp_ult  i8 %a_load, i8 %b_3" [./hls_filter_median.hpp:155->./hls_filter_median.hpp:169->hls_filter_median.cpp:76]   --->   Operation 85 'icmp' 'icmp_ln155' <Predicate = (!icmp_ln31)> <Delay = 0.76> <CoreInst = "Cmp">   --->   Core 9 'Cmp' <Latency = 0> <II = 1> <Delay = 0.76> <FuncUnit> <Opcode : 'seteq' 'setne' 'setle' 'setge' 'setlt' 'setgt'> <InPorts = 2> <OutPorts = 1>
ST_3 : Operation 86 [1/1] (0.39ns)   --->   "%tmp_min1 = select i1 %icmp_ln155, i8 %a_load, i8 %b_3" [./hls_filter_median.hpp:155->./hls_filter_median.hpp:169->hls_filter_median.cpp:76]   --->   Operation 86 'select' 'tmp_min1' <Predicate = (!icmp_ln31)> <Delay = 0.39> <CoreInst = "Sel">   --->   Core 73 'Sel' <Latency = 0> <II = 1> <Delay = 0.39> <FuncUnit> <Opcode : 'select'> <InPorts = 3> <OutPorts = 1>
ST_3 : Operation 87 [1/1] (0.76ns)   --->   "%icmp_ln163 = icmp_ugt  i8 %a_load, i8 %b_3" [./hls_filter_median.hpp:163->./hls_filter_median.hpp:170->hls_filter_median.cpp:76]   --->   Operation 87 'icmp' 'icmp_ln163' <Predicate = (!icmp_ln31)> <Delay = 0.76> <CoreInst = "Cmp">   --->   Core 9 'Cmp' <Latency = 0> <II = 1> <Delay = 0.76> <FuncUnit> <Opcode : 'seteq' 'setne' 'setle' 'setge' 'setlt' 'setgt'> <InPorts = 2> <OutPorts = 1>
ST_3 : Operation 88 [1/1] (0.39ns)   --->   "%tmp_max1 = select i1 %icmp_ln163, i8 %a_load, i8 %b_3" [./hls_filter_median.hpp:163->./hls_filter_median.hpp:170->hls_filter_median.cpp:76]   --->   Operation 88 'select' 'tmp_max1' <Predicate = (!icmp_ln31)> <Delay = 0.39> <CoreInst = "Sel">   --->   Core 73 'Sel' <Latency = 0> <II = 1> <Delay = 0.39> <FuncUnit> <Opcode : 'select'> <InPorts = 3> <OutPorts = 1>
ST_3 : Operation 89 [1/1] (0.76ns)   --->   "%icmp_ln155_1 = icmp_ult  i8 %tmp_min1, i8 %c" [./hls_filter_median.hpp:155->./hls_filter_median.hpp:172->hls_filter_median.cpp:76]   --->   Operation 89 'icmp' 'icmp_ln155_1' <Predicate = (!icmp_ln31)> <Delay = 0.76> <CoreInst = "Cmp">   --->   Core 9 'Cmp' <Latency = 0> <II = 1> <Delay = 0.76> <FuncUnit> <Opcode : 'seteq' 'setne' 'setle' 'setge' 'setlt' 'setgt'> <InPorts = 2> <OutPorts = 1>
ST_3 : Operation 90 [1/1] (0.39ns)   --->   "%min = select i1 %icmp_ln155_1, i8 %tmp_min1, i8 %c" [./hls_filter_median.hpp:155->./hls_filter_median.hpp:172->hls_filter_median.cpp:76]   --->   Operation 90 'select' 'min' <Predicate = (!icmp_ln31)> <Delay = 0.39> <CoreInst = "Sel">   --->   Core 73 'Sel' <Latency = 0> <II = 1> <Delay = 0.39> <FuncUnit> <Opcode : 'select'> <InPorts = 3> <OutPorts = 1>
ST_3 : Operation 91 [1/1] (0.76ns)   --->   "%icmp_ln163_1 = icmp_ugt  i8 %tmp_min1, i8 %c" [./hls_filter_median.hpp:163->./hls_filter_median.hpp:173->hls_filter_median.cpp:76]   --->   Operation 91 'icmp' 'icmp_ln163_1' <Predicate = (!icmp_ln31)> <Delay = 0.76> <CoreInst = "Cmp">   --->   Core 9 'Cmp' <Latency = 0> <II = 1> <Delay = 0.76> <FuncUnit> <Opcode : 'seteq' 'setne' 'setle' 'setge' 'setlt' 'setgt'> <InPorts = 2> <OutPorts = 1>
ST_3 : Operation 92 [1/1] (0.39ns)   --->   "%tmp_max2 = select i1 %icmp_ln163_1, i8 %tmp_min1, i8 %c" [./hls_filter_median.hpp:163->./hls_filter_median.hpp:173->hls_filter_median.cpp:76]   --->   Operation 92 'select' 'tmp_max2' <Predicate = (!icmp_ln31)> <Delay = 0.39> <CoreInst = "Sel">   --->   Core 73 'Sel' <Latency = 0> <II = 1> <Delay = 0.39> <FuncUnit> <Opcode : 'select'> <InPorts = 3> <OutPorts = 1>
ST_3 : Operation 93 [1/1] (0.76ns)   --->   "%icmp_ln155_2 = icmp_ult  i8 %tmp_max1, i8 %tmp_max2" [./hls_filter_median.hpp:155->./hls_filter_median.hpp:175->hls_filter_median.cpp:76]   --->   Operation 93 'icmp' 'icmp_ln155_2' <Predicate = (!icmp_ln31)> <Delay = 0.76> <CoreInst = "Cmp">   --->   Core 9 'Cmp' <Latency = 0> <II = 1> <Delay = 0.76> <FuncUnit> <Opcode : 'seteq' 'setne' 'setle' 'setge' 'setlt' 'setgt'> <InPorts = 2> <OutPorts = 1>
ST_3 : Operation 94 [1/1] (0.39ns)   --->   "%med = select i1 %icmp_ln155_2, i8 %tmp_max1, i8 %tmp_max2" [./hls_filter_median.hpp:155->./hls_filter_median.hpp:175->hls_filter_median.cpp:76]   --->   Operation 94 'select' 'med' <Predicate = (!icmp_ln31)> <Delay = 0.39> <CoreInst = "Sel">   --->   Core 73 'Sel' <Latency = 0> <II = 1> <Delay = 0.39> <FuncUnit> <Opcode : 'select'> <InPorts = 3> <OutPorts = 1>
ST_3 : Operation 95 [1/1] (0.76ns)   --->   "%icmp_ln163_2 = icmp_ugt  i8 %tmp_max1, i8 %tmp_max2" [./hls_filter_median.hpp:163->./hls_filter_median.hpp:176->hls_filter_median.cpp:76]   --->   Operation 95 'icmp' 'icmp_ln163_2' <Predicate = (!icmp_ln31)> <Delay = 0.76> <CoreInst = "Cmp">   --->   Core 9 'Cmp' <Latency = 0> <II = 1> <Delay = 0.76> <FuncUnit> <Opcode : 'seteq' 'setne' 'setle' 'setge' 'setlt' 'setgt'> <InPorts = 2> <OutPorts = 1>
ST_3 : Operation 96 [1/1] (0.39ns)   --->   "%max = select i1 %icmp_ln163_2, i8 %tmp_max1, i8 %tmp_max2" [./hls_filter_median.hpp:163->./hls_filter_median.hpp:176->hls_filter_median.cpp:76]   --->   Operation 96 'select' 'max' <Predicate = (!icmp_ln31)> <Delay = 0.39> <CoreInst = "Sel">   --->   Core 73 'Sel' <Latency = 0> <II = 1> <Delay = 0.39> <FuncUnit> <Opcode : 'select'> <InPorts = 3> <OutPorts = 1>
ST_3 : Operation 97 [1/1] (0.76ns)   --->   "%icmp_ln155_3 = icmp_ult  i8 %a_1_load, i8 %b_4" [./hls_filter_median.hpp:155->./hls_filter_median.hpp:169->hls_filter_median.cpp:76]   --->   Operation 97 'icmp' 'icmp_ln155_3' <Predicate = (!icmp_ln31)> <Delay = 0.76> <CoreInst = "Cmp">   --->   Core 9 'Cmp' <Latency = 0> <II = 1> <Delay = 0.76> <FuncUnit> <Opcode : 'seteq' 'setne' 'setle' 'setge' 'setlt' 'setgt'> <InPorts = 2> <OutPorts = 1>
ST_3 : Operation 98 [1/1] (0.39ns)   --->   "%tmp_min1_1 = select i1 %icmp_ln155_3, i8 %a_1_load, i8 %b_4" [./hls_filter_median.hpp:155->./hls_filter_median.hpp:169->hls_filter_median.cpp:76]   --->   Operation 98 'select' 'tmp_min1_1' <Predicate = (!icmp_ln31)> <Delay = 0.39> <CoreInst = "Sel">   --->   Core 73 'Sel' <Latency = 0> <II = 1> <Delay = 0.39> <FuncUnit> <Opcode : 'select'> <InPorts = 3> <OutPorts = 1>
ST_3 : Operation 99 [1/1] (0.76ns)   --->   "%icmp_ln163_3 = icmp_ugt  i8 %a_1_load, i8 %b_4" [./hls_filter_median.hpp:163->./hls_filter_median.hpp:170->hls_filter_median.cpp:76]   --->   Operation 99 'icmp' 'icmp_ln163_3' <Predicate = (!icmp_ln31)> <Delay = 0.76> <CoreInst = "Cmp">   --->   Core 9 'Cmp' <Latency = 0> <II = 1> <Delay = 0.76> <FuncUnit> <Opcode : 'seteq' 'setne' 'setle' 'setge' 'setlt' 'setgt'> <InPorts = 2> <OutPorts = 1>
ST_3 : Operation 100 [1/1] (0.39ns)   --->   "%tmp_max1_1 = select i1 %icmp_ln163_3, i8 %a_1_load, i8 %b_4" [./hls_filter_median.hpp:163->./hls_filter_median.hpp:170->hls_filter_median.cpp:76]   --->   Operation 100 'select' 'tmp_max1_1' <Predicate = (!icmp_ln31)> <Delay = 0.39> <CoreInst = "Sel">   --->   Core 73 'Sel' <Latency = 0> <II = 1> <Delay = 0.39> <FuncUnit> <Opcode : 'select'> <InPorts = 3> <OutPorts = 1>
ST_3 : Operation 101 [1/1] (0.76ns)   --->   "%icmp_ln155_4 = icmp_ult  i8 %tmp_min1_1, i8 %c_1" [./hls_filter_median.hpp:155->./hls_filter_median.hpp:172->hls_filter_median.cpp:76]   --->   Operation 101 'icmp' 'icmp_ln155_4' <Predicate = (!icmp_ln31)> <Delay = 0.76> <CoreInst = "Cmp">   --->   Core 9 'Cmp' <Latency = 0> <II = 1> <Delay = 0.76> <FuncUnit> <Opcode : 'seteq' 'setne' 'setle' 'setge' 'setlt' 'setgt'> <InPorts = 2> <OutPorts = 1>
ST_3 : Operation 102 [1/1] (0.39ns)   --->   "%min_3 = select i1 %icmp_ln155_4, i8 %tmp_min1_1, i8 %c_1" [./hls_filter_median.hpp:155->./hls_filter_median.hpp:172->hls_filter_median.cpp:76]   --->   Operation 102 'select' 'min_3' <Predicate = (!icmp_ln31)> <Delay = 0.39> <CoreInst = "Sel">   --->   Core 73 'Sel' <Latency = 0> <II = 1> <Delay = 0.39> <FuncUnit> <Opcode : 'select'> <InPorts = 3> <OutPorts = 1>
ST_3 : Operation 103 [1/1] (0.76ns)   --->   "%icmp_ln163_4 = icmp_ugt  i8 %tmp_min1_1, i8 %c_1" [./hls_filter_median.hpp:163->./hls_filter_median.hpp:173->hls_filter_median.cpp:76]   --->   Operation 103 'icmp' 'icmp_ln163_4' <Predicate = (!icmp_ln31)> <Delay = 0.76> <CoreInst = "Cmp">   --->   Core 9 'Cmp' <Latency = 0> <II = 1> <Delay = 0.76> <FuncUnit> <Opcode : 'seteq' 'setne' 'setle' 'setge' 'setlt' 'setgt'> <InPorts = 2> <OutPorts = 1>
ST_3 : Operation 104 [1/1] (0.39ns)   --->   "%tmp_max2_1 = select i1 %icmp_ln163_4, i8 %tmp_min1_1, i8 %c_1" [./hls_filter_median.hpp:163->./hls_filter_median.hpp:173->hls_filter_median.cpp:76]   --->   Operation 104 'select' 'tmp_max2_1' <Predicate = (!icmp_ln31)> <Delay = 0.39> <CoreInst = "Sel">   --->   Core 73 'Sel' <Latency = 0> <II = 1> <Delay = 0.39> <FuncUnit> <Opcode : 'select'> <InPorts = 3> <OutPorts = 1>
ST_3 : Operation 105 [1/1] (0.76ns)   --->   "%icmp_ln155_5 = icmp_ult  i8 %tmp_max1_1, i8 %tmp_max2_1" [./hls_filter_median.hpp:155->./hls_filter_median.hpp:175->hls_filter_median.cpp:76]   --->   Operation 105 'icmp' 'icmp_ln155_5' <Predicate = (!icmp_ln31)> <Delay = 0.76> <CoreInst = "Cmp">   --->   Core 9 'Cmp' <Latency = 0> <II = 1> <Delay = 0.76> <FuncUnit> <Opcode : 'seteq' 'setne' 'setle' 'setge' 'setlt' 'setgt'> <InPorts = 2> <OutPorts = 1>
ST_3 : Operation 106 [1/1] (0.39ns)   --->   "%med_3 = select i1 %icmp_ln155_5, i8 %tmp_max1_1, i8 %tmp_max2_1" [./hls_filter_median.hpp:155->./hls_filter_median.hpp:175->hls_filter_median.cpp:76]   --->   Operation 106 'select' 'med_3' <Predicate = (!icmp_ln31)> <Delay = 0.39> <CoreInst = "Sel">   --->   Core 73 'Sel' <Latency = 0> <II = 1> <Delay = 0.39> <FuncUnit> <Opcode : 'select'> <InPorts = 3> <OutPorts = 1>
ST_3 : Operation 107 [1/1] (0.76ns)   --->   "%icmp_ln163_5 = icmp_ugt  i8 %tmp_max1_1, i8 %tmp_max2_1" [./hls_filter_median.hpp:163->./hls_filter_median.hpp:176->hls_filter_median.cpp:76]   --->   Operation 107 'icmp' 'icmp_ln163_5' <Predicate = (!icmp_ln31)> <Delay = 0.76> <CoreInst = "Cmp">   --->   Core 9 'Cmp' <Latency = 0> <II = 1> <Delay = 0.76> <FuncUnit> <Opcode : 'seteq' 'setne' 'setle' 'setge' 'setlt' 'setgt'> <InPorts = 2> <OutPorts = 1>
ST_3 : Operation 108 [1/1] (0.39ns)   --->   "%max_3 = select i1 %icmp_ln163_5, i8 %tmp_max1_1, i8 %tmp_max2_1" [./hls_filter_median.hpp:163->./hls_filter_median.hpp:176->hls_filter_median.cpp:76]   --->   Operation 108 'select' 'max_3' <Predicate = (!icmp_ln31)> <Delay = 0.39> <CoreInst = "Sel">   --->   Core 73 'Sel' <Latency = 0> <II = 1> <Delay = 0.39> <FuncUnit> <Opcode : 'select'> <InPorts = 3> <OutPorts = 1>
ST_3 : Operation 109 [1/1] (0.76ns)   --->   "%icmp_ln155_6 = icmp_ult  i8 %a_2_load, i8 %b_5" [./hls_filter_median.hpp:155->./hls_filter_median.hpp:169->hls_filter_median.cpp:76]   --->   Operation 109 'icmp' 'icmp_ln155_6' <Predicate = (!icmp_ln31)> <Delay = 0.76> <CoreInst = "Cmp">   --->   Core 9 'Cmp' <Latency = 0> <II = 1> <Delay = 0.76> <FuncUnit> <Opcode : 'seteq' 'setne' 'setle' 'setge' 'setlt' 'setgt'> <InPorts = 2> <OutPorts = 1>
ST_3 : Operation 110 [1/1] (0.39ns)   --->   "%tmp_min1_2 = select i1 %icmp_ln155_6, i8 %a_2_load, i8 %b_5" [./hls_filter_median.hpp:155->./hls_filter_median.hpp:169->hls_filter_median.cpp:76]   --->   Operation 110 'select' 'tmp_min1_2' <Predicate = (!icmp_ln31)> <Delay = 0.39> <CoreInst = "Sel">   --->   Core 73 'Sel' <Latency = 0> <II = 1> <Delay = 0.39> <FuncUnit> <Opcode : 'select'> <InPorts = 3> <OutPorts = 1>
ST_3 : Operation 111 [1/1] (0.76ns)   --->   "%icmp_ln163_6 = icmp_ugt  i8 %a_2_load, i8 %b_5" [./hls_filter_median.hpp:163->./hls_filter_median.hpp:170->hls_filter_median.cpp:76]   --->   Operation 111 'icmp' 'icmp_ln163_6' <Predicate = (!icmp_ln31)> <Delay = 0.76> <CoreInst = "Cmp">   --->   Core 9 'Cmp' <Latency = 0> <II = 1> <Delay = 0.76> <FuncUnit> <Opcode : 'seteq' 'setne' 'setle' 'setge' 'setlt' 'setgt'> <InPorts = 2> <OutPorts = 1>
ST_3 : Operation 112 [1/1] (0.39ns)   --->   "%tmp_max1_2 = select i1 %icmp_ln163_6, i8 %a_2_load, i8 %b_5" [./hls_filter_median.hpp:163->./hls_filter_median.hpp:170->hls_filter_median.cpp:76]   --->   Operation 112 'select' 'tmp_max1_2' <Predicate = (!icmp_ln31)> <Delay = 0.39> <CoreInst = "Sel">   --->   Core 73 'Sel' <Latency = 0> <II = 1> <Delay = 0.39> <FuncUnit> <Opcode : 'select'> <InPorts = 3> <OutPorts = 1>
ST_3 : Operation 113 [1/1] (0.76ns)   --->   "%icmp_ln155_7 = icmp_ult  i8 %tmp_min1_2, i8 %new_pixel" [./hls_filter_median.hpp:155->./hls_filter_median.hpp:172->hls_filter_median.cpp:76]   --->   Operation 113 'icmp' 'icmp_ln155_7' <Predicate = (!icmp_ln31)> <Delay = 0.76> <CoreInst = "Cmp">   --->   Core 9 'Cmp' <Latency = 0> <II = 1> <Delay = 0.76> <FuncUnit> <Opcode : 'seteq' 'setne' 'setle' 'setge' 'setlt' 'setgt'> <InPorts = 2> <OutPorts = 1>
ST_3 : Operation 114 [1/1] (0.39ns)   --->   "%min_4 = select i1 %icmp_ln155_7, i8 %tmp_min1_2, i8 %new_pixel" [./hls_filter_median.hpp:155->./hls_filter_median.hpp:172->hls_filter_median.cpp:76]   --->   Operation 114 'select' 'min_4' <Predicate = (!icmp_ln31)> <Delay = 0.39> <CoreInst = "Sel">   --->   Core 73 'Sel' <Latency = 0> <II = 1> <Delay = 0.39> <FuncUnit> <Opcode : 'select'> <InPorts = 3> <OutPorts = 1>
ST_3 : Operation 115 [1/1] (0.76ns)   --->   "%icmp_ln163_7 = icmp_ugt  i8 %tmp_min1_2, i8 %new_pixel" [./hls_filter_median.hpp:163->./hls_filter_median.hpp:173->hls_filter_median.cpp:76]   --->   Operation 115 'icmp' 'icmp_ln163_7' <Predicate = (!icmp_ln31)> <Delay = 0.76> <CoreInst = "Cmp">   --->   Core 9 'Cmp' <Latency = 0> <II = 1> <Delay = 0.76> <FuncUnit> <Opcode : 'seteq' 'setne' 'setle' 'setge' 'setlt' 'setgt'> <InPorts = 2> <OutPorts = 1>
ST_3 : Operation 116 [1/1] (0.39ns)   --->   "%tmp_max2_2 = select i1 %icmp_ln163_7, i8 %tmp_min1_2, i8 %new_pixel" [./hls_filter_median.hpp:163->./hls_filter_median.hpp:173->hls_filter_median.cpp:76]   --->   Operation 116 'select' 'tmp_max2_2' <Predicate = (!icmp_ln31)> <Delay = 0.39> <CoreInst = "Sel">   --->   Core 73 'Sel' <Latency = 0> <II = 1> <Delay = 0.39> <FuncUnit> <Opcode : 'select'> <InPorts = 3> <OutPorts = 1>
ST_3 : Operation 117 [1/1] (0.76ns)   --->   "%icmp_ln155_8 = icmp_ult  i8 %tmp_max1_2, i8 %tmp_max2_2" [./hls_filter_median.hpp:155->./hls_filter_median.hpp:175->hls_filter_median.cpp:76]   --->   Operation 117 'icmp' 'icmp_ln155_8' <Predicate = (!icmp_ln31)> <Delay = 0.76> <CoreInst = "Cmp">   --->   Core 9 'Cmp' <Latency = 0> <II = 1> <Delay = 0.76> <FuncUnit> <Opcode : 'seteq' 'setne' 'setle' 'setge' 'setlt' 'setgt'> <InPorts = 2> <OutPorts = 1>
ST_3 : Operation 118 [1/1] (0.39ns)   --->   "%med_4 = select i1 %icmp_ln155_8, i8 %tmp_max1_2, i8 %tmp_max2_2" [./hls_filter_median.hpp:155->./hls_filter_median.hpp:175->hls_filter_median.cpp:76]   --->   Operation 118 'select' 'med_4' <Predicate = (!icmp_ln31)> <Delay = 0.39> <CoreInst = "Sel">   --->   Core 73 'Sel' <Latency = 0> <II = 1> <Delay = 0.39> <FuncUnit> <Opcode : 'select'> <InPorts = 3> <OutPorts = 1>
ST_3 : Operation 119 [1/1] (0.76ns)   --->   "%icmp_ln163_8 = icmp_ugt  i8 %tmp_max1_2, i8 %tmp_max2_2" [./hls_filter_median.hpp:163->./hls_filter_median.hpp:176->hls_filter_median.cpp:76]   --->   Operation 119 'icmp' 'icmp_ln163_8' <Predicate = (!icmp_ln31)> <Delay = 0.76> <CoreInst = "Cmp">   --->   Core 9 'Cmp' <Latency = 0> <II = 1> <Delay = 0.76> <FuncUnit> <Opcode : 'seteq' 'setne' 'setle' 'setge' 'setlt' 'setgt'> <InPorts = 2> <OutPorts = 1>
ST_3 : Operation 120 [1/1] (0.39ns)   --->   "%max_4 = select i1 %icmp_ln163_8, i8 %tmp_max1_2, i8 %tmp_max2_2" [./hls_filter_median.hpp:163->./hls_filter_median.hpp:176->hls_filter_median.cpp:76]   --->   Operation 120 'select' 'max_4' <Predicate = (!icmp_ln31)> <Delay = 0.39> <CoreInst = "Sel">   --->   Core 73 'Sel' <Latency = 0> <II = 1> <Delay = 0.39> <FuncUnit> <Opcode : 'select'> <InPorts = 3> <OutPorts = 1>
ST_3 : Operation 121 [1/1] (0.76ns)   --->   "%icmp_ln155_9 = icmp_ult  i8 %min, i8 %min_3" [./hls_filter_median.hpp:155->./hls_filter_median.hpp:169->hls_filter_median.cpp:81]   --->   Operation 121 'icmp' 'icmp_ln155_9' <Predicate = (!icmp_ln31)> <Delay = 0.76> <CoreInst = "Cmp">   --->   Core 9 'Cmp' <Latency = 0> <II = 1> <Delay = 0.76> <FuncUnit> <Opcode : 'seteq' 'setne' 'setle' 'setge' 'setlt' 'setgt'> <InPorts = 2> <OutPorts = 1>
ST_3 : Operation 122 [1/1] (0.39ns)   --->   "%tmp_min1_3 = select i1 %icmp_ln155_9, i8 %min, i8 %min_3" [./hls_filter_median.hpp:155->./hls_filter_median.hpp:169->hls_filter_median.cpp:81]   --->   Operation 122 'select' 'tmp_min1_3' <Predicate = (!icmp_ln31)> <Delay = 0.39> <CoreInst = "Sel">   --->   Core 73 'Sel' <Latency = 0> <II = 1> <Delay = 0.39> <FuncUnit> <Opcode : 'select'> <InPorts = 3> <OutPorts = 1>
ST_3 : Operation 123 [1/1] (0.76ns)   --->   "%icmp_ln163_9 = icmp_ugt  i8 %min, i8 %min_3" [./hls_filter_median.hpp:163->./hls_filter_median.hpp:170->hls_filter_median.cpp:81]   --->   Operation 123 'icmp' 'icmp_ln163_9' <Predicate = (!icmp_ln31)> <Delay = 0.76> <CoreInst = "Cmp">   --->   Core 9 'Cmp' <Latency = 0> <II = 1> <Delay = 0.76> <FuncUnit> <Opcode : 'seteq' 'setne' 'setle' 'setge' 'setlt' 'setgt'> <InPorts = 2> <OutPorts = 1>
ST_3 : Operation 124 [1/1] (0.39ns)   --->   "%tmp_max1_3 = select i1 %icmp_ln163_9, i8 %min, i8 %min_3" [./hls_filter_median.hpp:163->./hls_filter_median.hpp:170->hls_filter_median.cpp:81]   --->   Operation 124 'select' 'tmp_max1_3' <Predicate = (!icmp_ln31)> <Delay = 0.39> <CoreInst = "Sel">   --->   Core 73 'Sel' <Latency = 0> <II = 1> <Delay = 0.39> <FuncUnit> <Opcode : 'select'> <InPorts = 3> <OutPorts = 1>
ST_3 : Operation 125 [1/1] (0.76ns)   --->   "%icmp_ln163_10 = icmp_ugt  i8 %tmp_min1_3, i8 %min_4" [./hls_filter_median.hpp:163->./hls_filter_median.hpp:173->hls_filter_median.cpp:81]   --->   Operation 125 'icmp' 'icmp_ln163_10' <Predicate = (!icmp_ln31)> <Delay = 0.76> <CoreInst = "Cmp">   --->   Core 9 'Cmp' <Latency = 0> <II = 1> <Delay = 0.76> <FuncUnit> <Opcode : 'seteq' 'setne' 'setle' 'setge' 'setlt' 'setgt'> <InPorts = 2> <OutPorts = 1>
ST_3 : Operation 126 [1/1] (0.39ns)   --->   "%tmp_max2_3 = select i1 %icmp_ln163_10, i8 %tmp_min1_3, i8 %min_4" [./hls_filter_median.hpp:163->./hls_filter_median.hpp:173->hls_filter_median.cpp:81]   --->   Operation 126 'select' 'tmp_max2_3' <Predicate = (!icmp_ln31)> <Delay = 0.39> <CoreInst = "Sel">   --->   Core 73 'Sel' <Latency = 0> <II = 1> <Delay = 0.39> <FuncUnit> <Opcode : 'select'> <InPorts = 3> <OutPorts = 1>
ST_3 : Operation 127 [1/1] (0.76ns)   --->   "%icmp_ln163_11 = icmp_ugt  i8 %tmp_max1_3, i8 %tmp_max2_3" [./hls_filter_median.hpp:163->./hls_filter_median.hpp:176->hls_filter_median.cpp:81]   --->   Operation 127 'icmp' 'icmp_ln163_11' <Predicate = (!icmp_ln31)> <Delay = 0.76> <CoreInst = "Cmp">   --->   Core 9 'Cmp' <Latency = 0> <II = 1> <Delay = 0.76> <FuncUnit> <Opcode : 'seteq' 'setne' 'setle' 'setge' 'setlt' 'setgt'> <InPorts = 2> <OutPorts = 1>
ST_3 : Operation 128 [1/1] (0.39ns)   --->   "%a_6 = select i1 %icmp_ln163_11, i8 %tmp_max1_3, i8 %tmp_max2_3" [./hls_filter_median.hpp:163->./hls_filter_median.hpp:176->hls_filter_median.cpp:81]   --->   Operation 128 'select' 'a_6' <Predicate = (!icmp_ln31)> <Delay = 0.39> <CoreInst = "Sel">   --->   Core 73 'Sel' <Latency = 0> <II = 1> <Delay = 0.39> <FuncUnit> <Opcode : 'select'> <InPorts = 3> <OutPorts = 1>
ST_3 : Operation 129 [1/1] (0.76ns)   --->   "%icmp_ln155_10 = icmp_ult  i8 %med, i8 %med_3" [./hls_filter_median.hpp:155->./hls_filter_median.hpp:169->hls_filter_median.cpp:84]   --->   Operation 129 'icmp' 'icmp_ln155_10' <Predicate = (!icmp_ln31)> <Delay = 0.76> <CoreInst = "Cmp">   --->   Core 9 'Cmp' <Latency = 0> <II = 1> <Delay = 0.76> <FuncUnit> <Opcode : 'seteq' 'setne' 'setle' 'setge' 'setlt' 'setgt'> <InPorts = 2> <OutPorts = 1>
ST_3 : Operation 130 [1/1] (0.39ns)   --->   "%tmp_min1_4 = select i1 %icmp_ln155_10, i8 %med, i8 %med_3" [./hls_filter_median.hpp:155->./hls_filter_median.hpp:169->hls_filter_median.cpp:84]   --->   Operation 130 'select' 'tmp_min1_4' <Predicate = (!icmp_ln31)> <Delay = 0.39> <CoreInst = "Sel">   --->   Core 73 'Sel' <Latency = 0> <II = 1> <Delay = 0.39> <FuncUnit> <Opcode : 'select'> <InPorts = 3> <OutPorts = 1>
ST_3 : Operation 131 [1/1] (0.76ns)   --->   "%icmp_ln163_12 = icmp_ugt  i8 %med, i8 %med_3" [./hls_filter_median.hpp:163->./hls_filter_median.hpp:170->hls_filter_median.cpp:84]   --->   Operation 131 'icmp' 'icmp_ln163_12' <Predicate = (!icmp_ln31)> <Delay = 0.76> <CoreInst = "Cmp">   --->   Core 9 'Cmp' <Latency = 0> <II = 1> <Delay = 0.76> <FuncUnit> <Opcode : 'seteq' 'setne' 'setle' 'setge' 'setlt' 'setgt'> <InPorts = 2> <OutPorts = 1>
ST_3 : Operation 132 [1/1] (0.39ns)   --->   "%tmp_max1_4 = select i1 %icmp_ln163_12, i8 %med, i8 %med_3" [./hls_filter_median.hpp:163->./hls_filter_median.hpp:170->hls_filter_median.cpp:84]   --->   Operation 132 'select' 'tmp_max1_4' <Predicate = (!icmp_ln31)> <Delay = 0.39> <CoreInst = "Sel">   --->   Core 73 'Sel' <Latency = 0> <II = 1> <Delay = 0.39> <FuncUnit> <Opcode : 'select'> <InPorts = 3> <OutPorts = 1>
ST_3 : Operation 133 [1/1] (0.76ns)   --->   "%icmp_ln163_13 = icmp_ugt  i8 %tmp_min1_4, i8 %med_4" [./hls_filter_median.hpp:163->./hls_filter_median.hpp:173->hls_filter_median.cpp:84]   --->   Operation 133 'icmp' 'icmp_ln163_13' <Predicate = (!icmp_ln31)> <Delay = 0.76> <CoreInst = "Cmp">   --->   Core 9 'Cmp' <Latency = 0> <II = 1> <Delay = 0.76> <FuncUnit> <Opcode : 'seteq' 'setne' 'setle' 'setge' 'setlt' 'setgt'> <InPorts = 2> <OutPorts = 1>
ST_3 : Operation 134 [1/1] (0.39ns)   --->   "%tmp_max2_4 = select i1 %icmp_ln163_13, i8 %tmp_min1_4, i8 %med_4" [./hls_filter_median.hpp:163->./hls_filter_median.hpp:173->hls_filter_median.cpp:84]   --->   Operation 134 'select' 'tmp_max2_4' <Predicate = (!icmp_ln31)> <Delay = 0.39> <CoreInst = "Sel">   --->   Core 73 'Sel' <Latency = 0> <II = 1> <Delay = 0.39> <FuncUnit> <Opcode : 'select'> <InPorts = 3> <OutPorts = 1>
ST_3 : Operation 135 [1/1] (0.76ns)   --->   "%icmp_ln155_12 = icmp_ult  i8 %max, i8 %max_3" [./hls_filter_median.hpp:155->./hls_filter_median.hpp:169->hls_filter_median.cpp:87]   --->   Operation 135 'icmp' 'icmp_ln155_12' <Predicate = (!icmp_ln31)> <Delay = 0.76> <CoreInst = "Cmp">   --->   Core 9 'Cmp' <Latency = 0> <II = 1> <Delay = 0.76> <FuncUnit> <Opcode : 'seteq' 'setne' 'setle' 'setge' 'setlt' 'setgt'> <InPorts = 2> <OutPorts = 1>
ST_3 : Operation 136 [1/1] (0.39ns)   --->   "%tmp_min1_5 = select i1 %icmp_ln155_12, i8 %max, i8 %max_3" [./hls_filter_median.hpp:155->./hls_filter_median.hpp:169->hls_filter_median.cpp:87]   --->   Operation 136 'select' 'tmp_min1_5' <Predicate = (!icmp_ln31)> <Delay = 0.39> <CoreInst = "Sel">   --->   Core 73 'Sel' <Latency = 0> <II = 1> <Delay = 0.39> <FuncUnit> <Opcode : 'select'> <InPorts = 3> <OutPorts = 1>
ST_3 : Operation 137 [1/1] (0.76ns)   --->   "%icmp_ln155_13 = icmp_ult  i8 %tmp_min1_5, i8 %max_4" [./hls_filter_median.hpp:155->./hls_filter_median.hpp:172->hls_filter_median.cpp:87]   --->   Operation 137 'icmp' 'icmp_ln155_13' <Predicate = (!icmp_ln31)> <Delay = 0.76> <CoreInst = "Cmp">   --->   Core 9 'Cmp' <Latency = 0> <II = 1> <Delay = 0.76> <FuncUnit> <Opcode : 'seteq' 'setne' 'setle' 'setge' 'setlt' 'setgt'> <InPorts = 2> <OutPorts = 1>
ST_3 : Operation 138 [1/1] (0.39ns)   --->   "%c_6 = select i1 %icmp_ln155_13, i8 %tmp_min1_5, i8 %max_4" [./hls_filter_median.hpp:155->./hls_filter_median.hpp:172->hls_filter_median.cpp:87]   --->   Operation 138 'select' 'c_6' <Predicate = (!icmp_ln31)> <Delay = 0.39> <CoreInst = "Sel">   --->   Core 73 'Sel' <Latency = 0> <II = 1> <Delay = 0.39> <FuncUnit> <Opcode : 'select'> <InPorts = 3> <OutPorts = 1>
ST_3 : Operation 139 [1/1] (0.00ns)   --->   "%store_ln168 = store i8 %new_pixel, i8 %b_2" [./hls_filter_median.hpp:168->hls_filter_median.cpp:76]   --->   Operation 139 'store' 'store_ln168' <Predicate = (!icmp_ln31)> <Delay = 0.00>
ST_3 : Operation 140 [1/1] (0.00ns)   --->   "%store_ln168 = store i8 %c_1, i8 %b_1" [./hls_filter_median.hpp:168->hls_filter_median.cpp:76]   --->   Operation 140 'store' 'store_ln168' <Predicate = (!icmp_ln31)> <Delay = 0.00>
ST_3 : Operation 141 [1/1] (0.00ns)   --->   "%store_ln168 = store i8 %c, i8 %b" [./hls_filter_median.hpp:168->hls_filter_median.cpp:76]   --->   Operation 141 'store' 'store_ln168' <Predicate = (!icmp_ln31)> <Delay = 0.00>
ST_3 : Operation 142 [1/1] (0.00ns)   --->   "%store_ln168 = store i8 %b_5, i8 %a_2" [./hls_filter_median.hpp:168->hls_filter_median.cpp:76]   --->   Operation 142 'store' 'store_ln168' <Predicate = (!icmp_ln31)> <Delay = 0.00>
ST_3 : Operation 143 [1/1] (0.00ns)   --->   "%store_ln168 = store i8 %b_4, i8 %a_1" [./hls_filter_median.hpp:168->hls_filter_median.cpp:76]   --->   Operation 143 'store' 'store_ln168' <Predicate = (!icmp_ln31)> <Delay = 0.00>
ST_3 : Operation 144 [1/1] (0.00ns)   --->   "%store_ln168 = store i8 %b_3, i8 %a" [./hls_filter_median.hpp:168->hls_filter_median.cpp:76]   --->   Operation 144 'store' 'store_ln168' <Predicate = (!icmp_ln31)> <Delay = 0.00>
ST_3 : Operation 145 [1/1] (0.00ns)   --->   "%br_ln31 = br void %for.body" [hls_filter_median.cpp:31]   --->   Operation 145 'br' 'br_ln31' <Predicate = (!icmp_ln31)> <Delay = 0.00>
ST_3 : Operation 165 [1/1] (0.42ns)   --->   "%ret_ln0 = ret"   --->   Operation 165 'ret' 'ret_ln0' <Predicate = (icmp_ln31)> <Delay = 0.42>

State 4 <SV = 3> <Delay = 5.10>
ST_4 : Operation 146 [1/1] (0.00ns)   --->   "%specpipeline_ln32 = specpipeline void @_ssdm_op_SpecPipeline, i32 1, i32 0, i32 0, i32 0, i32 4294967295, void @empty_1" [hls_filter_median.cpp:32]   --->   Operation 146 'specpipeline' 'specpipeline_ln32' <Predicate = true> <Delay = 0.00>
ST_4 : Operation 147 [1/1] (0.00ns)   --->   "%speclooptripcount_ln24 = speclooptripcount void @_ssdm_op_SpecLoopTripCount, i64 0, i64 67092481, i64 33546240" [hls_filter_median.cpp:24]   --->   Operation 147 'speclooptripcount' 'speclooptripcount_ln24' <Predicate = true> <Delay = 0.00>
ST_4 : Operation 148 [1/1] (0.00ns)   --->   "%specloopname_ln31 = specloopname void @_ssdm_op_SpecLoopName, void @empty_8" [hls_filter_median.cpp:31]   --->   Operation 148 'specloopname' 'specloopname_ln31' <Predicate = true> <Delay = 0.00>
ST_4 : Operation 149 [1/1] (0.76ns)   --->   "%icmp_ln155_11 = icmp_ult  i8 %tmp_max1_4, i8 %tmp_max2_4" [./hls_filter_median.hpp:155->./hls_filter_median.hpp:175->hls_filter_median.cpp:84]   --->   Operation 149 'icmp' 'icmp_ln155_11' <Predicate = true> <Delay = 0.76> <CoreInst = "Cmp">   --->   Core 9 'Cmp' <Latency = 0> <II = 1> <Delay = 0.76> <FuncUnit> <Opcode : 'seteq' 'setne' 'setle' 'setge' 'setlt' 'setgt'> <InPorts = 2> <OutPorts = 1>
ST_4 : Operation 150 [1/1] (0.39ns)   --->   "%b_10 = select i1 %icmp_ln155_11, i8 %tmp_max1_4, i8 %tmp_max2_4" [./hls_filter_median.hpp:155->./hls_filter_median.hpp:175->hls_filter_median.cpp:84]   --->   Operation 150 'select' 'b_10' <Predicate = true> <Delay = 0.39> <CoreInst = "Sel">   --->   Core 73 'Sel' <Latency = 0> <II = 1> <Delay = 0.39> <FuncUnit> <Opcode : 'select'> <InPorts = 3> <OutPorts = 1>
ST_4 : Operation 151 [1/1] (0.76ns)   --->   "%icmp_ln155_14 = icmp_ult  i8 %a_6, i8 %b_10" [./hls_filter_median.hpp:155->./hls_filter_median.hpp:169->hls_filter_median.cpp:91]   --->   Operation 151 'icmp' 'icmp_ln155_14' <Predicate = true> <Delay = 0.76> <CoreInst = "Cmp">   --->   Core 9 'Cmp' <Latency = 0> <II = 1> <Delay = 0.76> <FuncUnit> <Opcode : 'seteq' 'setne' 'setle' 'setge' 'setlt' 'setgt'> <InPorts = 2> <OutPorts = 1>
ST_4 : Operation 152 [1/1] (0.39ns)   --->   "%tmp_min1_6 = select i1 %icmp_ln155_14, i8 %a_6, i8 %b_10" [./hls_filter_median.hpp:155->./hls_filter_median.hpp:169->hls_filter_median.cpp:91]   --->   Operation 152 'select' 'tmp_min1_6' <Predicate = true> <Delay = 0.39> <CoreInst = "Sel">   --->   Core 73 'Sel' <Latency = 0> <II = 1> <Delay = 0.39> <FuncUnit> <Opcode : 'select'> <InPorts = 3> <OutPorts = 1>
ST_4 : Operation 153 [1/1] (0.76ns)   --->   "%icmp_ln163_14 = icmp_ugt  i8 %a_6, i8 %b_10" [./hls_filter_median.hpp:163->./hls_filter_median.hpp:170->hls_filter_median.cpp:91]   --->   Operation 153 'icmp' 'icmp_ln163_14' <Predicate = true> <Delay = 0.76> <CoreInst = "Cmp">   --->   Core 9 'Cmp' <Latency = 0> <II = 1> <Delay = 0.76> <FuncUnit> <Opcode : 'seteq' 'setne' 'setle' 'setge' 'setlt' 'setgt'> <InPorts = 2> <OutPorts = 1>
ST_4 : Operation 154 [1/1] (0.39ns)   --->   "%tmp_max1_5 = select i1 %icmp_ln163_14, i8 %a_6, i8 %b_10" [./hls_filter_median.hpp:163->./hls_filter_median.hpp:170->hls_filter_median.cpp:91]   --->   Operation 154 'select' 'tmp_max1_5' <Predicate = true> <Delay = 0.39> <CoreInst = "Sel">   --->   Core 73 'Sel' <Latency = 0> <II = 1> <Delay = 0.39> <FuncUnit> <Opcode : 'select'> <InPorts = 3> <OutPorts = 1>
ST_4 : Operation 155 [1/1] (0.76ns)   --->   "%icmp_ln163_15 = icmp_ugt  i8 %tmp_min1_6, i8 %c_6" [./hls_filter_median.hpp:163->./hls_filter_median.hpp:173->hls_filter_median.cpp:91]   --->   Operation 155 'icmp' 'icmp_ln163_15' <Predicate = true> <Delay = 0.76> <CoreInst = "Cmp">   --->   Core 9 'Cmp' <Latency = 0> <II = 1> <Delay = 0.76> <FuncUnit> <Opcode : 'seteq' 'setne' 'setle' 'setge' 'setlt' 'setgt'> <InPorts = 2> <OutPorts = 1>
ST_4 : Operation 156 [1/1] (0.39ns)   --->   "%tmp_max2_5 = select i1 %icmp_ln163_15, i8 %tmp_min1_6, i8 %c_6" [./hls_filter_median.hpp:163->./hls_filter_median.hpp:173->hls_filter_median.cpp:91]   --->   Operation 156 'select' 'tmp_max2_5' <Predicate = true> <Delay = 0.39> <CoreInst = "Sel">   --->   Core 73 'Sel' <Latency = 0> <II = 1> <Delay = 0.39> <FuncUnit> <Opcode : 'select'> <InPorts = 3> <OutPorts = 1>
ST_4 : Operation 157 [1/1] (0.76ns)   --->   "%icmp_ln155_15 = icmp_ult  i8 %tmp_max1_5, i8 %tmp_max2_5" [./hls_filter_median.hpp:155->./hls_filter_median.hpp:175->hls_filter_median.cpp:91]   --->   Operation 157 'icmp' 'icmp_ln155_15' <Predicate = true> <Delay = 0.76> <CoreInst = "Cmp">   --->   Core 9 'Cmp' <Latency = 0> <II = 1> <Delay = 0.76> <FuncUnit> <Opcode : 'seteq' 'setne' 'setle' 'setge' 'setlt' 'setgt'> <InPorts = 2> <OutPorts = 1>
ST_4 : Operation 158 [1/1] (0.39ns)   --->   "%final_med = select i1 %icmp_ln155_15, i8 %tmp_max1_5, i8 %tmp_max2_5" [./hls_filter_median.hpp:155->./hls_filter_median.hpp:175->hls_filter_median.cpp:91]   --->   Operation 158 'select' 'final_med' <Predicate = true> <Delay = 0.39> <CoreInst = "Sel">   --->   Core 73 'Sel' <Latency = 0> <II = 1> <Delay = 0.39> <FuncUnit> <Opcode : 'select'> <InPorts = 3> <OutPorts = 1>
ST_4 : Operation 159 [1/1] (0.00ns)   --->   "%sof_flag_load = load i1 %sof_flag" [hls_filter_median.cpp:108]   --->   Operation 159 'load' 'sof_flag_load' <Predicate = (and_ln99)> <Delay = 0.00>
ST_4 : Operation 160 [1/1] (0.00ns)   --->   "%tmp_1 = bitconcatenate i17 @_ssdm_op_BitConcatenate.i17.i1.i7.i1.i8, i1 %icmp_ln117, i7 0, i1 %sof_flag_load, i8 %final_med" [hls_filter_median.cpp:108]   --->   Operation 160 'bitconcatenate' 'tmp_1' <Predicate = (and_ln99)> <Delay = 0.00>
ST_4 : Operation 161 [1/1] (0.00ns)   --->   "%zext_ln108 = zext i17 %tmp_1" [hls_filter_median.cpp:108]   --->   Operation 161 'zext' 'zext_ln108' <Predicate = (and_ln99)> <Delay = 0.00>
ST_4 : Operation 162 [1/1] ( I:0.47ns O:0.47ns )   --->   "%write_ln108 = write void @_ssdm_op_Write.axis.volatile.i24P128A, i24 %m_axis_video, i24 %zext_ln108" [hls_filter_median.cpp:108]   --->   Operation 162 'write' 'write_ln108' <Predicate = (and_ln99)> <Delay = 0.47> <CoreInst = "regslice">   --->   Core 147 'regslice' <Latency = 0> <II = 1> <Delay = 0.62> <Adapter> <Opcode : 'read' 'write'>
ST_4 : Operation 163 [1/1] (0.42ns)   --->   "%store_ln26 = store i1 0, i1 %sof_flag" [hls_filter_median.cpp:26]   --->   Operation 163 'store' 'store_ln26' <Predicate = (and_ln99)> <Delay = 0.42>
ST_4 : Operation 164 [1/1] (0.00ns)   --->   "%br_ln111 = br void %if.end" [hls_filter_median.cpp:111]   --->   Operation 164 'br' 'br_ln111' <Predicate = (and_ln99)> <Delay = 0.00>


============================================================
+ Verbose Summary: Timing violations
============================================================
Target clock period: 10.000ns, clock uncertainty: 2.700ns.

 <State 1>: 0.427ns
The critical path consists of the following:
	'alloca' operation 1 bit ('sof_flag', hls_filter_median.cpp:26) [15]  (0.000 ns)
	'store' operation ('store_ln26', hls_filter_median.cpp:26) of constant 1 1 bit on local variable 'sof_flag', hls_filter_median.cpp:26 [25]  (0.427 ns)

 <State 2>: 1.562ns
The critical path consists of the following:
	'load' operation 13 bit ('x', hls_filter_median.cpp:121) on local variable 'x', hls_filter_median.cpp:24 [35]  (0.000 ns)
	'icmp' operation 1 bit ('icmp_ln117', hls_filter_median.cpp:117) [142]  (0.831 ns)
	'select' operation 13 bit ('y', hls_filter_median.cpp:117) [155]  (0.303 ns)
	'store' operation ('store_ln25', hls_filter_median.cpp:25) of variable 'y', hls_filter_median.cpp:117 13 bit on local variable 'y', hls_filter_median.cpp:25 [163]  (0.427 ns)

 <State 3>: 6.262ns
The critical path consists of the following:
	'load' operation 8 bit ('line_buffer_load', hls_filter_median.cpp:53) on array 'line_buffer', hls_filter_median.cpp:17 [57]  (1.237 ns)
	'select' operation 8 bit ('c', hls_filter_median.cpp:53) [59]  (0.393 ns)
	'icmp' operation 1 bit ('icmp_ln155_1', ./hls_filter_median.hpp:155->./hls_filter_median.hpp:172->hls_filter_median.cpp:76) [76]  (0.765 ns)
	'select' operation 8 bit ('min', ./hls_filter_median.hpp:155->./hls_filter_median.hpp:172->hls_filter_median.cpp:76) [77]  (0.393 ns)
	'icmp' operation 1 bit ('icmp_ln155_9', ./hls_filter_median.hpp:155->./hls_filter_median.hpp:169->hls_filter_median.cpp:81) [108]  (0.765 ns)
	'select' operation 8 bit ('tmp_min1', ./hls_filter_median.hpp:155->./hls_filter_median.hpp:169->hls_filter_median.cpp:81) [109]  (0.393 ns)
	'icmp' operation 1 bit ('icmp_ln163_10', ./hls_filter_median.hpp:163->./hls_filter_median.hpp:173->hls_filter_median.cpp:81) [112]  (0.765 ns)
	'select' operation 8 bit ('tmp_max2', ./hls_filter_median.hpp:163->./hls_filter_median.hpp:173->hls_filter_median.cpp:81) [113]  (0.393 ns)
	'icmp' operation 1 bit ('icmp_ln163_11', ./hls_filter_median.hpp:163->./hls_filter_median.hpp:176->hls_filter_median.cpp:81) [114]  (0.765 ns)
	'select' operation 8 bit ('a', ./hls_filter_median.hpp:163->./hls_filter_median.hpp:176->hls_filter_median.cpp:81) [115]  (0.393 ns)

 <State 4>: 5.107ns
The critical path consists of the following:
	'icmp' operation 1 bit ('icmp_ln155_11', ./hls_filter_median.hpp:155->./hls_filter_median.hpp:175->hls_filter_median.cpp:84) [122]  (0.765 ns)
	'select' operation 8 bit ('b', ./hls_filter_median.hpp:155->./hls_filter_median.hpp:175->hls_filter_median.cpp:84) [123]  (0.393 ns)
	'icmp' operation 1 bit ('icmp_ln155_14', ./hls_filter_median.hpp:155->./hls_filter_median.hpp:169->hls_filter_median.cpp:91) [128]  (0.765 ns)
	'select' operation 8 bit ('tmp_min1', ./hls_filter_median.hpp:155->./hls_filter_median.hpp:169->hls_filter_median.cpp:91) [129]  (0.393 ns)
	'icmp' operation 1 bit ('icmp_ln163_15', ./hls_filter_median.hpp:163->./hls_filter_median.hpp:173->hls_filter_median.cpp:91) [132]  (0.765 ns)
	'select' operation 8 bit ('tmp_max2', ./hls_filter_median.hpp:163->./hls_filter_median.hpp:173->hls_filter_median.cpp:91) [133]  (0.393 ns)
	'icmp' operation 1 bit ('icmp_ln155_15', ./hls_filter_median.hpp:155->./hls_filter_median.hpp:175->hls_filter_median.cpp:91) [134]  (0.765 ns)
	'select' operation 8 bit ('final_med', ./hls_filter_median.hpp:155->./hls_filter_median.hpp:175->hls_filter_median.cpp:91) [135]  (0.393 ns)
	axis write operation ('write_ln108', hls_filter_median.cpp:108) on port 'm_axis_video' (hls_filter_median.cpp:108) [148]  (0.475 ns)


============================================================
+ Verbose Summary: Binding
============================================================
N/A
* FSMD analyzer results:
  - Output states:
 - Input state : 
  - Chain level:
	State 1
	State 2
	State 3
	State 4


============================================================
+ Verbose Summary: Datapath Resource usage 
============================================================
N/A
