================================================================
== Design Size Report
================================================================

* Total Instructions per Compilation Phase
+---------------+----------------------------+--------------+----------------------------------------------------------------------------------------+
| Phase         | Step                       | Instructions | Description                                                                            |
+---------------+----------------------------+--------------+----------------------------------------------------------------------------------------+
| Compile/Link  |                            | 2,852        | After all functions are compiled and linked into a single design                       |
|               |                            |              |                                                                                        |
| Unroll/Inline |                            |              | After user unroll and inline pragmas are applied                                       |
|               | (1) unroll                 | 1,175        | user unroll pragmas are applied                                                        |
|               | (2) simplification         |   848        | simplification of applied user unroll pragmas                                          |
|               | (3) inline                 |   928        | user inline pragmas are applied                                                        |
|               | (4) simplification         |   770        | simplification of applied user inline pragmas                                          |
|               |                            |              |                                                                                        |
| Array/Struct  |                            |              | After user array partition and struct aggregate/disaggregate pragmas are applied       |
|               | (1) array partition        |   249        | user array partition pragmas are applied                                               |
|               | (2) simplification         |   247        | simplification of applied user array partition & struct aggregate/disaggregate pragmas |
|               | (3) aggregate/disaggregate |   247        | user struct aggregate/disaggregate pragmas are applied                                 |
|               | (4) array reshape          |   247        | apply array reshape pragmas                                                            |
|               | (5) access patterns        |   248        | array access pattern optmizations                                                      |
|               |                            |              |                                                                                        |
| Performance   |                            |              | After transformations are applied to meet performance pragma targets                   |
|               | (1) loop simplification    |   248        | loop and instruction simplification                                                    |
|               | (2) parallelization        |   199        | loops are unrolled or pipelined to meet performance targets                            |
|               | (3) array partition        |   188        | arrays are partitioned to meet performance targets                                     |
|               | (4) simplification         |   152        | simplification of design after performance transformations                             |
|               |                            |              |                                                                                        |
| HW Transforms |                            |              | After hardware transfomations                                                          |
|               | (1) lowering               |   155        | initial conversion to HW specific instructions                                         |
|               | (2) optimizations          |   167        | high level synthesis optimizations                                                     |
+---------------+----------------------------+--------------+----------------------------------------------------------------------------------------+

* Instructions per Function for each Compilation Phase
+----------------------------+---------------------------+-----------------+---------------+---------------+-------------+---------------+
| Function                   | Location                  | Compile/Link    | Unroll/Inline | Array/Struct  | Performance | HW Transforms |
+----------------------------+---------------------------+-----------------+---------------+---------------+-------------+---------------+
| + hls_filter_median_3x3    | hls_filter_median.cpp:5   | 2,852           | 770           | 248           | 152         | 167           |
|    operator ap_uint        | hls_video_types.hpp:86    |   83            |               |               |             |               |
|  + sort_three<ap_uint<8> > | hls_filter_median.hpp:172 |  995 (5 calls)  | 616 (7 calls) | 112 (7 calls) |             |               |
|     hls_min<ap_uint<8> >   | hls_filter_median.hpp:158 |  300 (15 calls) |               |               |             |               |
|     hls_max<ap_uint<8> >   | hls_filter_median.hpp:166 |  300 (15 calls) |               |               |             |               |
|  + axi_stream_video        | hls_video_types.hpp:18    |   44            |               |               |             |               |
|     color_pixel            | hls_video_types.hpp:42    |   39            |               |               |             |               |
|    color_pixel             | hls_video_types.hpp:56    |   77            |               |               |             |               |
+----------------------------+---------------------------+-----------------+---------------+---------------+-------------+---------------+

* Design Size Message Settings
+---------------------------------------------+--------+------------------------------------------------------------------+
| Message Setting                             | Value  | Description                                                      |
+---------------------------------------------+--------+------------------------------------------------------------------+
| config_compile -design_size_maximum_warning | 100000 | Show a warning when total design instructions exceeds this value |
+---------------------------------------------+--------+------------------------------------------------------------------+


