

================================================================
== Vitis HLS Report for 'hls_filter_median_3x3'
================================================================
* Date:           Thu Jun 18 19:19:23 2026

* Version:        2025.2 (Build 6295257 on Nov 14 2025)
* Project:        filter_2d_median
* Solution:       hls (Vivado IP Flow Target)
* Product family: zynquplus
* Target device:  xck26-sfvc784-2LV-c


================================================================
== Performance Estimates
================================================================
+ Timing: 
    * Summary: 
    +--------+----------+----------+------------+
    |  Clock |  Target  | Estimated| Uncertainty|
    +--------+----------+----------+------------+
    |ap_clk  |  10.00 ns|  6.789 ns|     2.70 ns|
    +--------+----------+----------+------------+

+ Latency: 
    * Summary: 
    +---------+----------+-----------+-----------+-----+----------+---------+
    |  Latency (cycles)  |   Latency (absolute)  |    Interval    | Pipeline|
    |   min   |    max   |    min    |    max    | min |    max   |   Type  |
    +---------+----------+-----------+-----------+-----+----------+---------+
    |        6|  67092487|  60.000 ns|  0.671 sec|    7|  67092488|       no|
    +---------+----------+-----------+-----------+-----+----------+---------+

    + Detail: 
        * Instance: 
        +----------------------------------------------------------+------------------------------------------------+---------+----------+-----------+-----------+-----+-----+-------------------+
        |                                                          |                                                |  Latency (cycles)  |   Latency (absolute)  |  Interval |      Pipeline     |
        |                         Instance                         |                     Module                     |   min   |    max   |    min    |    max    | min | max |        Type       |
        +----------------------------------------------------------+------------------------------------------------+---------+----------+-----------+-----------+-----+-----+-------------------+
        |grp_hls_filter_median_3x3_Pipeline_VITIS_LOOP_34_1_fu_58  |hls_filter_median_3x3_Pipeline_VITIS_LOOP_34_1  |        3|  67092484|  30.000 ns|  0.671 sec|    0|    0|  loop pipeline stp|
        +----------------------------------------------------------+------------------------------------------------+---------+----------+-----------+-----------+-----+-----+-------------------+

        * Loop: 
        N/A



================================================================
== Utilization Estimates
================================================================
* Summary: 
+-----------------+---------+------+--------+--------+-----+
|       Name      | BRAM_18K|  DSP |   FF   |   LUT  | URAM|
+-----------------+---------+------+--------+--------+-----+
|DSP              |        -|     -|       -|       -|    -|
|Expression       |        -|     -|       0|      64|    -|
|FIFO             |        -|     -|       -|       -|    -|
|Instance         |        8|     1|     418|    1438|    0|
|Memory           |        -|     -|       -|       -|    -|
|Multiplexer      |        -|     -|       0|      44|    -|
|Register         |        -|     -|      83|       -|    -|
+-----------------+---------+------+--------+--------+-----+
|Total            |        8|     1|     501|    1546|    0|
+-----------------+---------+------+--------+--------+-----+
|Available        |      288|  1248|  234240|  117120|   64|
+-----------------+---------+------+--------+--------+-----+
|Utilization (%)  |        2|    ~0|      ~0|       1|    0|
+-----------------+---------+------+--------+--------+-----+

+ Detail: 
    * Instance: 
    +----------------------------------------------------------+------------------------------------------------+---------+----+-----+------+-----+
    |                         Instance                         |                     Module                     | BRAM_18K| DSP|  FF |  LUT | URAM|
    +----------------------------------------------------------+------------------------------------------------+---------+----+-----+------+-----+
    |control_s_axi_U                                           |control_s_axi                                   |        0|   0|   74|    92|    0|
    |grp_hls_filter_median_3x3_Pipeline_VITIS_LOOP_34_1_fu_58  |hls_filter_median_3x3_Pipeline_VITIS_LOOP_34_1  |        8|   0|  344|  1341|    0|
    |mul_13ns_13ns_26_1_1_U7                                   |mul_13ns_13ns_26_1_1                            |        0|   1|    0|     5|    0|
    +----------------------------------------------------------+------------------------------------------------+---------+----+-----+------+-----+
    |Total                                                     |                                                |        8|   1|  418|  1438|    0|
    +----------------------------------------------------------+------------------------------------------------+---------+----+-----+------+-----+

    * DSP: 
    N/A

    * Memory: 
    N/A

    * FIFO: 
    N/A

    * Expression: 
    +------------------------------------------------------------------------------+----------+----+---+----+------------+------------+
    |                                 Variable Name                                | Operation| DSP| FF| LUT| Bitwidth P0| Bitwidth P1|
    +------------------------------------------------------------------------------+----------+----+---+----+------------+------------+
    |add_ln109_fu_80_p2                                                            |         +|   0|  0|  20|          13|           3|
    |add_ln116_fu_90_p2                                                            |         +|   0|  0|  21|          14|           2|
    |add_ln134_fu_73_p2                                                            |         +|   0|  0|  21|          14|           2|
    |grp_hls_filter_median_3x3_Pipeline_VITIS_LOOP_34_1_fu_58_m_axis_video_TREADY  |       and|   0|  0|   2|           1|           1|
    +------------------------------------------------------------------------------+----------+----+---+----+------------+------------+
    |Total                                                                         |          |   0|  0|  64|          42|           8|
    +------------------------------------------------------------------------------+----------+----+---+----+------------+------------+

    * Multiplexer: 
    +----------------------------------+----+-----------+-----+-----------+
    |               Name               | LUT| Input Size| Bits| Total Bits|
    +----------------------------------+----+-----------+-----+-----------+
    |ap_NS_fsm                         |  26|          5|    1|          5|
    |m_axis_video_TDATA_int_regslice   |   9|          2|   24|         48|
    |s_axis_video_TREADY_int_regslice  |   9|          2|    1|          2|
    +----------------------------------+----+-----------+-----+-----------+
    |Total                             |  44|          9|   26|         55|
    +----------------------------------+----+-----------+-----+-----------+

    * Register: 
    +-----------------------------------------------------------------------+----+----+-----+-----------+
    |                                  Name                                 | FF | LUT| Bits| Const Bits|
    +-----------------------------------------------------------------------+----+----+-----+-----------+
    |add_ln116_reg_117                                                      |  14|   0|   14|          0|
    |add_ln134_reg_112                                                      |  14|   0|   14|          0|
    |ap_CS_fsm                                                              |   4|   0|    4|          0|
    |grp_hls_filter_median_3x3_Pipeline_VITIS_LOOP_34_1_fu_58_ap_start_reg  |   1|   0|    1|          0|
    |m_axis_video_TDATA_reg                                                 |  24|   0|   24|          0|
    |mul_ln34_reg_122                                                       |  26|   0|   26|          0|
    +-----------------------------------------------------------------------+----+----+-----+-----------+
    |Total                                                                  |  83|   0|   83|          0|
    +-----------------------------------------------------------------------+----+----+-----+-----------+



================================================================
== Interface
================================================================
* Summary: 
+-----------------------+-----+-----+------------+-----------------------+--------------+
|       RTL Ports       | Dir | Bits|  Protocol  |     Source Object     |    C Type    |
+-----------------------+-----+-----+------------+-----------------------+--------------+
|s_axi_control_AWVALID  |   in|    1|       s_axi|                control|        scalar|
|s_axi_control_AWREADY  |  out|    1|       s_axi|                control|        scalar|
|s_axi_control_AWADDR   |   in|    5|       s_axi|                control|        scalar|
|s_axi_control_WVALID   |   in|    1|       s_axi|                control|        scalar|
|s_axi_control_WREADY   |  out|    1|       s_axi|                control|        scalar|
|s_axi_control_WDATA    |   in|   32|       s_axi|                control|        scalar|
|s_axi_control_WSTRB    |   in|    4|       s_axi|                control|        scalar|
|s_axi_control_ARVALID  |   in|    1|       s_axi|                control|        scalar|
|s_axi_control_ARREADY  |  out|    1|       s_axi|                control|        scalar|
|s_axi_control_ARADDR   |   in|    5|       s_axi|                control|        scalar|
|s_axi_control_RVALID   |  out|    1|       s_axi|                control|        scalar|
|s_axi_control_RREADY   |   in|    1|       s_axi|                control|        scalar|
|s_axi_control_RDATA    |  out|   32|       s_axi|                control|        scalar|
|s_axi_control_RRESP    |  out|    2|       s_axi|                control|        scalar|
|s_axi_control_BVALID   |  out|    1|       s_axi|                control|        scalar|
|s_axi_control_BREADY   |   in|    1|       s_axi|                control|        scalar|
|s_axi_control_BRESP    |  out|    2|       s_axi|                control|        scalar|
|ap_clk                 |   in|    1|  ap_ctrl_hs|  hls_filter_median_3x3|  return value|
|ap_rst_n               |   in|    1|  ap_ctrl_hs|  hls_filter_median_3x3|  return value|
|interrupt              |  out|    1|  ap_ctrl_hs|  hls_filter_median_3x3|  return value|
|s_axis_video_TDATA     |   in|   24|        axis|           s_axis_video|       pointer|
|s_axis_video_TVALID    |   in|    1|        axis|           s_axis_video|       pointer|
|s_axis_video_TREADY    |  out|    1|        axis|           s_axis_video|       pointer|
|m_axis_video_TDATA     |  out|   24|        axis|           m_axis_video|       pointer|
|m_axis_video_TVALID    |  out|    1|        axis|           m_axis_video|       pointer|
|m_axis_video_TREADY    |   in|    1|        axis|           m_axis_video|       pointer|
+-----------------------+-----+-----+------------+-----------------------+--------------+

