

================================================================
== Vitis HLS Report for 'hls_filter_median_3x3_Pipeline_VITIS_LOOP_31_1'
================================================================
* Date:           Fri Apr 10 08:17:48 2026

* Version:        2025.2 (Build 6295257 on Nov 14 2025)
* Project:        filter_2d_median
* Solution:       hls (Vivado IP Flow Target)
* Product family: zynquplus
* Target device:  xck26-sfvc784-2LV-c


================================================================
== Performance Estimates
================================================================
+ Timing: 
    * Summary: 
    +--------+----------+----------+------------+
    |  Clock |  Target  | Estimated| Uncertainty|
    +--------+----------+----------+------------+
    |ap_clk  |  10.00 ns|  6.262 ns|     2.70 ns|
    +--------+----------+----------+------------+

+ Latency: 
    * Summary: 
    +---------+----------+-----------+-----------+-----+-----+-------------------+
    |  Latency (cycles)  |   Latency (absolute)  |  Interval |      Pipeline     |
    |   min   |    max   |    min    |    max    | min | max |        Type       |
    +---------+----------+-----------+-----------+-----+-----+-------------------+
    |        3|  67092484|  30.000 ns|  0.671 sec|    0|    0|  loop pipeline stp|
    +---------+----------+-----------+-----------+-----+-----+-------------------+

    + Detail: 
        * Instance: 
        N/A

        * Loop: 
        +-------------------+---------+----------+----------+-----------+-----------+--------------+----------+
        |                   |  Latency (cycles)  | Iteration|  Initiation Interval  |     Trip     |          |
        |     Loop Name     |   min   |    max   |  Latency |  achieved |   target  |     Count    | Pipelined|
        +-------------------+---------+----------+----------+-----------+-----------+--------------+----------+
        |- VITIS_LOOP_31_1  |        1|  67092482|         3|          1|          1|  0 ~ 67092481|       yes|
        +-------------------+---------+----------+----------+-----------+-----------+--------------+----------+



================================================================
== Utilization Estimates
================================================================
* Summary: 
+-----------------+---------+------+--------+--------+-----+
|       Name      | BRAM_18K|  DSP |   FF   |   LUT  | URAM|
+-----------------+---------+------+--------+--------+-----+
|DSP              |        -|     -|       -|       -|    -|
|Expression       |        -|     -|       0|    1095|    -|
|FIFO             |        -|     -|       -|       -|    -|
|Instance         |        -|     -|       -|       -|    -|
|Memory           |        8|     -|       0|       0|    0|
|Multiplexer      |        -|     -|       0|     108|    -|
|Register         |        -|     -|     317|       -|    -|
+-----------------+---------+------+--------+--------+-----+
|Total            |        8|     0|     317|    1203|    0|
+-----------------+---------+------+--------+--------+-----+
|Available        |      288|  1248|  234240|  117120|   64|
+-----------------+---------+------+--------+--------+-----+
|Utilization (%)  |        2|     0|      ~0|       1|    0|
+-----------------+---------+------+--------+--------+-----+

+ Detail: 
    * Instance: 
    N/A

    * DSP: 
    N/A

    * Memory: 
    +-----------------+----------------------------------------------------------------------------+---------+---+----+-----+------+-----+------+-------------+
    |      Memory     |                                   Module                                   | BRAM_18K| FF| LUT| URAM| Words| Bits| Banks| W*Bits*Banks|
    +-----------------+----------------------------------------------------------------------------+---------+---+----+-----+------+-----+------+-------------+
    |line_buffer_1_U  |hls_filter_median_3x3_Pipeline_VITIS_LOOP_31_1_line_buffer_1_RAM_AUTO_1R1W  |        4|  0|   0|    0|  7680|    8|     1|        61440|
    |line_buffer_U    |hls_filter_median_3x3_Pipeline_VITIS_LOOP_31_1_line_buffer_1_RAM_AUTO_1R1W  |        4|  0|   0|    0|  7680|    8|     1|        61440|
    +-----------------+----------------------------------------------------------------------------+---------+---+----+-----+------+-----+------+-------------+
    |Total            |                                                                            |        8|  0|   0|    0| 15360|   16|     2|       122880|
    +-----------------+----------------------------------------------------------------------------+---------+---+----+-----+------+-----+------+-------------+

    * FIFO: 
    N/A

    * Expression: 
    +---------------------------------------+----------+----+---+----+------------+------------+
    |             Variable Name             | Operation| DSP| FF| LUT| Bitwidth P0| Bitwidth P1|
    +---------------------------------------+----------+----+---+----+------------+------------+
    |i_1_fu_247_p2                          |         +|   0|  0|  33|          26|           1|
    |x_4_fu_340_p2                          |         +|   0|  0|  20|          13|           1|
    |y_4_fu_334_p2                          |         +|   0|  0|  20|          13|           1|
    |and_ln99_fu_319_p2                     |       and|   0|  0|   2|           1|           1|
    |ap_block_pp0_stage0_01001_grp1         |       and|   0|  0|   2|           1|           1|
    |ap_block_state3_pp0_stage0_iter2       |       and|   0|  0|   2|           1|           1|
    |ap_block_state4_pp0_stage0_iter3_grp1  |       and|   0|  0|   2|           1|           1|
    |addr_cmp8_fu_262_p2                    |      icmp|   0|  0|  71|          64|          64|
    |addr_cmp_fu_271_p2                     |      icmp|   0|  0|  71|          64|          64|
    |icmp_ln117_fu_329_p2                   |      icmp|   0|  0|  21|          14|          14|
    |icmp_ln155_10_fu_739_p2                |      icmp|   0|  0|  15|           8|           8|
    |icmp_ln155_11_fu_839_p2                |      icmp|   0|  0|  15|           8|           8|
    |icmp_ln155_12_fu_781_p2                |      icmp|   0|  0|  15|           8|           8|
    |icmp_ln155_13_fu_795_p2                |      icmp|   0|  0|  15|           8|           8|
    |icmp_ln155_14_fu_849_p2                |      icmp|   0|  0|  15|           8|           8|
    |icmp_ln155_15_fu_885_p2                |      icmp|   0|  0|  15|           8|           8|
    |icmp_ln155_1_fu_459_p2                 |      icmp|   0|  0|  15|           8|           8|
    |icmp_ln155_2_fu_487_p2                 |      icmp|   0|  0|  15|           8|           8|
    |icmp_ln155_3_fu_515_p2                 |      icmp|   0|  0|  15|           8|           8|
    |icmp_ln155_4_fu_543_p2                 |      icmp|   0|  0|  15|           8|           8|
    |icmp_ln155_5_fu_571_p2                 |      icmp|   0|  0|  15|           8|           8|
    |icmp_ln155_6_fu_599_p2                 |      icmp|   0|  0|  15|           8|           8|
    |icmp_ln155_7_fu_627_p2                 |      icmp|   0|  0|  15|           8|           8|
    |icmp_ln155_8_fu_655_p2                 |      icmp|   0|  0|  15|           8|           8|
    |icmp_ln155_9_fu_683_p2                 |      icmp|   0|  0|  15|           8|           8|
    |icmp_ln155_fu_431_p2                   |      icmp|   0|  0|  15|           8|           8|
    |icmp_ln163_10_fu_711_p2                |      icmp|   0|  0|  15|           8|           8|
    |icmp_ln163_11_fu_725_p2                |      icmp|   0|  0|  15|           8|           8|
    |icmp_ln163_12_fu_753_p2                |      icmp|   0|  0|  15|           8|           8|
    |icmp_ln163_13_fu_767_p2                |      icmp|   0|  0|  15|           8|           8|
    |icmp_ln163_14_fu_861_p2                |      icmp|   0|  0|  15|           8|           8|
    |icmp_ln163_15_fu_873_p2                |      icmp|   0|  0|  15|           8|           8|
    |icmp_ln163_1_fu_473_p2                 |      icmp|   0|  0|  15|           8|           8|
    |icmp_ln163_2_fu_501_p2                 |      icmp|   0|  0|  15|           8|           8|
    |icmp_ln163_3_fu_529_p2                 |      icmp|   0|  0|  15|           8|           8|
    |icmp_ln163_4_fu_557_p2                 |      icmp|   0|  0|  15|           8|           8|
    |icmp_ln163_5_fu_585_p2                 |      icmp|   0|  0|  15|           8|           8|
    |icmp_ln163_6_fu_613_p2                 |      icmp|   0|  0|  15|           8|           8|
    |icmp_ln163_7_fu_641_p2                 |      icmp|   0|  0|  15|           8|           8|
    |icmp_ln163_8_fu_669_p2                 |      icmp|   0|  0|  15|           8|           8|
    |icmp_ln163_9_fu_697_p2                 |      icmp|   0|  0|  15|           8|           8|
    |icmp_ln163_fu_445_p2                   |      icmp|   0|  0|  15|           8|           8|
    |icmp_ln31_fu_242_p2                    |      icmp|   0|  0|  33|          26|          26|
    |icmp_ln99_1_fu_313_p2                  |      icmp|   0|  0|  19|          12|           1|
    |icmp_ln99_fu_297_p2                    |      icmp|   0|  0|  19|          12|           1|
    |ap_block_pp0_stage0_11001              |        or|   0|  0|   2|           1|           1|
    |a_6_fu_731_p3                          |    select|   0|  0|   8|           1|           8|
    |b_10_fu_843_p3                         |    select|   0|  0|   8|           1|           8|
    |c_1_fu_413_p3                          |    select|   0|  0|   8|           1|           8|
    |c_6_fu_801_p3                          |    select|   0|  0|   8|           1|           8|
    |c_fu_403_p3                            |    select|   0|  0|   8|           1|           8|
    |final_med_fu_891_p3                    |    select|   0|  0|   8|           1|           8|
    |max_3_fu_591_p3                        |    select|   0|  0|   8|           1|           8|
    |max_4_fu_675_p3                        |    select|   0|  0|   8|           1|           8|
    |max_fu_507_p3                          |    select|   0|  0|   8|           1|           8|
    |med_3_fu_577_p3                        |    select|   0|  0|   8|           1|           8|
    |med_4_fu_661_p3                        |    select|   0|  0|   8|           1|           8|
    |med_fu_493_p3                          |    select|   0|  0|   8|           1|           8|
    |min_3_fu_549_p3                        |    select|   0|  0|   8|           1|           8|
    |min_4_fu_633_p3                        |    select|   0|  0|   8|           1|           8|
    |min_fu_465_p3                          |    select|   0|  0|   8|           1|           8|
    |tmp_max1_1_fu_535_p3                   |    select|   0|  0|   8|           1|           8|
    |tmp_max1_2_fu_619_p3                   |    select|   0|  0|   8|           1|           8|
    |tmp_max1_3_fu_703_p3                   |    select|   0|  0|   8|           1|           8|
    |tmp_max1_4_fu_759_p3                   |    select|   0|  0|   8|           1|           8|
    |tmp_max1_5_fu_866_p3                   |    select|   0|  0|   8|           1|           8|
    |tmp_max1_fu_451_p3                     |    select|   0|  0|   8|           1|           8|
    |tmp_max2_1_fu_563_p3                   |    select|   0|  0|   8|           1|           8|
    |tmp_max2_2_fu_647_p3                   |    select|   0|  0|   8|           1|           8|
    |tmp_max2_3_fu_717_p3                   |    select|   0|  0|   8|           1|           8|
    |tmp_max2_4_fu_773_p3                   |    select|   0|  0|   8|           1|           8|
    |tmp_max2_5_fu_878_p3                   |    select|   0|  0|   8|           1|           8|
    |tmp_max2_fu_479_p3                     |    select|   0|  0|   8|           1|           8|
    |tmp_min1_1_fu_521_p3                   |    select|   0|  0|   8|           1|           8|
    |tmp_min1_2_fu_605_p3                   |    select|   0|  0|   8|           1|           8|
    |tmp_min1_3_fu_689_p3                   |    select|   0|  0|   8|           1|           8|
    |tmp_min1_4_fu_745_p3                   |    select|   0|  0|   8|           1|           8|
    |tmp_min1_5_fu_787_p3                   |    select|   0|  0|   8|           1|           8|
    |tmp_min1_6_fu_854_p3                   |    select|   0|  0|   8|           1|           8|
    |tmp_min1_fu_437_p3                     |    select|   0|  0|   8|           1|           8|
    |x_5_fu_346_p3                          |    select|   0|  0|  12|           1|           1|
    |y_5_fu_354_p3                          |    select|   0|  0|  12|           1|          13|
    |ap_enable_pp0                          |       xor|   0|  0|   2|           1|           2|
    +---------------------------------------+----------+----+---+----+------------+------------+
    |Total                                  |          |   0|  0|1095|         542|         722|
    +---------------------------------------+----------+----+---+----+------------+------------+

    * Multiplexer: 
    +--------------------------+----+-----------+-----+-----------+
    |           Name           | LUT| Input Size| Bits| Total Bits|
    +--------------------------+----+-----------+-----+-----------+
    |ap_done_int               |   9|          2|    1|          2|
    |ap_enable_reg_pp0_iter1   |   9|          2|    1|          2|
    |ap_enable_reg_pp0_iter3   |   9|          2|    1|          2|
    |i_fu_96                   |   9|          2|   26|         52|
    |m_axis_video_TDATA_blk_n  |   9|          2|    1|          2|
    |reuse_addr_reg5_fu_72     |   9|          2|   64|        128|
    |reuse_addr_reg_fu_80      |   9|          2|   64|        128|
    |reuse_reg4_fu_76          |   9|          2|    8|         16|
    |reuse_reg_fu_84           |   9|          2|    8|         16|
    |s_axis_video_TDATA_blk_n  |   9|          2|    1|          2|
    |x_fu_88                   |   9|          2|   13|         26|
    |y_fu_92                   |   9|          2|   13|         26|
    +--------------------------+----+-----------+-----+-----------+
    |Total                     | 108|         24|  201|        402|
    +--------------------------+----+-----------+-----+-----------+

    * Register: 
    +-------------------------------------------+----+----+-----+-----------+
    |                    Name                   | FF | LUT| Bits| Const Bits|
    +-------------------------------------------+----+----+-----+-----------+
    |a_1_fu_104                                 |   8|   0|    8|          0|
    |a_2_fu_108                                 |   8|   0|    8|          0|
    |a_6_reg_1060                               |   8|   0|    8|          0|
    |a_fu_100                                   |   8|   0|    8|          0|
    |addr_cmp8_reg_1035                         |   1|   0|    1|          0|
    |addr_cmp_reg_1046                          |   1|   0|    1|          0|
    |and_ln99_reg_1051                          |   1|   0|    1|          0|
    |and_ln99_reg_1051_pp0_iter2_reg            |   1|   0|    1|          0|
    |ap_CS_fsm                                  |   1|   0|    1|          0|
    |ap_block_pp0_stage0_subdone_grp1_done_reg  |   1|   0|    1|          0|
    |ap_done_reg                                |   1|   0|    1|          0|
    |ap_enable_reg_pp0_iter1                    |   1|   0|    1|          0|
    |ap_enable_reg_pp0_iter2                    |   1|   0|    1|          0|
    |ap_enable_reg_pp0_iter3                    |   1|   0|    1|          0|
    |ap_loop_exit_ready_pp0_iter2_reg           |   1|   0|    1|          0|
    |b_1_fu_120                                 |   8|   0|    8|          0|
    |b_2_fu_124                                 |   8|   0|    8|          0|
    |b_fu_116                                   |   8|   0|    8|          0|
    |c_6_reg_1080                               |   8|   0|    8|          0|
    |i_fu_96                                    |  26|   0|   26|          0|
    |icmp_ln117_reg_1055                        |   1|   0|    1|          0|
    |icmp_ln117_reg_1055_pp0_iter2_reg          |   1|   0|    1|          0|
    |icmp_ln31_reg_1025                         |   1|   0|    1|          0|
    |line_buffer_1_addr_reg_1040                |  13|   0|   13|          0|
    |line_buffer_addr_reg_1029                  |  13|   0|   13|          0|
    |reuse_addr_reg5_fu_72                      |  64|   0|   64|          0|
    |reuse_addr_reg_fu_80                       |  64|   0|   64|          0|
    |reuse_reg4_fu_76                           |   8|   0|    8|          0|
    |reuse_reg_fu_84                            |   8|   0|    8|          0|
    |sof_flag_fu_112                            |   1|   0|    1|          0|
    |tmp_max1_4_reg_1068                        |   8|   0|    8|          0|
    |tmp_max2_4_reg_1074                        |   8|   0|    8|          0|
    |x_fu_88                                    |  13|   0|   13|          0|
    |y_fu_92                                    |  13|   0|   13|          0|
    +-------------------------------------------+----+----+-----+-----------+
    |Total                                      | 317|   0|  317|          0|
    +-------------------------------------------+----+----+-----+-----------+



================================================================
== Interface
================================================================
* Summary: 
+---------------------+-----+-----+------------+------------------------------------------------+--------------+
|      RTL Ports      | Dir | Bits|  Protocol  |                  Source Object                 |    C Type    |
+---------------------+-----+-----+------------+------------------------------------------------+--------------+
|ap_clk               |   in|    1|  ap_ctrl_hs|  hls_filter_median_3x3_Pipeline_VITIS_LOOP_31_1|  return value|
|ap_rst               |   in|    1|  ap_ctrl_hs|  hls_filter_median_3x3_Pipeline_VITIS_LOOP_31_1|  return value|
|ap_start             |   in|    1|  ap_ctrl_hs|  hls_filter_median_3x3_Pipeline_VITIS_LOOP_31_1|  return value|
|ap_done              |  out|    1|  ap_ctrl_hs|  hls_filter_median_3x3_Pipeline_VITIS_LOOP_31_1|  return value|
|ap_idle              |  out|    1|  ap_ctrl_hs|  hls_filter_median_3x3_Pipeline_VITIS_LOOP_31_1|  return value|
|ap_ready             |  out|    1|  ap_ctrl_hs|  hls_filter_median_3x3_Pipeline_VITIS_LOOP_31_1|  return value|
|s_axis_video_TVALID  |   in|    1|        axis|                                    s_axis_video|       pointer|
|s_axis_video_TDATA   |   in|   24|        axis|                                    s_axis_video|       pointer|
|s_axis_video_TREADY  |  out|    1|        axis|                                    s_axis_video|       pointer|
|m_axis_video_TREADY  |   in|    1|        axis|                                    m_axis_video|       pointer|
|m_axis_video_TDATA   |  out|   24|        axis|                                    m_axis_video|       pointer|
|m_axis_video_TVALID  |  out|    1|        axis|                                    m_axis_video|       pointer|
|mul_ln31             |   in|   26|     ap_none|                                        mul_ln31|        scalar|
|add_ln117            |   in|   14|     ap_none|                                       add_ln117|        scalar|
+---------------------+-----+-----+------------+------------------------------------------------+--------------+

