Copyright 1986-2022 Xilinx, Inc. All Rights Reserved. Copyright 2022-2025 Advanced Micro Devices, Inc. All Rights Reserved.
---------------------------------------------------------------------------------------------------------------------------------------------
| Tool Version : Vivado v.2025.2 (win64) Build 6299465 Fri Nov 14 19:35:11 GMT 2025
| Date         : Tue Mar 31 12:16:06 2026
| Host         : N166A running 64-bit major release  (build 9200)
| Command      : report_control_sets -verbose -file bd_0_wrapper_control_sets_placed.rpt
| Design       : bd_0_wrapper
| Device       : xck26
---------------------------------------------------------------------------------------------------------------------------------------------

Control Set Information

Table of Contents
-----------------
1. Summary
2. Histogram
3. Flip-Flop Distribution
4. Detailed Control Set Information

1. Summary
----------

+----------------------------------------------------------+-------+
|                          Status                          | Count |
+----------------------------------------------------------+-------+
| Total control sets                                       |    65 |
|    Minimum number of control sets                        |    65 |
|    Addition due to synthesis replication                 |     0 |
|    Addition due to physical synthesis replication        |     0 |
| Unused register locations in slices containing registers |    45 |
+----------------------------------------------------------+-------+
* Control sets can be merged at opt_design using control_set_merge or merge_equivalent_drivers
** Run report_qor_suggestions for automated merging and remapping suggestions


2. Histogram
------------

+--------------------+-------+
|       Fanout       | Count |
+--------------------+-------+
| Total control sets |    65 |
| >= 0 to < 4        |     1 |
| >= 4 to < 6        |     2 |
| >= 6 to < 8        |     1 |
| >= 8 to < 10       |    40 |
| >= 10 to < 12      |     2 |
| >= 12 to < 14      |     6 |
| >= 14 to < 16      |     0 |
| >= 16              |    13 |
+--------------------+-------+
* Control sets can be remapped at either synth_design or opt_design


3. Flip-Flop Distribution
-------------------------

+--------------+-----------------------+------------------------+-----------------+--------------+
| Clock Enable | Synchronous Set/Reset | Asynchronous Set/Reset | Total Registers | Total Slices |
+--------------+-----------------------+------------------------+-----------------+--------------+
| No           | No                    | No                     |              13 |            8 |
| No           | No                    | Yes                    |               0 |            0 |
| No           | Yes                   | No                     |              32 |           16 |
| Yes          | No                    | No                     |             753 |          148 |
| Yes          | No                    | Yes                    |               0 |            0 |
| Yes          | Yes                   | No                     |             457 |           95 |
+--------------+-----------------------+------------------------+-----------------+--------------+


4. Detailed Control Set Information
-----------------------------------

+--------------+-----------------------------------------------------------------------------------------------------------------------+-------------------------------------------------------------------------------------------------------------------------------------------------------------------------------------+------------------+----------------+--------------+
| Clock Signal |                                                     Enable Signal                                                     |                                                                                   Set/Reset Signal                                                                                  | Slice Load Count | Bel Load Count | Bels / Slice |
+--------------+-----------------------------------------------------------------------------------------------------------------------+-------------------------------------------------------------------------------------------------------------------------------------------------------------------------------------+------------------+----------------+--------------+
|  ap_clk      | bd_0_i/hls_inst/U0/control_s_axi_U/int_ier11_out                                                                      | ap_rst_n                                                                                                                                                                            |                1 |              2 |         2.00 |
|  ap_clk      | bd_0_i/hls_inst/U0/control_s_axi_U/ar_hs                                                                              | bd_0_i/hls_inst/U0/control_s_axi_U/rdata_data[11]_i_1_n_4                                                                                                                           |                3 |              5 |         1.67 |
|  ap_clk      | bd_0_i/hls_inst/U0/control_s_axi_U/int_fraction_bits                                                                  | ap_rst_n                                                                                                                                                                            |                2 |              5 |         2.50 |
|  ap_clk      | bd_0_i/hls_inst/U0/control_s_axi_U/waddr                                                                              |                                                                                                                                                                                     |                1 |              7 |         7.00 |
|  ap_clk      | bd_0_i/hls_inst/U0/grp_hls_filter_2d_Pipeline_VITIS_LOOP_50_1_fu_364/mul_8ns_8s_16_1_1_U4/ap_block_pp0_stage0_subdone | bd_0_i/hls_inst/U0/grp_hls_filter_2d_Pipeline_VITIS_LOOP_50_1_fu_364/mac_muladd_8ns_8s_17s_18_4_1_U26/hls_filter_2d_mac_muladd_8ns_8s_17s_18_4_1_DSP48_0_U/val_83_reg_2756[0]       |                2 |              8 |         4.00 |
|  ap_clk      | bd_0_i/hls_inst/U0/control_s_axi_U/int_kernel_3_2                                                                     | ap_rst_n                                                                                                                                                                            |                3 |              8 |         2.67 |
|  ap_clk      | bd_0_i/hls_inst/U0/control_s_axi_U/ar_hs                                                                              |                                                                                                                                                                                     |                6 |              8 |         1.33 |
|  ap_clk      | bd_0_i/hls_inst/U0/control_s_axi_U/int_kernel_2_2                                                                     | ap_rst_n                                                                                                                                                                            |                2 |              8 |         4.00 |
|  ap_clk      | bd_0_i/hls_inst/U0/control_s_axi_U/int_kernel_4_4                                                                     | ap_rst_n                                                                                                                                                                            |                4 |              8 |         2.00 |
|  ap_clk      | bd_0_i/hls_inst/U0/control_s_axi_U/int_kernel_2_0                                                                     | ap_rst_n                                                                                                                                                                            |                2 |              8 |         4.00 |
|  ap_clk      | bd_0_i/hls_inst/U0/control_s_axi_U/int_kernel_0_0[7]_i_1_n_4                                                          | ap_rst_n                                                                                                                                                                            |                4 |              8 |         2.00 |
|  ap_clk      | bd_0_i/hls_inst/U0/control_s_axi_U/int_kernel_1_0                                                                     | ap_rst_n                                                                                                                                                                            |                5 |              8 |         1.60 |
|  ap_clk      | bd_0_i/hls_inst/U0/control_s_axi_U/int_kernel_0_1[7]_i_1_n_4                                                          | ap_rst_n                                                                                                                                                                            |                4 |              8 |         2.00 |
|  ap_clk      | bd_0_i/hls_inst/U0/control_s_axi_U/int_kernel_1_1[7]_i_1_n_4                                                          | ap_rst_n                                                                                                                                                                            |                4 |              8 |         2.00 |
|  ap_clk      | bd_0_i/hls_inst/U0/control_s_axi_U/int_kernel_1_3                                                                     | ap_rst_n                                                                                                                                                                            |                4 |              8 |         2.00 |
|  ap_clk      | bd_0_i/hls_inst/U0/control_s_axi_U/int_kernel_3_4                                                                     | ap_rst_n                                                                                                                                                                            |                4 |              8 |         2.00 |
|  ap_clk      | bd_0_i/hls_inst/U0/control_s_axi_U/int_kernel_4_2                                                                     | ap_rst_n                                                                                                                                                                            |                5 |              8 |         1.60 |
|  ap_clk      | bd_0_i/hls_inst/U0/control_s_axi_U/int_kernel_0_3                                                                     | ap_rst_n                                                                                                                                                                            |                3 |              8 |         2.67 |
|  ap_clk      | bd_0_i/hls_inst/U0/control_s_axi_U/int_kernel_2_4                                                                     | ap_rst_n                                                                                                                                                                            |                3 |              8 |         2.67 |
|  ap_clk      | bd_0_i/hls_inst/U0/control_s_axi_U/int_kernel_3_0                                                                     | ap_rst_n                                                                                                                                                                            |                3 |              8 |         2.67 |
|  ap_clk      | bd_0_i/hls_inst/U0/control_s_axi_U/int_kernel_4_0                                                                     | ap_rst_n                                                                                                                                                                            |                2 |              8 |         4.00 |
|  ap_clk      | bd_0_i/hls_inst/U0/control_s_axi_U/int_kernel_3_3                                                                     | ap_rst_n                                                                                                                                                                            |                4 |              8 |         2.00 |
|  ap_clk      | bd_0_i/hls_inst/U0/control_s_axi_U/int_kernel_4_1                                                                     | ap_rst_n                                                                                                                                                                            |                2 |              8 |         4.00 |
|  ap_clk      | bd_0_i/hls_inst/U0/control_s_axi_U/int_kernel_4_3                                                                     | ap_rst_n                                                                                                                                                                            |                5 |              8 |         1.60 |
|  ap_clk      | bd_0_i/hls_inst/U0/control_s_axi_U/int_kernel_0_4                                                                     | ap_rst_n                                                                                                                                                                            |                5 |              8 |         1.60 |
|  ap_clk      | bd_0_i/hls_inst/U0/control_s_axi_U/int_kernel_1_4                                                                     | ap_rst_n                                                                                                                                                                            |                4 |              8 |         2.00 |
|  ap_clk      | bd_0_i/hls_inst/U0/control_s_axi_U/int_kernel_2_1                                                                     | ap_rst_n                                                                                                                                                                            |                2 |              8 |         4.00 |
|  ap_clk      | bd_0_i/hls_inst/U0/control_s_axi_U/int_kernel_2_3                                                                     | ap_rst_n                                                                                                                                                                            |                2 |              8 |         4.00 |
|  ap_clk      | bd_0_i/hls_inst/U0/control_s_axi_U/int_kernel_3_1                                                                     | ap_rst_n                                                                                                                                                                            |                3 |              8 |         2.67 |
|  ap_clk      | bd_0_i/hls_inst/U0/control_s_axi_U/int_kernel_1_2                                                                     | ap_rst_n                                                                                                                                                                            |                4 |              8 |         2.00 |
|  ap_clk      | bd_0_i/hls_inst/U0/control_s_axi_U/int_kernel_0_2[7]_i_1_n_4                                                          | ap_rst_n                                                                                                                                                                            |                3 |              8 |         2.67 |
|  ap_clk      | bd_0_i/hls_inst/U0/grp_hls_filter_2d_Pipeline_VITIS_LOOP_50_1_fu_364/mul_8ns_8s_16_1_1_U4/ap_block_pp0_stage0_subdone | bd_0_i/hls_inst/U0/grp_hls_filter_2d_Pipeline_VITIS_LOOP_50_1_fu_364/mac_muladd_8ns_8s_17s_18_4_1_U20/hls_filter_2d_mac_muladd_8ns_8s_17s_18_4_1_DSP48_0_U/val_78_reg_2736[0]       |                3 |              8 |         2.67 |
|  ap_clk      | bd_0_i/hls_inst/U0/grp_hls_filter_2d_Pipeline_VITIS_LOOP_50_1_fu_364/mul_8ns_8s_16_1_1_U4/ap_block_pp0_stage0_subdone | bd_0_i/hls_inst/U0/grp_hls_filter_2d_Pipeline_VITIS_LOOP_50_1_fu_364/mac_muladd_8ns_8s_17s_18_4_1_U21/hls_filter_2d_mac_muladd_8ns_8s_17s_18_4_1_DSP48_0_U/val_71_reg_2706[0]       |                2 |              8 |         4.00 |
|  ap_clk      | bd_0_i/hls_inst/U0/grp_hls_filter_2d_Pipeline_VITIS_LOOP_50_1_fu_364/mul_8ns_8s_16_1_1_U4/ap_block_pp0_stage0_subdone | bd_0_i/hls_inst/U0/grp_hls_filter_2d_Pipeline_VITIS_LOOP_50_1_fu_364/mac_muladd_8ns_8s_17s_18_4_1_U22/hls_filter_2d_mac_muladd_8ns_8s_17s_18_4_1_DSP48_0_U/val_68_reg_2691[0]       |                2 |              8 |         4.00 |
|  ap_clk      | bd_0_i/hls_inst/U0/grp_hls_filter_2d_Pipeline_VITIS_LOOP_50_1_fu_364/mul_8ns_8s_16_1_1_U4/ap_block_pp0_stage0_subdone | bd_0_i/hls_inst/U0/grp_hls_filter_2d_Pipeline_VITIS_LOOP_50_1_fu_364/mac_muladd_8ns_8s_17s_18_4_1_U25/hls_filter_2d_mac_muladd_8ns_8s_17s_18_4_1_DSP48_0_U/val_86_reg_2766[0]       |                3 |              8 |         2.67 |
|  ap_clk      | bd_0_i/hls_inst/U0/grp_hls_filter_2d_Pipeline_VITIS_LOOP_50_1_fu_364/mul_8ns_8s_16_1_1_U4/ap_block_pp0_stage0_subdone | bd_0_i/hls_inst/U0/grp_hls_filter_2d_Pipeline_VITIS_LOOP_50_1_fu_364/mul_8ns_8s_16_1_1_U10/val_80_reg_2741[0]                                                                       |                4 |              8 |         2.00 |
|  ap_clk      | bd_0_i/hls_inst/U0/grp_hls_filter_2d_Pipeline_VITIS_LOOP_50_1_fu_364/mul_8ns_8s_16_1_1_U4/ap_block_pp0_stage0_subdone | bd_0_i/hls_inst/U0/grp_hls_filter_2d_Pipeline_VITIS_LOOP_50_1_fu_364/mul_8ns_8s_16_1_1_U2/val_77_reg_2731[0]                                                                        |                2 |              8 |         4.00 |
|  ap_clk      | bd_0_i/hls_inst/U0/grp_hls_filter_2d_Pipeline_VITIS_LOOP_50_1_fu_364/mul_8ns_8s_16_1_1_U4/ap_block_pp0_stage0_subdone | bd_0_i/hls_inst/U0/grp_hls_filter_2d_Pipeline_VITIS_LOOP_50_1_fu_364/mul_8ns_8s_16_1_1_U3/val_75_reg_2721[0]                                                                        |                1 |              8 |         8.00 |
|  ap_clk      | bd_0_i/hls_inst/U0/grp_hls_filter_2d_Pipeline_VITIS_LOOP_50_1_fu_364/mul_8ns_8s_16_1_1_U4/ap_block_pp0_stage0_subdone | bd_0_i/hls_inst/U0/grp_hls_filter_2d_Pipeline_VITIS_LOOP_50_1_fu_364/mul_8ns_8s_16_1_1_U4/val_72_reg_2711[0]                                                                        |                2 |              8 |         4.00 |
|  ap_clk      | bd_0_i/hls_inst/U0/grp_hls_filter_2d_Pipeline_VITIS_LOOP_50_1_fu_364/mul_8ns_8s_16_1_1_U4/ap_block_pp0_stage0_subdone | bd_0_i/hls_inst/U0/grp_hls_filter_2d_Pipeline_VITIS_LOOP_50_1_fu_364/mul_8ns_8s_16_1_1_U5/val_65_reg_2681[0]                                                                        |                3 |              8 |         2.67 |
|  ap_clk      | bd_0_i/hls_inst/U0/grp_hls_filter_2d_Pipeline_VITIS_LOOP_50_1_fu_364/mul_8ns_8s_16_1_1_U4/ap_block_pp0_stage0_subdone | bd_0_i/hls_inst/U0/grp_hls_filter_2d_Pipeline_VITIS_LOOP_50_1_fu_364/mul_8ns_8s_16_1_1_U9/val_84_reg_2761[0]                                                                        |                1 |              8 |         8.00 |
|  ap_clk      | bd_0_i/hls_inst/U0/regslice_both_s_axis_video_U/load_p2                                                               |                                                                                                                                                                                     |                3 |              8 |         2.67 |
|  ap_clk      | bd_0_i/hls_inst/U0/regslice_both_s_axis_video_U/load_p1                                                               |                                                                                                                                                                                     |                3 |              8 |         2.67 |
|  ap_clk      | bd_0_i/hls_inst/U0/grp_hls_filter_2d_Pipeline_VITIS_LOOP_50_1_fu_364/mul_8ns_8s_16_1_1_U4/ap_block_pp0_stage0_subdone | ap_rst_n                                                                                                                                                                            |                6 |              9 |         1.50 |
|  ap_clk      | bd_0_i/hls_inst/U0/regslice_both_m_axis_video_U/load_p1                                                               |                                                                                                                                                                                     |                5 |             10 |         2.00 |
|  ap_clk      | bd_0_i/hls_inst/U0/grp_hls_filter_2d_Pipeline_VITIS_LOOP_50_1_fu_364/load_p2                                          |                                                                                                                                                                                     |                5 |             10 |         2.00 |
|  ap_clk      | bd_0_i/hls_inst/U0/grp_hls_filter_2d_Pipeline_VITIS_LOOP_50_1_fu_364/line_buffer_3_U/E[0]                             | bd_0_i/hls_inst/U0/grp_hls_filter_2d_Pipeline_VITIS_LOOP_50_1_fu_364/flow_control_loop_pipe_sequential_init_U/grp_hls_filter_2d_Pipeline_VITIS_LOOP_50_1_fu_364_ap_start_reg_reg[0] |                3 |             13 |         4.33 |
|  ap_clk      | bd_0_i/hls_inst/U0/grp_hls_filter_2d_Pipeline_VITIS_LOOP_50_1_fu_364/img_x_2_fu_280[0]                                | bd_0_i/hls_inst/U0/grp_hls_filter_2d_Pipeline_VITIS_LOOP_50_1_fu_364/flow_control_loop_pipe_sequential_init_U/SR[0]                                                                 |                2 |             13 |         6.50 |
|  ap_clk      | bd_0_i/hls_inst/U0/grp_hls_filter_2d_Pipeline_VITIS_LOOP_50_1_fu_364/img_y_2_fu_276[0]                                | bd_0_i/hls_inst/U0/grp_hls_filter_2d_Pipeline_VITIS_LOOP_50_1_fu_364/flow_control_loop_pipe_sequential_init_U/ap_loop_init_int_reg_0[0]                                             |                3 |             13 |         4.33 |
|  ap_clk      | bd_0_i/hls_inst/U0/control_s_axi_U/waddr_reg[3]_0[0]                                                                  | ap_rst_n                                                                                                                                                                            |                5 |             13 |         2.60 |
|  ap_clk      |                                                                                                                       |                                                                                                                                                                                     |                8 |             13 |         1.62 |
|  ap_clk      | bd_0_i/hls_inst/U0/control_s_axi_U/E[0]                                                                               | ap_rst_n                                                                                                                                                                            |                5 |             13 |         2.60 |
|  ap_clk      | bd_0_i/hls_inst/U0/control_s_axi_U/ar_hs                                                                              | bd_0_i/hls_inst/U0/control_s_axi_U/rdata_data[31]_i_1_n_4                                                                                                                           |                6 |             19 |         3.17 |
|  ap_clk      | bd_0_i/hls_inst/U0/grp_hls_filter_2d_Pipeline_VITIS_LOOP_50_1_fu_364/line_buffer_1_U/ce0                              |                                                                                                                                                                                     |                5 |             22 |         4.40 |
|  ap_clk      | bd_0_i/hls_inst/U0/grp_hls_filter_2d_Pipeline_VITIS_LOOP_50_1_fu_364/line_buffer_2_U/ce0                              |                                                                                                                                                                                     |                7 |             22 |         3.14 |
|  ap_clk      | bd_0_i/hls_inst/U0/grp_hls_filter_2d_Pipeline_VITIS_LOOP_50_1_fu_364/line_buffer_3_U/E[0]                             |                                                                                                                                                                                     |                8 |             22 |         2.75 |
|  ap_clk      |                                                                                                                       | ap_rst_n                                                                                                                                                                            |               16 |             32 |         2.00 |
|  ap_clk      | bd_0_i/hls_inst/U0/control_s_axi_U/int_delta                                                                          | ap_rst_n                                                                                                                                                                            |               13 |             32 |         2.46 |
|  ap_clk      | bd_0_i/hls_inst/U0/control_s_axi_U/int_inv_divisor                                                                    | ap_rst_n                                                                                                                                                                            |               14 |             32 |         2.29 |
|  ap_clk      | bd_0_i/hls_inst/U0/grp_hls_filter_2d_Pipeline_VITIS_LOOP_50_1_fu_364/mul_8ns_8s_16_1_1_U8/E[0]                        |                                                                                                                                                                                     |               10 |             40 |         4.00 |
|  ap_clk      | bd_0_i/hls_inst/U0/grp_hls_filter_2d_Pipeline_VITIS_LOOP_50_1_fu_364/ap_ready_int                                     |                                                                                                                                                                                     |               10 |             42 |         4.20 |
|  ap_clk      | bd_0_i/hls_inst/U0/ap_CS_fsm_state2                                                                                   |                                                                                                                                                                                     |               12 |             68 |         5.67 |
|  ap_clk      | bd_0_i/hls_inst/U0/grp_hls_filter_2d_Pipeline_VITIS_LOOP_50_1_fu_364/line_buffer_U/ce0                                |                                                                                                                                                                                     |               30 |            128 |         4.27 |
|  ap_clk      | bd_0_i/hls_inst/U0/grp_hls_filter_2d_Pipeline_VITIS_LOOP_50_1_fu_364/mul_8ns_8s_16_1_1_U4/ap_block_pp0_stage0_subdone |                                                                                                                                                                                     |               54 |            171 |         3.17 |
|  ap_clk      | bd_0_i/hls_inst/U0/ap_CS_fsm_state1                                                                                   |                                                                                                                                                                                     |               57 |            192 |         3.37 |
+--------------+-----------------------------------------------------------------------------------------------------------------------+-------------------------------------------------------------------------------------------------------------------------------------------------------------------------------------+------------------+----------------+--------------+


