================================================================
== Design Size Report
================================================================

* Total Instructions per Compilation Phase
+---------------+----------------------------+--------------+----------------------------------------------------------------------------------------+
| Phase         | Step                       | Instructions | Description                                                                            |
+---------------+----------------------------+--------------+----------------------------------------------------------------------------------------+
| Compile/Link  |                            | 701          | After all functions are compiled and linked into a single design                       |
|               |                            |              |                                                                                        |
| Unroll/Inline |                            |              | After user unroll and inline pragmas are applied                                       |
|               | (1) unroll                 | 296          | user unroll pragmas are applied                                                        |
|               | (2) simplification         | 201          | simplification of applied user unroll pragmas                                          |
|               | (3) inline                 | 198          | user inline pragmas are applied                                                        |
|               | (4) simplification         | 150          | simplification of applied user inline pragmas                                          |
|               |                            |              |                                                                                        |
| Array/Struct  |                            |              | After user array partition and struct aggregate/disaggregate pragmas are applied       |
|               | (1) array partition        | 229          | user array partition pragmas are applied                                               |
|               | (2) simplification         | 157          | simplification of applied user array partition & struct aggregate/disaggregate pragmas |
|               | (3) aggregate/disaggregate | 157          | user struct aggregate/disaggregate pragmas are applied                                 |
|               | (4) array reshape          | 226          | apply array reshape pragmas                                                            |
|               | (5) access patterns        | 213          | array access pattern optmizations                                                      |
|               |                            |              |                                                                                        |
| Performance   |                            |              | After transformations are applied to meet performance pragma targets                   |
|               | (1) loop simplification    | 203          | loop and instruction simplification                                                    |
|               | (2) parallelization        | 203          | loops are unrolled or pipelined to meet performance targets                            |
|               | (3) array partition        | 202          | arrays are partitioned to meet performance targets                                     |
|               | (4) simplification         | 202          | simplification of design after performance transformations                             |
|               |                            |              |                                                                                        |
| HW Transforms |                            |              | After hardware transfomations                                                          |
|               | (1) lowering               | 221          | initial conversion to HW specific instructions                                         |
|               | (2) optimizations          | 222          | high level synthesis optimizations                                                     |
+---------------+----------------------------+--------------+----------------------------------------------------------------------------------------+

* Instructions per Function for each Compilation Phase
+------------------------------------+--------------------------------+--------------+---------------+--------------+-------------+---------------+
| Function                           | Location                       | Compile/Link | Unroll/Inline | Array/Struct | Performance | HW Transforms |
+------------------------------------+--------------------------------+--------------+---------------+--------------+-------------+---------------+
| + hls_color_space_convert_top      | hls_color_space_convert.cpp:55 | 701          | 150           | 213          | 202         | 222           |
|  + hls_color_space_convert_temp... | hls_color_space_convert.cpp:4  | 690          | 139           | 194          | 171         | 160           |
|   + axi_stream_video               | hls_video_types.hpp:18         |  44          |               |              |             |               |
|      color_pixel                   | hls_video_types.hpp:43         |  39          |               |              |             |               |
+------------------------------------+--------------------------------+--------------+---------------+--------------+-------------+---------------+

* Design Size Message Settings
+---------------------------------------------+--------+------------------------------------------------------------------+
| Message Setting                             | Value  | Description                                                      |
+---------------------------------------------+--------+------------------------------------------------------------------+
| config_compile -design_size_maximum_warning | 100000 | Show a warning when total design instructions exceeds this value |
+---------------------------------------------+--------+------------------------------------------------------------------+


