

================================================================
== Vitis HLS Report for 'hls_color_space_convert_template_3_8_3_8_s'
================================================================
* Date:           Thu Jun 25 11:37:04 2026

* Version:        2025.2 (Build 6295257 on Nov 14 2025)
* Project:        hls_color_space_convert
* Solution:       hls (Vivado IP Flow Target)
* Product family: zynquplus
* Target device:  xck26-sfvc784-2LV-c


================================================================
== Performance Estimates
================================================================
+ Timing: 
    * Summary: 
    +--------+----------+----------+------------+
    |  Clock |  Target  | Estimated| Uncertainty|
    +--------+----------+----------+------------+
    |ap_clk  |  10.00 ns|  3.420 ns|     2.70 ns|
    +--------+----------+----------+------------+

+ Latency: 
    * Summary: 
    +---------+---------+----------+----------+-----+-----+---------+
    |  Latency (cycles) |  Latency (absolute) |  Interval | Pipeline|
    |   min   |   max   |    min   |    max   | min | max |   Type  |
    +---------+---------+----------+----------+-----+-----+---------+
    |        ?|        ?|         ?|         ?|    ?|    ?|       no|
    +---------+---------+----------+----------+-----+-----+---------+

    + Detail: 
        * Instance: 
        +------------------------------------------------------------------------------+-------------------------------------------------------------------+---------+---------+----------+----------+-----+-----+-------------------+
        |                                                                              |                                                                   |  Latency (cycles) |  Latency (absolute) |  Interval |      Pipeline     |
        |                                   Instance                                   |                               Module                              |   min   |   max   |    min   |    max   | min | max |        Type       |
        +------------------------------------------------------------------------------+-------------------------------------------------------------------+---------+---------+----------+----------+-----+-----+-------------------+
        |grp_hls_color_space_convert_template_3_8_3_8_Pipeline_VITIS_LOOP_19_1_fu_134  |hls_color_space_convert_template_3_8_3_8_Pipeline_VITIS_LOOP_19_1  |        ?|        ?|         ?|         ?|    0|    0|  loop pipeline stp|
        +------------------------------------------------------------------------------+-------------------------------------------------------------------+---------+---------+----------+----------+-----+-----+-------------------+

        * Loop: 
        N/A



================================================================
== Utilization Estimates
================================================================
* Summary: 
+-----------------+---------+------+--------+--------+-----+
|       Name      | BRAM_18K|  DSP |   FF   |   LUT  | URAM|
+-----------------+---------+------+--------+--------+-----+
|DSP              |        -|     -|       -|       -|    -|
|Expression       |        -|     -|       0|      41|    -|
|FIFO             |        -|     -|       -|       -|    -|
|Instance         |        -|    12|     534|     678|    -|
|Memory           |        -|     -|       -|       -|    -|
|Multiplexer      |        -|     -|       0|      38|    -|
|Register         |        -|     -|     100|       -|    -|
+-----------------+---------+------+--------+--------+-----+
|Total            |        0|    12|     634|     757|    0|
+-----------------+---------+------+--------+--------+-----+
|Available        |      288|  1248|  234240|  117120|   64|
+-----------------+---------+------+--------+--------+-----+
|Utilization (%)  |        0|    ~0|      ~0|      ~0|    0|
+-----------------+---------+------+--------+--------+-----+

+ Detail: 
    * Instance: 
    +------------------------------------------------------------------------------+-------------------------------------------------------------------+---------+----+-----+-----+-----+
    |                                   Instance                                   |                               Module                              | BRAM_18K| DSP|  FF | LUT | URAM|
    +------------------------------------------------------------------------------+-------------------------------------------------------------------+---------+----+-----+-----+-----+
    |grp_hls_color_space_convert_template_3_8_3_8_Pipeline_VITIS_LOOP_19_1_fu_134  |hls_color_space_convert_template_3_8_3_8_Pipeline_VITIS_LOOP_19_1  |        0|   9|  534|  658|    0|
    |mul_32s_32s_32_1_1_U29                                                        |mul_32s_32s_32_1_1                                                 |        0|   3|    0|   20|    0|
    +------------------------------------------------------------------------------+-------------------------------------------------------------------+---------+----+-----+-----+-----+
    |Total                                                                         |                                                                   |        0|  12|  534|  678|    0|
    +------------------------------------------------------------------------------+-------------------------------------------------------------------+---------+----+-----+-----+-----+

    * DSP: 
    N/A

    * Memory: 
    N/A

    * FIFO: 
    N/A

    * Expression: 
    +--------------------------------------------------------------------------------------------------+----------+----+---+----+------------+------------+
    |                                           Variable Name                                          | Operation| DSP| FF| LUT| Bitwidth P0| Bitwidth P1|
    +--------------------------------------------------------------------------------------------------+----------+----+---+----+------------+------------+
    |add_ln43_fu_174_p2                                                                                |         +|   0|  0|  39|          32|           2|
    |grp_hls_color_space_convert_template_3_8_3_8_Pipeline_VITIS_LOOP_19_1_fu_134_m_axis_video_TREADY  |       and|   0|  0|   2|           1|           1|
    +--------------------------------------------------------------------------------------------------+----------+----+---+----+------------+------------+
    |Total                                                                                             |          |   0|  0|  41|          33|           3|
    +--------------------------------------------------------------------------------------------------+----------+----+---+----+------------+------------+

    * Multiplexer: 
    +---------------------+----+-----------+-----+-----------+
    |         Name        | LUT| Input Size| Bits| Total Bits|
    +---------------------+----+-----------+-----+-----------+
    |ap_NS_fsm            |  20|          4|    1|          4|
    |m_axis_video_TDATA   |   9|          2|   32|         64|
    |s_axis_video_TREADY  |   9|          2|    1|          2|
    +---------------------+----+-----------+-----+-----------+
    |Total                |  38|          8|   34|         70|
    +---------------------+----+-----------+-----+-----------+

    * Register: 
    +-------------------------------------------------------------------------------------------+----+----+-----+-----------+
    |                                            Name                                           | FF | LUT| Bits| Const Bits|
    +-------------------------------------------------------------------------------------------+----+----+-----+-----------+
    |add_ln43_reg_250                                                                           |  32|   0|   32|          0|
    |ap_CS_fsm                                                                                  |   3|   0|    3|          0|
    |grp_hls_color_space_convert_template_3_8_3_8_Pipeline_VITIS_LOOP_19_1_fu_134_ap_start_reg  |   1|   0|    1|          0|
    |m_axis_video_TDATA_reg                                                                     |  32|   0|   32|          0|
    |total_pixels_reg_185                                                                       |  32|   0|   32|          0|
    +-------------------------------------------------------------------------------------------+----+----+-----+-----------+
    |Total                                                                                      | 100|   0|  100|          0|
    +-------------------------------------------------------------------------------------------+----+----+-----+-----------+



================================================================
== Interface
================================================================
* Summary: 
+------------------------+-----+-----+------------+----------------------------------------------+--------------+
|        RTL Ports       | Dir | Bits|  Protocol  |                 Source Object                |    C Type    |
+------------------------+-----+-----+------------+----------------------------------------------+--------------+
|ap_clk                  |   in|    1|  ap_ctrl_hs|  hls_color_space_convert_template<3, 8, 3, 8>|  return value|
|ap_rst                  |   in|    1|  ap_ctrl_hs|  hls_color_space_convert_template<3, 8, 3, 8>|  return value|
|ap_start                |   in|    1|  ap_ctrl_hs|  hls_color_space_convert_template<3, 8, 3, 8>|  return value|
|ap_done                 |  out|    1|  ap_ctrl_hs|  hls_color_space_convert_template<3, 8, 3, 8>|  return value|
|ap_idle                 |  out|    1|  ap_ctrl_hs|  hls_color_space_convert_template<3, 8, 3, 8>|  return value|
|ap_ready                |  out|    1|  ap_ctrl_hs|  hls_color_space_convert_template<3, 8, 3, 8>|  return value|
|s_axis_video_TDATA      |   in|   32|        axis|                                  s_axis_video|       pointer|
|s_axis_video_TVALID     |   in|    1|        axis|                                  s_axis_video|       pointer|
|s_axis_video_TREADY     |  out|    1|        axis|                                  s_axis_video|       pointer|
|m_axis_video_TDATA      |  out|   32|        axis|                                  m_axis_video|       pointer|
|m_axis_video_TVALID     |  out|    1|        axis|                                  m_axis_video|       pointer|
|m_axis_video_TREADY     |   in|    1|        axis|                                  m_axis_video|       pointer|
|coeffs_0_0_0_0_0_0_val  |   in|   16|     ap_none|                        coeffs_0_0_0_0_0_0_val|        scalar|
|coeffs_0_1_0_0_0_0_val  |   in|   16|     ap_none|                        coeffs_0_1_0_0_0_0_val|        scalar|
|coeffs_0_2_0_0_0_0_val  |   in|   16|     ap_none|                        coeffs_0_2_0_0_0_0_val|        scalar|
|coeffs_1_0_0_0_0_0_val  |   in|   16|     ap_none|                        coeffs_1_0_0_0_0_0_val|        scalar|
|coeffs_1_1_0_0_0_0_val  |   in|   16|     ap_none|                        coeffs_1_1_0_0_0_0_val|        scalar|
|coeffs_1_2_0_0_0_0_val  |   in|   16|     ap_none|                        coeffs_1_2_0_0_0_0_val|        scalar|
|coeffs_2_0_0_0_0_0_val  |   in|   16|     ap_none|                        coeffs_2_0_0_0_0_0_val|        scalar|
|coeffs_2_1_0_0_0_0_val  |   in|   16|     ap_none|                        coeffs_2_1_0_0_0_0_val|        scalar|
|coeffs_2_2_0_0_0_0_val  |   in|   16|     ap_none|                        coeffs_2_2_0_0_0_0_val|        scalar|
|offsets_0_val           |   in|   16|     ap_none|                                 offsets_0_val|        scalar|
|offsets_1_val           |   in|   16|     ap_none|                                 offsets_1_val|        scalar|
|offsets_2_val           |   in|   16|     ap_none|                                 offsets_2_val|        scalar|
|width                   |   in|   32|     ap_none|                                         width|        scalar|
|height                  |   in|   32|     ap_none|                                        height|        scalar|
+------------------------+-----+-----+------------+----------------------------------------------+--------------+

