

================================================================
== Vitis HLS Report for 'hls_color_space_convert_template_3_8_3_8_Pipeline_VITIS_LOOP_58_1'
================================================================
* Date:           Sat Mar 28 14:30:08 2026

* Version:        2025.2 (Build 6295257 on Nov 14 2025)
* Project:        hls_color_space_convert
* Solution:       hls (Vivado IP Flow Target)
* Product family: zynquplus
* Target device:  xck26-sfvc784-2LV-c


================================================================
== Performance Estimates
================================================================
+ Timing: 
    * Summary: 
    +--------+----------+----------+------------+
    |  Clock |  Target  | Estimated| Uncertainty|
    +--------+----------+----------+------------+
    |ap_clk  |  10.00 ns|  3.206 ns|     2.70 ns|
    +--------+----------+----------+------------+

+ Latency: 
    * Summary: 
    +---------+---------+----------+----------+-----+-----+-------------------+
    |  Latency (cycles) |  Latency (absolute) |  Interval |      Pipeline     |
    |   min   |   max   |    min   |    max   | min | max |        Type       |
    +---------+---------+----------+----------+-----+-----+-------------------+
    |        ?|        ?|         ?|         ?|    0|    0|  loop pipeline stp|
    +---------+---------+----------+----------+-----+-----+-------------------+

    + Detail: 
        * Instance: 
        N/A

        * Loop: 
        +-------------------+---------+---------+----------+-----------+-----------+------+----------+
        |                   |  Latency (cycles) | Iteration|  Initiation Interval  | Trip |          |
        |     Loop Name     |   min   |   max   |  Latency |  achieved |   target  | Count| Pipelined|
        +-------------------+---------+---------+----------+-----------+-----------+------+----------+
        |- VITIS_LOOP_58_1  |        ?|        ?|         6|          1|          1|     ?|       yes|
        +-------------------+---------+---------+----------+-----------+-----------+------+----------+



================================================================
== Utilization Estimates
================================================================
* Summary: 
+-----------------+---------+------+--------+--------+-----+
|       Name      | BRAM_18K|  DSP |   FF   |   LUT  | URAM|
+-----------------+---------+------+--------+--------+-----+
|DSP              |        -|     6|       -|       -|    -|
|Expression       |        -|     -|       0|     507|    -|
|FIFO             |        -|     -|       -|       -|    -|
|Instance         |        -|     3|       0|      15|    -|
|Memory           |        -|     -|       -|       -|    -|
|Multiplexer      |        -|     -|       0|      72|    -|
|Register         |        -|     -|     534|      64|    -|
+-----------------+---------+------+--------+--------+-----+
|Total            |        0|     9|     534|     658|    0|
+-----------------+---------+------+--------+--------+-----+
|Available        |      288|  1248|  234240|  117120|   64|
+-----------------+---------+------+--------+--------+-----+
|Utilization (%)  |        0|    ~0|      ~0|      ~0|    0|
+-----------------+---------+------+--------+--------+-----+

+ Detail: 
    * Instance: 
    +-----------------------+--------------------+---------+----+---+----+-----+
    |        Instance       |       Module       | BRAM_18K| DSP| FF| LUT| URAM|
    +-----------------------+--------------------+---------+----+---+----+-----+
    |mul_16s_8ns_24_1_1_U1  |mul_16s_8ns_24_1_1  |        0|   1|  0|   5|    0|
    |mul_16s_8ns_24_1_1_U2  |mul_16s_8ns_24_1_1  |        0|   1|  0|   5|    0|
    |mul_16s_8ns_24_1_1_U3  |mul_16s_8ns_24_1_1  |        0|   1|  0|   5|    0|
    +-----------------------+--------------------+---------+----+---+----+-----+
    |Total                  |                    |        0|   3|  0|  15|    0|
    +-----------------------+--------------------+---------+----+---+----+-----+

    * DSP: 
    +----------------------------------+-------------------------------+--------------+
    |             Instance             |             Module            |  Expression  |
    +----------------------------------+-------------------------------+--------------+
    |mac_muladd_16s_8ns_24s_25_4_1_U4  |mac_muladd_16s_8ns_24s_25_4_1  |  i0 + i1 * i2|
    |mac_muladd_16s_8ns_24s_25_4_1_U5  |mac_muladd_16s_8ns_24s_25_4_1  |  i0 + i1 * i2|
    |mac_muladd_16s_8ns_24s_25_4_1_U6  |mac_muladd_16s_8ns_24s_25_4_1  |  i0 + i1 * i2|
    |mac_muladd_16s_8ns_25s_26_4_1_U7  |mac_muladd_16s_8ns_25s_26_4_1  |  i0 + i1 * i2|
    |mac_muladd_16s_8ns_25s_26_4_1_U8  |mac_muladd_16s_8ns_25s_26_4_1  |  i0 + i1 * i2|
    |mac_muladd_16s_8ns_25s_26_4_1_U9  |mac_muladd_16s_8ns_25s_26_4_1  |  i0 + i1 * i2|
    +----------------------------------+-------------------------------+--------------+

    * Memory: 
    N/A

    * FIFO: 
    N/A

    * Expression: 
    +--------------------------------+----------+----+---+----+------------+------------+
    |          Variable Name         | Operation| DSP| FF| LUT| Bitwidth P0| Bitwidth P1|
    +--------------------------------+----------+----+---+----+------------+------------+
    |add_ln58_fu_280_p2              |         +|   0|  0|  38|          31|           1|
    |result_1_fu_513_p2              |         +|   0|  0|  26|          19|          19|
    |result_2_fu_571_p2              |         +|   0|  0|  26|          19|          19|
    |result_fu_435_p2                |         +|   0|  0|  26|          19|          19|
    |x_1_fu_315_p2                   |         +|   0|  0|  39|          32|           1|
    |y_1_fu_309_p2                   |         +|   0|  0|  39|          32|           1|
    |icmp_ln103_fu_298_p2            |      icmp|   0|  0|  39|          32|           1|
    |icmp_ln104_fu_304_p2            |      icmp|   0|  0|  39|          32|          32|
    |icmp_ln58_fu_275_p2             |      icmp|   0|  0|  39|          32|          32|
    |icmp_ln93_1_fu_540_p2           |      icmp|   0|  0|  18|          11|           1|
    |icmp_ln93_2_fu_598_p2           |      icmp|   0|  0|  18|          11|           1|
    |icmp_ln93_fu_462_p2             |      icmp|   0|  0|  18|          11|           1|
    |ap_block_pp0_stage0_01001_grp1  |        or|   0|  0|   2|           1|           1|
    |or_ln103_fu_292_p2              |        or|   0|  0|  32|          32|          32|
    |or_ln99_1_fu_552_p2             |        or|   0|  0|   2|           1|           1|
    |or_ln99_2_fu_622_p2             |        or|   0|  0|   2|           1|           1|
    |or_ln99_fu_486_p2               |        or|   0|  0|   2|           1|           1|
    |select_ln99_1_fu_628_p3         |    select|   0|  0|   8|           1|           8|
    |select_ln99_2_fu_648_p3         |    select|   0|  0|   8|           1|           8|
    |select_ln99_3_fu_478_p3         |    select|   0|  0|   2|           1|           2|
    |select_ln99_4_fu_614_p3         |    select|   0|  0|   2|           1|           2|
    |select_ln99_5_fu_636_p3         |    select|   0|  0|   2|           1|           2|
    |select_ln99_fu_492_p3           |    select|   0|  0|   8|           1|           8|
    |x_2_fu_321_p3                   |    select|   0|  0|  32|           1|           1|
    |y_2_fu_329_p3                   |    select|   0|  0|  32|           1|          32|
    |ap_enable_pp0                   |       xor|   0|  0|   2|           1|           2|
    |xor_ln99_1_fu_546_p2            |       xor|   0|  0|   2|           1|           2|
    |xor_ln99_2_fu_608_p2            |       xor|   0|  0|   2|           1|           2|
    |xor_ln99_fu_472_p2              |       xor|   0|  0|   2|           1|           2|
    +--------------------------------+----------+----+---+----+------------+------------+
    |Total                           |          |   0|  0| 507|         329|         235|
    +--------------------------------+----------+----+---+----+------------+------------+

    * Multiplexer: 
    +--------------------------+----+-----------+-----+-----------+
    |           Name           | LUT| Input Size| Bits| Total Bits|
    +--------------------------+----+-----------+-----+-----------+
    |ap_done_int               |   9|          2|    1|          2|
    |ap_enable_reg_pp0_iter1   |   9|          2|    1|          2|
    |ap_enable_reg_pp0_iter2   |   9|          2|    1|          2|
    |i_fu_104                  |   9|          2|   31|         62|
    |m_axis_video_TDATA_blk_n  |   9|          2|    1|          2|
    |s_axis_video_TDATA_blk_n  |   9|          2|    1|          2|
    |x_fu_96                   |   9|          2|   32|         64|
    |y_fu_100                  |   9|          2|   32|         64|
    +--------------------------+----+-----------+-----+-----------+
    |Total                     |  72|         16|  100|        200|
    +--------------------------+----+-----------+-----+-----------+

    * Register: 
    +----------------------------------+----+----+-----+-----------+
    |               Name               | FF | LUT| Bits| Const Bits|
    +----------------------------------+----+----+-----+-----------+
    |ap_CS_fsm                         |   1|   0|    1|          0|
    |ap_done_reg                       |   1|   0|    1|          0|
    |ap_enable_reg_pp0_iter1           |   1|   0|    1|          0|
    |ap_enable_reg_pp0_iter2           |   1|   0|    1|          0|
    |ap_enable_reg_pp0_iter3           |   1|   0|    1|          0|
    |ap_enable_reg_pp0_iter4           |   1|   0|    1|          0|
    |ap_enable_reg_pp0_iter5           |   1|   0|    1|          0|
    |ap_enable_reg_pp0_iter6           |   1|   0|    1|          0|
    |ap_loop_exit_ready_pp0_iter2_reg  |   1|   0|    1|          0|
    |ap_loop_exit_ready_pp0_iter3_reg  |   1|   0|    1|          0|
    |ap_loop_exit_ready_pp0_iter4_reg  |   1|   0|    1|          0|
    |ap_loop_exit_ready_pp0_iter5_reg  |   1|   0|    1|          0|
    |i_fu_104                          |  31|   0|   31|          0|
    |icmp_ln103_reg_816                |   1|   0|    1|          0|
    |icmp_ln104_reg_821                |   1|   0|    1|          0|
    |lshr_ln_reg_831                   |   8|   0|    8|          0|
    |lshr_ln_reg_831_pp0_iter3_reg     |   8|   0|    8|          0|
    |sext_ln58_cast_reg_797            |  19|   0|   19|          0|
    |sext_ln83_10_cast_reg_802         |  19|   0|   19|          0|
    |sext_ln83_1_cast_reg_787          |  24|   0|   24|          0|
    |sext_ln83_2_cast_reg_782          |  24|   0|   24|          0|
    |sext_ln83_3_cast_reg_777          |  24|   0|   24|          0|
    |sext_ln83_4_cast_reg_772          |  24|   0|   24|          0|
    |sext_ln83_5_cast_reg_767          |  24|   0|   24|          0|
    |sext_ln83_6_cast_reg_762          |  24|   0|   24|          0|
    |sext_ln83_7_cast_reg_757          |  24|   0|   24|          0|
    |sext_ln83_8_cast_reg_752          |  24|   0|   24|          0|
    |sext_ln83_9_cast_reg_807          |  19|   0|   19|          0|
    |sext_ln83_cast_reg_792            |  24|   0|   24|          0|
    |trunc_ln65_reg_826                |   8|   0|    8|          0|
    |x_fu_96                           |  32|   0|   32|          0|
    |y_fu_100                          |  32|   0|   32|          0|
    |icmp_ln103_reg_816                |  64|  32|    1|          0|
    |icmp_ln104_reg_821                |  64|  32|    1|          0|
    +----------------------------------+----+----+-----+-----------+
    |Total                             | 534|  64|  408|          0|
    +----------------------------------+----+----+-----+-----------+



================================================================
== Interface
================================================================
* Summary: 
+---------------------+-----+-----+------------+-----------------------------------------------------------------------+--------------+
|      RTL Ports      | Dir | Bits|  Protocol  |                             Source Object                             |    C Type    |
+---------------------+-----+-----+------------+-----------------------------------------------------------------------+--------------+
|ap_clk               |   in|    1|  ap_ctrl_hs|  hls_color_space_convert_template<3, 8, 3, 8>_Pipeline_VITIS_LOOP_58_1|  return value|
|ap_rst               |   in|    1|  ap_ctrl_hs|  hls_color_space_convert_template<3, 8, 3, 8>_Pipeline_VITIS_LOOP_58_1|  return value|
|ap_start             |   in|    1|  ap_ctrl_hs|  hls_color_space_convert_template<3, 8, 3, 8>_Pipeline_VITIS_LOOP_58_1|  return value|
|ap_done              |  out|    1|  ap_ctrl_hs|  hls_color_space_convert_template<3, 8, 3, 8>_Pipeline_VITIS_LOOP_58_1|  return value|
|ap_idle              |  out|    1|  ap_ctrl_hs|  hls_color_space_convert_template<3, 8, 3, 8>_Pipeline_VITIS_LOOP_58_1|  return value|
|ap_ready             |  out|    1|  ap_ctrl_hs|  hls_color_space_convert_template<3, 8, 3, 8>_Pipeline_VITIS_LOOP_58_1|  return value|
|s_axis_video_TVALID  |   in|    1|        axis|                                                           s_axis_video|       pointer|
|s_axis_video_TDATA   |   in|   32|        axis|                                                           s_axis_video|       pointer|
|s_axis_video_TREADY  |  out|    1|        axis|                                                           s_axis_video|       pointer|
|m_axis_video_TREADY  |   in|    1|        axis|                                                           m_axis_video|       pointer|
|m_axis_video_TDATA   |  out|   32|        axis|                                                           m_axis_video|       pointer|
|m_axis_video_TVALID  |  out|    1|        axis|                                                           m_axis_video|       pointer|
|total_pixels         |   in|   32|     ap_none|                                                           total_pixels|        scalar|
|sext_ln83            |   in|   16|     ap_none|                                                              sext_ln83|        scalar|
|sext_ln83_1          |   in|   16|     ap_none|                                                            sext_ln83_1|        scalar|
|sext_ln83_2          |   in|   16|     ap_none|                                                            sext_ln83_2|        scalar|
|sext_ln83_9          |   in|   16|     ap_none|                                                            sext_ln83_9|        scalar|
|sext_ln83_3          |   in|   16|     ap_none|                                                            sext_ln83_3|        scalar|
|sext_ln83_4          |   in|   16|     ap_none|                                                            sext_ln83_4|        scalar|
|sext_ln83_5          |   in|   16|     ap_none|                                                            sext_ln83_5|        scalar|
|sext_ln83_10         |   in|   16|     ap_none|                                                           sext_ln83_10|        scalar|
|sext_ln83_6          |   in|   16|     ap_none|                                                            sext_ln83_6|        scalar|
|sext_ln83_7          |   in|   16|     ap_none|                                                            sext_ln83_7|        scalar|
|sext_ln83_8          |   in|   16|     ap_none|                                                            sext_ln83_8|        scalar|
|sext_ln58            |   in|   16|     ap_none|                                                              sext_ln58|        scalar|
|add_ln104            |   in|   32|     ap_none|                                                              add_ln104|        scalar|
+---------------------+-----+-----+------------+-----------------------------------------------------------------------+--------------+

