

================================================================
== Vitis HLS Report for 'hls_threshold_gray_Pipeline_VITIS_LOOP_24_1'
================================================================
* Date:           Thu Jun 25 10:38:02 2026

* Version:        2025.2 (Build 6295257 on Nov 14 2025)
* Project:        hls_threshold
* Solution:       hls (Vivado IP Flow Target)
* Product family: zynquplus
* Target device:  xck26-sfvc784-2LV-c


================================================================
== Performance Estimates
================================================================
+ Timing: 
    * Summary: 
    +--------+----------+----------+------------+
    |  Clock |  Target  | Estimated| Uncertainty|
    +--------+----------+----------+------------+
    |ap_clk  |  10.00 ns|  1.919 ns|     2.70 ns|
    +--------+----------+----------+------------+

+ Latency: 
    * Summary: 
    +---------+---------+----------+----------+-----+-----+-------------------+
    |  Latency (cycles) |  Latency (absolute) |  Interval |      Pipeline     |
    |   min   |   max   |    min   |    max   | min | max |        Type       |
    +---------+---------+----------+----------+-----+-----+-------------------+
    |        ?|        ?|         ?|         ?|    0|    0|  loop pipeline stp|
    +---------+---------+----------+----------+-----+-----+-------------------+

    + Detail: 
        * Instance: 
        N/A

        * Loop: 
        +-------------------+---------+---------+----------+-----------+-----------+------+----------+
        |                   |  Latency (cycles) | Iteration|  Initiation Interval  | Trip |          |
        |     Loop Name     |   min   |   max   |  Latency |  achieved |   target  | Count| Pipelined|
        +-------------------+---------+---------+----------+-----------+-----------+------+----------+
        |- VITIS_LOOP_24_1  |        ?|        ?|         2|          1|          1|     ?|       yes|
        +-------------------+---------+---------+----------+-----------+-----------+------+----------+

============================================================
+ Verbose Summary: Synthesis Manager
============================================================
InlineROM: 1
ExposeGlobal: 0
============================================================
+ Verbose Summary: CDFG Model
============================================================
IsTopModel: 0
ResetActiveHigh: 1
IsCombinational: 0
IsDatapathOnly: 0
HasWiredReturn: 1
HasMFsm: 2
HasVarLatency: 1
IsPipeline: 0
IsRtlPipelined: 0
IsInstanceOverlapped: 0
IsDontTouch: 0
HasImplIP: 0
IsGatedGlobalClock: 0

+ Individual pipeline summary: 
  * Pipeline-0: initiation interval (II) = 1, depth = 2


============================================================
+ Verbose Summary: Schedule
============================================================
* Number of FSM states : 2
* Pipeline : 1
  Pipeline-0 : II = 1, D = 2, States = { 1 2 }
* Dataflow Pipeline: 0

* FSM state transitions: 
1 --> 2 
2 --> 

* FSM state operations: 

State 1 <SV = 0> <Delay = 1.91>
ST_1 : Operation 5 [1/1] (0.00ns)   --->   "%i = alloca i32 1" [./hls_threshold.hpp:24->hls_threshold.cpp:21]   --->   Operation 5 'alloca' 'i' <Predicate = true> <Delay = 0.00>
ST_1 : Operation 6 [1/1] (0.00ns)   --->   "%specinterface_ln0 = specinterface void @_ssdm_op_SpecInterface, i24 %m_axis_video, void @empty, i32 0, i32 0, void @empty_0, i32 0, i32 0, void @empty_1, void @empty_1, void @empty_1, i32 0, i32 0, i32 0, i32 0, void @empty_1, void @empty_1, i32 4294967295, i32 0, i32 0, i32 0"   --->   Operation 6 'specinterface' 'specinterface_ln0' <Predicate = true> <Delay = 0.00>
ST_1 : Operation 7 [1/1] (0.00ns)   --->   "%specinterface_ln0 = specinterface void @_ssdm_op_SpecInterface, i24 %s_axis_video, void @empty, i32 0, i32 0, void @empty_0, i32 0, i32 0, void @empty_1, void @empty_1, void @empty_1, i32 0, i32 0, i32 0, i32 0, void @empty_1, void @empty_1, i32 4294967295, i32 0, i32 0, i32 0"   --->   Operation 7 'specinterface' 'specinterface_ln0' <Predicate = true> <Delay = 0.00>
ST_1 : Operation 8 [1/1] (0.00ns)   --->   "%thresh_type_read = read i2 @_ssdm_op_Read.ap_auto.i2, i2 %thresh_type"   --->   Operation 8 'read' 'thresh_type_read' <Predicate = true> <Delay = 0.00>
ST_1 : Operation 9 [1/1] (0.00ns)   --->   "%thresh_val_read = read i8 @_ssdm_op_Read.ap_auto.i8, i8 %thresh_val"   --->   Operation 9 'read' 'thresh_val_read' <Predicate = true> <Delay = 0.00>
ST_1 : Operation 10 [1/1] (0.00ns)   --->   "%total_pixels_read = read i32 @_ssdm_op_Read.ap_auto.i32, i32 %total_pixels"   --->   Operation 10 'read' 'total_pixels_read' <Predicate = true> <Delay = 0.00>
ST_1 : Operation 11 [1/1] (0.42ns)   --->   "%store_ln24 = store i32 0, i32 %i" [./hls_threshold.hpp:24->hls_threshold.cpp:21]   --->   Operation 11 'store' 'store_ln24' <Predicate = true> <Delay = 0.42>
ST_1 : Operation 12 [1/1] (0.00ns)   --->   "%br_ln24 = br void %for.body.i" [./hls_threshold.hpp:24->hls_threshold.cpp:21]   --->   Operation 12 'br' 'br_ln24' <Predicate = true> <Delay = 0.00>
ST_1 : Operation 13 [1/1] (0.00ns)   --->   "%i_2 = load i32 %i" [./hls_threshold.hpp:24->hls_threshold.cpp:21]   --->   Operation 13 'load' 'i_2' <Predicate = true> <Delay = 0.00>
ST_1 : Operation 14 [1/1] (1.01ns)   --->   "%icmp_ln24 = icmp_eq  i32 %i_2, i32 %total_pixels_read" [./hls_threshold.hpp:24->hls_threshold.cpp:21]   --->   Operation 14 'icmp' 'icmp_ln24' <Predicate = true> <Delay = 1.01> <CoreInst = "Cmp">   --->   Core 9 'Cmp' <Latency = 0> <II = 1> <Delay = 1.01> <FuncUnit> <Opcode : 'seteq' 'setne' 'setle' 'setge' 'setlt' 'setgt'> <InPorts = 2> <OutPorts = 1>
ST_1 : Operation 15 [1/1] (0.00ns)   --->   "%br_ln24 = br i1 %icmp_ln24, void %for.body.i.split, void %_Z13hls_thresholdILi8EEvRN3hls6streamI16axi_stream_videoI11color_pixelILi1EXT_EEELi0EEES7_7ap_uintIXT_EES8_ILi2EES8_ILi32EESB_.exit.exitStub" [./hls_threshold.hpp:24->hls_threshold.cpp:21]   --->   Operation 15 'br' 'br_ln24' <Predicate = true> <Delay = 0.00>
ST_1 : Operation 16 [1/1] (1.01ns)   --->   "%i_1 = add i32 %i_2, i32 1" [./hls_threshold.hpp:24->hls_threshold.cpp:21]   --->   Operation 16 'add' 'i_1' <Predicate = (!icmp_ln24)> <Delay = 1.01> <CoreInst = "Adder">   --->   Core 1 'Adder' <Latency = 0> <II = 1> <Delay = 1.01> <FuncUnit> <Opcode : 'add' 'sub'> <InPorts = 2> <OutPorts = 1>
ST_1 : Operation 17 [1/1] (0.54ns)   --->   "%switch_ln33 = switch i2 %thresh_type_read, void %if.else10.i, i2 0, void %if.then.i, i2 1, void %if.then5.i" [./hls_threshold.hpp:33->hls_threshold.cpp:21]   --->   Operation 17 'switch' 'switch_ln33' <Predicate = (!icmp_ln24)> <Delay = 0.54>
ST_1 : Operation 18 [1/1] (0.47ns)   --->   "%br_ln37 = br void %for.inc.i" [./hls_threshold.hpp:37->hls_threshold.cpp:21]   --->   Operation 18 'br' 'br_ln37' <Predicate = (!icmp_ln24 & thresh_type_read == 1)> <Delay = 0.47>
ST_1 : Operation 19 [1/1] (0.47ns)   --->   "%br_ln35 = br void %for.inc.i" [./hls_threshold.hpp:35->hls_threshold.cpp:21]   --->   Operation 19 'br' 'br_ln35' <Predicate = (!icmp_ln24 & thresh_type_read == 0)> <Delay = 0.47>
ST_1 : Operation 20 [1/1] (0.47ns)   --->   "%br_ln0 = br void %for.inc.i"   --->   Operation 20 'br' 'br_ln0' <Predicate = (!icmp_ln24 & thresh_type_read != 0 & thresh_type_read != 1)> <Delay = 0.47>
ST_1 : Operation 21 [1/1] (0.42ns)   --->   "%store_ln24 = store i32 %i_1, i32 %i" [./hls_threshold.hpp:24->hls_threshold.cpp:21]   --->   Operation 21 'store' 'store_ln24' <Predicate = (!icmp_ln24)> <Delay = 0.42>
ST_1 : Operation 37 [1/1] (0.42ns)   --->   "%ret_ln0 = ret"   --->   Operation 37 'ret' 'ret_ln0' <Predicate = (icmp_ln24)> <Delay = 0.42>

State 2 <SV = 1> <Delay = 1.71>
ST_2 : Operation 22 [1/1] (0.00ns)   --->   "%specpipeline_ln25 = specpipeline void @_ssdm_op_SpecPipeline, i32 1, i32 0, i32 0, i32 0, i32 4294967295, void @empty_1" [./hls_threshold.hpp:25->hls_threshold.cpp:21]   --->   Operation 22 'specpipeline' 'specpipeline_ln25' <Predicate = (!icmp_ln24)> <Delay = 0.00>
ST_2 : Operation 23 [1/1] (0.00ns)   --->   "%specloopname_ln24 = specloopname void @_ssdm_op_SpecLoopName, void @empty_10" [./hls_threshold.hpp:24->hls_threshold.cpp:21]   --->   Operation 23 'specloopname' 'specloopname_ln24' <Predicate = (!icmp_ln24)> <Delay = 0.00>
ST_2 : Operation 24 [1/1] ( I:0.07ns O:0.07ns )   --->   "%s_axis_video_read = read i24 @_ssdm_op_Read.axis.volatile.i24P128A, i24 %s_axis_video" [./hls_threshold.hpp:27->hls_threshold.cpp:21]   --->   Operation 24 'read' 's_axis_video_read' <Predicate = (!icmp_ln24)> <Delay = 0.07> <CoreInst = "regslice">   --->   Core 147 'regslice' <Latency = 0> <II = 1> <Delay = 0.62> <Adapter> <Opcode : 'read' 'write'>
ST_2 : Operation 25 [1/1] (0.00ns)   --->   "%in_packet_data = trunc i24 %s_axis_video_read" [./hls_threshold.hpp:27->hls_threshold.cpp:21]   --->   Operation 25 'trunc' 'in_packet_data' <Predicate = (!icmp_ln24)> <Delay = 0.00>
ST_2 : Operation 26 [1/1] (0.76ns)   --->   "%pixel_out_1 = icmp_ugt  i8 %in_packet_data, i8 %thresh_val_read" [./hls_threshold.hpp:34->hls_threshold.cpp:21]   --->   Operation 26 'icmp' 'pixel_out_1' <Predicate = (!icmp_ln24)> <Delay = 0.76> <CoreInst = "Cmp">   --->   Core 9 'Cmp' <Latency = 0> <II = 1> <Delay = 0.76> <FuncUnit> <Opcode : 'seteq' 'setne' 'setle' 'setge' 'setlt' 'setgt'> <InPorts = 2> <OutPorts = 1>
ST_2 : Operation 27 [1/1] (0.39ns)   --->   "%pixel_out_2 = select i1 %pixel_out_1, i8 %thresh_val_read, i8 %in_packet_data" [./hls_threshold.hpp:36->hls_threshold.cpp:21]   --->   Operation 27 'select' 'pixel_out_2' <Predicate = (!icmp_ln24 & thresh_type_read == 1)> <Delay = 0.39> <CoreInst = "Sel">   --->   Core 73 'Sel' <Latency = 0> <II = 1> <Delay = 0.39> <FuncUnit> <Opcode : 'select'> <InPorts = 3> <OutPorts = 1>
ST_2 : Operation 28 [1/1] (0.17ns)   --->   "%select_ln34 = select i1 %pixel_out_1, i8 255, i8 0" [./hls_threshold.hpp:34->hls_threshold.cpp:21]   --->   Operation 28 'select' 'select_ln34' <Predicate = (!icmp_ln24 & thresh_type_read == 0)> <Delay = 0.17> <CoreInst = "Sel">   --->   Core 73 'Sel' <Latency = 0> <II = 1> <Delay = 0.17> <FuncUnit> <Opcode : 'select'> <InPorts = 3> <OutPorts = 1>
ST_2 : Operation 29 [1/1] (0.39ns)   --->   "%pixel_out = select i1 %pixel_out_1, i8 0, i8 %in_packet_data" [./hls_threshold.hpp:38->hls_threshold.cpp:21]   --->   Operation 29 'select' 'pixel_out' <Predicate = (!icmp_ln24 & thresh_type_read != 0 & thresh_type_read != 1)> <Delay = 0.39> <CoreInst = "Sel">   --->   Core 73 'Sel' <Latency = 0> <II = 1> <Delay = 0.39> <FuncUnit> <Opcode : 'select'> <InPorts = 3> <OutPorts = 1>
ST_2 : Operation 30 [1/1] (0.00ns)   --->   "%pixel_out_3 = phi i8 %select_ln34, void %if.then.i, i8 %pixel_out_2, void %if.then5.i, i8 %pixel_out, void %if.else10.i"   --->   Operation 30 'phi' 'pixel_out_3' <Predicate = true> <Delay = 0.00>
ST_2 : Operation 31 [1/1] (0.00ns)   --->   "%tmp = bitselect i1 @_ssdm_op_BitSelect.i1.i24.i24, i24 %s_axis_video_read, i24 16" [./hls_threshold.hpp:45->hls_threshold.cpp:21]   --->   Operation 31 'bitselect' 'tmp' <Predicate = true> <Delay = 0.00>
ST_2 : Operation 32 [1/1] (0.00ns)   --->   "%tmp_1 = bitselect i1 @_ssdm_op_BitSelect.i1.i24.i24, i24 %s_axis_video_read, i24 8" [./hls_threshold.hpp:45->hls_threshold.cpp:21]   --->   Operation 32 'bitselect' 'tmp_1' <Predicate = true> <Delay = 0.00>
ST_2 : Operation 33 [1/1] (0.00ns)   --->   "%tmp_2 = bitconcatenate i17 @_ssdm_op_BitConcatenate.i17.i1.i7.i1.i8, i1 %tmp, i7 0, i1 %tmp_1, i8 %pixel_out_3" [./hls_threshold.hpp:45->hls_threshold.cpp:21]   --->   Operation 33 'bitconcatenate' 'tmp_2' <Predicate = true> <Delay = 0.00>
ST_2 : Operation 34 [1/1] (0.00ns)   --->   "%zext_ln45 = zext i17 %tmp_2" [./hls_threshold.hpp:45->hls_threshold.cpp:21]   --->   Operation 34 'zext' 'zext_ln45' <Predicate = true> <Delay = 0.00>
ST_2 : Operation 35 [1/1] ( I:0.47ns O:0.47ns )   --->   "%write_ln45 = write void @_ssdm_op_Write.axis.volatile.i24P128A, i24 %m_axis_video, i24 %zext_ln45" [./hls_threshold.hpp:45->hls_threshold.cpp:21]   --->   Operation 35 'write' 'write_ln45' <Predicate = true> <Delay = 0.47> <CoreInst = "regslice">   --->   Core 147 'regslice' <Latency = 0> <II = 1> <Delay = 0.62> <Adapter> <Opcode : 'read' 'write'>
ST_2 : Operation 36 [1/1] (0.00ns)   --->   "%br_ln24 = br void %for.body.i" [./hls_threshold.hpp:24->hls_threshold.cpp:21]   --->   Operation 36 'br' 'br_ln24' <Predicate = true> <Delay = 0.00>


============================================================
+ Verbose Summary: Timing violations
============================================================
Target clock period: 10.000ns, clock uncertainty: 2.700ns.

 <State 1>: 1.919ns
The critical path consists of the following:
	'store' operation ('store_ln24', ./hls_threshold.hpp:24->hls_threshold.cpp:21) of constant 0 32 bit on local variable 'i', ./hls_threshold.hpp:24->hls_threshold.cpp:21 [12]  (0.427 ns)
	'load' operation 32 bit ('i', ./hls_threshold.hpp:24->hls_threshold.cpp:21) on local variable 'i', ./hls_threshold.hpp:24->hls_threshold.cpp:21 [15]  (0.000 ns)
	'add' operation 32 bit ('i', ./hls_threshold.hpp:24->hls_threshold.cpp:21) [19]  (1.016 ns)
	'store' operation ('store_ln24', ./hls_threshold.hpp:24->hls_threshold.cpp:21) of variable 'i', ./hls_threshold.hpp:24->hls_threshold.cpp:21 32 bit on local variable 'i', ./hls_threshold.hpp:24->hls_threshold.cpp:21 [42]  (0.427 ns)
	blocking operation 0.049 ns on control path)

 <State 2>: 1.712ns
The critical path consists of the following:
	axis read operation ('s_axis_video_read', ./hls_threshold.hpp:27->hls_threshold.cpp:21) on port 's_axis_video' (./hls_threshold.hpp:27->hls_threshold.cpp:21) [22]  (0.079 ns)
	'icmp' operation 1 bit ('pixel_out', ./hls_threshold.hpp:34->hls_threshold.cpp:21) [24]  (0.765 ns)
	'select' operation 8 bit ('pixel_out', ./hls_threshold.hpp:36->hls_threshold.cpp:21) [27]  (0.393 ns)
	'phi' operation 8 bit ('pixel_out') with incoming values : ('pixel_out', ./hls_threshold.hpp:36->hls_threshold.cpp:21) ('select_ln34', ./hls_threshold.hpp:34->hls_threshold.cpp:21) ('pixel_out', ./hls_threshold.hpp:38->hls_threshold.cpp:21) [36]  (0.000 ns)
	axis write operation ('write_ln45', ./hls_threshold.hpp:45->hls_threshold.cpp:21) on port 'm_axis_video' (./hls_threshold.hpp:45->hls_threshold.cpp:21) [41]  (0.475 ns)


============================================================
+ Verbose Summary: Binding
============================================================
N/A
* FSMD analyzer results:
  - Output states:
 - Input state : 
  - Chain level:
	State 1
	State 2


============================================================
+ Verbose Summary: Datapath Resource usage 
============================================================
N/A
