

================================================================
== Vitis HLS Report for 'hls_threshold_gray'
================================================================
* Date:           Fri Apr 10 08:38:19 2026

* Version:        2025.2 (Build 6295257 on Nov 14 2025)
* Project:        hls_threshold
* Solution:       hls (Vivado IP Flow Target)
* Product family: zynquplus
* Target device:  xck26-sfvc784-2LV-c


================================================================
== Performance Estimates
================================================================
+ Timing: 
    * Summary: 
    +--------+----------+----------+------------+
    |  Clock |  Target  | Estimated| Uncertainty|
    +--------+----------+----------+------------+
    |ap_clk  |  10.00 ns|  6.132 ns|     2.70 ns|
    +--------+----------+----------+------------+

+ Latency: 
    * Summary: 
    +---------+---------+----------+----------+-----+-----+---------+
    |  Latency (cycles) |  Latency (absolute) |  Interval | Pipeline|
    |   min   |   max   |    min   |    max   | min | max |   Type  |
    +---------+---------+----------+----------+-----+-----+---------+
    |        ?|        ?|         ?|         ?|    ?|    ?|       no|
    +---------+---------+----------+----------+-----+-----+---------+

    + Detail: 
        * Instance: 
        +-------------------------------------------------------+---------------------------------------------+---------+---------+----------+----------+-----+-----+-------------------+
        |                                                       |                                             |  Latency (cycles) |  Latency (absolute) |  Interval |      Pipeline     |
        |                        Instance                       |                    Module                   |   min   |   max   |    min   |    max   | min | max |        Type       |
        +-------------------------------------------------------+---------------------------------------------+---------+---------+----------+----------+-----+-----+-------------------+
        |grp_hls_threshold_gray_Pipeline_VITIS_LOOP_24_1_fu_78  |hls_threshold_gray_Pipeline_VITIS_LOOP_24_1  |        ?|        ?|         ?|         ?|    0|    0|  loop pipeline stp|
        +-------------------------------------------------------+---------------------------------------------+---------+---------+----------+----------+-----+-----+-------------------+

        * Loop: 
        N/A

============================================================
+ Verbose Summary: Synthesis Manager
============================================================
InlineROM: 1
ExposeGlobal: 0
============================================================
+ Verbose Summary: CDFG Model
============================================================
IsTopModel: 1
ResetActiveHigh: 1
IsCombinational: 0
IsDatapathOnly: 0
HasWiredReturn: 1
HasMFsm: 0
HasVarLatency: 1
IsPipeline: 0
IsRtlPipelined: 0
IsInstanceOverlapped: 0
IsDontTouch: 0
HasImplIP: 0
IsGatedGlobalClock: 0


============================================================
+ Verbose Summary: Schedule
============================================================
* Number of FSM states : 4
* Pipeline : 0
* Dataflow Pipeline: 0

* FSM state transitions: 
1 --> 2 
2 --> 3 
3 --> 4 
4 --> 

* FSM state operations: 

State 1 <SV = 0> <Delay = 0.00>

State 2 <SV = 1> <Delay = 6.13>
ST_2 : Operation 5 [1/1] (1.00ns)   --->   "%height_read = read i32 @_ssdm_op_Read.s_axilite.i32, i32 %height" [hls_threshold.cpp:8]   --->   Operation 5 'read' 'height_read' <Predicate = true> <Delay = 1.00> <CoreInst = "s_axilite">   --->   Core 120 's_axilite' <Latency = 0> <II = 1> <Delay = 1.00> <Adapter> <Opcode : 'read' 'write'>
ST_2 : Operation 6 [1/1] (1.00ns)   --->   "%width_read = read i32 @_ssdm_op_Read.s_axilite.i32, i32 %width" [hls_threshold.cpp:8]   --->   Operation 6 'read' 'width_read' <Predicate = true> <Delay = 1.00> <CoreInst = "s_axilite">   --->   Core 120 's_axilite' <Latency = 0> <II = 1> <Delay = 1.00> <Adapter> <Opcode : 'read' 'write'>
ST_2 : Operation 7 [1/1] (1.00ns)   --->   "%thresh_type_read = read i2 @_ssdm_op_Read.s_axilite.i2, i2 %thresh_type" [hls_threshold.cpp:8]   --->   Operation 7 'read' 'thresh_type_read' <Predicate = true> <Delay = 1.00> <CoreInst = "s_axilite">   --->   Core 120 's_axilite' <Latency = 0> <II = 1> <Delay = 1.00> <Adapter> <Opcode : 'read' 'write'>
ST_2 : Operation 8 [1/1] (1.00ns)   --->   "%thresh_val_read = read i8 @_ssdm_op_Read.s_axilite.i8, i8 %thresh_val" [hls_threshold.cpp:8]   --->   Operation 8 'read' 'thresh_val_read' <Predicate = true> <Delay = 1.00> <CoreInst = "s_axilite">   --->   Core 120 's_axilite' <Latency = 0> <II = 1> <Delay = 1.00> <Adapter> <Opcode : 'read' 'write'>
ST_2 : Operation 9 [1/1] (3.42ns)   --->   "%total_pixels = mul i32 %height_read, i32 %width_read" [./hls_threshold.hpp:21->hls_threshold.cpp:21]   --->   Operation 9 'mul' 'total_pixels' <Predicate = true> <Delay = 3.42> <CoreInst = "Multiplier">   --->   Core 3 'Multiplier' <Latency = 0> <II = 1> <Delay = 3.42> <FuncUnit> <Opcode : 'mul'> <InPorts = 2> <OutPorts = 1>
ST_2 : Operation 10 [2/2] (1.71ns)   --->   "%call_ln21 = call void @hls_threshold_gray_Pipeline_VITIS_LOOP_24_1, i32 %total_pixels, i24 %m_axis_video, i24 %s_axis_video, i8 %thresh_val_read, i2 %thresh_type_read" [./hls_threshold.hpp:21->hls_threshold.cpp:21]   --->   Operation 10 'call' 'call_ln21' <Predicate = true> <Delay = 1.71> <CoreType = "Generic">   --->   Generic Core

State 3 <SV = 2> <Delay = 2.18>
ST_3 : Operation 11 [1/2] (2.18ns)   --->   "%call_ln21 = call void @hls_threshold_gray_Pipeline_VITIS_LOOP_24_1, i32 %total_pixels, i24 %m_axis_video, i24 %s_axis_video, i8 %thresh_val_read, i2 %thresh_type_read" [./hls_threshold.hpp:21->hls_threshold.cpp:21]   --->   Operation 11 'call' 'call_ln21' <Predicate = true> <Delay = 2.18> <CoreType = "Generic">   --->   Generic Core

State 4 <SV = 3> <Delay = 0.00>
ST_4 : Operation 12 [1/1] (0.00ns)   --->   "%spectopmodule_ln6 = spectopmodule void @_ssdm_op_SpecTopModule, void @empty_9" [hls_threshold.cpp:6]   --->   Operation 12 'spectopmodule' 'spectopmodule_ln6' <Predicate = true> <Delay = 0.00>
ST_4 : Operation 13 [1/1] (0.00ns)   --->   "%specinterface_ln0 = specinterface void @_ssdm_op_SpecInterface, i24 %s_axis_video, void @empty, i32 1, i32 1, void @empty_0, i32 0, i32 0, void @empty_1, void @empty_1, void @empty_1, i32 0, i32 0, i32 0, i32 0, void @empty_1, void @empty_1, i32 4294967295, i32 0, i32 0, i32 0"   --->   Operation 13 'specinterface' 'specinterface_ln0' <Predicate = true> <Delay = 0.00>
ST_4 : Operation 14 [1/1] (0.00ns)   --->   "%specbitsmap_ln0 = specbitsmap void @_ssdm_op_SpecBitsMap, i24 %s_axis_video"   --->   Operation 14 'specbitsmap' 'specbitsmap_ln0' <Predicate = true> <Delay = 0.00>
ST_4 : Operation 15 [1/1] (0.00ns)   --->   "%specinterface_ln0 = specinterface void @_ssdm_op_SpecInterface, i24 %m_axis_video, void @empty, i32 1, i32 1, void @empty_0, i32 0, i32 0, void @empty_1, void @empty_1, void @empty_1, i32 0, i32 0, i32 0, i32 0, void @empty_1, void @empty_1, i32 4294967295, i32 0, i32 0, i32 0"   --->   Operation 15 'specinterface' 'specinterface_ln0' <Predicate = true> <Delay = 0.00>
ST_4 : Operation 16 [1/1] (0.00ns)   --->   "%specbitsmap_ln0 = specbitsmap void @_ssdm_op_SpecBitsMap, i24 %m_axis_video"   --->   Operation 16 'specbitsmap' 'specbitsmap_ln0' <Predicate = true> <Delay = 0.00>
ST_4 : Operation 17 [1/1] (0.00ns)   --->   "%specbitsmap_ln0 = specbitsmap void @_ssdm_op_SpecBitsMap, i8 %thresh_val"   --->   Operation 17 'specbitsmap' 'specbitsmap_ln0' <Predicate = true> <Delay = 0.00>
ST_4 : Operation 18 [1/1] (0.00ns)   --->   "%specinterface_ln0 = specinterface void @_ssdm_op_SpecInterface, i8 %thresh_val, void @empty_2, i32 4294967295, i32 4294967295, void @empty_1, i32 0, i32 0, void @empty_3, void @empty_4, void @empty_1, i32 0, i32 0, i32 0, i32 0, void @empty_1, void @empty_1, i32 4294967295, i32 0, i32 0, i32 0"   --->   Operation 18 'specinterface' 'specinterface_ln0' <Predicate = true> <Delay = 0.00>
ST_4 : Operation 19 [1/1] (0.00ns)   --->   "%specinterface_ln0 = specinterface void @_ssdm_op_SpecInterface, i8 %thresh_val, void @empty_5, i32 0, i32 0, void @empty_1, i32 0, i32 0, void @empty_1, void @empty_1, void @empty_1, i32 0, i32 0, i32 0, i32 0, void @empty_1, void @empty_1, i32 4294967295, i32 0, i32 0, i32 0"   --->   Operation 19 'specinterface' 'specinterface_ln0' <Predicate = true> <Delay = 0.00>
ST_4 : Operation 20 [1/1] (0.00ns)   --->   "%specbitsmap_ln0 = specbitsmap void @_ssdm_op_SpecBitsMap, i2 %thresh_type"   --->   Operation 20 'specbitsmap' 'specbitsmap_ln0' <Predicate = true> <Delay = 0.00>
ST_4 : Operation 21 [1/1] (0.00ns)   --->   "%specinterface_ln0 = specinterface void @_ssdm_op_SpecInterface, i2 %thresh_type, void @empty_2, i32 4294967295, i32 4294967295, void @empty_1, i32 0, i32 0, void @empty_3, void @empty_6, void @empty_1, i32 0, i32 0, i32 0, i32 0, void @empty_1, void @empty_1, i32 4294967295, i32 0, i32 0, i32 0"   --->   Operation 21 'specinterface' 'specinterface_ln0' <Predicate = true> <Delay = 0.00>
ST_4 : Operation 22 [1/1] (0.00ns)   --->   "%specinterface_ln0 = specinterface void @_ssdm_op_SpecInterface, i2 %thresh_type, void @empty_5, i32 0, i32 0, void @empty_1, i32 0, i32 0, void @empty_1, void @empty_1, void @empty_1, i32 0, i32 0, i32 0, i32 0, void @empty_1, void @empty_1, i32 4294967295, i32 0, i32 0, i32 0"   --->   Operation 22 'specinterface' 'specinterface_ln0' <Predicate = true> <Delay = 0.00>
ST_4 : Operation 23 [1/1] (0.00ns)   --->   "%specbitsmap_ln0 = specbitsmap void @_ssdm_op_SpecBitsMap, i32 %width"   --->   Operation 23 'specbitsmap' 'specbitsmap_ln0' <Predicate = true> <Delay = 0.00>
ST_4 : Operation 24 [1/1] (0.00ns)   --->   "%specinterface_ln0 = specinterface void @_ssdm_op_SpecInterface, i32 %width, void @empty_2, i32 4294967295, i32 4294967295, void @empty_1, i32 0, i32 0, void @empty_3, void @empty_7, void @empty_1, i32 0, i32 0, i32 0, i32 0, void @empty_1, void @empty_1, i32 4294967295, i32 0, i32 0, i32 0"   --->   Operation 24 'specinterface' 'specinterface_ln0' <Predicate = true> <Delay = 0.00>
ST_4 : Operation 25 [1/1] (0.00ns)   --->   "%specinterface_ln0 = specinterface void @_ssdm_op_SpecInterface, i32 %width, void @empty_5, i32 0, i32 0, void @empty_1, i32 0, i32 0, void @empty_1, void @empty_1, void @empty_1, i32 0, i32 0, i32 0, i32 0, void @empty_1, void @empty_1, i32 4294967295, i32 0, i32 0, i32 0"   --->   Operation 25 'specinterface' 'specinterface_ln0' <Predicate = true> <Delay = 0.00>
ST_4 : Operation 26 [1/1] (0.00ns)   --->   "%specbitsmap_ln0 = specbitsmap void @_ssdm_op_SpecBitsMap, i32 %height"   --->   Operation 26 'specbitsmap' 'specbitsmap_ln0' <Predicate = true> <Delay = 0.00>
ST_4 : Operation 27 [1/1] (0.00ns)   --->   "%specinterface_ln0 = specinterface void @_ssdm_op_SpecInterface, i32 %height, void @empty_2, i32 4294967295, i32 4294967295, void @empty_1, i32 0, i32 0, void @empty_3, void @empty_8, void @empty_1, i32 0, i32 0, i32 0, i32 0, void @empty_1, void @empty_1, i32 4294967295, i32 0, i32 0, i32 0"   --->   Operation 27 'specinterface' 'specinterface_ln0' <Predicate = true> <Delay = 0.00>
ST_4 : Operation 28 [1/1] (0.00ns)   --->   "%specinterface_ln0 = specinterface void @_ssdm_op_SpecInterface, i32 %height, void @empty_5, i32 0, i32 0, void @empty_1, i32 0, i32 0, void @empty_1, void @empty_1, void @empty_1, i32 0, i32 0, i32 0, i32 0, void @empty_1, void @empty_1, i32 4294967295, i32 0, i32 0, i32 0"   --->   Operation 28 'specinterface' 'specinterface_ln0' <Predicate = true> <Delay = 0.00>
ST_4 : Operation 29 [1/1] (0.00ns)   --->   "%specinterface_ln0 = specinterface void @_ssdm_op_SpecInterface, i32 0, void @empty_2, i32 0, i32 0, void @empty_1, i32 0, i32 0, void @empty_3, void @empty_1, void @empty_1, i32 0, i32 0, i32 0, i32 0, void @empty_1, void @empty_1, i32 0, i32 0, i32 0, i32 0"   --->   Operation 29 'specinterface' 'specinterface_ln0' <Predicate = true> <Delay = 0.00>
ST_4 : Operation 30 [1/1] (0.00ns)   --->   "%ret_ln23 = ret" [hls_threshold.cpp:23]   --->   Operation 30 'ret' 'ret_ln23' <Predicate = true> <Delay = 0.00>


============================================================
+ Verbose Summary: Binding
============================================================
STG Binding: 
---------------- STG Properties BEGIN ----------------
- Is combinational: 0
- Is one-state seq: 0
- Is datapath-only: 0
- Is pipelined: 0
- Is top level: 1
Port [ Return ] is wired: 1; IO mode=ap_ctrl_hs:ce=0
Port [ s_axis_video]:  wired=1; compound=1; hidden=0; nouse=0; global=0; static=0; extern=0; dir=0; type=0; pingpong=0; private_global=0; IO mode=axis:ce=0
Port [ m_axis_video]:  wired=1; compound=1; hidden=0; nouse=0; global=0; static=0; extern=0; dir=1; type=0; pingpong=0; private_global=0; IO mode=axis:ce=0
Port [ thresh_val]:  wired=1; compound=0; hidden=0; nouse=0; global=0; static=0; extern=0; dir=0; type=0; pingpong=0; private_global=0; IO mode=ap_none:ce=0
Port [ thresh_type]:  wired=1; compound=0; hidden=0; nouse=0; global=0; static=0; extern=0; dir=0; type=0; pingpong=0; private_global=0; IO mode=ap_none:ce=0
Port [ width]:  wired=1; compound=0; hidden=0; nouse=0; global=0; static=0; extern=0; dir=0; type=0; pingpong=0; private_global=0; IO mode=ap_none:ce=0
Port [ height]:  wired=1; compound=0; hidden=0; nouse=0; global=0; static=0; extern=0; dir=0; type=0; pingpong=0; private_global=0; IO mode=ap_none:ce=0
---------------- STG Properties END ------------------

---------------- Datapath Model BEGIN ----------------

<LifeTime>
<method=bitvector/>
height_read       (read         ) [ 00000]
width_read        (read         ) [ 00000]
thresh_type_read  (read         ) [ 00010]
thresh_val_read   (read         ) [ 00010]
total_pixels      (mul          ) [ 00010]
call_ln21         (call         ) [ 00000]
spectopmodule_ln6 (spectopmodule) [ 00000]
specinterface_ln0 (specinterface) [ 00000]
specbitsmap_ln0   (specbitsmap  ) [ 00000]
specinterface_ln0 (specinterface) [ 00000]
specbitsmap_ln0   (specbitsmap  ) [ 00000]
specbitsmap_ln0   (specbitsmap  ) [ 00000]
specinterface_ln0 (specinterface) [ 00000]
specinterface_ln0 (specinterface) [ 00000]
specbitsmap_ln0   (specbitsmap  ) [ 00000]
specinterface_ln0 (specinterface) [ 00000]
specinterface_ln0 (specinterface) [ 00000]
specbitsmap_ln0   (specbitsmap  ) [ 00000]
specinterface_ln0 (specinterface) [ 00000]
specinterface_ln0 (specinterface) [ 00000]
specbitsmap_ln0   (specbitsmap  ) [ 00000]
specinterface_ln0 (specinterface) [ 00000]
specinterface_ln0 (specinterface) [ 00000]
specinterface_ln0 (specinterface) [ 00000]
ret_ln23          (ret          ) [ 00000]
</LifeTime>

<model>

<comp_list>
<comp id="0" class="1000" name="s_axis_video">
<pin_list>
<pin id="1" dir="1" index="0" bw="1" slack="0"/>
</pin_list>
<bind>
<StgValue><ssdm name="s_axis_video"/></StgValue>
</bind>
</comp>

<comp id="2" class="1000" name="m_axis_video">
<pin_list>
<pin id="3" dir="1" index="0" bw="1" slack="0"/>
</pin_list>
<bind>
<StgValue><ssdm name="m_axis_video"/></StgValue>
</bind>
</comp>

<comp id="4" class="1000" name="thresh_val">
<pin_list>
<pin id="5" dir="1" index="0" bw="1" slack="0"/>
</pin_list>
<bind>
<StgValue><ssdm name="thresh_val"/></StgValue>
</bind>
</comp>

<comp id="6" class="1000" name="thresh_type">
<pin_list>
<pin id="7" dir="1" index="0" bw="1" slack="0"/>
</pin_list>
<bind>
<StgValue><ssdm name="thresh_type"/></StgValue>
</bind>
</comp>

<comp id="8" class="1000" name="width">
<pin_list>
<pin id="9" dir="1" index="0" bw="1" slack="0"/>
</pin_list>
<bind>
<StgValue><ssdm name="width"/></StgValue>
</bind>
</comp>

<comp id="10" class="1000" name="height">
<pin_list>
<pin id="11" dir="1" index="0" bw="1" slack="0"/>
</pin_list>
<bind>
<StgValue><ssdm name="height"/></StgValue>
</bind>
</comp>

<comp id="12" class="1001" name="const_12">
<pin_list>
<pin id="13" dir="1" index="0" bw="1" slack="0"/>
</pin_list>
<bind>
<StgValue><ssdm name="_ssdm_op_Read.s_axilite.i32"/></StgValue>
</bind>
</comp>

<comp id="14" class="1001" name="const_14">
<pin_list>
<pin id="15" dir="1" index="0" bw="1" slack="0"/>
</pin_list>
<bind>
<StgValue><ssdm name="_ssdm_op_Read.s_axilite.i2"/></StgValue>
</bind>
</comp>

<comp id="16" class="1001" name="const_16">
<pin_list>
<pin id="17" dir="1" index="0" bw="1" slack="0"/>
</pin_list>
<bind>
<StgValue><ssdm name="_ssdm_op_Read.s_axilite.i8"/></StgValue>
</bind>
</comp>

<comp id="18" class="1001" name="const_18">
<pin_list>
<pin id="19" dir="1" index="0" bw="1" slack="0"/>
</pin_list>
<bind>
<StgValue><ssdm name="hls_threshold_gray_Pipeline_VITIS_LOOP_24_1"/></StgValue>
</bind>
</comp>

<comp id="20" class="1001" name="const_20">
<pin_list>
<pin id="21" dir="1" index="0" bw="1" slack="2147483647"/>
</pin_list>
<bind>
<StgValue><ssdm name="_ssdm_op_SpecTopModule"/></StgValue>
</bind>
</comp>

<comp id="22" class="1001" name="const_22">
<pin_list>
<pin id="23" dir="1" index="0" bw="1" slack="2147483647"/>
</pin_list>
<bind>
<StgValue><ssdm name="empty_9"/></StgValue>
</bind>
</comp>

<comp id="24" class="1001" name="const_24">
<pin_list>
<pin id="25" dir="1" index="0" bw="1" slack="2147483647"/>
</pin_list>
<bind>
<StgValue><ssdm name="_ssdm_op_SpecInterface"/></StgValue>
</bind>
</comp>

<comp id="26" class="1001" name="const_26">
<pin_list>
<pin id="27" dir="1" index="0" bw="1" slack="2147483647"/>
</pin_list>
<bind>
<StgValue><ssdm name="empty"/></StgValue>
</bind>
</comp>

<comp id="28" class="1001" name="const_28">
<pin_list>
<pin id="29" dir="1" index="0" bw="1" slack="2147483647"/>
</pin_list>
<bind>
<StgValue><ssdm name=""/></StgValue>
</bind>
</comp>

<comp id="30" class="1001" name="const_30">
<pin_list>
<pin id="31" dir="1" index="0" bw="1" slack="2147483647"/>
</pin_list>
<bind>
<StgValue><ssdm name="empty_0"/></StgValue>
</bind>
</comp>

<comp id="32" class="1001" name="const_32">
<pin_list>
<pin id="33" dir="1" index="0" bw="1" slack="2147483647"/>
</pin_list>
<bind>
<StgValue><ssdm name=""/></StgValue>
</bind>
</comp>

<comp id="34" class="1001" name="const_34">
<pin_list>
<pin id="35" dir="1" index="0" bw="1" slack="2147483647"/>
</pin_list>
<bind>
<StgValue><ssdm name="empty_1"/></StgValue>
</bind>
</comp>

<comp id="36" class="1001" name="const_36">
<pin_list>
<pin id="37" dir="1" index="0" bw="1" slack="2147483647"/>
</pin_list>
<bind>
<StgValue><ssdm name=""/></StgValue>
</bind>
</comp>

<comp id="38" class="1001" name="const_38">
<pin_list>
<pin id="39" dir="1" index="0" bw="1" slack="2147483647"/>
</pin_list>
<bind>
<StgValue><ssdm name="_ssdm_op_SpecBitsMap"/></StgValue>
</bind>
</comp>

<comp id="40" class="1001" name="const_40">
<pin_list>
<pin id="41" dir="1" index="0" bw="1" slack="2147483647"/>
</pin_list>
<bind>
<StgValue><ssdm name="empty_2"/></StgValue>
</bind>
</comp>

<comp id="42" class="1001" name="const_42">
<pin_list>
<pin id="43" dir="1" index="0" bw="1" slack="2147483647"/>
</pin_list>
<bind>
<StgValue><ssdm name="empty_3"/></StgValue>
</bind>
</comp>

<comp id="44" class="1001" name="const_44">
<pin_list>
<pin id="45" dir="1" index="0" bw="1" slack="2147483647"/>
</pin_list>
<bind>
<StgValue><ssdm name="empty_4"/></StgValue>
</bind>
</comp>

<comp id="46" class="1001" name="const_46">
<pin_list>
<pin id="47" dir="1" index="0" bw="1" slack="2147483647"/>
</pin_list>
<bind>
<StgValue><ssdm name="empty_5"/></StgValue>
</bind>
</comp>

<comp id="48" class="1001" name="const_48">
<pin_list>
<pin id="49" dir="1" index="0" bw="1" slack="2147483647"/>
</pin_list>
<bind>
<StgValue><ssdm name="empty_6"/></StgValue>
</bind>
</comp>

<comp id="50" class="1001" name="const_50">
<pin_list>
<pin id="51" dir="1" index="0" bw="1" slack="2147483647"/>
</pin_list>
<bind>
<StgValue><ssdm name="empty_7"/></StgValue>
</bind>
</comp>

<comp id="52" class="1001" name="const_52">
<pin_list>
<pin id="53" dir="1" index="0" bw="1" slack="2147483647"/>
</pin_list>
<bind>
<StgValue><ssdm name="empty_8"/></StgValue>
</bind>
</comp>

<comp id="54" class="1004" name="height_read_read_fu_54">
<pin_list>
<pin id="55" dir="0" index="0" bw="32" slack="0"/>
<pin id="56" dir="0" index="1" bw="32" slack="0"/>
<pin id="57" dir="1" index="2" bw="32" slack="0"/>
</pin_list>
<bind>
<opcode="read(1150) " fcode="read"/>
<opset="height_read/2 "/>
</bind>
</comp>

<comp id="60" class="1004" name="width_read_read_fu_60">
<pin_list>
<pin id="61" dir="0" index="0" bw="32" slack="0"/>
<pin id="62" dir="0" index="1" bw="32" slack="0"/>
<pin id="63" dir="1" index="2" bw="32" slack="0"/>
</pin_list>
<bind>
<opcode="read(1150) " fcode="read"/>
<opset="width_read/2 "/>
</bind>
</comp>

<comp id="66" class="1004" name="thresh_type_read_read_fu_66">
<pin_list>
<pin id="67" dir="0" index="0" bw="2" slack="0"/>
<pin id="68" dir="0" index="1" bw="2" slack="0"/>
<pin id="69" dir="1" index="2" bw="2" slack="0"/>
</pin_list>
<bind>
<opcode="read(1150) " fcode="read"/>
<opset="thresh_type_read/2 "/>
</bind>
</comp>

<comp id="72" class="1004" name="thresh_val_read_read_fu_72">
<pin_list>
<pin id="73" dir="0" index="0" bw="8" slack="0"/>
<pin id="74" dir="0" index="1" bw="8" slack="0"/>
<pin id="75" dir="1" index="2" bw="8" slack="0"/>
</pin_list>
<bind>
<opcode="read(1150) " fcode="read"/>
<opset="thresh_val_read/2 "/>
</bind>
</comp>

<comp id="78" class="1004" name="grp_hls_threshold_gray_Pipeline_VITIS_LOOP_24_1_fu_78">
<pin_list>
<pin id="79" dir="0" index="0" bw="0" slack="0"/>
<pin id="80" dir="0" index="1" bw="32" slack="0"/>
<pin id="81" dir="0" index="2" bw="24" slack="0"/>
<pin id="82" dir="0" index="3" bw="24" slack="0"/>
<pin id="83" dir="0" index="4" bw="8" slack="0"/>
<pin id="84" dir="0" index="5" bw="2" slack="0"/>
<pin id="85" dir="1" index="6" bw="0" slack="2147483647"/>
</pin_list>
<bind>
<opcode="call(48) " fcode="call"/>
<opset="call_ln21/2 "/>
</bind>
</comp>

<comp id="91" class="1004" name="total_pixels_fu_91">
<pin_list>
<pin id="92" dir="0" index="0" bw="32" slack="0"/>
<pin id="93" dir="0" index="1" bw="32" slack="0"/>
<pin id="94" dir="1" index="2" bw="32" slack="0"/>
</pin_list>
<bind>
<opcode="mul(12) " fcode="mul"/>
<opset="total_pixels/2 "/>
</bind>
</comp>

<comp id="98" class="1005" name="thresh_type_read_reg_98">
<pin_list>
<pin id="99" dir="0" index="0" bw="2" slack="1"/>
<pin id="100" dir="1" index="1" bw="2" slack="1"/>
</pin_list>
<bind>
<opset="thresh_type_read "/>
</bind>
</comp>

<comp id="103" class="1005" name="thresh_val_read_reg_103">
<pin_list>
<pin id="104" dir="0" index="0" bw="8" slack="1"/>
<pin id="105" dir="1" index="1" bw="8" slack="1"/>
</pin_list>
<bind>
<opset="thresh_val_read "/>
</bind>
</comp>

<comp id="108" class="1005" name="total_pixels_reg_108">
<pin_list>
<pin id="109" dir="0" index="0" bw="32" slack="1"/>
<pin id="110" dir="1" index="1" bw="32" slack="1"/>
</pin_list>
<bind>
<opset="total_pixels "/>
</bind>
</comp>

</comp_list>

<net_list>
<net id="58"><net_src comp="12" pin="0"/><net_sink comp="54" pin=0"/></net>

<net id="59"><net_src comp="10" pin="0"/><net_sink comp="54" pin=1"/></net>

<net id="64"><net_src comp="12" pin="0"/><net_sink comp="60" pin=0"/></net>

<net id="65"><net_src comp="8" pin="0"/><net_sink comp="60" pin=1"/></net>

<net id="70"><net_src comp="14" pin="0"/><net_sink comp="66" pin=0"/></net>

<net id="71"><net_src comp="6" pin="0"/><net_sink comp="66" pin=1"/></net>

<net id="76"><net_src comp="16" pin="0"/><net_sink comp="72" pin=0"/></net>

<net id="77"><net_src comp="4" pin="0"/><net_sink comp="72" pin=1"/></net>

<net id="86"><net_src comp="18" pin="0"/><net_sink comp="78" pin=0"/></net>

<net id="87"><net_src comp="2" pin="0"/><net_sink comp="78" pin=2"/></net>

<net id="88"><net_src comp="0" pin="0"/><net_sink comp="78" pin=3"/></net>

<net id="89"><net_src comp="72" pin="2"/><net_sink comp="78" pin=4"/></net>

<net id="90"><net_src comp="66" pin="2"/><net_sink comp="78" pin=5"/></net>

<net id="95"><net_src comp="54" pin="2"/><net_sink comp="91" pin=0"/></net>

<net id="96"><net_src comp="60" pin="2"/><net_sink comp="91" pin=1"/></net>

<net id="97"><net_src comp="91" pin="2"/><net_sink comp="78" pin=1"/></net>

<net id="101"><net_src comp="66" pin="2"/><net_sink comp="98" pin=0"/></net>

<net id="102"><net_src comp="98" pin="1"/><net_sink comp="78" pin=5"/></net>

<net id="106"><net_src comp="72" pin="2"/><net_sink comp="103" pin=0"/></net>

<net id="107"><net_src comp="103" pin="1"/><net_sink comp="78" pin=4"/></net>

<net id="111"><net_src comp="91" pin="2"/><net_sink comp="108" pin=0"/></net>

<net id="112"><net_src comp="108" pin="1"/><net_sink comp="78" pin=1"/></net>

</net_list>

</model> 
---------------- Datapath Model END ------------------

* FSMD analyzer results:
  - Output states:
	Port: m_axis_video | {2 3 }
 - Input state : 
	Port: hls_threshold_gray : s_axis_video | {2 3 }
	Port: hls_threshold_gray : thresh_val | {2 }
	Port: hls_threshold_gray : thresh_type | {2 }
	Port: hls_threshold_gray : width | {2 }
	Port: hls_threshold_gray : height | {2 }
  - Chain level:
	State 1
	State 2
		call_ln21 : 1
	State 3
	State 4


============================================================
+ Verbose Summary: Datapath Resource usage 
============================================================

* Functional unit list:
|----------|-------------------------------------------------------|---------|---------|---------|
| Operation|                    Functional Unit                    |   DSP   |    FF   |   LUT   |
|----------|-------------------------------------------------------|---------|---------|---------|
|   call   | grp_hls_threshold_gray_Pipeline_VITIS_LOOP_24_1_fu_78 |    0    |    51   |   111   |
|----------|-------------------------------------------------------|---------|---------|---------|
|    mul   |                   total_pixels_fu_91                  |    3    |    0    |    20   |
|----------|-------------------------------------------------------|---------|---------|---------|
|          |                 height_read_read_fu_54                |    0    |    0    |    0    |
|   read   |                 width_read_read_fu_60                 |    0    |    0    |    0    |
|          |              thresh_type_read_read_fu_66              |    0    |    0    |    0    |
|          |               thresh_val_read_read_fu_72              |    0    |    0    |    0    |
|----------|-------------------------------------------------------|---------|---------|---------|
|   Total  |                                                       |    3    |    51   |   131   |
|----------|-------------------------------------------------------|---------|---------|---------|

Memories:
N/A

* Register list:
+-----------------------+--------+
|                       |   FF   |
+-----------------------+--------+
|thresh_type_read_reg_98|    2   |
|thresh_val_read_reg_103|    8   |
|  total_pixels_reg_108 |   32   |
+-----------------------+--------+
|         Total         |   42   |
+-----------------------+--------+

* Multiplexer (MUX) list: 
|-------------------------------------------------------|------|------|------|--------||---------||---------||---------|
|                          Comp                         |  Pin | Size |  BW  | S x BW ||  Delay  ||    FF   ||   LUT   |
|-------------------------------------------------------|------|------|------|--------||---------||---------||---------|
| grp_hls_threshold_gray_Pipeline_VITIS_LOOP_24_1_fu_78 |  p1  |   2  |  32  |   64   ||    0    ||    9    |
| grp_hls_threshold_gray_Pipeline_VITIS_LOOP_24_1_fu_78 |  p4  |   2  |   8  |   16   ||    0    ||    9    |
| grp_hls_threshold_gray_Pipeline_VITIS_LOOP_24_1_fu_78 |  p5  |   2  |   2  |    4   ||    0    ||    9    |
|-------------------------------------------------------|------|------|------|--------||---------||---------||---------|
|                         Total                         |      |      |      |   84   ||  1.281  ||    0    ||    27   |
|-------------------------------------------------------|------|------|------|--------||---------||---------||---------|



* Summary:
+-----------+--------+--------+--------+--------+
|           |   DSP  |  Delay |   FF   |   LUT  |
+-----------+--------+--------+--------+--------+
|  Function |    3   |    -   |   51   |   131  |
|   Memory  |    -   |    -   |    -   |    -   |
|Multiplexer|    -   |    1   |    0   |   27   |
|  Register |    -   |    -   |   42   |    -   |
+-----------+--------+--------+--------+--------+
|   Total   |    3   |    1   |   93   |   158  |
+-----------+--------+--------+--------+--------+
