

================================================================
== Vitis HLS Report for 'hls_threshold_gray_Pipeline_VITIS_LOOP_24_1'
================================================================
* Date:           Thu Jun 25 10:38:03 2026

* Version:        2025.2 (Build 6295257 on Nov 14 2025)
* Project:        hls_threshold
* Solution:       hls (Vivado IP Flow Target)
* Product family: zynquplus
* Target device:  xck26-sfvc784-2LV-c


================================================================
== Performance Estimates
================================================================
+ Timing: 
    * Summary: 
    +--------+----------+----------+------------+
    |  Clock |  Target  | Estimated| Uncertainty|
    +--------+----------+----------+------------+
    |ap_clk  |  10.00 ns|  1.919 ns|     2.70 ns|
    +--------+----------+----------+------------+

+ Latency: 
    * Summary: 
    +---------+---------+----------+----------+-----+-----+-------------------+
    |  Latency (cycles) |  Latency (absolute) |  Interval |      Pipeline     |
    |   min   |   max   |    min   |    max   | min | max |        Type       |
    +---------+---------+----------+----------+-----+-----+-------------------+
    |        ?|        ?|         ?|         ?|    0|    0|  loop pipeline stp|
    +---------+---------+----------+----------+-----+-----+-------------------+

    + Detail: 
        * Instance: 
        N/A

        * Loop: 
        +-------------------+---------+---------+----------+-----------+-----------+------+----------+
        |                   |  Latency (cycles) | Iteration|  Initiation Interval  | Trip |          |
        |     Loop Name     |   min   |   max   |  Latency |  achieved |   target  | Count| Pipelined|
        +-------------------+---------+---------+----------+-----------+-----------+------+----------+
        |- VITIS_LOOP_24_1  |        ?|        ?|         2|          1|          1|     ?|       yes|
        +-------------------+---------+---------+----------+-----------+-----------+------+----------+

============================================================
+ Verbose Summary: Synthesis Manager
============================================================
InlineROM: 1
ExposeGlobal: 0
============================================================
+ Verbose Summary: CDFG Model
============================================================
IsTopModel: 0
ResetActiveHigh: 1
IsCombinational: 0
IsDatapathOnly: 0
HasWiredReturn: 1
HasMFsm: 2
HasVarLatency: 1
IsPipeline: 0
IsRtlPipelined: 0
IsInstanceOverlapped: 0
IsDontTouch: 0
HasImplIP: 0
IsGatedGlobalClock: 0

+ Individual pipeline summary: 
  * Pipeline-0: initiation interval (II) = 1, depth = 2


============================================================
+ Verbose Summary: Schedule
============================================================
* Number of FSM states : 2
* Pipeline : 1
  Pipeline-0 : II = 1, D = 2, States = { 1 2 }
* Dataflow Pipeline: 0

* FSM state transitions: 
1 --> 2 
2 --> 

* FSM state operations: 

State 1 <SV = 0> <Delay = 1.91>
ST_1 : Operation 5 [1/1] (0.00ns)   --->   "%i = alloca i32 1" [./hls_threshold.hpp:24->hls_threshold.cpp:21]   --->   Operation 5 'alloca' 'i' <Predicate = true> <Delay = 0.00>
ST_1 : Operation 6 [1/1] (0.00ns)   --->   "%specinterface_ln0 = specinterface void @_ssdm_op_SpecInterface, i24 %m_axis_video, void @empty, i32 0, i32 0, void @empty_0, i32 0, i32 0, void @empty_1, void @empty_1, void @empty_1, i32 0, i32 0, i32 0, i32 0, void @empty_1, void @empty_1, i32 4294967295, i32 0, i32 0, i32 0"   --->   Operation 6 'specinterface' 'specinterface_ln0' <Predicate = true> <Delay = 0.00>
ST_1 : Operation 7 [1/1] (0.00ns)   --->   "%specinterface_ln0 = specinterface void @_ssdm_op_SpecInterface, i24 %s_axis_video, void @empty, i32 0, i32 0, void @empty_0, i32 0, i32 0, void @empty_1, void @empty_1, void @empty_1, i32 0, i32 0, i32 0, i32 0, void @empty_1, void @empty_1, i32 4294967295, i32 0, i32 0, i32 0"   --->   Operation 7 'specinterface' 'specinterface_ln0' <Predicate = true> <Delay = 0.00>
ST_1 : Operation 8 [1/1] (0.00ns)   --->   "%thresh_type_read = read i2 @_ssdm_op_Read.ap_auto.i2, i2 %thresh_type"   --->   Operation 8 'read' 'thresh_type_read' <Predicate = true> <Delay = 0.00>
ST_1 : Operation 9 [1/1] (0.00ns)   --->   "%thresh_val_read = read i8 @_ssdm_op_Read.ap_auto.i8, i8 %thresh_val"   --->   Operation 9 'read' 'thresh_val_read' <Predicate = true> <Delay = 0.00>
ST_1 : Operation 10 [1/1] (0.00ns)   --->   "%total_pixels_read = read i32 @_ssdm_op_Read.ap_auto.i32, i32 %total_pixels"   --->   Operation 10 'read' 'total_pixels_read' <Predicate = true> <Delay = 0.00>
ST_1 : Operation 11 [1/1] (0.42ns)   --->   "%store_ln24 = store i32 0, i32 %i" [./hls_threshold.hpp:24->hls_threshold.cpp:21]   --->   Operation 11 'store' 'store_ln24' <Predicate = true> <Delay = 0.42>
ST_1 : Operation 12 [1/1] (0.00ns)   --->   "%br_ln24 = br void %for.body.i" [./hls_threshold.hpp:24->hls_threshold.cpp:21]   --->   Operation 12 'br' 'br_ln24' <Predicate = true> <Delay = 0.00>
ST_1 : Operation 13 [1/1] (0.00ns)   --->   "%i_2 = load i32 %i" [./hls_threshold.hpp:24->hls_threshold.cpp:21]   --->   Operation 13 'load' 'i_2' <Predicate = true> <Delay = 0.00>
ST_1 : Operation 14 [1/1] (1.01ns)   --->   "%icmp_ln24 = icmp_eq  i32 %i_2, i32 %total_pixels_read" [./hls_threshold.hpp:24->hls_threshold.cpp:21]   --->   Operation 14 'icmp' 'icmp_ln24' <Predicate = true> <Delay = 1.01> <CoreInst = "Cmp">   --->   Core 9 'Cmp' <Latency = 0> <II = 1> <Delay = 1.01> <FuncUnit> <Opcode : 'seteq' 'setne' 'setle' 'setge' 'setlt' 'setgt'> <InPorts = 2> <OutPorts = 1>
ST_1 : Operation 15 [1/1] (0.00ns)   --->   "%br_ln24 = br i1 %icmp_ln24, void %for.body.i.split, void %_Z13hls_thresholdILi8EEvRN3hls6streamI16axi_stream_videoI11color_pixelILi1EXT_EEELi0EEES7_7ap_uintIXT_EES8_ILi2EES8_ILi32EESB_.exit.exitStub" [./hls_threshold.hpp:24->hls_threshold.cpp:21]   --->   Operation 15 'br' 'br_ln24' <Predicate = true> <Delay = 0.00>
ST_1 : Operation 16 [1/1] (1.01ns)   --->   "%i_1 = add i32 %i_2, i32 1" [./hls_threshold.hpp:24->hls_threshold.cpp:21]   --->   Operation 16 'add' 'i_1' <Predicate = (!icmp_ln24)> <Delay = 1.01> <CoreInst = "Adder">   --->   Core 1 'Adder' <Latency = 0> <II = 1> <Delay = 1.01> <FuncUnit> <Opcode : 'add' 'sub'> <InPorts = 2> <OutPorts = 1>
ST_1 : Operation 17 [1/1] (0.54ns)   --->   "%switch_ln33 = switch i2 %thresh_type_read, void %if.else10.i, i2 0, void %if.then.i, i2 1, void %if.then5.i" [./hls_threshold.hpp:33->hls_threshold.cpp:21]   --->   Operation 17 'switch' 'switch_ln33' <Predicate = (!icmp_ln24)> <Delay = 0.54>
ST_1 : Operation 18 [1/1] (0.47ns)   --->   "%br_ln37 = br void %for.inc.i" [./hls_threshold.hpp:37->hls_threshold.cpp:21]   --->   Operation 18 'br' 'br_ln37' <Predicate = (!icmp_ln24 & thresh_type_read == 1)> <Delay = 0.47>
ST_1 : Operation 19 [1/1] (0.47ns)   --->   "%br_ln35 = br void %for.inc.i" [./hls_threshold.hpp:35->hls_threshold.cpp:21]   --->   Operation 19 'br' 'br_ln35' <Predicate = (!icmp_ln24 & thresh_type_read == 0)> <Delay = 0.47>
ST_1 : Operation 20 [1/1] (0.47ns)   --->   "%br_ln0 = br void %for.inc.i"   --->   Operation 20 'br' 'br_ln0' <Predicate = (!icmp_ln24 & thresh_type_read != 0 & thresh_type_read != 1)> <Delay = 0.47>
ST_1 : Operation 21 [1/1] (0.42ns)   --->   "%store_ln24 = store i32 %i_1, i32 %i" [./hls_threshold.hpp:24->hls_threshold.cpp:21]   --->   Operation 21 'store' 'store_ln24' <Predicate = (!icmp_ln24)> <Delay = 0.42>
ST_1 : Operation 37 [1/1] (0.42ns)   --->   "%ret_ln0 = ret"   --->   Operation 37 'ret' 'ret_ln0' <Predicate = (icmp_ln24)> <Delay = 0.42>

State 2 <SV = 1> <Delay = 1.71>
ST_2 : Operation 22 [1/1] (0.00ns)   --->   "%specpipeline_ln25 = specpipeline void @_ssdm_op_SpecPipeline, i32 1, i32 0, i32 0, i32 0, i32 4294967295, void @empty_1" [./hls_threshold.hpp:25->hls_threshold.cpp:21]   --->   Operation 22 'specpipeline' 'specpipeline_ln25' <Predicate = (!icmp_ln24)> <Delay = 0.00>
ST_2 : Operation 23 [1/1] (0.00ns)   --->   "%specloopname_ln24 = specloopname void @_ssdm_op_SpecLoopName, void @empty_10" [./hls_threshold.hpp:24->hls_threshold.cpp:21]   --->   Operation 23 'specloopname' 'specloopname_ln24' <Predicate = (!icmp_ln24)> <Delay = 0.00>
ST_2 : Operation 24 [1/1] ( I:0.07ns O:0.07ns )   --->   "%s_axis_video_read = read i24 @_ssdm_op_Read.axis.volatile.i24P128A, i24 %s_axis_video" [./hls_threshold.hpp:27->hls_threshold.cpp:21]   --->   Operation 24 'read' 's_axis_video_read' <Predicate = (!icmp_ln24)> <Delay = 0.07> <CoreInst = "regslice">   --->   Core 147 'regslice' <Latency = 0> <II = 1> <Delay = 0.62> <Adapter> <Opcode : 'read' 'write'>
ST_2 : Operation 25 [1/1] (0.00ns)   --->   "%in_packet_data = trunc i24 %s_axis_video_read" [./hls_threshold.hpp:27->hls_threshold.cpp:21]   --->   Operation 25 'trunc' 'in_packet_data' <Predicate = (!icmp_ln24)> <Delay = 0.00>
ST_2 : Operation 26 [1/1] (0.76ns)   --->   "%pixel_out_1 = icmp_ugt  i8 %in_packet_data, i8 %thresh_val_read" [./hls_threshold.hpp:34->hls_threshold.cpp:21]   --->   Operation 26 'icmp' 'pixel_out_1' <Predicate = (!icmp_ln24)> <Delay = 0.76> <CoreInst = "Cmp">   --->   Core 9 'Cmp' <Latency = 0> <II = 1> <Delay = 0.76> <FuncUnit> <Opcode : 'seteq' 'setne' 'setle' 'setge' 'setlt' 'setgt'> <InPorts = 2> <OutPorts = 1>
ST_2 : Operation 27 [1/1] (0.39ns)   --->   "%pixel_out_2 = select i1 %pixel_out_1, i8 %thresh_val_read, i8 %in_packet_data" [./hls_threshold.hpp:36->hls_threshold.cpp:21]   --->   Operation 27 'select' 'pixel_out_2' <Predicate = (!icmp_ln24 & thresh_type_read == 1)> <Delay = 0.39> <CoreInst = "Sel">   --->   Core 73 'Sel' <Latency = 0> <II = 1> <Delay = 0.39> <FuncUnit> <Opcode : 'select'> <InPorts = 3> <OutPorts = 1>
ST_2 : Operation 28 [1/1] (0.17ns)   --->   "%select_ln34 = select i1 %pixel_out_1, i8 255, i8 0" [./hls_threshold.hpp:34->hls_threshold.cpp:21]   --->   Operation 28 'select' 'select_ln34' <Predicate = (!icmp_ln24 & thresh_type_read == 0)> <Delay = 0.17> <CoreInst = "Sel">   --->   Core 73 'Sel' <Latency = 0> <II = 1> <Delay = 0.17> <FuncUnit> <Opcode : 'select'> <InPorts = 3> <OutPorts = 1>
ST_2 : Operation 29 [1/1] (0.39ns)   --->   "%pixel_out = select i1 %pixel_out_1, i8 0, i8 %in_packet_data" [./hls_threshold.hpp:38->hls_threshold.cpp:21]   --->   Operation 29 'select' 'pixel_out' <Predicate = (!icmp_ln24 & thresh_type_read != 0 & thresh_type_read != 1)> <Delay = 0.39> <CoreInst = "Sel">   --->   Core 73 'Sel' <Latency = 0> <II = 1> <Delay = 0.39> <FuncUnit> <Opcode : 'select'> <InPorts = 3> <OutPorts = 1>
ST_2 : Operation 30 [1/1] (0.00ns)   --->   "%pixel_out_3 = phi i8 %select_ln34, void %if.then.i, i8 %pixel_out_2, void %if.then5.i, i8 %pixel_out, void %if.else10.i"   --->   Operation 30 'phi' 'pixel_out_3' <Predicate = true> <Delay = 0.00>
ST_2 : Operation 31 [1/1] (0.00ns)   --->   "%tmp = bitselect i1 @_ssdm_op_BitSelect.i1.i24.i24, i24 %s_axis_video_read, i24 16" [./hls_threshold.hpp:45->hls_threshold.cpp:21]   --->   Operation 31 'bitselect' 'tmp' <Predicate = true> <Delay = 0.00>
ST_2 : Operation 32 [1/1] (0.00ns)   --->   "%tmp_1 = bitselect i1 @_ssdm_op_BitSelect.i1.i24.i24, i24 %s_axis_video_read, i24 8" [./hls_threshold.hpp:45->hls_threshold.cpp:21]   --->   Operation 32 'bitselect' 'tmp_1' <Predicate = true> <Delay = 0.00>
ST_2 : Operation 33 [1/1] (0.00ns)   --->   "%tmp_2 = bitconcatenate i17 @_ssdm_op_BitConcatenate.i17.i1.i7.i1.i8, i1 %tmp, i7 0, i1 %tmp_1, i8 %pixel_out_3" [./hls_threshold.hpp:45->hls_threshold.cpp:21]   --->   Operation 33 'bitconcatenate' 'tmp_2' <Predicate = true> <Delay = 0.00>
ST_2 : Operation 34 [1/1] (0.00ns)   --->   "%zext_ln45 = zext i17 %tmp_2" [./hls_threshold.hpp:45->hls_threshold.cpp:21]   --->   Operation 34 'zext' 'zext_ln45' <Predicate = true> <Delay = 0.00>
ST_2 : Operation 35 [1/1] ( I:0.47ns O:0.47ns )   --->   "%write_ln45 = write void @_ssdm_op_Write.axis.volatile.i24P128A, i24 %m_axis_video, i24 %zext_ln45" [./hls_threshold.hpp:45->hls_threshold.cpp:21]   --->   Operation 35 'write' 'write_ln45' <Predicate = true> <Delay = 0.47> <CoreInst = "regslice">   --->   Core 147 'regslice' <Latency = 0> <II = 1> <Delay = 0.62> <Adapter> <Opcode : 'read' 'write'>
ST_2 : Operation 36 [1/1] (0.00ns)   --->   "%br_ln24 = br void %for.body.i" [./hls_threshold.hpp:24->hls_threshold.cpp:21]   --->   Operation 36 'br' 'br_ln24' <Predicate = true> <Delay = 0.00>


============================================================
+ Verbose Summary: Binding
============================================================
STG Binding: 
---------------- STG Properties BEGIN ----------------
- Is combinational: 0
- Is one-state seq: 0
- Is datapath-only: 0
- Is pipelined: 0
- Is top level: 0
Port [ Return ] is wired: 1; IO mode=ap_ctrl_hs:ce=0
Port [ total_pixels]:  wired=1; compound=0; hidden=0; nouse=0; global=0; static=0; extern=0; dir=0; type=0; pingpong=0; private_global=0; IO mode=ap_none:ce=0
Port [ m_axis_video]:  wired=1; compound=1; hidden=0; nouse=0; global=0; static=0; extern=0; dir=1; type=0; pingpong=0; private_global=0; IO mode=axis:ce=0
Port [ s_axis_video]:  wired=1; compound=1; hidden=0; nouse=0; global=0; static=0; extern=0; dir=0; type=0; pingpong=0; private_global=0; IO mode=axis:ce=0
Port [ thresh_val]:  wired=1; compound=0; hidden=0; nouse=0; global=0; static=0; extern=0; dir=0; type=0; pingpong=0; private_global=0; IO mode=ap_none:ce=0
Port [ thresh_type]:  wired=1; compound=0; hidden=0; nouse=0; global=0; static=0; extern=0; dir=0; type=0; pingpong=0; private_global=0; IO mode=ap_none:ce=0
---------------- STG Properties END ------------------

---------------- Datapath Model BEGIN ----------------

<LifeTime>
<method=bitvector/>
i                 (alloca        ) [ 010]
specinterface_ln0 (specinterface ) [ 000]
specinterface_ln0 (specinterface ) [ 000]
thresh_type_read  (read          ) [ 011]
thresh_val_read   (read          ) [ 011]
total_pixels_read (read          ) [ 000]
store_ln24        (store         ) [ 000]
br_ln24           (br            ) [ 000]
i_2               (load          ) [ 000]
icmp_ln24         (icmp          ) [ 011]
br_ln24           (br            ) [ 000]
i_1               (add           ) [ 000]
switch_ln33       (switch        ) [ 000]
br_ln37           (br            ) [ 011]
br_ln35           (br            ) [ 011]
br_ln0            (br            ) [ 011]
store_ln24        (store         ) [ 000]
specpipeline_ln25 (specpipeline  ) [ 000]
specloopname_ln24 (specloopname  ) [ 000]
s_axis_video_read (read          ) [ 000]
in_packet_data    (trunc         ) [ 000]
pixel_out_1       (icmp          ) [ 000]
pixel_out_2       (select        ) [ 000]
select_ln34       (select        ) [ 000]
pixel_out         (select        ) [ 000]
pixel_out_3       (phi           ) [ 011]
tmp               (bitselect     ) [ 000]
tmp_1             (bitselect     ) [ 000]
tmp_2             (bitconcatenate) [ 000]
zext_ln45         (zext          ) [ 000]
write_ln45        (write         ) [ 000]
br_ln24           (br            ) [ 000]
ret_ln0           (ret           ) [ 000]
</LifeTime>

<model>

<comp_list>
<comp id="0" class="1000" name="total_pixels">
<pin_list>
<pin id="1" dir="1" index="0" bw="1" slack="0"/>
</pin_list>
<bind>
<StgValue><ssdm name="total_pixels"/></StgValue>
</bind>
</comp>

<comp id="2" class="1000" name="m_axis_video">
<pin_list>
<pin id="3" dir="1" index="0" bw="1" slack="0"/>
</pin_list>
<bind>
<StgValue><ssdm name="m_axis_video"/></StgValue>
</bind>
</comp>

<comp id="4" class="1000" name="s_axis_video">
<pin_list>
<pin id="5" dir="1" index="0" bw="1" slack="0"/>
</pin_list>
<bind>
<StgValue><ssdm name="s_axis_video"/></StgValue>
</bind>
</comp>

<comp id="6" class="1000" name="thresh_val">
<pin_list>
<pin id="7" dir="1" index="0" bw="1" slack="0"/>
</pin_list>
<bind>
<StgValue><ssdm name="thresh_val"/></StgValue>
</bind>
</comp>

<comp id="8" class="1000" name="thresh_type">
<pin_list>
<pin id="9" dir="1" index="0" bw="1" slack="0"/>
</pin_list>
<bind>
<StgValue><ssdm name="thresh_type"/></StgValue>
</bind>
</comp>

<comp id="10" class="1001" name="const_10">
<pin_list>
<pin id="11" dir="1" index="0" bw="1" slack="0"/>
</pin_list>
<bind>
<StgValue><ssdm name=""/></StgValue>
</bind>
</comp>

<comp id="12" class="1001" name="const_12">
<pin_list>
<pin id="13" dir="1" index="0" bw="1" slack="2147483647"/>
</pin_list>
<bind>
<StgValue><ssdm name="_ssdm_op_SpecInterface"/></StgValue>
</bind>
</comp>

<comp id="14" class="1001" name="const_14">
<pin_list>
<pin id="15" dir="1" index="0" bw="1" slack="2147483647"/>
</pin_list>
<bind>
<StgValue><ssdm name="empty"/></StgValue>
</bind>
</comp>

<comp id="16" class="1001" name="const_16">
<pin_list>
<pin id="17" dir="1" index="0" bw="1" slack="0"/>
</pin_list>
<bind>
<StgValue><ssdm name=""/></StgValue>
</bind>
</comp>

<comp id="18" class="1001" name="const_18">
<pin_list>
<pin id="19" dir="1" index="0" bw="1" slack="2147483647"/>
</pin_list>
<bind>
<StgValue><ssdm name="empty_0"/></StgValue>
</bind>
</comp>

<comp id="20" class="1001" name="const_20">
<pin_list>
<pin id="21" dir="1" index="0" bw="1" slack="2147483647"/>
</pin_list>
<bind>
<StgValue><ssdm name="empty_1"/></StgValue>
</bind>
</comp>

<comp id="22" class="1001" name="const_22">
<pin_list>
<pin id="23" dir="1" index="0" bw="1" slack="2147483647"/>
</pin_list>
<bind>
<StgValue><ssdm name=""/></StgValue>
</bind>
</comp>

<comp id="24" class="1001" name="const_24">
<pin_list>
<pin id="25" dir="1" index="0" bw="1" slack="0"/>
</pin_list>
<bind>
<StgValue><ssdm name="_ssdm_op_Read.ap_auto.i2"/></StgValue>
</bind>
</comp>

<comp id="26" class="1001" name="const_26">
<pin_list>
<pin id="27" dir="1" index="0" bw="1" slack="0"/>
</pin_list>
<bind>
<StgValue><ssdm name="_ssdm_op_Read.ap_auto.i8"/></StgValue>
</bind>
</comp>

<comp id="28" class="1001" name="const_28">
<pin_list>
<pin id="29" dir="1" index="0" bw="1" slack="0"/>
</pin_list>
<bind>
<StgValue><ssdm name="_ssdm_op_Read.ap_auto.i32"/></StgValue>
</bind>
</comp>

<comp id="30" class="1001" name="const_30">
<pin_list>
<pin id="31" dir="1" index="0" bw="1" slack="0"/>
</pin_list>
<bind>
<StgValue><ssdm name=""/></StgValue>
</bind>
</comp>

<comp id="32" class="1001" name="const_32">
<pin_list>
<pin id="33" dir="1" index="0" bw="1" slack="0"/>
</pin_list>
<bind>
<StgValue><ssdm name=""/></StgValue>
</bind>
</comp>

<comp id="34" class="1001" name="const_34">
<pin_list>
<pin id="35" dir="1" index="0" bw="1" slack="2147483647"/>
</pin_list>
<bind>
<StgValue><ssdm name="_ssdm_op_SpecPipeline"/></StgValue>
</bind>
</comp>

<comp id="36" class="1001" name="const_36">
<pin_list>
<pin id="37" dir="1" index="0" bw="1" slack="2147483647"/>
</pin_list>
<bind>
<StgValue><ssdm name="_ssdm_op_SpecLoopName"/></StgValue>
</bind>
</comp>

<comp id="38" class="1001" name="const_38">
<pin_list>
<pin id="39" dir="1" index="0" bw="1" slack="2147483647"/>
</pin_list>
<bind>
<StgValue><ssdm name="empty_10"/></StgValue>
</bind>
</comp>

<comp id="40" class="1001" name="const_40">
<pin_list>
<pin id="41" dir="1" index="0" bw="1" slack="0"/>
</pin_list>
<bind>
<StgValue><ssdm name="_ssdm_op_Read.axis.volatile.i24P128A"/></StgValue>
</bind>
</comp>

<comp id="42" class="1001" name="const_42">
<pin_list>
<pin id="43" dir="1" index="0" bw="1" slack="0"/>
</pin_list>
<bind>
<StgValue><ssdm name=""/></StgValue>
</bind>
</comp>

<comp id="44" class="1001" name="const_44">
<pin_list>
<pin id="45" dir="1" index="0" bw="1" slack="0"/>
</pin_list>
<bind>
<StgValue><ssdm name=""/></StgValue>
</bind>
</comp>

<comp id="46" class="1001" name="const_46">
<pin_list>
<pin id="47" dir="1" index="0" bw="1" slack="0"/>
</pin_list>
<bind>
<StgValue><ssdm name="_ssdm_op_BitSelect.i1.i24.i24"/></StgValue>
</bind>
</comp>

<comp id="48" class="1001" name="const_48">
<pin_list>
<pin id="49" dir="1" index="0" bw="1" slack="0"/>
</pin_list>
<bind>
<StgValue><ssdm name=""/></StgValue>
</bind>
</comp>

<comp id="50" class="1001" name="const_50">
<pin_list>
<pin id="51" dir="1" index="0" bw="1" slack="0"/>
</pin_list>
<bind>
<StgValue><ssdm name=""/></StgValue>
</bind>
</comp>

<comp id="52" class="1001" name="const_52">
<pin_list>
<pin id="53" dir="1" index="0" bw="1" slack="0"/>
</pin_list>
<bind>
<StgValue><ssdm name="_ssdm_op_BitConcatenate.i17.i1.i7.i1.i8"/></StgValue>
</bind>
</comp>

<comp id="54" class="1001" name="const_54">
<pin_list>
<pin id="55" dir="1" index="0" bw="1" slack="0"/>
</pin_list>
<bind>
<StgValue><ssdm name=""/></StgValue>
</bind>
</comp>

<comp id="56" class="1001" name="const_56">
<pin_list>
<pin id="57" dir="1" index="0" bw="1" slack="0"/>
</pin_list>
<bind>
<StgValue><ssdm name="_ssdm_op_Write.axis.volatile.i24P128A"/></StgValue>
</bind>
</comp>

<comp id="58" class="1004" name="i_fu_58">
<pin_list>
<pin id="59" dir="0" index="0" bw="1" slack="0"/>
<pin id="60" dir="1" index="1" bw="32" slack="0"/>
</pin_list>
<bind>
<opcode="alloca(26) " fcode="alloca"/>
<opset="i/1 "/>
</bind>
</comp>

<comp id="62" class="1004" name="thresh_type_read_read_fu_62">
<pin_list>
<pin id="63" dir="0" index="0" bw="2" slack="0"/>
<pin id="64" dir="0" index="1" bw="2" slack="0"/>
<pin id="65" dir="1" index="2" bw="2" slack="0"/>
</pin_list>
<bind>
<opcode="read(1150) " fcode="read"/>
<opset="thresh_type_read/1 "/>
</bind>
</comp>

<comp id="68" class="1004" name="thresh_val_read_read_fu_68">
<pin_list>
<pin id="69" dir="0" index="0" bw="8" slack="0"/>
<pin id="70" dir="0" index="1" bw="8" slack="0"/>
<pin id="71" dir="1" index="2" bw="8" slack="1"/>
</pin_list>
<bind>
<opcode="read(1150) " fcode="read"/>
<opset="thresh_val_read/1 "/>
</bind>
</comp>

<comp id="74" class="1004" name="total_pixels_read_read_fu_74">
<pin_list>
<pin id="75" dir="0" index="0" bw="32" slack="0"/>
<pin id="76" dir="0" index="1" bw="32" slack="0"/>
<pin id="77" dir="1" index="2" bw="32" slack="0"/>
</pin_list>
<bind>
<opcode="read(1150) " fcode="read"/>
<opset="total_pixels_read/1 "/>
</bind>
</comp>

<comp id="80" class="1004" name="s_axis_video_read_read_fu_80">
<pin_list>
<pin id="81" dir="0" index="0" bw="24" slack="0"/>
<pin id="82" dir="0" index="1" bw="24" slack="0"/>
<pin id="83" dir="1" index="2" bw="24" slack="0"/>
</pin_list>
<bind>
<opcode="read(1150) " fcode="read"/>
<opset="s_axis_video_read/2 "/>
</bind>
</comp>

<comp id="86" class="1004" name="write_ln45_write_fu_86">
<pin_list>
<pin id="87" dir="0" index="0" bw="0" slack="0"/>
<pin id="88" dir="0" index="1" bw="24" slack="0"/>
<pin id="89" dir="0" index="2" bw="17" slack="0"/>
<pin id="90" dir="1" index="3" bw="0" slack="2147483647"/>
</pin_list>
<bind>
<opcode="write(1151) " fcode="write"/>
<opset="write_ln45/2 "/>
</bind>
</comp>

<comp id="93" class="1005" name="pixel_out_3_reg_93">
<pin_list>
<pin id="94" dir="0" index="0" bw="8" slack="2147483647"/>
<pin id="95" dir="1" index="1" bw="8" slack="2147483647"/>
</pin_list>
<bind>
<opset="pixel_out_3 (phireg) "/>
</bind>
</comp>

<comp id="96" class="1004" name="pixel_out_3_phi_fu_96">
<pin_list>
<pin id="97" dir="0" index="0" bw="8" slack="0"/>
<pin id="98" dir="0" index="1" bw="0" slack="2147483647"/>
<pin id="99" dir="0" index="2" bw="8" slack="0"/>
<pin id="100" dir="0" index="3" bw="0" slack="2147483647"/>
<pin id="101" dir="0" index="4" bw="8" slack="0"/>
<pin id="102" dir="0" index="5" bw="0" slack="2147483647"/>
<pin id="103" dir="1" index="6" bw="8" slack="0"/>
</pin_list>
<bind>
<opcode="phi(47) " fcode="phi"/>
<opset="pixel_out_3/2 "/>
</bind>
</comp>

<comp id="104" class="1004" name="store_ln24_store_fu_104">
<pin_list>
<pin id="105" dir="0" index="0" bw="1" slack="0"/>
<pin id="106" dir="0" index="1" bw="32" slack="0"/>
<pin id="107" dir="1" index="2" bw="0" slack="2147483647"/>
</pin_list>
<bind>
<opcode="store(28) " fcode="store"/>
<opset="store_ln24/1 "/>
</bind>
</comp>

<comp id="109" class="1004" name="i_2_load_fu_109">
<pin_list>
<pin id="110" dir="0" index="0" bw="32" slack="0"/>
<pin id="111" dir="1" index="1" bw="32" slack="0"/>
</pin_list>
<bind>
<opcode="load(27) " fcode="load"/>
<opset="i_2/1 "/>
</bind>
</comp>

<comp id="112" class="1004" name="icmp_ln24_fu_112">
<pin_list>
<pin id="113" dir="0" index="0" bw="32" slack="0"/>
<pin id="114" dir="0" index="1" bw="32" slack="0"/>
<pin id="115" dir="1" index="2" bw="1" slack="1"/>
</pin_list>
<bind>
<opcode="icmp(45) " fcode="icmp"/>
<opset="icmp_ln24/1 "/>
</bind>
</comp>

<comp id="118" class="1004" name="i_1_fu_118">
<pin_list>
<pin id="119" dir="0" index="0" bw="32" slack="0"/>
<pin id="120" dir="0" index="1" bw="1" slack="0"/>
<pin id="121" dir="1" index="2" bw="32" slack="0"/>
</pin_list>
<bind>
<opcode="add(8) " fcode="add"/>
<opset="i_1/1 "/>
</bind>
</comp>

<comp id="124" class="1004" name="switch_ln33_fu_124">
<pin_list>
<pin id="125" dir="0" index="0" bw="2" slack="0"/>
<pin id="126" dir="0" index="1" bw="1" slack="0"/>
<pin id="127" dir="0" index="2" bw="1" slack="0"/>
<pin id="128" dir="1" index="3" bw="0" slack="2147483647"/>
</pin_list>
<bind>
<opcode="switch(3) " fcode="switch"/>
<opset="switch_ln33/1 "/>
</bind>
</comp>

<comp id="132" class="1004" name="store_ln24_store_fu_132">
<pin_list>
<pin id="133" dir="0" index="0" bw="32" slack="0"/>
<pin id="134" dir="0" index="1" bw="32" slack="0"/>
<pin id="135" dir="1" index="2" bw="0" slack="2147483647"/>
</pin_list>
<bind>
<opcode="store(28) " fcode="store"/>
<opset="store_ln24/1 "/>
</bind>
</comp>

<comp id="137" class="1004" name="in_packet_data_fu_137">
<pin_list>
<pin id="138" dir="0" index="0" bw="24" slack="0"/>
<pin id="139" dir="1" index="1" bw="8" slack="0"/>
</pin_list>
<bind>
<opcode="trunc(33) " fcode="trunc"/>
<opset="in_packet_data/2 "/>
</bind>
</comp>

<comp id="141" class="1004" name="pixel_out_1_fu_141">
<pin_list>
<pin id="142" dir="0" index="0" bw="8" slack="0"/>
<pin id="143" dir="0" index="1" bw="8" slack="1"/>
<pin id="144" dir="1" index="2" bw="1" slack="0"/>
</pin_list>
<bind>
<opcode="icmp(45) " fcode="icmp"/>
<opset="pixel_out_1/2 "/>
</bind>
</comp>

<comp id="146" class="1004" name="pixel_out_2_fu_146">
<pin_list>
<pin id="147" dir="0" index="0" bw="1" slack="0"/>
<pin id="148" dir="0" index="1" bw="8" slack="1"/>
<pin id="149" dir="0" index="2" bw="8" slack="0"/>
<pin id="150" dir="1" index="3" bw="8" slack="0"/>
</pin_list>
<bind>
<opcode="select(49) " fcode="select"/>
<opset="pixel_out_2/2 "/>
</bind>
</comp>

<comp id="154" class="1004" name="select_ln34_fu_154">
<pin_list>
<pin id="155" dir="0" index="0" bw="1" slack="0"/>
<pin id="156" dir="0" index="1" bw="1" slack="0"/>
<pin id="157" dir="0" index="2" bw="1" slack="0"/>
<pin id="158" dir="1" index="3" bw="8" slack="0"/>
</pin_list>
<bind>
<opcode="select(49) " fcode="select"/>
<opset="select_ln34/2 "/>
</bind>
</comp>

<comp id="163" class="1004" name="pixel_out_fu_163">
<pin_list>
<pin id="164" dir="0" index="0" bw="1" slack="0"/>
<pin id="165" dir="0" index="1" bw="1" slack="0"/>
<pin id="166" dir="0" index="2" bw="8" slack="0"/>
<pin id="167" dir="1" index="3" bw="8" slack="0"/>
</pin_list>
<bind>
<opcode="select(49) " fcode="select"/>
<opset="pixel_out/2 "/>
</bind>
</comp>

<comp id="172" class="1004" name="tmp_fu_172">
<pin_list>
<pin id="173" dir="0" index="0" bw="1" slack="0"/>
<pin id="174" dir="0" index="1" bw="24" slack="0"/>
<pin id="175" dir="0" index="2" bw="6" slack="0"/>
<pin id="176" dir="1" index="3" bw="1" slack="0"/>
</pin_list>
<bind>
<opcode="bitselect(1000) " fcode="bitselect"/>
<opset="tmp/2 "/>
</bind>
</comp>

<comp id="180" class="1004" name="tmp_1_fu_180">
<pin_list>
<pin id="181" dir="0" index="0" bw="1" slack="0"/>
<pin id="182" dir="0" index="1" bw="24" slack="0"/>
<pin id="183" dir="0" index="2" bw="5" slack="0"/>
<pin id="184" dir="1" index="3" bw="1" slack="0"/>
</pin_list>
<bind>
<opcode="bitselect(1000) " fcode="bitselect"/>
<opset="tmp_1/2 "/>
</bind>
</comp>

<comp id="188" class="1004" name="tmp_2_fu_188">
<pin_list>
<pin id="189" dir="0" index="0" bw="17" slack="0"/>
<pin id="190" dir="0" index="1" bw="1" slack="0"/>
<pin id="191" dir="0" index="2" bw="1" slack="0"/>
<pin id="192" dir="0" index="3" bw="1" slack="0"/>
<pin id="193" dir="0" index="4" bw="8" slack="0"/>
<pin id="194" dir="1" index="5" bw="17" slack="0"/>
</pin_list>
<bind>
<opcode="bitconcatenate(1004) " fcode="bitconcatenate"/>
<opset="tmp_2/2 "/>
</bind>
</comp>

<comp id="200" class="1004" name="zext_ln45_fu_200">
<pin_list>
<pin id="201" dir="0" index="0" bw="17" slack="0"/>
<pin id="202" dir="1" index="1" bw="24" slack="0"/>
</pin_list>
<bind>
<opcode="zext(34) " fcode="zext"/>
<opset="zext_ln45/2 "/>
</bind>
</comp>

<comp id="205" class="1005" name="i_reg_205">
<pin_list>
<pin id="206" dir="0" index="0" bw="32" slack="0"/>
<pin id="207" dir="1" index="1" bw="32" slack="0"/>
</pin_list>
<bind>
<opset="i "/>
</bind>
</comp>

<comp id="212" class="1005" name="thresh_type_read_reg_212">
<pin_list>
<pin id="213" dir="0" index="0" bw="2" slack="1"/>
<pin id="214" dir="1" index="1" bw="2" slack="2147483647"/>
</pin_list>
<bind>
<opset="thresh_type_read "/>
</bind>
</comp>

<comp id="216" class="1005" name="thresh_val_read_reg_216">
<pin_list>
<pin id="217" dir="0" index="0" bw="8" slack="1"/>
<pin id="218" dir="1" index="1" bw="8" slack="1"/>
</pin_list>
<bind>
<opset="thresh_val_read "/>
</bind>
</comp>

<comp id="222" class="1005" name="icmp_ln24_reg_222">
<pin_list>
<pin id="223" dir="0" index="0" bw="1" slack="1"/>
<pin id="224" dir="1" index="1" bw="1" slack="2147483647"/>
</pin_list>
<bind>
<opset="icmp_ln24 "/>
</bind>
</comp>

</comp_list>

<net_list>
<net id="61"><net_src comp="10" pin="0"/><net_sink comp="58" pin=0"/></net>

<net id="66"><net_src comp="24" pin="0"/><net_sink comp="62" pin=0"/></net>

<net id="67"><net_src comp="8" pin="0"/><net_sink comp="62" pin=1"/></net>

<net id="72"><net_src comp="26" pin="0"/><net_sink comp="68" pin=0"/></net>

<net id="73"><net_src comp="6" pin="0"/><net_sink comp="68" pin=1"/></net>

<net id="78"><net_src comp="28" pin="0"/><net_sink comp="74" pin=0"/></net>

<net id="79"><net_src comp="0" pin="0"/><net_sink comp="74" pin=1"/></net>

<net id="84"><net_src comp="40" pin="0"/><net_sink comp="80" pin=0"/></net>

<net id="85"><net_src comp="4" pin="0"/><net_sink comp="80" pin=1"/></net>

<net id="91"><net_src comp="56" pin="0"/><net_sink comp="86" pin=0"/></net>

<net id="92"><net_src comp="2" pin="0"/><net_sink comp="86" pin=1"/></net>

<net id="108"><net_src comp="16" pin="0"/><net_sink comp="104" pin=0"/></net>

<net id="116"><net_src comp="109" pin="1"/><net_sink comp="112" pin=0"/></net>

<net id="117"><net_src comp="74" pin="2"/><net_sink comp="112" pin=1"/></net>

<net id="122"><net_src comp="109" pin="1"/><net_sink comp="118" pin=0"/></net>

<net id="123"><net_src comp="10" pin="0"/><net_sink comp="118" pin=1"/></net>

<net id="129"><net_src comp="62" pin="2"/><net_sink comp="124" pin=0"/></net>

<net id="130"><net_src comp="30" pin="0"/><net_sink comp="124" pin=1"/></net>

<net id="131"><net_src comp="32" pin="0"/><net_sink comp="124" pin=2"/></net>

<net id="136"><net_src comp="118" pin="2"/><net_sink comp="132" pin=0"/></net>

<net id="140"><net_src comp="80" pin="2"/><net_sink comp="137" pin=0"/></net>

<net id="145"><net_src comp="137" pin="1"/><net_sink comp="141" pin=0"/></net>

<net id="151"><net_src comp="141" pin="2"/><net_sink comp="146" pin=0"/></net>

<net id="152"><net_src comp="137" pin="1"/><net_sink comp="146" pin=2"/></net>

<net id="153"><net_src comp="146" pin="3"/><net_sink comp="96" pin=2"/></net>

<net id="159"><net_src comp="141" pin="2"/><net_sink comp="154" pin=0"/></net>

<net id="160"><net_src comp="42" pin="0"/><net_sink comp="154" pin=1"/></net>

<net id="161"><net_src comp="44" pin="0"/><net_sink comp="154" pin=2"/></net>

<net id="162"><net_src comp="154" pin="3"/><net_sink comp="96" pin=0"/></net>

<net id="168"><net_src comp="141" pin="2"/><net_sink comp="163" pin=0"/></net>

<net id="169"><net_src comp="44" pin="0"/><net_sink comp="163" pin=1"/></net>

<net id="170"><net_src comp="137" pin="1"/><net_sink comp="163" pin=2"/></net>

<net id="171"><net_src comp="163" pin="3"/><net_sink comp="96" pin=4"/></net>

<net id="177"><net_src comp="46" pin="0"/><net_sink comp="172" pin=0"/></net>

<net id="178"><net_src comp="80" pin="2"/><net_sink comp="172" pin=1"/></net>

<net id="179"><net_src comp="48" pin="0"/><net_sink comp="172" pin=2"/></net>

<net id="185"><net_src comp="46" pin="0"/><net_sink comp="180" pin=0"/></net>

<net id="186"><net_src comp="80" pin="2"/><net_sink comp="180" pin=1"/></net>

<net id="187"><net_src comp="50" pin="0"/><net_sink comp="180" pin=2"/></net>

<net id="195"><net_src comp="52" pin="0"/><net_sink comp="188" pin=0"/></net>

<net id="196"><net_src comp="172" pin="3"/><net_sink comp="188" pin=1"/></net>

<net id="197"><net_src comp="54" pin="0"/><net_sink comp="188" pin=2"/></net>

<net id="198"><net_src comp="180" pin="3"/><net_sink comp="188" pin=3"/></net>

<net id="199"><net_src comp="96" pin="6"/><net_sink comp="188" pin=4"/></net>

<net id="203"><net_src comp="188" pin="5"/><net_sink comp="200" pin=0"/></net>

<net id="204"><net_src comp="200" pin="1"/><net_sink comp="86" pin=2"/></net>

<net id="208"><net_src comp="58" pin="1"/><net_sink comp="205" pin=0"/></net>

<net id="209"><net_src comp="205" pin="1"/><net_sink comp="104" pin=1"/></net>

<net id="210"><net_src comp="205" pin="1"/><net_sink comp="109" pin=0"/></net>

<net id="211"><net_src comp="205" pin="1"/><net_sink comp="132" pin=1"/></net>

<net id="215"><net_src comp="62" pin="2"/><net_sink comp="212" pin=0"/></net>

<net id="219"><net_src comp="68" pin="2"/><net_sink comp="216" pin=0"/></net>

<net id="220"><net_src comp="216" pin="1"/><net_sink comp="141" pin=1"/></net>

<net id="221"><net_src comp="216" pin="1"/><net_sink comp="146" pin=1"/></net>

<net id="225"><net_src comp="112" pin="2"/><net_sink comp="222" pin=0"/></net>

</net_list>

</model> 
---------------- Datapath Model END ------------------

* FSMD analyzer results:
  - Output states:
	Port: m_axis_video | {2 }
 - Input state : 
	Port: hls_threshold_gray_Pipeline_VITIS_LOOP_24_1 : total_pixels | {1 }
	Port: hls_threshold_gray_Pipeline_VITIS_LOOP_24_1 : s_axis_video | {2 }
	Port: hls_threshold_gray_Pipeline_VITIS_LOOP_24_1 : thresh_val | {1 }
	Port: hls_threshold_gray_Pipeline_VITIS_LOOP_24_1 : thresh_type | {1 }
  - Chain level:
	State 1
		store_ln24 : 1
		i_2 : 1
		icmp_ln24 : 2
		br_ln24 : 3
		i_1 : 2
		store_ln24 : 3
	State 2
		pixel_out_1 : 1
		pixel_out_2 : 2
		select_ln34 : 2
		pixel_out : 2
		pixel_out_3 : 3
		tmp_2 : 4
		zext_ln45 : 5
		write_ln45 : 6


============================================================
+ Verbose Summary: Datapath Resource usage 
============================================================

* Functional unit list:
|----------|------------------------------|---------|---------|
| Operation|        Functional Unit       |    FF   |   LUT   |
|----------|------------------------------|---------|---------|
|   icmp   |       icmp_ln24_fu_112       |    0    |    39   |
|          |      pixel_out_1_fu_141      |    0    |    15   |
|----------|------------------------------|---------|---------|
|    add   |          i_1_fu_118          |    0    |    39   |
|----------|------------------------------|---------|---------|
|          |      pixel_out_2_fu_146      |    0    |    8    |
|  select  |      select_ln34_fu_154      |    0    |    2    |
|          |       pixel_out_fu_163       |    0    |    8    |
|----------|------------------------------|---------|---------|
|          |  thresh_type_read_read_fu_62 |    0    |    0    |
|   read   |  thresh_val_read_read_fu_68  |    0    |    0    |
|          | total_pixels_read_read_fu_74 |    0    |    0    |
|          | s_axis_video_read_read_fu_80 |    0    |    0    |
|----------|------------------------------|---------|---------|
|   write  |    write_ln45_write_fu_86    |    0    |    0    |
|----------|------------------------------|---------|---------|
|  switch  |      switch_ln33_fu_124      |    0    |    0    |
|----------|------------------------------|---------|---------|
|   trunc  |     in_packet_data_fu_137    |    0    |    0    |
|----------|------------------------------|---------|---------|
| bitselect|          tmp_fu_172          |    0    |    0    |
|          |         tmp_1_fu_180         |    0    |    0    |
|----------|------------------------------|---------|---------|
|bitconcatenate|         tmp_2_fu_188         |    0    |    0    |
|----------|------------------------------|---------|---------|
|   zext   |       zext_ln45_fu_200       |    0    |    0    |
|----------|------------------------------|---------|---------|
|   Total  |                              |    0    |   111   |
|----------|------------------------------|---------|---------|

Memories:
N/A

* Register list:
+------------------------+--------+
|                        |   FF   |
+------------------------+--------+
|        i_reg_205       |   32   |
|    icmp_ln24_reg_222   |    1   |
|   pixel_out_3_reg_93   |    8   |
|thresh_type_read_reg_212|    2   |
| thresh_val_read_reg_216|    8   |
+------------------------+--------+
|          Total         |   51   |
+------------------------+--------+

* Multiplexer (MUX) list: 
|--------|------|------|------|--------|
|  Comp  |  Pin | Size |  BW  | S x BW |
|--------|------|------|------|--------|
|  Total |      |      |      |    0   |
|--------|------|------|------|--------|



* Summary:
+-----------+--------+--------+
|           |   FF   |   LUT  |
+-----------+--------+--------+
|  Function |    0   |   111  |
|   Memory  |    -   |    -   |
|Multiplexer|    -   |    -   |
|  Register |   51   |    -   |
+-----------+--------+--------+
|   Total   |   51   |   111  |
+-----------+--------+--------+
