

================================================================
== Synthesis Summary Report of 'hls_hsv_2_rgb'
================================================================
+ General Information: 
    * Date:           Mon Jun 22 13:03:44 2026
    * Version:        2025.2 (Build 6295257 on Nov 14 2025)
    * Project:        hls_hsv_2_rgb
    * Solution:       hls (Vivado IP Flow Target)
    * Product family: zynquplus
    * Target device:  xck26-sfvc784-2LV-c
    

* Performance & Resource Estimates: 
+-----------------+------+---------------+----------+---------+------+----------+---------+--------+------+------+---------+----------+-----------+-----+
|     Modules     | Issue|               | Iteration|         | Trip |          |      Latency     |      |      |         |          |           |     |
|     & Loops     | Type | Violation Type|  Latency | Interval| Count| Pipelined| (cycles)|  (ns)  | Slack| BRAM |   DSP   |    FF    |    LUT    | URAM|
+-----------------+------+---------------+----------+---------+------+----------+---------+--------+------+------+---------+----------+-----------+-----+
|+ hls_hsv_2_rgb  |     -|              -|         -|        1|     -|       yes|        2|  20.000|  0.98|     -|  1 (~0%)|  70 (~0%)|  667 (~0%)|    -|
+-----------------+------+---------------+----------+---------+------+----------+---------+--------+------+------+---------+----------+-----------+-----+
    Name Prefix: '+' for module, 'o' for loop, '*' for dataflow


================================================================
== HW Interfaces
================================================================
* S_AXILITE Interfaces
+---------------+------------+---------------+
| Interface     | Data Width | Address Width |
+---------------+------------+---------------+
| s_axi_control | 32         | 4             |
+---------------+------------+---------------+

* AXIS
+------------+-----------+---------------+-------+--------+--------+
| Interface  | Direction | Register Mode | TDATA | TREADY | TVALID |
+------------+-----------+---------------+-------+--------+--------+
| in_stream  | in        | both          | 32    | 1      | 1      |
| out_stream | out       | both          | 32    | 1      | 1      |
+------------+-----------+---------------+-------+--------+--------+

* TOP LEVEL CONTROL
+-----------+--------------+----------+
| Interface | Type         | Ports    |
+-----------+--------------+----------+
| ap_clk    | clock        | ap_clk   |
| ap_rst_n  | reset        | ap_rst_n |
| ap_ctrl   | ap_ctrl_none |          |
+-----------+--------------+----------+


================================================================
== SW I/O Information
================================================================
* Top Function Arguments
+------------+-----------+--------------------------------------------------+
| Argument   | Direction | Datatype                                         |
+------------+-----------+--------------------------------------------------+
| in_stream  | in        | stream<axi_stream_video<color_pixel<3, 8> >, 0>& |
| out_stream | out       | stream<axi_stream_video<color_pixel<3, 8> >, 0>& |
+------------+-----------+--------------------------------------------------+

* SW-to-HW Mapping
+------------+--------------+-----------+
| Argument   | HW Interface | HW Type   |
+------------+--------------+-----------+
| in_stream  | in_stream    | interface |
| out_stream | out_stream   | interface |
+------------+--------------+-----------+


================================================================
== Bind Op Report
================================================================
+--------------------------+-----+--------+-------------+-----------+------------------------+---------+
| Name                     | DSP | Pragma | Variable    | Op        | Impl                   | Latency |
+--------------------------+-----+--------+-------------+-----------+------------------------+---------+
| + hls_hsv_2_rgb          | 1   |        |             |           |                        |         |
|   icmp_ln25_fu_137_p2    |     |        | icmp_ln25   | setgt     | auto                   | 0       |
|   h_1_fu_143_p3          |     |        | h_1         | select    | auto_sel               | 0       |
|   icmp_ln29_fu_249_p2    |     |        | icmp_ln29   | seteq     | auto                   | 0       |
|   mul_8ns_13ns_19_1_1_U1 | 1   |        | h_scaled    | mul       | auto                   | 0       |
|   sub_ln39_1_fu_191_p2   |     |        | sub_ln39_1  | sub       | fabric                 | 0       |
|   sub_ln39_fu_205_p2     |     |        | sub_ln39    | sub       | fabric                 | 0       |
|   f_fu_233_p2            |     |        | f           | add       | fabric                 | 0       |
|   xor_ln51_fu_254_p2     |     |        | xor_ln51    | xor       | auto                   | 0       |
|   mul_8ns_8ns_16_1_1_U2  |     |        | mul_ln51    | mul       | auto                   | 0       |
|   mul_8ns_8ns_16_1_1_U3  |     |        | mul_ln53    | mul       | auto                   | 0       |
|   xor_ln54_fu_356_p2     |     |        | xor_ln54    | xor       | auto                   | 0       |
|   mul_8ns_8ns_16_1_1_U4  |     |        | mul_ln54    | mul       | auto                   | 0       |
|   xor_ln56_fu_408_p2     |     |        | xor_ln56    | xor       | auto                   | 0       |
|   mul_8ns_8ns_16_1_1_U5  |     |        | mul_ln56    | mul       | auto                   | 0       |
|   xor_ln57_fu_459_p2     |     |        | xor_ln57    | xor       | auto                   | 0       |
|   mul_8ns_8ns_16_1_1_U6  |     |        | mul_ln57    | mul       | auto                   | 0       |
|   icmp_ln60_fu_511_p2    |     |        | icmp_ln60   | seteq     | auto                   | 0       |
|   xor_ln29_fu_516_p2     |     |        | xor_ln29    | xor       | auto                   | 0       |
|   and_ln60_fu_522_p2     |     |        | and_ln60    | and       | auto                   | 0       |
|   icmp_ln60_1_fu_528_p2  |     |        | icmp_ln60_1 | seteq     | auto                   | 0       |
|   and_ln60_1_fu_533_p2   |     |        | and_ln60_1  | and       | auto                   | 0       |
|   icmp_ln60_2_fu_539_p2  |     |        | icmp_ln60_2 | seteq     | auto                   | 0       |
|   icmp_ln60_3_fu_544_p2  |     |        | icmp_ln60_3 | seteq     | auto                   | 0       |
|   or_ln60_fu_549_p2      |     |        | or_ln60     | or        | auto                   | 0       |
|   and_ln60_2_fu_555_p2   |     |        | and_ln60_2  | and       | auto                   | 0       |
|   sparsemux_9_3_8_1_1_U7 |     |        | r_1_0_0_s   | sparsemux | onehotencoding_realdef | 0       |
|   and_ln60_3_fu_594_p2   |     |        | and_ln60_3  | and       | auto                   | 0       |
|   icmp_ln60_4_fu_600_p2  |     |        | icmp_ln60_4 | seteq     | auto                   | 0       |
|   and_ln60_4_fu_605_p2   |     |        | and_ln60_4  | and       | auto                   | 0       |
|   or_ln60_1_fu_611_p2    |     |        | or_ln60_1   | or        | auto                   | 0       |
|   or_ln60_2_fu_617_p2    |     |        | or_ln60_2   | or        | auto                   | 0       |
|   sparsemux_9_3_8_1_1_U8 |     |        | g_1_0_0_s   | sparsemux | onehotencoding_realdef | 0       |
|   and_ln60_5_fu_656_p2   |     |        | and_ln60_5  | and       | auto                   | 0       |
|   or_ln60_3_fu_662_p2    |     |        | or_ln60_3   | or        | auto                   | 0       |
|   or_ln60_4_fu_668_p2    |     |        | or_ln60_4   | or        | auto                   | 0       |
|   or_ln60_5_fu_674_p2    |     |        | or_ln60_5   | or        | auto                   | 0       |
|   and_ln60_6_fu_680_p2   |     |        | and_ln60_6  | and       | auto                   | 0       |
|   sparsemux_9_3_8_1_1_U9 |     |        | b_1_0_0_s   | sparsemux | onehotencoding_realdef | 0       |
+--------------------------+-----+--------+-------------+-----------+------------------------+---------+


================================================================
== Storage Report
================================================================
+-------------------+-----------+-----------+------+------+--------+----------+------+---------+------------------+
| Name              | Usage     | Type      | BRAM | URAM | Pragma | Variable | Impl | Latency | Bitwidth, Depth, |
|                   |           |           |      |      |        |          |      |         | Banks            |
+-------------------+-----------+-----------+------+------+--------+----------+------+---------+------------------+
| + hls_hsv_2_rgb   |           |           | 0    | 0    |        |          |      |         |                  |
|   control_s_axi_U | interface | s_axilite |      |      |        |          |      |         |                  |
+-------------------+-----------+-----------+------+------+--------+----------+------+---------+------------------+


================================================================
== Pragma Report
================================================================
* Valid Pragma Syntax
+-----------+------------------------------------------+-----------------------------------------------------------------------------+
| Type      | Options                                  | Location                                                                    |
+-----------+------------------------------------------+-----------------------------------------------------------------------------+
| INLINE    |                                          | in color_pixel<num_channels, pixel_width> (../hls_video_types.hpp:44)       |
| UNROLL    |                                          | in color_pixel<num_channels, pixel_width> (../hls_video_types.hpp:46)       |
| INLINE    |                                          | in color_pixel<num_channels, pixel_width> (../hls_video_types.hpp:58)       |
| UNROLL    |                                          | in color_pixel<num_channels, pixel_width> (../hls_video_types.hpp:60)       |
| INLINE    |                                          | in color_pixel<num_channels, pixel_width> (../hls_video_types.hpp:73)       |
| UNROLL    |                                          | in color_pixel<num_channels, pixel_width> (../hls_video_types.hpp:76)       |
| INLINE    |                                          | in operator ap_uint<num_channels * pixel_width> (../hls_video_types.hpp:88) |
| UNROLL    |                                          | in operator ap_uint<num_channels * pixel_width> (../hls_video_types.hpp:91) |
| INLINE    |                                          | in operator unsigned int (../hls_video_types.hpp:103)                       |
| PIPELINE  | II = 1                                   | in hls_hsv_2_rgb (hls_hsv_2_rgb.cpp:6)                                      |
| AGGREGATE | variable = in_stream                     | in hls_hsv_2_rgb (hls_hsv_2_rgb.cpp:7)                                      |
| AGGREGATE | variable = out_stream                    | in hls_hsv_2_rgb (hls_hsv_2_rgb.cpp:8)                                      |
| INTERFACE | axis port = in_stream                    | in hls_hsv_2_rgb (hls_hsv_2_rgb.cpp:9)                                      |
| INTERFACE | axis port = out_stream                   | in hls_hsv_2_rgb (hls_hsv_2_rgb.cpp:10)                                     |
| INTERFACE | s_axilite port = return bundle = control | in hls_hsv_2_rgb (hls_hsv_2_rgb.cpp:11)                                     |
| INTERFACE | ap_ctrl_none port = return               | in hls_hsv_2_rgb (hls_hsv_2_rgb.cpp:12)                                     |
+-----------+------------------------------------------+-----------------------------------------------------------------------------+


